06-19 23:12:53.135 13757 13913 I Finsky  : [174] Triggered update for experiment package com.google.android.finsky.regular.
06-19 23:12:53.135  4168 20762 I PGServer: checkPkgType. calling pkg: android
06-19 23:12:53.137  4168 20762 I PGServer: checkPkgType. calling pkg: android
06-19 23:12:53.138  4183 23886 I Hicom_Monitor: mActivityNotifierEx, className = com.hihonor.android.launcher.unihome.UniHomeLauncher
06-19 23:12:53.138  4183 23886 I Hicom_Monitor: notifyForegroundAppActivityChanged: className:com.hihonor.android.launcher.unihome.UniHomeLauncher
06-19 23:12:53.138  2361  6383 I SurfaceControl: nativeRelease 0xb4000074e462bd10 count: 2 name: Surface(name=69fffd0 NavigationBar0)/@0xc4b2e34 - animation-leash of insets_animation#116963
06-19 23:12:53.138  4183 23188 W AppStartupMonitor: activity state:onResume, comp:ComponentInfo{com.hihonor.android.launcher/com.hihonor.android.launcher.unihome.UniHomeLauncher}
06-19 23:12:53.138  4168 20762 I PGActivityLifecycle: Reset cpu scene to DEFAULT_CPU_SCENE, pkg=com.hihonor.android.launcher, lifecycle=RESUME
06-19 23:12:53.139  1700  1889 I SurfaceFlinger: createLayer layername: Surface(name=69fffd0 NavigationBar0)/@0xc4b2e34 - animation-leash of insets_animation type: Layer address = 0xb400007043c5e6a0
06-19 23:12:53.139  1666  1838 E ANDR-PERF-OPTSHANDLER: ANDR-PERF-OPTSHANDLER: modify_sysfsnode() 1149: Perflock resource /dev/stune/top-app/schedtune.boost not supported
06-19 23:12:53.139  1666  1838 E ANDR-PERF-RESOURCEQS: ANDR-PERF-RESOURCEQS: AddAndApply() 167: Failed to apply optimization [3, 28]
06-19 23:12:53.139  1666  1838 E ANDR-PERF-OPTSHANDLER: ANDR-PERF-OPTSHANDLER: modify_sysfsnode() 1149: Perflock resource /sys/devices/system/cpu/bus_dcvs/L3/soc:qcom,memlat:l3:prime/min_freq not supported
06-19 23:12:53.139  1666  1838 E ANDR-PERF-RESOURCEQS: ANDR-PERF-RESOURCEQS: AddAndApply() 167: Failed to apply optimization [13, 22]
06-19 23:12:53.139  4183 21754 I Booster_AwareMonitor: [activityLifeNotifier]state:onResume pid:28791 uid:10095 ComponentInfo{com.hihonor.android.launcher/com.hihonor.android.launcher.unihome.UniHomeLauncher}
06-19 23:12:53.140  2361  2889 I WifiEnhanceMonitor: notifyForegroundActivityChanged
06-19 23:12:53.140  4183  4498 I Booster_OllieObserver: notify registrants event: EVENT_ACTIVITY_STATE_CHANGED, new ActivityInfo: uid = 10095, packageName = com.hihonor.android.launcher, procState = 2
06-19 23:12:53.140  4183  4498 I SpeedTestNotifier: Speed test app is back Activity
06-19 23:12:53.140  4183  4498 I NsaPowerConsumptionMonitor: onActivityStateChanged: mIsSpeedTesting:false isTopActivity:true isSpeedTestApk:false
06-19 23:12:53.140  2361  6383 I SurfaceControl: SurfaceControl 0xb4000074e4628510 Surface(name=69fffd0 NavigationBar0)/@0xc4b2e34 - animation-leash of insets_animation#116967
06-19 23:12:53.141  2361  6383 I SurfaceControl: nativeRelease 0xb4000074e462c250 count: 2 name: Surface(name=17e14ef StatusBar)/@0x4a2b91e - animation-leash of insets_animation#116964
06-19 23:12:53.141  9860  9880 W AWARENESS_AmsRegister: state : onResume comp : ComponentInfo{com.hihonor.android.launcher/com.hihonor.android.launcher.unihome.UniHomeLauncher} taskId : 351callingPackage:launchMode:-1processUid_act:0
06-19 23:12:53.141  1700  2158 I SurfaceFlinger: createLayer layername: Surface(name=17e14ef StatusBar)/@0x4a2b91e - animation-leash of insets_animation type: Layer address = 0xb400007043c0b120
06-19 23:12:53.144  2361  6383 I SurfaceControl: SurfaceControl 0xb4000074e461ce30 Surface(name=17e14ef StatusBar)/@0x4a2b91e - animation-leash of insets_animation#116968
06-19 23:12:53.145  2361  2361 W HwCameraSceneDetection: uid:10095, componentName:com.hihonor.android.launcher.unihome.UniHomeLauncher, flag:onResume
06-19 23:12:53.146  2361  6383 D ZrHung.AppEyeFocusWindow: FocusWindowErrorScene cancelCheckFreezeScreen
06-19 23:12:53.146  2361  6383 D ZrHung.AppEyeTransparentWindow: TransparentWindow mHungConfigStatus = 0,mHungConfigEnable = 1
06-19 23:12:53.146  2361  6383 I SurfaceControl: nativeRelease 0xb4000074e4628430 count: 1 name: com.hihonor.android.launcher/com.hihonor.android.launcher.unihome.UniHomeLauncher#116966
06-19 23:12:53.146  2361  6383 I SurfaceControl: ~SurfaceControl 0xb4000074e4628430 com.hihonor.android.launcher/com.hihonor.android.launcher.unihome.UniHomeLauncher#116966
06-19 23:12:53.147  4168  4268 I ApsSceneByActivity: APS: APK: IHwActivityNotifierEx packageName = com.hihonor.android.launcher className = com.hihonor.android.launcher.unihome.UniHomeLauncher; state = onResume
06-19 23:12:53.147 28791 28791 I SurfaceControl: SurfaceControl 0xb4000074e45c0af0 com.hihonor.android.launcher/com.hihonor.android.launcher.unihome.UniHomeLauncher#116966
06-19 23:12:53.147  4168  4268 I ApsSceneByActivity: APS: APK: processActivityChanged: activityName = com.hihonor.android.launcher.unihome.UniHomeLauncher
06-19 23:12:53.147 28791 28791 I BufferQueueConsumer: [](id:7077000003ac,api:0,p:-1,c:28791) connect: controlledByApp=false
06-19 23:12:53.148  4168  4268 D ApsDynamicCameraFps: APS: APK: handleSpecialCameraState:0
06-19 23:12:53.148  4168  4268 I ApsAGPAdapter: APS: APK: ApsAGPAdapter: ActivityFpsByMode changed and mode = 0
06-19 23:12:53.148  4168  4425 D ApsDynamicCameraFps: APS: APK: handleMessage: msg.what: 0
06-19 23:12:53.148  4168  4425 I ApsAGPAdapter: APS: APK: ApsAGPAdapter: camera changed and mode = 0
06-19 23:12:53.148  1696  8745 D AudioPolicyService: getUidState(99642) cacheIter->second.first, return cacheIter->second.second(5)
06-19 23:12:53.148  1696 13468 I asd_out_fwk: L = [0], R = [0], continus 25 times, Device = 0x80000100, mode = normal recording
06-19 23:12:53.149  1696  8745 D AudioPolicyService: getUidState(10046) cacheIter->second.first, return cacheIter->second.second(4)
06-19 23:12:53.149  1696  8745 D AudioPolicyService: getUidState(10046) cacheIter->second.first, return cacheIter->second.second(4)
06-19 23:12:53.149  1700  2158 I SurfaceControl: SurfaceControl 0xb400006f63b20470 Surface(name=69fffd0 NavigationBar0)/@0xc4b2e34 - animation-leash of insets_animation#116967
06-19 23:12:53.149  1696  8745 D AudioPolicyService: getUidState(10153) cacheIter->second.first, return cacheIter->second.second(5)
06-19 23:12:53.149  1700  2158 I SurfaceControl: SurfaceControl 0xb400006f63b06150 Surface(name=17e14ef StatusBar)/@0x4a2b91e - animation-leash of insets_animation#116968
06-19 23:12:53.149  1696  8745 D AudioPolicyService: getUidState(10046) cacheIter->second.first, return cacheIter->second.second(4)
06-19 23:12:53.149  1696  8745 D AudioPolicyService: getUidState(10046) cacheIter->second.first, return cacheIter->second.second(4)
06-19 23:12:53.149  1696  8745 D AudioPolicyService: getUidState(10126) cacheIter->second.first, return cacheIter->second.second(5)
06-19 23:12:53.149  1696  8745 D AudioPolicyService: getUidState(10046) cacheIter->second.first, return cacheIter->second.second(4)
06-19 23:12:53.149  1696  8745 D AudioPolicyService: getUidState(10046) cacheIter->second.first, return cacheIter->second.second(4)
06-19 23:12:53.150  1696  8745 D AudioPolicyService: getUidState(10038) cacheIter->second.first, return cacheIter->second.second(5)
06-19 23:12:53.150  4183  4497 I NetworkQoeChr: checkForegroundApp timer start com.hihonor.android.launcher
06-19 23:12:53.150  4183  4497 I NetworkQoeChr: end qoe report
06-19 23:12:53.150  1696  8745 D AudioPolicyService: getUidState(10046) cacheIter->second.first, return cacheIter->second.second(4)
06-19 23:12:53.150  2361  2850 I SurfaceControl: ~SurfaceControl 0xb4000074e462bd10 Surface(name=69fffd0 NavigationBar0)/@0xc4b2e34 - animation-leash of insets_animation#116963
06-19 23:12:53.150  1696  8745 D AudioPolicyService: getUidState(10046) cacheIter->second.first, return cacheIter->second.second(4)
06-19 23:12:53.150  2361  2850 I SurfaceControl: ~SurfaceControl 0xb4000074e462c250 Surface(name=17e14ef StatusBar)/@0x4a2b91e - animation-leash of insets_animation#116964
06-19 23:12:53.150  4183  4497 I UidCloseNrStateMachine: enter uidStateChanged, ForeGrountApp=com.hihonor.android.launcher, mIsCallOn=false, mIsUsbPlugged=true, openLowPowerSwitch=true, QoeSlowState=false, powerMode=1, isSpeedSensitivityApp=false
06-19 23:12:53.150  4183  4497 D KitQoeManager: com.hihonor.android.launcher, mForeActivityName com.hihonor.android.launcher.unihome.UniHomeLauncher
06-19 23:12:53.150 28791 28803 I SurfaceControl: SurfaceControl 0xb4000074e45be010 Surface(name=69fffd0 NavigationBar0)/@0xc4b2e34 - animation-leash of insets_animation#116967
06-19 23:12:53.151 28791 28803 I SurfaceControl: SurfaceControl 0xb4000074e45f22d0 Surface(name=17e14ef StatusBar)/@0x4a2b91e - animation-leash of insets_animation#116968
06-19 23:12:53.151  3575  3698 I SurfaceControl: nativeRelease 0xb4000074e45c44b0 count: 1 name: Surface(name=69fffd0 NavigationBar0)/@0xc4b2e34 - animation-leash of insets_animation#116963
06-19 23:12:53.151  3575  3698 I SurfaceControl: ~SurfaceControl 0xb4000074e45c44b0 Surface(name=69fffd0 NavigationBar0)/@0xc4b2e34 - animation-leash of insets_animation#116963
06-19 23:12:53.152 28791 28859 I BufferQueueProducer: [VRI[UniHomeLauncher]#937(BLAST Consumer)937](id:7077000003ac,api:0,p:-1,c:28791) connect: api=1 producerControlledByApp=true
06-19 23:12:53.152 28791 28859 E OpenGLRenderer: Unable to match the desired swap behavior.
06-19 23:12:53.153  7142  7283 E fb4a.msys: E[N WCCConnectionMEM]_WCCConnectionMEMEmitStateChange(3200)=>[INFO] connection/new_state/connecting [connection_id=129001532, wcc_source=1, wcc_reason=2]
06-19 23:12:53.153  7142  7283 E fb4a.msys: E[C MEMConnectionManager]_MEMConnectionManagerStateChangeHandler(585)=>[Critical] MEMConnectionState updated to ID: 1 with connectionId: 129001532
06-19 23:12:53.154  1696  8745 D AudioPolicyService: getUidState(10095) cacheIter->second.first, return cacheIter->second.second(5)
06-19 23:12:53.154  1696  8745 D AudioPolicyService: getUidState(10046) cacheIter->second.first, return cacheIter->second.second(4)
06-19 23:12:53.154  1696  8745 D AudioPolicyService: getUidState(10046) cacheIter->second.first, return cacheIter->second.second(4)
06-19 23:12:53.155 28791 28791 W HnLauncher: RightTopMarkUpdaterManager checkNotificationState: currentState is false PackageName ComponentInfo{com.android.chrome/com.google.android.apps.chrome.Main} userId 0
06-19 23:12:53.157 28791 28791 W HnLauncher: RightTopMarkUpdaterManager checkNotificationState: currentState is false PackageName ComponentInfo{com.miui.player/com.miui.player.ui.MusicBrowserActivity} userId 0
06-19 23:12:53.161  1700  1700 I Layer   : [reparent] [[Gesture Monitor] swipe-up#116919] newParent is null [0xb400007043c61e30]
06-19 23:12:53.161  1700  1700 I Layer   : [setLayer] [[Gesture Monitor] swipe-up#116965] setlayer z = 2147483647
06-19 23:12:53.161  1700  2158 I SurfaceFlinger: createLayer layername: GoogleDiscoverWindow type: Layer address = 0xb400007043c38370
06-19 23:12:53.161  1700  1700 I Layer   : [setLayer] [bb839a1 Splash Screen com.example.testeableapp.test#116951] setlayer z = 2147483647
06-19 23:12:53.161  1700  1700 I Layer   : [reparent] [Surface(name=69fffd0 NavigationBar0)/@0xc4b2e34 - animation-leash of insets_animation#116963] newParent is null [0xb400007043bf9b50]
06-19 23:12:53.161  1700  1700 I Layer   : [reparent] [Surface(name=17e14ef StatusBar)/@0x4a2b91e - animation-leash of insets_animation#116964] newParent is null [0xb400007043c2dcc0]
06-19 23:12:53.162  1700  1700 I Layer   : ~Layer layername: Surface(name=69fffd0 NavigationBar0)/@0xc4b2e34 - animation-leash of insets_animation#116961 address = 0xb400007043c4d0d0
06-19 23:12:53.162  1700  1700 I SurfaceFlinger: [onLayerDestroyed] [Surface(name=69fffd0 NavigationBar0)/@0xc4b2e34 - animation-leash of insets_animation#116961] address:0xb400007043c4d0d0 has destroyed
06-19 23:12:53.162  1700  1700 I Layer   : ~Layer layername: Surface(name=17e14ef StatusBar)/@0x4a2b91e - animation-leash of insets_animation#116962 address = 0xb400007043c76b90
06-19 23:12:53.162  1700  1700 I SurfaceFlinger: [onLayerDestroyed] [Surface(name=17e14ef StatusBar)/@0x4a2b91e - animation-leash of insets_animation#116962] address:0xb400007043c76b90 has destroyed
06-19 23:12:53.162 28791 28791 W HnLauncher: RightTopMarkUpdaterManager checkNotificationState: currentState is false PackageName ComponentInfo{com.hihonor.health/com.hihonor.health.splash.SplashActivity} userId 0
06-19 23:12:53.162  2361  3680 I SurfaceControl: SurfaceControl 0xb4000074e462cdb0 GoogleDiscoverWindow#116969
06-19 23:12:53.163  1700  1700 I SurfaceControl: ~SurfaceControl 0xb400006f63b06150 Surface(name=17e14ef StatusBar)/@0x4a2b91e - animation-leash of insets_animation#116968
06-19 23:12:53.164  1700  1700 I SurfaceControl: ~SurfaceControl 0xb400006f63b20470 Surface(name=69fffd0 NavigationBar0)/@0xc4b2e34 - animation-leash of insets_animation#116967
06-19 23:12:53.164  1660  1800 E DMABUFHEAPS: DmabufAlloc size=10592256 openTime=0 allocTime=12
06-19 23:12:53.168  3575  3698 I SurfaceControl: nativeRelease 0xb4000074e4631d50 count: 1 name: Surface(name=17e14ef StatusBar)/@0x4a2b91e - animation-leash of insets_animation#116964
06-19 23:12:53.168  3575  3698 I SurfaceControl: ~SurfaceControl 0xb4000074e4631d50 Surface(name=17e14ef StatusBar)/@0x4a2b91e - animation-leash of insets_animation#116964
06-19 23:12:53.170  7142  7283 E fb4a.msys: E[N WCCConnectionMEM]_WCCConnectionMEMDoConnectWithAuthKeys(1546)=>[INFO] connection/connect/start/[host=chat-e2ee-mini.facebook.com port=5222]/[57.144.252.8:5222]/socketAddressCount=1
06-19 23:12:53.171  7142  7283 E fb4a.msys: E[N WCCConnectionMEM]_WCCConnectionMEMLifecycleEventHandler(2176)=>[INFO] connection/xmpp/lifecycle_event/will-connect
06-19 23:12:53.171  7142  7283 E fb4a.msys: E[A WA]WCCHandshakeCreate(191)=>handshake/create, pq mode:0
06-19 23:12:53.177  1660  1799 E DMABUFHEAPS: DmabufAlloc size=10592256 openTime=0 allocTime=12
06-19 23:12:53.178  4183  4497 I NetworkQoe: onAppStateChanged: mForeAppUid=10095, packageName:com.hihonor.android.launcher
06-19 23:12:53.178  4183  4497 I NetworkQoeRes: handleAppStateChanged: ActivityUid=10095
06-19 23:12:53.178  4183  4497 D Booster_SelfCureManager: handleMessage: msg.what: 38
06-19 23:12:53.178  4183  4497 D SmartDualCardConfig: getAppType,pkgName=com.hihonor.android.launcher,appType=28
06-19 23:12:53.178  4183  4497 E SmartDualCardConfig: isAppInBlackList false,items==null
06-19 23:12:53.178  4183  4497 I SmartDualCardConfig: isAppInWhiteList false,uid=10095
06-19 23:12:53.178  4183  4497 D NetworkQoe: handleShortVideoMonitorMsg:app=0
06-19 23:12:53.179  4183  4497 D NetworkQoe: handleVoipCallMonitorMsg: mTopActivity=0
06-19 23:12:53.179  4183  4497 I NetworkQoeConfig: wechatDectectionSwitch=1
06-19 23:12:53.179  1663  6059 E ANDR-PERF-CLIENT: ANDR-PERF-CLIENT: perf_hint_private() 255: Process is Flooding request to PerfService
06-19 23:12:53.179  4183  4497 D SmartDualCardConfig: getAppType,pkgName=com.hihonor.android.launcher,appType=28
06-19 23:12:53.179  4183  4497 I SmartDualCardSM: onUidStateUpdate isSkip,uid=10095,pkgName=com.hihonor.android.launcher,pkgNameByComponentName=com.hihonor.android.launcher
06-19 23:12:53.180  4183  4497 I SmartDualCardSM: IdleState:got msg.what=EVENT_SLAVE_TRAFFIC_FREE_APP_BACKGROUND
06-19 23:12:53.182  2361  3680 I SurfaceControl: nativeRelease 0xb4000074e45c7cb0 count: 1 name: GoogleDiscoverWindow#116969
06-19 23:12:53.182  2361  3680 I SurfaceControl: ~SurfaceControl 0xb4000074e45c7cb0 GoogleDiscoverWindow#116969
06-19 23:12:53.183 10112 10112 I SurfaceControl: SurfaceControl 0xb4000074e45b0630 GoogleDiscoverWindow#116969
06-19 23:12:53.183  2361  6383 I InputDispatcher: setFocusedWindow receiveTime step 1 :350786266ms receiveTime step 2 :350786272ms receiveTime step 3 :0ms
06-19 23:12:53.184 10112 10112 I BufferQueueConsumer: [](id:27800000000c,api:0,p:-1,c:10112) connect: controlledByApp=false
06-19 23:12:53.190  1660  1800 E DMABUFHEAPS: DmabufAlloc size=10592256 openTime=0 allocTime=11
06-19 23:12:53.187  2361  3223 E AwareLog: CpuCommonUtil: exception file not found, file path: /proc/28791/task/13972/comm
06-19 23:12:53.193 10112 10164 I BufferQueueProducer: [VRI[GoogleDiscoverWindow]#12(BLAST Consumer)12](id:27800000000c,api:0,p:-1,c:10112) connect: api=1 producerControlledByApp=true
06-19 23:12:53.193 10112 10164 E OpenGLRenderer: Unable to match the desired swap behavior.
06-19 23:12:53.193  2361  3223 E RtgSchedIpcFile: setCommandByIoctl not opened
06-19 23:12:53.197 14195 14195 E RtgSchedIpcFile: RtgSchedIpcFile xxx failed to open /proc/14195/rtg
06-19 23:12:53.197 14195 14195 E RtgSchedIpcFile: RtgSchedIpcFile xxx failed to open /proc/rtg_gki/ioctl.
06-19 23:12:53.197 14195 14195 I RmeSchedManager: init Rme, version is: v1.0
06-19 23:12:53.198 14195 14195 E RtgSchedIpcFile: setCommandByIoctl not opened
06-19 23:12:53.201 13346 13424 W TraceLog: onReleaseOutputBuffer(c2.qti.avc.encoder:0xb40000759a5a39c0) Queued: 0.0/s Done: 50.6/s Rendered: 0.0/s Discarded: 49.7/s
06-19 23:12:53.202 28791 28791 E RtgSchedIpcFile: RtgSchedIpcFile xxx failed to open /proc/28791/rtg
06-19 23:12:53.202 28791 28791 E RtgSchedIpcFile: RtgSchedIpcFile xxx failed to open /proc/rtg_gki/ioctl.
06-19 23:12:53.202 28791 28791 I RmeSchedManager: init Rme, version is: v1.0
06-19 23:12:53.202 28791 28791 E RtgSchedIpcFile: setCommandByIoctl not opened
06-19 23:12:53.202  1700  1700 I Layer   : [setLayer] [bb839a1 Splash Screen com.example.testeableapp.test#116951] setlayer z = 2147483647
06-19 23:12:53.202  1700  1700 I Layer   : ~Layer layername: Surface(name=69fffd0 NavigationBar0)/@0xc4b2e34 - animation-leash of insets_animation#116963 address = 0xb400007043bf9b50
06-19 23:12:53.202  1700  1700 I SurfaceFlinger: [onLayerDestroyed] [Surface(name=69fffd0 NavigationBar0)/@0xc4b2e34 - animation-leash of insets_animation#116963] address:0xb400007043bf9b50 has destroyed
06-19 23:12:53.203  1700  1700 I Layer   : ~Layer layername: Surface(name=17e14ef StatusBar)/@0x4a2b91e - animation-leash of insets_animation#116964 address = 0xb400007043c2dcc0
06-19 23:12:53.203  1700  1700 I SurfaceFlinger: [onLayerDestroyed] [Surface(name=17e14ef StatusBar)/@0x4a2b91e - animation-leash of insets_animation#116964] address:0xb400007043c2dcc0 has destroyed
06-19 23:12:53.203  1700  1700 I Layer   : ~Layer layername: [Gesture Monitor] swipe-up#116919 address = 0xb400007043c61e30
06-19 23:12:53.203  1700  1700 I SurfaceFlinger: [onLayerDestroyed] [[Gesture Monitor] swipe-up#116919] address:0xb400007043c61e30 has destroyed
06-19 23:12:53.204  2361  2847 D HwPhoneWindowManager: Transact:setSystemUIColor to status bar service
06-19 23:12:53.205  4168  4848 I ScenarioService: refresh visibleApp:[com.hihonor.android.launcher]
06-19 23:12:53.205  4168  4848 I PGServer: report state:14 event type:1 pid:-1 uid:-1 pkg:com.hihonor.android.launcher to pid: 2361
06-19 23:12:53.205  4168  4848 I PGServer: report state:14 event type:1 pid:-1 uid:-1 pkg:com.hihonor.android.launcher to pid: 4183
06-19 23:12:53.205  4168  4848 I PGServer: report state:14 event type:1 pid:-1 uid:-1 pkg:com.hihonor.android.launcher to pid: 4168
06-19 23:12:53.205  4168  4848 I ApsDynamicVideoFps: APS: APK: handleFrontAppFromPgPlug. pkgName:com.hihonor.android.launcher, mLastPkgName:com.google.android.youtube, isReduceFps:false, isCountingDown:true
06-19 23:12:53.205  4168  4848 I ApsDynamicVideoFps: APS: APK: <REDUCEFPS>Front Changed Stop reduce fps
06-19 23:12:53.205  4168  4848 I ApsAccKitAdapter: APS: APK: ApsAccKitAdapter: not setNotifyInfo
06-19 23:12:53.206  3575  3836 I ImageWallpaper: setWideColorGamutAction: displayMode=1, visible=true, com.android.systemui.wallpapers.ImageWallpaper$CanvasEngine@9f61336
06-19 23:12:53.206  3575  3836 I ImageWallpaper: DisplayBT2020SupportMap is empty
06-19 23:12:53.206  3575  3836 I ImageWallpaper: setWideColorGamutAction: unsupport wide color gamut
06-19 23:12:53.206  2126  6007 I AGPService: aps-info: focus pkgName - com.hihonor.android.launcher, with 0 more apps
06-19 23:12:53.206  3575  3575 W StatusBar: Statusbar onSystemBarAttributesChanged appearance = 16 mTransientShown false displayId 0 mDisplayId 0 behavior 2
06-19 23:12:53.206  3575  3575 I StatusBar: updateBarMode mStatusBarMode = 4 barMode 4
06-19 23:12:53.206  2126  6007 D AGPService: : [updateForeGround]: GameUltraEngineService
06-19 23:12:53.206  2126  6007 I AGPService: agp-info: focus pkgName - com.hihonor.android.launcher, with 0 more apps
06-19 23:12:53.206  3575  3575 D SbStateController: setSystemBarAttributes isFullscreen: false
06-19 23:12:53.206  3575  3575 I HwDependencyFactory: stn is not supported!
06-19 23:12:53.206  3575  3575 I BaseCapsuleStatusBarHelper: mIsShowStatusBar: true, isShowStatusBar: true
06-19 23:12:53.206  3575  3575 I LivelyCapsuleStatusBarHelper: handleBrandColor  capsuleList  size is zero.
06-19 23:12:53.206  3575  3575 D SysUiState: SysUiState changed: old=268566528 new=268435456
06-19 23:12:53.206  3575  3575 D OverviewProxyService: Notifying sysui state change to overview service: proxy=com.android.systemui.shared.recents.IOverviewProxy$Stub$Proxy@61c1b0f flags=268435456
06-19 23:12:53.206  3575  3575 I OverviewProxyService: notifySystemUiStateFlags begin, flags:268435456
06-19 23:12:53.206  3575  3575 I OverviewProxyService: notifySystemUiStateFlags end, flags:268435456
06-19 23:12:53.206  4183 23886 D Hicom_Monitor: enter visible event, add app: com.hihonor.android.launcher into mVisiblePkgNameSet
06-19 23:12:53.207  4168  5065 I AppsUsage: BgAPP:com.example.testeableapp.test
06-19 23:12:53.207  4168  5065 I PG_ash  : com.example.testeableapp.test become invisible
06-19 23:12:53.208  4168 14141 I PGServer: checkPkgType. calling pkg: android
06-19 23:12:53.209  2169  2203 I AwareLog: SetThreadToVipGroup:: iawared vipgroup set pid[10112] Success!
06-19 23:12:53.209  1700  2158 I SurfaceFlinger: createLayer layername: Transition Root: Task=350 type: Layer address = 0xb400007043cfe280
06-19 23:12:53.209  2126  6007 I AGPService: BasePlugin::updateSysState  com.hihonor.android.launcher, code is 0
06-19 23:12:53.209  2126  6007 D AGPService: State:: Set State is 0, com.hihonor.android.launcher
06-19 23:12:53.209  2126  6007 D AGPService: GUEStateManager::getLooper
06-19 23:12:53.209  2169  2203 I AwareLog: SetThreadToVipGroup:: iawared vipgroup set pid[10164] Success!
06-19 23:12:53.209  2126  6007 I AGPService: MessageQueueLoop::PostMessage , message: 0
06-19 23:12:53.209  2126  6007 I AGPService: BasePlugin::updateSysState  , code is 1
06-19 23:12:53.209  2126  6007 D AGPService: State:: Set State is 1,
06-19 23:12:53.209  2126  6007 I AGPService: BasePlugin::updateSysState Same State
06-19 23:12:53.209  2126  6007 I AGPService: GUE: updateForeground to subMode
06-19 23:12:53.209  2126  6007 I AGPService: GUE: TRANSACT_UPDATE_FOREGROUND: () com.hihonor.android.launcher
06-19 23:12:53.209  2126  6007 I AGPService: RefreshRateActionHandle 2950, 1
06-19 23:12:53.210  2126  6007 I AGPService: UpdateCurrentPackage com.hihonor.android.launcher type 28
06-19 23:12:53.210  2126  6007 I AGPService: GetAppStrategy 9 stylus: 0
06-19 23:12:53.210  2126  6007 I AGPService: FrameRateManager: aps-info: new pkgName - com.hihonor.android.launcher, type - 28
06-19 23:12:53.210 28791 28791 W HnLauncher: RecentsView applyLoadPlan removeAllViews child count == 0, taskGroups size == 4
06-19 23:12:53.211  2361  2850 I SurfaceControl: SurfaceControl 0xb4000074e462c250 Transition Root: Task=350#116970
06-19 23:12:53.211  4168 20762 I PGServer: checkPkgType. calling pkg: android
06-19 23:12:53.211  2126  2167 I AGPService: StateHandler::handleMessage:: 0
06-19 23:12:53.211  2126  2167 I AGPService: reportSysState: listeners size 1
06-19 23:12:53.211  2126  2167 D AGPService: GFrsStatusControl:: report : code is  0, state is com.hihonor.android.launcher
06-19 23:12:53.211  2126  2167 D AGPService: GFrsStatusControl:: report : code is  0, state is com.hihonor.android.launcher, not match Event
06-19 23:12:53.211  2126  2167 I AGPService: reportSysState: stateValue 0, com.hihonor.android.launcher
06-19 23:12:53.212  2169  2203 I AwareLog: SetThreadToVipGroup:: iawared vipgroup set pid[10165] Success!
06-19 23:12:53.212  2169  2203 I AwareLog: SetThreadToVipGroup:: iawared vipgroup set pid[10168] Success!
06-19 23:12:53.214  2169  2203 I AwareLog: SetThreadToVipGroup:: iawared vipgroup set pid[10169] Success!
06-19 23:12:53.220 10112 10112 I bzak    : onStart
06-19 23:12:53.222  1696  8745 D AudioPolicyService: getUidState(10271) cacheIter->second.first, return cacheIter->second.second(2)
06-19 23:12:53.222  1696  8745 D AudioPolicyService: getUidState(10046) cacheIter->second.first, return cacheIter->second.second(4)
06-19 23:12:53.222  1696  8745 D AudioPolicyService: getUidState(10046) cacheIter->second.first, return cacheIter->second.second(4)
06-19 23:12:53.222  1696  8745 D AudioPolicyService: getUidState(10051) cacheIter->second.first, return cacheIter->second.second(5)
06-19 23:12:53.223  1696  8745 D AudioPolicyService: getUidState(10046) cacheIter->second.first, return cacheIter->second.second(4)
06-19 23:12:53.223  1696  8745 D AudioPolicyService: getUidState(10046) cacheIter->second.first, return cacheIter->second.second(4)
06-19 23:12:53.224  1617 13041 I sensors-hal: handle_sns_std_sensor_event:275, ambient_light_event: ts=739196423301056, lux = 0, raw_adc=144, raw_2=304
06-19 23:12:53.224 10112 10112 I bwsx    : (REDACTED) [%s] onStart()
06-19 23:12:53.224 10112 10112 I bwvj    : Reloading theme data
06-19 23:12:53.226 10112 10112 E NetworkErrorMessage: (REDACTED) Invalid connectivity state: %s
06-19 23:12:53.227 10112 10112 I bzak    : onResume
06-19 23:12:53.228 10112 10112 W dpam    : missing event name
06-19 23:12:53.218  2361  3308 W AwareLog: SysLoadManager: check status do nothing
06-19 23:12:53.231  7142  7282 E fb4a.msys: E[N mns:DGWClient]_OnResolverSuccess(335)=>Cache refresh succeeded with system DNS resolver. IP count: 1
06-19 23:12:53.231  2361  3480 D HwConnectivityManagerImpl: getNetworkPolicyFlag flagStr null
06-19 23:12:53.234  1660  1799 E DMABUFHEAPS: DmabufAlloc size=10592256 openTime=0 allocTime=13
06-19 23:12:53.235  2361  3480 I HwConnectivityManagerImpl: onDnsEventAction,uid:10182,returnCode:0, latencyMs:15, netId:438, DnsCount:99, FailCount:0, mWifiNetId:437, StatEnum:0
06-19 23:12:53.235  2361  3480 D HwConnectivityManagerImpl: sendIntentDnsEvent connectType = 2
06-19 23:12:53.235  2361  3480 D HwConnectivityManagerImpl: sendIntentDnsEvent netId:438, mDnsCount:100, mDnsIpv6Timeout:0, mDnsResponseTotalTime:1480, mDnsFailCount:0, mDnsResponse20Count:83, mDnsResponse150Count:17, mDnsResponse500Count:0, mDnsResponse1000Count:0, mDnsResponse2000Count:0, mDnsResponseOver2000Count:0
06-19 23:12:53.235  2361  3480 W ActivityManager: Sending non-protected broadcast com.intent.action.dns_statistics from system 2361:system/1000 pkg android
06-19 23:12:53.239  4183 23886 I Booster_AwareMonitor: [handleUidBoundTop] uid:10271 packageName:com.example.testeableapp.test className:androidx.test.core.app.InstrumentationActivityInvoker$EmptyActivity uidState:18
06-19 23:12:53.240  4183  4498 I Booster_OllieObserver: notify registrants event: EVENT_ACTIVITY_STATE_CHANGED, new ActivityInfo: uid = 10271, packageName = com.example.testeableapp.test, procState = 3
06-19 23:12:53.240  4183  4498 I NsaPowerConsumptionMonitor: onActivityStateChanged: mIsSpeedTesting:false isTopActivity:true isSpeedTestApk:false
06-19 23:12:53.241  4183  4497 I UidCloseNrStateMachine: enter uidStateChanged, ForeGrountApp=com.example.testeableapp.test, mIsCallOn=false, mIsUsbPlugged=true, openLowPowerSwitch=true, QoeSlowState=false, powerMode=1, isSpeedSensitivityApp=false
06-19 23:12:53.241  4183  4497 D Booster_SelfCureManager: handleMessage: msg.what: 38
06-19 23:12:53.241  4183  4497 I HwPacketFilterBypass: handleActivityUidStateChanged uid:10271 -1 foreground:false
06-19 23:12:53.241  4183  4497 I HwPacketFilterBypass: isAllowSendSmartCureToChr false, no exceptions occur, dropCnt:0
06-19 23:12:53.242  4183  4497 D SmartDualCardConfig: getAppType,pkgName=com.example.testeableapp.test,appType=-1
06-19 23:12:53.242  4183  4497 E SmartDualCardConfig: isAppInBlackList false,items==null
06-19 23:12:53.242  4183  4497 I SmartDualCardConfig: isAppInWhiteList false,uid=10271
06-19 23:12:53.242  4183  4497 I LowLatencyMode: handleApkInBackground packageName: com.example.testeableapp.test, foregroundWhiteListApkSet: []
06-19 23:12:53.242  4183  4497 I NetworkQoe: checkAppStatInfoDelay:no app foreground
06-19 23:12:53.242  4183  4497 I NetworkQoe: setNetworkQoeEnable:false,status=32,mNetworkQoeConditions=254
06-19 23:12:53.244  4183  4497 I NetworkQoe: sendCellularQoeCollectStopMsg, actionid = 1026
06-19 23:12:53.245  2361  3678 D HwConnectivityManagerImpl: startappqoednscollection action =1timer =1000
06-19 23:12:53.254  4183  4497 E Booster_Jni: NetlinkInitCant:create netlink socket,error:Protocol not supported
06-19 23:12:53.254  4183  4497 E Booster_Jni: sendDataToKernel:socket open fail
06-19 23:12:53.255  4183  4497 D SmartDualCardConfig: getAppType,pkgName=com.example.testeableapp.test,appType=-1
06-19 23:12:53.256  4183  4497 D SmartDualCardConfig: getAppType,pkgName=com.example.testeableapp.test,appType=-1
06-19 23:12:53.256  4183  4497 E SmartDualCardConfig: isAppInBlackList false,items==null
06-19 23:12:53.256  4183  4497 I SmartDualCardSM: onUidStateUpdate,uid=10271,appName=com.example.testeableapp.test,state=BACKGROUND
06-19 23:12:53.256  4183  4497 I SmartDualCardConfig: removeAppFromList,after remove,size()=0,uid=10271
06-19 23:12:53.256  4183  4497 D SmartDualCardConfig: getAppType,pkgName=com.example.testeableapp.test,appType=-1
06-19 23:12:53.256  4183  4497 I SmartDualCardSM: updateAppState mAppState=1
06-19 23:12:53.256  4183  4497 I SmartDualCardChrManager: handleForegroundAppUpdateMsg,mAppState=2,scenes=1,mForegroundAppName=com.example.testeableapp.test
06-19 23:12:53.257  4183  4497 I BoosterProps: isCloudPropEnable, propName is:msc.speed_test_limit_notifier_enable, propValue is:false, default value is:false
06-19 23:12:53.257  4183  4497 I SmartDualCardSM: IdleState:got msg.what=EVENT_APP_MOVE_BACKGROUND
06-19 23:12:53.257  4183  4497 I SmartDualCardSM: startAppBackgroundTimer
06-19 23:12:53.258  1660  5028 E DMABUFHEAPS: DmabufAlloc size=10592256 openTime=0 allocTime=14
06-19 23:12:53.261  2126  6007 I ITouchService: GameXsyncManager:OnGameInfoRecevied p com.hihonor.android.launcher
06-19 23:12:53.261  2126  6007 W ITouchService: itouch GameXsyncManager:checkGameXsyncState game list is empty.
06-19 23:12:53.262  2126  6007 D AGPService: : [OnGamePkgInfoReceived]: GameUltraEngineService
06-19 23:12:53.262  2126  6007 I AGPService: GUEStateManager:OnGamePkgInfoReceived  pkgName is : com.hihonor.android.launcher , status is 0
06-19 23:12:53.262  2126  6007 I AGPService: BasePlugin::updateSysState  com.hihonor.android.launcher&0, code is 6
06-19 23:12:53.262  2126  6007 D AGPService: State:: Set State is 6, com.hihonor.android.launcher&0
06-19 23:12:53.262  2126  6007 D AGPService: GUEStateManager::getLooper
06-19 23:12:53.262  2126  6007 I AGPService: MessageQueueLoop::PostMessage , message: 6
06-19 23:12:53.262  2126  6007 I AGPService: RefreshRateActionHandle 1000, 1
06-19 23:12:53.262  2126  6007 I AGPService: RefreshRateActionHandle currAppStrategy name 9, lightLimit 0, minFps 60, maxFps 90 refreshMinFps 60
06-19 23:12:53.262  2126  6007 I AGPService: AddAciton sceneCode 1000
06-19 23:12:53.262  2126  6007 I AGPService: DisableActionLoop
06-19 23:12:53.262  2126  6007 I AGPService: PostAction
06-19 23:12:53.262  2126  6007 I AGPService: FilterAction mVotePool.size: 3 priority 2600 sceneCode 2600
06-19 23:12:53.262  2126  2167 I AGPService: StateHandler::handleMessage:: 6
06-19 23:12:53.262  2126  2167 I AGPService: reportSysState: listeners size 1
06-19 23:12:53.262  2126  2167 D AGPService: GFrsStatusControl:: report : code is  6, state is com.hihonor.android.launcher&0
06-19 23:12:53.262  2126  2167 I AGPService: OnGamePkgInfoReceived: pkgname com.hihonor.android.launcher gameScene- 0
06-19 23:12:53.262  2126  2150 I AGPService: FilterAction mVotePool.size: 3 priority 2600 sceneCode 2600
06-19 23:12:53.262  2126  2150 I AGPService: NotifyExtraPolicyInfoToSF fps: 60, skipCount: 0
06-19 23:12:53.262  2126  2150 I AGPService: SendPolicyByAction isGame 0 sceneCode 2600 priority 2600 lightEnabled 0 fpsHold 0 minFps 60 maxFps 60
06-19 23:12:53.263  1700  1891 I SurfaceFlinger: setDesiredDisplayModeSpecs pid: 2126 AGP-pid: 2126
06-19 23:12:53.262  2126  2167 D AGPService: GFrsStatusControl: OnGamePkgInfoReceived FRS switch off
06-19 23:12:53.263  2126  2167 I AGPService: reportSysState: stateValue 6, com.hihonor.android.launcher&0
06-19 23:12:53.267  7142 26279 E fb4a.msys: E[N mccw.liger]onConnectError(587)=>connect/error - address: 57.144.252.8, port: 5222, ex: folly::AsyncSocketException: AsyncSocketException: connect failed, type = Socket not open, errno = 111 (Connection refused)
06-19 23:12:53.276 13757 13913 I Finsky  : [174] Already at the latest configurations for experiment package com.google.android.finsky.regular.
06-19 23:12:53.277  1700  1700 I Layer   : ~Layer layername: Screenshot Parent#116971 address = 0xb400007043c61e30
06-19 23:12:53.277  1700  1700 I SurfaceFlinger: [onLayerDestroyed] [Screenshot Parent#116971] address:0xb400007043c61e30 has destroyed
06-19 23:12:53.277 10112 11083 I SurfaceControl: ~SurfaceControl 0xb4000074e45af050 GoogleDiscoverWindow#116920
06-19 23:12:53.277  1700  2483 I CompositionEngine: setCompositionEnabled id: displayIdOpt is invalid enable: 1
06-19 23:12:53.277  1700  2483 I CompositionEngine: setLayerFilter id: displayIdOpt is invalid, layerStackId: 0, 0
06-19 23:12:53.277  1700  2483 I SurfaceFlinger: output usage:4
06-19 23:12:53.278  1666  1838 E ANDR-PERF-OPTSHANDLER: ANDR-PERF-OPTSHANDLER: modify_sysfsnode() 1149: Perflock resource /sys/devices/system/cpu/bus_dcvs/L3/soc:qcom,memlat:l3:prime/min_freq not supported
06-19 23:12:53.278  1666  1838 E ANDR-PERF-RESOURCEQS: ANDR-PERF-RESOURCEQS: RemoveAndApply() 292: Failed to reset optimization here [13, 22]
06-19 23:12:53.278  1666  1838 E ANDR-PERF-OPTSHANDLER: ANDR-PERF-OPTSHANDLER: modify_sysfsnode() 1149: Perflock resource /dev/stune/top-app/schedtune.boost not supported
06-19 23:12:53.278  1666  1838 E ANDR-PERF-RESOURCEQS: ANDR-PERF-RESOURCEQS: RemoveAndApply() 292: Failed to reset optimization here [3, 28]
06-19 23:12:53.280 13757 14585 I Finsky  : [234] Triggered update for experiment package com.google.android.finsky.stable_new.
06-19 23:12:53.281  1700  2483 I SurfaceFlinger: capture layers, status code 0
06-19 23:12:53.298  2361  2850 I SurfaceControl: setWindowCrop sc Surface(name=Task=901)/@0xcb15068 width 0 height 0 callers com.android.server.wm.Transition.buildFinishTransaction:1096 com.android.server.wm.Transition.onTransactionReady:2167 com.android.server.wm.BLASTSyncEngine$SyncGroup.finishNow:388 com.android.server.wm.BLASTSyncEngine$SyncGroup.tryFinish:258
06-19 23:12:53.298  2361  2850 I SurfaceControl: setWindowCrop sc Surface(name=Task=901)/@0xcb15068 width -1 height -1 callers com.android.server.wm.Transition.buildFinishTransaction:1109 com.android.server.wm.Transition.onTransactionReady:2167 com.android.server.wm.BLASTSyncEngine$SyncGroup.finishNow:388 com.android.server.wm.BLASTSyncEngine$SyncGroup.tryFinish:258
06-19 23:12:53.296  1680 13487 D BufferPoolAccessor2.0: bufferpool2 0xb400006e9129fad8 : 12(13271040 size) total buffers - 5(5529600 size) used buffers - 471/483 (recycle/alloc) - 40/478 (fetch/transfer)
06-19 23:12:53.298  2361  2850 I SurfaceControl: setWindowCrop sc Surface(name=Task=350)/@0x8096e8f width 0 height 0 callers com.android.server.wm.Transition.buildFinishTransaction:1096 com.android.server.wm.Transition.onTransactionReady:2167 com.android.server.wm.BLASTSyncEngine$SyncGroup.finishNow:388 com.android.server.wm.BLASTSyncEngine$SyncGroup.tryFinish:258
06-19 23:12:53.298  2361  2850 I SurfaceControl: setWindowCrop sc Surface(name=Task=350)/@0x8096e8f width -1 height -1 callers com.android.server.wm.Transition.buildFinishTransaction:1109 com.android.server.wm.Transition.onTransactionReady:2167 com.android.server.wm.BLASTSyncEngine$SyncGroup.finishNow:388 com.android.server.wm.BLASTSyncEngine$SyncGroup.tryFinish:258
06-19 23:12:53.298  1700  1700 I Layer   : ~Layer layername: GoogleDiscoverWindow#116920 address = 0xb400007043c34be0
06-19 23:12:53.298  1700  1700 I SurfaceFlinger: [onLayerDestroyed] [GoogleDiscoverWindow#116920] address:0xb400007043c34be0 has destroyed
06-19 23:12:53.300  2361  2850 I SurfaceControl: nativeRelease 0xb4000074e462c250 count: 5 name: Transition Root: Task=350#116970
06-19 23:12:53.300  3575 11233 I SurfaceControl: SurfaceControl 0xb4000074e45f5f30 Task=350#45305
06-19 23:12:53.300  3575 11233 I SurfaceControl: SurfaceControl 0xb4000074e463b210 DefaultTaskDisplayArea#9
06-19 23:12:53.300  3575 11233 I SurfaceControl: SurfaceControl 0xb4000074e45e0050 Task=901#116949
06-19 23:12:53.300  3575 11233 I SurfaceControl: SurfaceControl 0xb4000074e4618910 WallpaperWindowToken{42fa48d token=android.os.Binder@f360124}#61
06-19 23:12:53.300  3575 11233 I SurfaceControl: SurfaceControl 0xb4000074e46343d0 Transition Root: Task=350#116970
06-19 23:12:53.300  3575 11233 I SurfaceControl: SurfaceControl 0xb4000074e45ffcb0 Task=351#45306
06-19 23:12:53.301  3575 11233 I SurfaceControl: SurfaceControl 0xb4000074e461d530 ActivityRecord{1979841 u0 com.hihonor.android.launcher/.unihome.UniHomeLauncher t351 mVisible=false mOccludesParent=true mode=fullscreen boundsRect(0, 0 - 1080, 2412)}#45307
06-19 23:12:53.301  3575 11233 I SurfaceControl: SurfaceControl 0xb4000074e45a90f0 bb839a1 Splash Screen com.example.testeableapp.test#116951
06-19 23:12:53.301  3575 11233 I SurfaceControl: SurfaceControl 0xb4000074e45bcbf0 com.hihonor.android.launcher/com.hihonor.android.launcher.unihome.UniHomeLauncher#116966
06-19 23:12:53.301  3575 11233 I SurfaceControl: SurfaceControl 0xb4000074e460d5b0 Transition Root: Task=350#116970
06-19 23:12:53.301  3575 11233 I SurfaceControl: SurfaceControl 0xb4000074e45a58f0 GoogleDiscoverWindow#116969
06-19 23:12:53.301  3575 11233 I SurfaceControl: SurfaceControl 0xb4000074e45f5d70 7f166e0 com.hihonor.android.launcher/com.hihonor.android.launcher.unihome.UniHomeLauncher#45309
06-19 23:12:53.301  3575 11233 I SurfaceControl: SurfaceControl 0xb4000074e45bdd70 bb839a1 Splash Screen com.example.testeableapp.test#116951
06-19 23:12:53.301  3575 11233 I SurfaceControl: SurfaceControl 0xb4000074e45fcd70 Transition Root: Task=350#116970
06-19 23:12:53.301  3575 11233 I SurfaceControl: SurfaceControl 0xb4000074e463f2d0 Task=350#45305
06-19 23:12:53.301  3575 11233 I SurfaceControl: SurfaceControl 0xb4000074e45cf8f0 Task=901#116949
06-19 23:12:53.301  3575 11233 I SurfaceControl: SurfaceControl 0xb4000074e45da0f0 WallpaperWindowToken{42fa48d token=android.os.Binder@f360124}#61
06-19 23:12:53.301  3575 11233 I SurfaceControl: SurfaceControl 0xb4000074e4633cd0 DefaultTaskDisplayArea#9
06-19 23:12:53.301  3575 11233 I SurfaceControl: SurfaceControl 0xb4000074e45d24b0 DefaultTaskDisplayArea#9
06-19 23:12:53.301  3575 11233 I SurfaceControl: SurfaceControl 0xb4000074e4601610 Leaf:0:1#8
06-19 23:12:53.303  1700  1891 I SurfaceFlinger: createLayer layername: e2c4ac3 ActivityRecordInputSink com.hihonor.android.launcher/.unihome.UniHomeLauncher type: Layer address = 0xb400007043c61e30
06-19 23:12:53.304  2361  2850 I SurfaceControl: SurfaceControl 0xb4000074e462bd10 e2c4ac3 ActivityRecordInputSink com.hihonor.android.launcher/.unihome.UniHomeLauncher#116972
06-19 23:12:53.297  7142  7283 E fb4a.msys: E[N 1283]errorHandlerDispatched(198)=>262/1283/3347/-1
06-19 23:12:53.306  3575  5286 D TaskStackListener: destory snapshot binder pid 0 myPid 3575 snapshot TaskSnapshot{ mId=1781932373213 mCaptureTime=739196510655161 mTopActivityComponent=com.example.testeableapp.test/androidx.test.core.app.InstrumentationActivityInvoker$EmptyActivity mSnapshot=android.hardware.HardwareBuffer@f802a72 (1080x2412) mColorSpace=sRGB IEC61966-2.1 (id=0, model=RGB) mOrientation=1 mRotation=0 mTaskSize=Point(1080, 2412) mContentInsets=[0,108][0,114] mLetterboxInsets=[0,0][0,0] mIsLowResolution=false mIsRealSnapshot=true mWindowingMode=1 mAppearance=24 mIsTranslucent=true mHasImeSurface=false mIsForceRotate=false
06-19 23:12:53.306  3575  3575 W StatusBar: Statusbar onSystemBarAttributesChanged appearance = 0 mTransientShown false displayId 0 mDisplayId 0 behavior 2
06-19 23:12:53.306  3575  3575 I StatusBar: updateBarMode mStatusBarMode = 4 barMode 4
06-19 23:12:53.307  1700  1889 D FluencyDetector: End fluency detect: APP_TRANSITION_ANIMATION
06-19 23:12:53.307  2361  3480 D HwConnectivityManagerImpl: getNetworkPolicyFlag flagStr null
06-19 23:12:53.307 19656 19656 E afehal_info: ioctrl_get_frame:[1781932373030][T:1781932373.307707]ioctrl_get_frame 144:ioctrl_get_frame err ret = -1
06-19 23:12:53.307 19656 19656 E afehal_info: get_ioctr_frame:[1781932373030][T:1781932373.307965]get_ioctr_frame 626:ioctrl_get_frame error return NULL
06-19 23:12:53.308 19656 19656 E aptouch_daemon: update_frame, thp_afe_get_frame return nullptr
06-19 23:12:53.308  7142  7258 E fb4a.msys: E[N dgw]operator()(129)=>TunnelRetriableNetworkLayer_removeRequest pendingRequest not found
06-19 23:12:53.308  1700  1889 D FluencyDetector: End fluency detect: APP_TRANSITION_ANIMATION
06-19 23:12:53.308  3575  3575 D SbStateController: setSystemBarAttributes isFullscreen: false
06-19 23:12:53.308  3575  3575 I HwDependencyFactory: stn is not supported!
06-19 23:12:53.308  3575  3575 I BaseCapsuleStatusBarHelper: mIsShowStatusBar: true, isShowStatusBar: true
06-19 23:12:53.309  7142  7283 E fb4a.msys: E[N MCCWCITransportRaceImpl]_TransportStreamDisconnectHandler(1118)=>All transports failed
06-19 23:12:53.309  7142  7283 E fb4a.msys: E[N MCCWCITransportRaceImpl]_LogRaceFail(229)=>Race FAILED: socketFailedToConnect=true, errorCode=2, total=136.9ms, dgw=136.6ms, liger=114.3ms
06-19 23:12:53.310  1700  4460 I SurfaceControl: SurfaceControl 0xb400006f63b1c2d0 DefaultTaskDisplayArea#9
06-19 23:12:53.310  1700  4460 I SurfaceControl: SurfaceControl 0xb400006f63ae6790 DefaultTaskDisplayArea#9
06-19 23:12:53.311  3575  3654 I SurfaceControl: ~SurfaceControl 0xb4000074e45f0190 animation-background#116959
06-19 23:12:53.311  3575  3654 I SurfaceControl: ~SurfaceControl 0xb4000074e4607810 Transition Root: Task=901#116954
06-19 23:12:53.311  3575  3654 I SurfaceControl: ~SurfaceControl 0xb4000074e4631650 bb839a1 Splash Screen com.example.testeableapp.test#116951
06-19 23:12:53.311  3575  3654 I SurfaceControl: ~SurfaceControl 0xb4000074e4630770 Task=901#116949
06-19 23:12:53.311  3575  3654 I SurfaceControl: ~SurfaceControl 0xb4000074e45db970 Task=900#116933
06-19 23:12:53.310  2126  6007 D ITouchService: OneFrame: currPkgName1:com.example.testeableapp.test currPkgNampAps:com.hihonor.android.launcher
06-19 23:12:53.311  3575  3654 I SurfaceControl: ~SurfaceControl 0xb4000074e45ce150 DefaultTaskDisplayArea#9
06-19 23:12:53.311  2126  6007 I AGPService: GpuPolicyManager: m_currentPkgName - com.hihonor.android.launcher
06-19 23:12:53.311  3575  3654 I SurfaceControl: ~SurfaceControl 0xb4000074e463a6b0 DefaultTaskDisplayArea#9
06-19 23:12:53.313  3575  3654 I SurfaceControl: nativeRelease 0xb4000074e46184b0 count: 1 name: Transition Root: Task=901#116954
06-19 23:12:53.313  3575  3654 I SurfaceControl: ~SurfaceControl 0xb4000074e46184b0 Transition Root: Task=901#116954
06-19 23:12:53.315  2126  4270 I AGPService: NotifyAnimationState animationTag: APP_TRANSITION_ANIMATION animationType: 2 state: 0, previous count: 2 type count: 2
06-19 23:12:53.315  2126  4270 E AGPService: SceneEnd: mIsSceneStart invalid
06-19 23:12:53.315  2126  4270 I AGPService: RefreshRateActionHandle 1210, 0
06-19 23:12:53.315  2126  4270 I AGPService: ReleaseAction sceneCode 1210 mVotePool.size 2
06-19 23:12:53.315  2126  4270 I AGPService: DisableActionLoop
06-19 23:12:53.315  2126  4270 I AGPService: PostAction
06-19 23:12:53.315  2126  4270 I AGPService: FilterAction mVotePool.size: 2 priority 2600 sceneCode 2600
06-19 23:12:53.315  2126  4270 I AGPService: FilterAction mVotePool.size: 2 priority 2600 sceneCode 2600
06-19 23:12:53.315  2126  4270 I AGPService: NotifyAnimationState animationTag: APP_TRANSITION_ANIMATION animationType: 2 state: 0, previous count: 1 type count: 1
06-19 23:12:53.315  2126  4270 E AGPService: SceneEnd: mIsSceneStart invalid
06-19 23:12:53.315  2126  4270 I AGPService: RefreshRateActionHandle 1210, 0
06-19 23:12:53.315  2126  4270 I AGPService: PostAction
06-19 23:12:53.315  2126  4270 I AGPService: FilterAction mVotePool.size: 2 priority 2600 sceneCode 2600
06-19 23:12:53.315  2126  4270 I AGPService: FilterAction mVotePool.size: 2 priority 2600 sceneCode 2600
06-19 23:12:53.316  2126  2150 I AGPService: FilterAction mVotePool.size: 2 priority 2600 sceneCode 2600
06-19 23:12:53.316  2126  2150 I AGPService: NotifyExtraPolicyInfoToSF fps: 60, skipCount: 0
06-19 23:12:53.316  2126  2150 I AGPService: SendPolicyByAction isGame 0 sceneCode 2600 priority 2600 lightEnabled 0 fpsHold 0 minFps 60 maxFps 60
06-19 23:12:53.318  1700  1889 I SurfaceFlinger: setDesiredDisplayModeSpecs pid: 2126 AGP-pid: 2126
06-19 23:12:53.324  2361  3480 I HwConnectivityManagerImpl: onDnsEventAction,uid:10182,returnCode:0, latencyMs:131, netId:438, DnsCount:0, FailCount:0, mWifiNetId:437, StatEnum:0
06-19 23:12:53.325  1700  1700 I Layer   : [reparent] [Transition Root: Task=901#116954] newParent is null [0xb400007043cae490]
06-19 23:12:53.325  1700  1700 I Layer   : [setLayer] [Task=901#116949] setlayer z = 4
06-19 23:12:53.325  1700  1700 I Layer   : [setLayer] [Task=900#116933] setlayer z = 3
06-19 23:12:53.325  1700  1700 I Layer   : [reparent] [animation-background#116959] newParent is null [0xb400007043c00a70]
06-19 23:12:53.325  1700  1700 I Layer   : [setLayer] [bb839a1 Splash Screen com.example.testeableapp.test#116951] setlayer z = 2147483647
06-19 23:12:53.326  1700  1700 I SurfaceControl: ~SurfaceControl 0xb400006f63ae6790 DefaultTaskDisplayArea#9
06-19 23:12:53.326  1700  1700 I SurfaceControl: ~SurfaceControl 0xb400006f63b1c2d0 DefaultTaskDisplayArea#9
06-19 23:12:53.327  2130  3242 E dubaid  : [WifiStats.cpp] BalanceWifiSleepTime# Failed to read wifi sleep data
06-19 23:12:53.340  2130  3234 I dubaid  : [GpuAccounter.cpp] GetPower# Invalid gpu frequency: 1115, find best power
06-19 23:12:53.341  2130  3234 I dubaid  : [GpuAccounter.cpp] GetPower# Invalid gpu frequency: 1025, find best power
06-19 23:12:53.341  2130  3234 I dubaid  : [GpuAccounter.cpp] GetPower# Invalid gpu frequency: 785, find best power
06-19 23:12:53.347  1663  6061 E ANDR-PERF-CLIENT: ANDR-PERF-CLIENT: perf_hint_private() 255: Process is Flooding request to PerfService
06-19 23:12:53.349  2361  6379 I SurfaceControl: ~SurfaceControl 0xb4000074e4631e30 Transition Root: Task=901#116954
06-19 23:12:53.352  4168  5067 D SrManager: front pkgs: [com.hihonor.android.launcher]
06-19 23:12:53.357  1700  1700 I Layer   : [reparent] [Transition Root: Task=901#116954] newParent is null [0xb400007043cae490]
06-19 23:12:53.357  1700  1700 I Layer   : ~Layer layername: animation-background#116959 address = 0xb400007043c00a70
06-19 23:12:53.357  1700  1700 I SurfaceFlinger: [onLayerDestroyed] [animation-background#116959] address:0xb400007043c00a70 has destroyed
06-19 23:12:53.358  2126  2150 I AGPService: FilterAction mVotePool.size: 2 priority 2600 sceneCode 2600
06-19 23:12:53.358  2126  2150 I AGPService: NotifyExtraPolicyInfoToSF fps: 60, skipCount: 0
06-19 23:12:53.358  2126  2150 I AGPService: SendPolicyByAction isGame 0 sceneCode 2600 priority 2600 lightEnabled 0 fpsHold 0 minFps 60 maxFps 60
06-19 23:12:53.358  1700  1889 I SurfaceFlinger: setDesiredDisplayModeSpecs pid: 2126 AGP-pid: 2126
06-19 23:12:53.361  1700  1700 I CompositionEngine: [applyDeviceCompositionTypeChange] layer [com.example.testeableapp.test/androidx.test.core.app.InstrumentationActivityInvoker$EmptyActivity#116960] apply to client compose
06-19 23:12:53.361  1700  1700 I CompositionEngine: [applyDeviceCompositionTypeChange] layer [Splash Screen com.example.testeableapp.test#116952] apply to client compose
06-19 23:12:53.361  2361  2850 I SurfaceControl: nativeRelease 0xb4000074e463c7f0 count: 2 name: d78e8ca ActivityRecordInputSink com.example.testeableapp/.MainActivity#116941
06-19 23:12:53.362  3575  3654 I HnMwAnimTransition: play the default animation if there is no MagicWindow
06-19 23:12:53.362  2361  2850 I SurfaceControl: ~SurfaceControl 0xb4000074e463c7f0 d78e8ca ActivityRecordInputSink com.example.testeableapp/.MainActivity#116941
06-19 23:12:53.362  3575  3654 I PipTransition: call startAnimation type:2, mInFixedRotation:false, mEndFixedRotation:-1, currentPipTaskChange:null
06-19 23:12:53.362  3575  3654 I PipTransition: isEnteringPip false
06-19 23:12:53.369 14195 14195 I AwareBitmapCacher: init lrucache size: 2097152 pid=14195
06-19 23:12:53.369 14195 14195 V Resource: printErrorResource, maybe not an error because module has entative action to load resource.
06-19 23:12:53.371  3575  3654 I SurfaceControl: ~SurfaceControl 0xb4000074e45ffcb0 Task=351#45306
06-19 23:12:53.371  3575  3654 I SurfaceControl: ~SurfaceControl 0xb4000074e45a58f0 GoogleDiscoverWindow#116969
06-19 23:12:53.371 28791 28803 I SurfaceControl: SurfaceControl 0xb4000074e4607ab0 Task=350#45305
06-19 23:12:53.372  3575  3654 I SurfaceControl: ~SurfaceControl 0xb4000074e461d530 ActivityRecord{1979841 u0 com.hihonor.android.launcher/.unihome.UniHomeLauncher t351 mVisible=false mOccludesParent=true mode=fullscreen boundsRect(0, 0 - 1080, 2412)}#45307
