06-19 23:12:55.644  1700  1700 I Layer   : [reparent] [Surface(name=17e14ef StatusBar)/@0x4a2b91e - animation-leash of insets_animation#117015] newParent is null [0xb400007043c3bb00]
06-19 23:12:55.645  1700  1700 I SurfaceControl: ~SurfaceControl 0xb400006f63af8310 Surface(name=17e14ef StatusBar)/@0x4a2b91e - animation-leash of insets_animation#117019
06-19 23:12:55.645  1700  1700 I SurfaceControl: ~SurfaceControl 0xb400006f63b176b0 Surface(name=69fffd0 NavigationBar0)/@0xc4b2e34 - animation-leash of insets_animation#117018
06-19 23:12:55.645 28791 31218 I SurfaceControl: SurfaceControl 0xb4000074e45e3850 Surface(name=69fffd0 NavigationBar0)/@0xc4b2e34 - animation-leash of insets_animation#117018
06-19 23:12:55.645 28791 31218 I SurfaceControl: SurfaceControl 0xb4000074e45f37d0 Surface(name=17e14ef StatusBar)/@0x4a2b91e - animation-leash of insets_animation#117019
06-19 23:12:55.646  1700  2158 I SurfaceFlinger: capture display, status code 0
06-19 23:12:55.646  1696 10595 D AudioPolicyService: getUidState(99642) cacheIter->second.first, return cacheIter->second.second(5)
06-19 23:12:55.646  3575  3698 I SurfaceControl: nativeRelease 0xb4000074e460ef10 count: 1 name: Surface(name=69fffd0 NavigationBar0)/@0xc4b2e34 - animation-leash of insets_animation#117014
06-19 23:12:55.646  3575  3698 I SurfaceControl: ~SurfaceControl 0xb4000074e460ef10 Surface(name=69fffd0 NavigationBar0)/@0xc4b2e34 - animation-leash of insets_animation#117014
06-19 23:12:55.646  1696 10595 D AudioPolicyService: getUidState(10153) cacheIter->second.first, return cacheIter->second.second(5)
06-19 23:12:55.647  1696 10595 D AudioPolicyService: getUidState(10126) cacheIter->second.first, return cacheIter->second.second(5)
06-19 23:12:55.647  2361  3681 I InputDispatcher: setFocusedWindow receiveTime step 1 :350788735ms receiveTime step 2 :350788735ms receiveTime step 3 :0ms
06-19 23:12:55.647  1696 10595 D AudioPolicyService: getUidState(10038) cacheIter->second.first, return cacheIter->second.second(5)
06-19 23:12:55.647 13346 13346 D ScreenCapture: ScreenshotHardwareBuffer captureDisplay
06-19 23:12:55.647  3575  3698 I SurfaceControl: nativeRelease 0xb4000074e45ee910 count: 1 name: Surface(name=17e14ef StatusBar)/@0x4a2b91e - animation-leash of insets_animation#117015
06-19 23:12:55.647  3575  3698 I SurfaceControl: ~SurfaceControl 0xb4000074e45ee910 Surface(name=17e14ef StatusBar)/@0x4a2b91e - animation-leash of insets_animation#117015
06-19 23:12:55.649  2361  6383 I SurfaceControl: nativeRelease 0xb4000074e462b530 count: 1 name: GoogleDiscoverWindow#117020
06-19 23:12:55.649  2361  6383 I SurfaceControl: ~SurfaceControl 0xb4000074e462b530 GoogleDiscoverWindow#117020
06-19 23:12:55.651 10112 10112 I SurfaceControl: SurfaceControl 0xb4000074e45b1890 GoogleDiscoverWindow#117020
06-19 23:12:55.651 13346 13352 I SurfaceControl: ~SurfaceControl 0xb4000074e45a4e70 #116991
06-19 23:12:55.653 10112 10112 I BufferQueueConsumer: [](id:27800000000d,api:0,p:-1,c:10112) connect: controlledByApp=false
06-19 23:12:55.653 28791 28791 W HnLauncher: RightTopMarkUpdaterManager checkNotificationState: currentState is false PackageName ComponentInfo{com.android.chrome/com.google.android.apps.chrome.Main} userId 0
06-19 23:12:55.655 28791 28791 W HnLauncher: RightTopMarkUpdaterManager checkNotificationState: currentState is false PackageName ComponentInfo{com.miui.player/com.miui.player.ui.MusicBrowserActivity} userId 0
06-19 23:12:55.658  1700  1700 I Layer   : [setLayer] [722d8d7 Splash Screen com.example.testeableapp.test#116999] setlayer z = 2147483647
06-19 23:12:55.658  1700  1700 I Layer   : ~Layer layername: Surface(name=17e14ef StatusBar)/@0x4a2b91e - animation-leash of insets_animation#117015 address = 0xb400007043c3bb00
06-19 23:12:55.658  1700  1700 I SurfaceFlinger: [onLayerDestroyed] [Surface(name=17e14ef StatusBar)/@0x4a2b91e - animation-leash of insets_animation#117015] address:0xb400007043c3bb00 has destroyed
06-19 23:12:55.658  1700  1700 I Layer   : ~Layer layername: Surface(name=69fffd0 NavigationBar0)/@0xc4b2e34 - animation-leash of insets_animation#117014 address = 0xb400007043c49940
06-19 23:12:55.658  1700  1700 I SurfaceFlinger: [onLayerDestroyed] [Surface(name=69fffd0 NavigationBar0)/@0xc4b2e34 - animation-leash of insets_animation#117014] address:0xb400007043c49940 has destroyed
06-19 23:12:55.659  1700  1700 I Layer   : ~Layer layername: #116991 address = 0xb400007043c99730
06-19 23:12:55.659  1700  1700 I SurfaceFlinger: [onLayerDestroyed] [#116991] address:0xb400007043c99730 has destroyed
06-19 23:12:55.659 13346 13346 I ScreenCapture: setScreenshotSkipVAssist isSkip:false
06-19 23:12:55.660  1700  2483 I SurfaceFlinger: setSecureScreenRecShotFlag: value = 0, mask = 2, mShotSkipVAssistLayer:0, mKnuckle:0
06-19 23:12:55.660 10112 10164 I BufferQueueProducer: [VRI[GoogleDiscoverWindow]#13(BLAST Consumer)13](id:27800000000d,api:0,p:-1,c:10112) connect: api=1 producerControlledByApp=true
06-19 23:12:55.660 10112 10164 E OpenGLRenderer: Unable to match the desired swap behavior.
06-19 23:12:55.661  1637  1637 D HW_DISPLAY_TEST: display_get_fps: Get FPS successful
06-19 23:12:55.661 28791 28791 W HnLauncher: RightTopMarkUpdaterManager checkNotificationState: currentState is false PackageName ComponentInfo{com.hihonor.health/com.hihonor.health.splash.SplashActivity} userId 0
06-19 23:12:55.661  1637  1637 E HW_DISPLAY_TEST: get_active_panel: panel index: 0
06-19 23:12:55.662  1637  1637 D HW_DISPLAY_TEST: display_get_fps: open file /sys/class/graphics/fb0/lcd_fps_scence:0:current_fps:90;default_fps:90;support_fps_list:90,60,50,48,30;current_index:0
06-19 23:12:55.662  1637  1637 D HW_DISPLAY_TEST:  success
06-19 23:12:55.663  4168 14141 I PGServer: android calls fast HApps
06-19 23:12:55.664  4168 14141 I AppFastHibernation: fast H duration: 3000 reason: start activity
06-19 23:12:55.664  4168 14141 I AppFastHibernation: call fast hibernation app:
06-19 23:12:55.664  2126  2154 I AGPService: FilterAction mVotePool.size: 3 priority 2900 sceneCode 2900
06-19 23:12:55.664  4168 14141 I AppFastHibernation:     AppInfo {Uid:10196 Pkg:com.facebook.orca Pids:[29297]}
06-19 23:12:55.664  4168 14141 I AppFastHibernation:     AppInfo {Uid:10023 Pkg:com.hihonor.appmarket Pids:[25324]}
06-19 23:12:55.664  4168 14141 I AppFastHibernation:     AppInfo {Uid:10043 Pkg:com.hihonor.hncloud Pids:[29589]}
06-19 23:12:55.664  4168 14141 I AppFastHibernation:     AppInfo {Uid:10210 Pkg:com.microsoft.office.outlook Pids:[17560]}
06-19 23:12:55.664  4168 14141 I AppFastHibernation:     AppInfo {Uid:10202 Pkg:com.microsoft.office.word Pids:[12256]}
06-19 23:12:55.664  4168 14141 I AppFastHibernation:     AppInfo {Uid:10189 Pkg:com.miui.player Pids:[18308]}
06-19 23:12:55.664  4168 14141 I AppFastHibernation:     AppInfo {Uid:10183 Pkg:com.twitter.android Pids:[27960]}
06-19 23:12:55.664  4168 14141 I AppFastHibernation: fastHibernation: the pkg: com.hihonor.appmarket keep alive not F_Z
06-19 23:12:55.665 13346 13353 W System  : A resource failed to call HardwareBuffer.close.
06-19 23:12:55.665  4168  5055 I AppFastHibernation: fast hibernate app:
06-19 23:12:55.666  4168  5055 I AppFastHibernation:     AppInfo {Uid:10196 Pkg:com.facebook.orca Pids:[29297]}
06-19 23:12:55.667  4168  5055 I AppFastHibernation:     AppInfo {Uid:10043 Pkg:com.hihonor.hncloud Pids:[29589]}
06-19 23:12:55.667  4168  5055 I AppFastHibernation:     AppInfo {Uid:10210 Pkg:com.microsoft.office.outlook Pids:[17560]}
06-19 23:12:55.667  4168  5055 I AppFastHibernation:     AppInfo {Uid:10202 Pkg:com.microsoft.office.word Pids:[12256]}
06-19 23:12:55.667  4168  5055 I AppFastHibernation:     AppInfo {Uid:10189 Pkg:com.miui.player Pids:[18308]}
06-19 23:12:55.667  4168  5055 I AppFastHibernation:     AppInfo {Uid:10183 Pkg:com.twitter.android Pids:[27960]}
06-19 23:12:55.667  4168  5055 I AppFastHibernation: fast F_Z process uid: 10196 pkg: com.facebook.orca pids: [29297]
06-19 23:12:55.667  4168  5055 I AppFastHibernation: fast F_Z process uid: 10043 pkg: com.hihonor.hncloud pids: [29589]
06-19 23:12:55.667  4168  5055 I AppFastHibernation: fast F_Z process uid: 10210 pkg: com.microsoft.office.outlook pids: [17560]
06-19 23:12:55.667  4168  5055 I AppFastHibernation: fast F_Z process uid: 10202 pkg: com.microsoft.office.word pids: [12256]
06-19 23:12:55.667  4168  5055 I AppFastHibernation: fast F_Z process uid: 10189 pkg: com.miui.player pids: [18308]
06-19 23:12:55.667  4168  5055 I AppFastHibernation: fast F_Z process uid: 10183 pkg: com.twitter.android pids: [27960]
06-19 23:12:55.670  2169  2215 I Pged-IPgedBinderService: ****action is 1, pid num is 7***
06-19 23:12:55.670  2169  2215 I Pged-Freezer: freezePids
06-19 23:12:55.673  1660  1799 E DMABUFHEAPS: DmabufAlloc size=10592256 openTime=0 allocTime=29
06-19 23:12:55.677  4168  4848 I ScenarioService: refresh visibleApp:[com.hihonor.android.launcher]
06-19 23:12:55.678  4168  4848 I PGServer: report state:14 event type:1 pid:-1 uid:-1 pkg:com.hihonor.android.launcher to pid: 2361
06-19 23:12:55.678  2169  2215 I Pged-CGroup: attach pid ok, pid: 29297, path: Group_1046215439
06-19 23:12:55.678  4168  4848 I PGServer: report state:14 event type:1 pid:-1 uid:-1 pkg:com.hihonor.android.launcher to pid: 4183
06-19 23:12:55.678  4168  4848 I PGServer: report state:14 event type:1 pid:-1 uid:-1 pkg:com.hihonor.android.launcher to pid: 4168
06-19 23:12:55.678  4168  4848 I ApsDynamicVideoFps: APS: APK: handleFrontAppFromPgPlug. pkgName:com.hihonor.android.launcher, mLastPkgName:com.google.android.youtube, isReduceFps:false, isCountingDown:true
06-19 23:12:55.678  4168  4848 I ApsDynamicVideoFps: APS: APK: <REDUCEFPS>Front Changed Stop reduce fps
06-19 23:12:55.678  4168  4848 I ApsAccKitAdapter: APS: APK: ApsAccKitAdapter: not setNotifyInfo
06-19 23:12:55.679  2169  2215 I Pged-CGroup: attach pid ok, pid: 29589, path: Group_3483924294
06-19 23:12:55.679  4183  5365 D Hicom_Monitor: enter visible event, add app: com.hihonor.android.launcher into mVisiblePkgNameSet
06-19 23:12:55.679  4168 14141 I PGServer: checkPkgType. calling pkg: android
06-19 23:12:55.679  4168  5065 I AppsUsage: BgAPP:com.example.testeableapp.test
06-19 23:12:55.679  2126  6007 I AGPService: aps-info: focus pkgName - com.hihonor.android.launcher, with 0 more apps
06-19 23:12:55.679  2126  6007 D AGPService: : [updateForeGround]: GameUltraEngineService
06-19 23:12:55.679  2126  6007 I AGPService: agp-info: focus pkgName - com.hihonor.android.launcher, with 0 more apps
06-19 23:12:55.679  4168  5065 I PG_ash  : com.example.testeableapp.test become invisible
06-19 23:12:55.682  2126  6007 I AGPService: BasePlugin::updateSysState  com.hihonor.android.launcher, code is 0
06-19 23:12:55.682  2126  6007 D AGPService: State:: Set State is 0, com.hihonor.android.launcher
06-19 23:12:55.682  2126  6007 D AGPService: GUEStateManager::getLooper
06-19 23:12:55.682  2126  6007 I AGPService: MessageQueueLoop::PostMessage , message: 0
06-19 23:12:55.682  2126  6007 I AGPService: BasePlugin::updateSysState  , code is 1
06-19 23:12:55.682  4168 14141 I PGServer: checkPkgType. calling pkg: android
06-19 23:12:55.682  2126  6007 D AGPService: State:: Set State is 1,
06-19 23:12:55.682  2126  6007 I AGPService: BasePlugin::updateSysState Same State
06-19 23:12:55.682  2126  6007 I AGPService: GUE: updateForeground to subMode
06-19 23:12:55.682  2126  6007 I AGPService: GUE: TRANSACT_UPDATE_FOREGROUND: () com.hihonor.android.launcher
06-19 23:12:55.682  2126  6007 I AGPService: RefreshRateActionHandle 2950, 1
06-19 23:12:55.682  2126  6007 I AGPService: UpdateCurrentPackage com.hihonor.android.launcher type 28
06-19 23:12:55.682  2126  6007 I AGPService: GetAppStrategy 9 stylus: 0
06-19 23:12:55.682  2126  6007 I AGPService: FrameRateManager: aps-info: new pkgName - com.hihonor.android.launcher, type - 28
06-19 23:12:55.683  2126  2167 I AGPService: StateHandler::handleMessage:: 0
06-19 23:12:55.683  2126  2167 I AGPService: reportSysState: listeners size 1
06-19 23:12:55.683  2361  2847 D HwPhoneWindowManager: Transact:setSystemUIColor to status bar service
06-19 23:12:55.683  2126  2167 D AGPService: GFrsStatusControl:: report : code is  0, state is com.hihonor.android.launcher
06-19 23:12:55.683  2126  2167 D AGPService: GFrsStatusControl:: report : code is  0, state is com.hihonor.android.launcher, not match Event
06-19 23:12:55.683  2126  2167 I AGPService: reportSysState: stateValue 0, com.hihonor.android.launcher
06-19 23:12:55.683  2169  2203 I AwareLog: SetThreadToVipGroup:: iawared vipgroup set pid[28791] Success!
06-19 23:12:55.683  2169  2203 I AwareLog: SetThreadToVipGroup:: iawared vipgroup set pid[28859] Success!
06-19 23:12:55.684  2169  2203 I AwareLog: SetThreadToVipGroup:: iawared vipgroup set pid[765] Success!
06-19 23:12:55.684  2169  2203 I AwareLog: SetThreadToVipGroup:: iawared vipgroup set pid[766] Success!
06-19 23:12:55.684  2169  2203 I AwareLog: SetThreadToVipGroup:: iawared vipgroup set pid[811] Success!
06-19 23:12:55.684  2169  2215 I Pged-CGroup: attach pid ok, pid: 17560, path: Group_0855338853
06-19 23:12:55.685  2169  2215 I Pged-CGroup: attach pid ok, pid: 12256, path: Group_1375561588
06-19 23:12:55.685  2169  2215 I Pged-CGroup: attach pid ok, pid: 18308, path: Group_2205990802
06-19 23:12:55.686  2361  3223 E RtgSchedIpcFile: setCommandByIoctl not opened
06-19 23:12:55.686  2361  3223 E RtgSchedIpcFile: setCommandByIoctl not opened
06-19 23:12:55.686  2361  3223 E RtgSchedIpcFile: setCommandByIoctl not opened
06-19 23:12:55.686  2361  3223 E RtgSchedIpcFile: setCommandByIoctl not opened
06-19 23:12:55.686  2361  3223 E RtgSchedIpcFile: setCommandByIoctl not opened
06-19 23:12:55.686  2126  6007 I ITouchService: GameXsyncManager:OnGameInfoRecevied p com.hihonor.android.launcher
06-19 23:12:55.686  2126  6007 W ITouchService: itouch GameXsyncManager:checkGameXsyncState game list is empty.
06-19 23:12:55.686  2126  6007 D AGPService: : [OnGamePkgInfoReceived]: GameUltraEngineService
06-19 23:12:55.686  2126  6007 I AGPService: GUEStateManager:OnGamePkgInfoReceived  pkgName is : com.hihonor.android.launcher , status is 0
06-19 23:12:55.686  2126  6007 I AGPService: BasePlugin::updateSysState  com.hihonor.android.launcher&0, code is 6
06-19 23:12:55.687  2169  2215 I Pged-CGroup: attach pid ok, pid: 27960, path: Group_3053018818
06-19 23:12:55.688  2361  3223 E RtgSchedIpcFile: setCommandByIoctl not opened
06-19 23:12:55.688  2361  3223 E RtgSchedIpcFile: setCommandByIoctl not opened
06-19 23:12:55.688  2361  3223 E RtgSchedIpcFile: setCommandByIoctl not opened
06-19 23:12:55.688  2361  3223 E RtgSchedIpcFile: setCommandByIoctl not opened
06-19 23:12:55.688  2361  3223 E RtgSchedIpcFile: setCommandByIoctl not opened
06-19 23:12:55.688  2126  6007 D AGPService: State:: Set State is 6, com.hihonor.android.launcher&0
06-19 23:12:55.688  2126  6007 D AGPService: GUEStateManager::getLooper
06-19 23:12:55.688  2126  6007 I AGPService: MessageQueueLoop::PostMessage , message: 6
06-19 23:12:55.688  4168  5055 D PgedBinderAdapter: F_Z ok, pid: [29297, 29589, 17560, 12256, 18308, 27960]
06-19 23:12:55.688  2126  6007 I AGPService: RefreshRateActionHandle 1000, 1
06-19 23:12:55.688  2126  6007 I AGPService: RefreshRateActionHandle currAppStrategy name 9, lightLimit 0, minFps 60, maxFps 90 refreshMinFps 60
06-19 23:12:55.688  2126  6007 I AGPService: AddAciton sceneCode 1000
06-19 23:12:55.688  2126  6007 I AGPService: DisableActionLoop
06-19 23:12:55.688  2126  2167 I AGPService: StateHandler::handleMessage:: 6
06-19 23:12:55.688  2126  2167 I AGPService: reportSysState: listeners size 1
06-19 23:12:55.688  2126  2167 D AGPService: GFrsStatusControl:: report : code is  6, state is com.hihonor.android.launcher&0
06-19 23:12:55.688  2126  2167 I AGPService: OnGamePkgInfoReceived: pkgname com.hihonor.android.launcher gameScene- 0
06-19 23:12:55.688  2126  2167 D AGPService: GFrsStatusControl: OnGamePkgInfoReceived FRS switch off
06-19 23:12:55.688  2126  2167 I AGPService: reportSysState: stateValue 6, com.hihonor.android.launcher&0
06-19 23:12:55.688  2126  6007 I AGPService: PostAction
06-19 23:12:55.688  2126  6007 I AGPService: FilterAction mVotePool.size: 3 priority 2900 sceneCode 2900
06-19 23:12:55.689  2169  2203 I AwareLog: IsSplashThread threadName[3698][ll.splashscreen]
06-19 23:12:55.689  2169  2203 I AwareLog: SetThreadToVipGroup:: iawared vipgroup set pid[3698] Success!
06-19 23:12:55.689  2169  2203 I AwareLog: IsSplashThread threadName[3699][ll.splashworker]
06-19 23:12:55.689  2126  6007 D ITouchService: OneFrame: currPkgName1:com.example.testeableapp.test currPkgNampAps:com.hihonor.android.launcher
06-19 23:12:55.689  2126  6007 I AGPService: GpuPolicyManager: m_currentPkgName - com.hihonor.android.launcher
06-19 23:12:55.691  2126  2150 I AGPService: FilterAction mVotePool.size: 3 priority 2900 sceneCode 2900
06-19 23:12:55.691  2126  2150 I AGPService: NotifyExtraPolicyInfoToSF fps: 60, skipCount: 0
06-19 23:12:55.691  2126  2150 I AGPService: SendPolicyByAction isGame 0 sceneCode 2900 priority 2900 lightEnabled 0 fpsHold 0 minFps 90 maxFps 90
06-19 23:12:55.691  1700  1891 I SurfaceFlinger: setDesiredDisplayModeSpecs pid: 2126 AGP-pid: 2126
06-19 23:12:55.692  1660  1660 E DMABUFHEAPS: DmabufAlloc size=10592256 openTime=0 allocTime=12
06-19 23:12:55.694  1696 10594 D AudioPolicyService: getUidState(10095) cacheIter->second.first, return cacheIter->second.second(5)
06-19 23:12:55.694  1696 10594 D AudioPolicyService: getUidState(10271) cacheIter->second.first, return cacheIter->second.second(2)
06-19 23:12:55.694  1696 10594 D AudioPolicyService: getUidState(10051) cacheIter->second.first, return cacheIter->second.second(5)
06-19 23:12:55.694  3575  3575 W StatusBar: Statusbar onSystemBarAttributesChanged appearance = 16 mTransientShown false displayId 0 mDisplayId 0 behavior 2
06-19 23:12:55.694  3575  3575 I StatusBar: updateBarMode mStatusBarMode = 4 barMode 4
06-19 23:12:55.695  3575  3575 D SbStateController: setSystemBarAttributes isFullscreen: false
06-19 23:12:55.695  3575  3575 I HwDependencyFactory: stn is not supported!
06-19 23:12:55.695  3575  3575 I BaseCapsuleStatusBarHelper: mIsShowStatusBar: true, isShowStatusBar: true
06-19 23:12:55.695  4183  5365 I Booster_AwareMonitor: [handleUidBoundTop] uid:10271 packageName:com.example.testeableapp.test className:androidx.test.core.app.InstrumentationActivityInvoker$EmptyActivity uidState:18
06-19 23:12:55.695  3575  3575 I LivelyCapsuleStatusBarHelper: handleBrandColor  capsuleList  size is zero.
06-19 23:12:55.695  3575  3575 D SysUiState: SysUiState changed: old=268566528 new=268435456
06-19 23:12:55.695  3575  3575 D OverviewProxyService: Notifying sysui state change to overview service: proxy=com.android.systemui.shared.recents.IOverviewProxy$Stub$Proxy@61c1b0f flags=268435456
06-19 23:12:55.695  3575  3575 I OverviewProxyService: notifySystemUiStateFlags begin, flags:268435456
06-19 23:12:55.695  3575  3575 I OverviewProxyService: notifySystemUiStateFlags end, flags:268435456
06-19 23:12:55.696  4183  4498 I Booster_OllieObserver: notify registrants event: EVENT_ACTIVITY_STATE_CHANGED, new ActivityInfo: uid = 10271, packageName = com.example.testeableapp.test, procState = 3
06-19 23:12:55.698  4183  4498 I NsaPowerConsumptionMonitor: onActivityStateChanged: mIsSpeedTesting:false isTopActivity:true isSpeedTestApk:false
06-19 23:12:55.703  3575  3836 I ImageWallpaper: setWideColorGamutAction: displayMode=1, visible=true, com.android.systemui.wallpapers.ImageWallpaper$CanvasEngine@9f61336
06-19 23:12:55.704  3575  3836 I ImageWallpaper: DisplayBT2020SupportMap is empty
06-19 23:12:55.704  3575  3836 I ImageWallpaper: setWideColorGamutAction: unsupport wide color gamut
06-19 23:12:55.706 10112 10112 I bzak    : onStart
06-19 23:12:55.707  4183  4497 I UidCloseNrStateMachine: enter uidStateChanged, ForeGrountApp=com.example.testeableapp.test, mIsCallOn=false, mIsUsbPlugged=true, openLowPowerSwitch=true, QoeSlowState=false, powerMode=1, isSpeedSensitivityApp=false
06-19 23:12:55.708  4183  4497 D Booster_SelfCureManager: handleMessage: msg.what: 38
06-19 23:12:55.708  4183  4497 I HwPacketFilterBypass: handleActivityUidStateChanged uid:10271 -1 foreground:false
06-19 23:12:55.708  4183  4497 I HwPacketFilterBypass: isAllowSendSmartCureToChr false, no exceptions occur, dropCnt:0
06-19 23:12:55.709  4183  4497 D SmartDualCardConfig: getAppType,pkgName=com.example.testeableapp.test,appType=-1
06-19 23:12:55.709  4183  4497 E SmartDualCardConfig: isAppInBlackList false,items==null
06-19 23:12:55.709  4183  4497 I SmartDualCardConfig: isAppInWhiteList false,uid=10271
06-19 23:12:55.709  4183  4497 I LowLatencyMode: handleApkInBackground packageName: com.example.testeableapp.test, foregroundWhiteListApkSet: []
06-19 23:12:55.710  4183  4497 I NetworkQoe: checkAppStatInfoDelay:no app foreground
06-19 23:12:55.710  4183  4497 I NetworkQoe: setNetworkQoeEnable:false,status=32,mNetworkQoeConditions=254
06-19 23:12:55.710  4183  4497 I NetworkQoe: sendCellularQoeCollectStopMsg, actionid = 1026
06-19 23:12:55.711 10112 11083 I SurfaceControl: ~SurfaceControl 0xb4000074e45b0630 GoogleDiscoverWindow#116969
06-19 23:12:55.712  1617 13041 I sensors-hal: handle_sns_std_sensor_event:275, ambient_light_event: ts=739198913300014, lux = 0, raw_adc=176, raw_2=304
06-19 23:12:55.712  1700  2158 I SurfaceFlinger: createLayer layername: Transition Root: Task=350 type: Layer address = 0xb400007043c99730
06-19 23:12:55.713 28791 28791 W HnLauncher: RecentsView applyLoadPlan removeAllViews child count == 0, taskGroups size == 4
06-19 23:12:55.714  2361  2850 I SurfaceControl: SurfaceControl 0xb4000074e4633250 Transition Root: Task=350#117021
06-19 23:12:55.715 10112 10112 I bwsx    : (REDACTED) [%s] onStart()
06-19 23:12:55.716  2169  2203 I AwareLog: SetThreadToVipGroup:: iawared vipgroup set pid[3699] Success!
06-19 23:12:55.717  2169  2203 I AwareLog: IsSplashThread threadName[3654][wmshell.main]
06-19 23:12:55.717  2169  2203 I AwareLog: SetThreadToVipGroup:: iawared vipgroup set pid[3654] Success!
06-19 23:12:55.718 10112 10112 I bwvj    : Reloading theme data
06-19 23:12:55.722  1700  1700 I Layer   : ~Layer layername: GoogleDiscoverWindow#116969 address = 0xb400007043c38370
06-19 23:12:55.722  1700  1700 I SurfaceFlinger: [onLayerDestroyed] [GoogleDiscoverWindow#116969] address:0xb400007043c38370 has destroyed
06-19 23:12:55.724 10112 10112 E NetworkErrorMessage: (REDACTED) Invalid connectivity state: %s
06-19 23:12:55.725 10112 10112 I bzak    : onResume
06-19 23:12:55.725 10112 10112 W dpam    : missing event name
06-19 23:12:55.729  2361  3167 D HwConnectivityManagerImpl: startappqoednscollection action =1timer =1000
06-19 23:12:55.732  1660  1799 E DMABUFHEAPS: DmabufAlloc size=10592256 openTime=0 allocTime=16
06-19 23:12:55.742  4183  4497 E Booster_Jni: NetlinkInitCant:create netlink socket,error:Protocol not supported
06-19 23:12:55.742  4183  4497 E Booster_Jni: sendDataToKernel:socket open fail
06-19 23:12:55.744  1700  1700 I Layer   : ~Layer layername: Screenshot Parent#117022 address = 0xb400007043c9cec0
06-19 23:12:55.744  4183  4497 D SmartDualCardConfig: getAppType,pkgName=com.example.testeableapp.test,appType=-1
06-19 23:12:55.744  1700  1700 I SurfaceFlinger: [onLayerDestroyed] [Screenshot Parent#117022] address:0xb400007043c9cec0 has destroyed
06-19 23:12:55.744  1700  2158 I CompositionEngine: setCompositionEnabled id: displayIdOpt is invalid enable: 1
06-19 23:12:55.744  1700  2158 I CompositionEngine: setLayerFilter id: displayIdOpt is invalid, layerStackId: 0, 0
06-19 23:12:55.745  1700  2158 I SurfaceFlinger: output usage:4
06-19 23:12:55.749  1700  2158 I SurfaceFlinger: capture layers, status code 0
06-19 23:12:55.752  1660  1799 E DMABUFHEAPS: DmabufAlloc size=10592256 openTime=0 allocTime=18
06-19 23:12:55.745  4183  4497 D SmartDualCardConfig: getAppType,pkgName=com.example.testeableapp.test,appType=-1
06-19 23:12:55.753  4183  4497 E SmartDualCardConfig: isAppInBlackList false,items==null
06-19 23:12:55.753  4183  4497 I SmartDualCardSM: onUidStateUpdate,uid=10271,appName=com.example.testeableapp.test,state=BACKGROUND
06-19 23:12:55.753  4183  4497 I SmartDualCardConfig: removeAppFromList,after remove,size()=0,uid=10271
06-19 23:12:55.754  2361  2850 I SurfaceControl: setWindowCrop sc Surface(name=Task=903)/@0x11cd763 width 0 height 0 callers com.android.server.wm.Transition.buildFinishTransaction:1096 com.android.server.wm.Transition.onTransactionReady:2167 com.android.server.wm.BLASTSyncEngine$SyncGroup.finishNow:388 com.android.server.wm.BLASTSyncEngine$SyncGroup.tryFinish:258
06-19 23:12:55.754  4183  4497 D SmartDualCardConfig: getAppType,pkgName=com.example.testeableapp.test,appType=-1
06-19 23:12:55.754  2361  2850 I SurfaceControl: setWindowCrop sc Surface(name=Task=903)/@0x11cd763 width -1 height -1 callers com.android.server.wm.Transition.buildFinishTransaction:1109 com.android.server.wm.Transition.onTransactionReady:2167 com.android.server.wm.BLASTSyncEngine$SyncGroup.finishNow:388 com.android.server.wm.BLASTSyncEngine$SyncGroup.tryFinish:258
06-19 23:12:55.754  4183  4497 I SmartDualCardSM: updateAppState mAppState=1
06-19 23:12:55.754  4183  4497 I SmartDualCardChrManager: handleForegroundAppUpdateMsg,mAppState=2,scenes=1,mForegroundAppName=com.example.testeableapp.test
06-19 23:12:55.755  4183  4497 I SmartDualCardSM: IdleState:got msg.what=EVENT_APP_MOVE_BACKGROUND
06-19 23:12:55.755  4183  4497 I SmartDualCardSM: startAppBackgroundTimer
06-19 23:12:55.755  2361  2850 I SurfaceControl: setWindowCrop sc Surface(name=Task=350)/@0x8096e8f width 0 height 0 callers com.android.server.wm.Transition.buildFinishTransaction:1096 com.android.server.wm.Transition.onTransactionReady:2167 com.android.server.wm.BLASTSyncEngine$SyncGroup.finishNow:388 com.android.server.wm.BLASTSyncEngine$SyncGroup.tryFinish:258
06-19 23:12:55.756  2361  2850 I SurfaceControl: setWindowCrop sc Surface(name=Task=350)/@0x8096e8f width -1 height -1 callers com.android.server.wm.Transition.buildFinishTransaction:1109 com.android.server.wm.Transition.onTransactionReady:2167 com.android.server.wm.BLASTSyncEngine$SyncGroup.finishNow:388 com.android.server.wm.BLASTSyncEngine$SyncGroup.tryFinish:258
06-19 23:12:55.757  3575  6883 D TaskStackListener: destory snapshot binder pid 0 myPid 3575 snapshot TaskSnapshot{ mId=1781932375716 mCaptureTime=739198962492035 mTopActivityComponent=com.example.testeableapp.test/androidx.test.core.app.InstrumentationActivityInvoker$EmptyActivity mSnapshot=android.hardware.HardwareBuffer@8130e33 (1080x2412) mColorSpace=sRGB IEC61966-2.1 (id=0, model=RGB) mOrientation=1 mRotation=0 mTaskSize=Point(1080, 2412) mContentInsets=[0,108][0,114] mLetterboxInsets=[0,0][0,0] mIsLowResolution=false mIsRealSnapshot=true mWindowingMode=1 mAppearance=24 mIsTranslucent=true mHasImeSurface=false mIsForceRotate=false
06-19 23:12:55.759  2361  2850 I SurfaceControl: nativeRelease 0xb4000074e4633250 count: 5 name: Transition Root: Task=350#117021
06-19 23:12:55.759  3575  2253 I SurfaceControl: SurfaceControl 0xb4000074e462ad50 Task=350#45305
06-19 23:12:55.759  3575  2253 I SurfaceControl: SurfaceControl 0xb4000074e461b690 DefaultTaskDisplayArea#9
06-19 23:12:55.760  3575  2253 I SurfaceControl: SurfaceControl 0xb4000074e4617f70 Task=903#116997
06-19 23:12:55.760  3575  2253 I SurfaceControl: SurfaceControl 0xb4000074e45bc410 WallpaperWindowToken{42fa48d token=android.os.Binder@f360124}#61
06-19 23:12:55.760  3575  2253 I SurfaceControl: SurfaceControl 0xb4000074e4601c30 Transition Root: Task=350#117021
06-19 23:12:55.761  3575  2253 I SurfaceControl: SurfaceControl 0xb4000074e45d5f50 ActivityRecord{1979841 u0 com.hihonor.android.launcher/.unihome.UniHomeLauncher t351 mVisible=false mOccludesParent=true mode=fullscreen boundsRect(0, 0 - 1080, 2412)}#45307
06-19 23:12:55.761  3575  2253 I SurfaceControl: SurfaceControl 0xb4000074e4631d50 Task=351#45306
06-19 23:12:55.761  3575  2253 I SurfaceControl: SurfaceControl 0xb4000074e45beef0 722d8d7 Splash Screen com.example.testeableapp.test#116999
06-19 23:12:55.761  3575  2253 I SurfaceControl: SurfaceControl 0xb4000074e4609db0 GoogleDiscoverWindow#117020
06-19 23:12:55.761  3575  2253 I SurfaceControl: SurfaceControl 0xb4000074e45f5210 WindowToken{7cd156e type=2033 android.os.BinderProxy@8e9c970}#110310
06-19 23:12:55.761  3575  2253 I SurfaceControl: SurfaceControl 0xb4000074e45a97f0 Transition Root: Task=350#117021
06-19 23:12:55.761  3575  2253 I SurfaceControl: SurfaceControl 0xb4000074e45cbbb0 com.hihonor.android.launcher/com.hihonor.android.launcher.unihome.UniHomeLauncher#117017
06-19 23:12:55.761  3575  2253 I SurfaceControl: SurfaceControl 0xb4000074e462d9f0 7f166e0 com.hihonor.android.launcher/com.hihonor.android.launcher.unihome.UniHomeLauncher#45309
06-19 23:12:55.761  3575  2253 I SurfaceControl: SurfaceControl 0xb4000074e45f5bb0 Transition Root: Task=350#117021
06-19 23:12:55.761  3575  2253 I SurfaceControl: SurfaceControl 0xb4000074e4617790 722d8d7 Splash Screen com.example.testeableapp.test#116999
06-19 23:12:55.761  3575  2253 I SurfaceControl: SurfaceControl 0xb4000074e45d6110 Task=350#45305
06-19 23:12:55.761  3575  2253 I SurfaceControl: SurfaceControl 0xb4000074e45a21d0 Task=903#116997
06-19 23:12:55.762  3575  2253 I SurfaceControl: SurfaceControl 0xb4000074e45f75f0 WallpaperWindowToken{42fa48d token=android.os.Binder@f360124}#61
06-19 23:12:55.762  3575  2253 I SurfaceControl: SurfaceControl 0xb4000074e4641870 DefaultTaskDisplayArea#9
06-19 23:12:55.762  3575  2253 I SurfaceControl: SurfaceControl 0xb4000074e46105d0 DefaultTaskDisplayArea#9
06-19 23:12:55.762  3575  2253 I SurfaceControl: SurfaceControl 0xb4000074e45d53f0 Leaf:0:1#8
06-19 23:12:55.763  3575  3661 I HnTransitionAnimationOptimize: local anim onAnimationEnd,leash:Surface(name=Task=903)/@0x9e8b851
06-19 23:12:55.764  2126  6007 I AGPService: NotifyAnimationState animationTag: APP_TRANSITION_ANIMATION animationType: 2 state: 0, previous count: 2 type count: 2
06-19 23:12:55.764  2126  6007 I AGPService: RefreshRateActionHandle 1210, 0
06-19 23:12:55.764  2126  6007 I AGPService: ReleaseAction sceneCode 1210 mVotePool.size 2
06-19 23:12:55.764  2126  6007 I AGPService: DisableActionLoop
06-19 23:12:55.764  1700  1891 D FluencyDetector: End fluency detect: APP_TRANSITION_ANIMATION
06-19 23:12:55.764  3575  3661 I HnTransitionAnimationOptimize: onAnimationEnd set cancel, Surface(name=Task=903)/@0x9e8b851
06-19 23:12:55.764  2126  6007 I AGPService: PostAction
06-19 23:12:55.764  2126  6007 I AGPService: FilterAction mVotePool.size: 2 priority 2900 sceneCode 2900
06-19 23:12:55.764  2126  6007 I AGPService: FilterAction mVotePool.size: 2 priority 2900 sceneCode 2900
06-19 23:12:55.764  2126  2150 I AGPService: FilterAction mVotePool.size: 2 priority 2900 sceneCode 2900
06-19 23:12:55.764  2126  2150 I AGPService: NotifyExtraPolicyInfoToSF fps: 60, skipCount: 0
06-19 23:12:55.764  2126  2150 I AGPService: SendPolicyByAction isGame 0 sceneCode 2900 priority 2900 lightEnabled 0 fpsHold 0 minFps 90 maxFps 90
06-19 23:12:55.764  3575  3661 I SurfaceControl: setWindowCrop sc Surface(name=Task=903)/@0x9e8b851 crop Rect(0, 0 - 1080, 2412) callers com.android.wm.shell.transition.HnTransitionAnimationOptimize.setLastAnimSinkData:162 com.android.wm.shell.transition.HnTransitionAnimationOptimize.-$$Nest$smsetLastAnimSinkData:0 com.android.wm.shell.transition.HnTransitionAnimationOptimize$1.onAnimationEnd:128 android.animation.Animator$AnimatorListener.onAnimationEnd:711
06-19 23:12:55.764  1700  2158 I SurfaceFlinger: setDesiredDisplayModeSpecs pid: 2126 AGP-pid: 2126
06-19 23:12:55.765  1700  1889 I SurfaceFlinger: createLayer layername: e2c4ac3 ActivityRecordInputSink com.hihonor.android.launcher/.unihome.UniHomeLauncher type: Layer address = 0xb400007043c38370
06-19 23:12:55.766  3575  3661 I HnTransitionAnimationOptimize: local anim onAnimationEnd,leash:Surface(name=Task=902)/@0xfe558b6
06-19 23:12:55.766  2126  6007 I AGPService: NotifyAnimationState animationTag: APP_TRANSITION_ANIMATION animationType: 2 state: 0, previous count: 1 type count: 1
06-19 23:12:55.766  2126  6007 I AGPService: ReleaseAction sceneCode 2900 mVotePool.size 1
06-19 23:12:55.766  2126  6007 I AGPService: DisableActionLoop
06-19 23:12:55.766  2126  6007 I AGPService: RefreshRateActionHandle 1210, 0
06-19 23:12:55.766  2126  6007 I AGPService: PostAction
06-19 23:12:55.766  3575  3661 I HnTransitionAnimationOptimize: onAnimationEnd set cancel, Surface(name=Task=902)/@0xfe558b6
06-19 23:12:55.766  2126  6007 I AGPService: FilterAction mVotePool.size: 1 priority 1000 sceneCode 1000
06-19 23:12:55.766  1700  4460 D FluencyDetector: End fluency detect: APP_TRANSITION_ANIMATION
06-19 23:12:55.766  2126  6007 I AGPService: FilterAction mVotePool.size: 1 priority 1000 sceneCode 1000
06-19 23:12:55.766  2126  2150 I AGPService: FilterAction mVotePool.size: 1 priority 1000 sceneCode 1000
06-19 23:12:55.766  2126  2150 I AGPService: NotifyExtraPolicyInfoToSF fps: 60, skipCount: 0
06-19 23:12:55.766  2126  2150 I AGPService: SendPolicyByAction isGame 0 sceneCode 1000 priority 1000 lightEnabled 0 fpsHold 0 minFps 60 maxFps 90
06-19 23:12:55.766  3575  3661 I SurfaceControl: setWindowCrop sc Surface(name=Task=902)/@0xfe558b6 crop Rect(0, 0 - 1080, 2412) callers com.android.wm.shell.transition.HnTransitionAnimationOptimize.setLastAnimSinkData:162 com.android.wm.shell.transition.HnTransitionAnimationOptimize.-$$Nest$smsetLastAnimSinkData:0 com.android.wm.shell.transition.HnTransitionAnimationOptimize$1.onAnimationEnd:128 android.animation.Animator$AnimatorListener.onAnimationEnd:711
06-19 23:12:55.767  1700  2158 I SurfaceFlinger: setDesiredDisplayModeSpecs pid: 2126 AGP-pid: 2126
06-19 23:12:55.767  1700  1700 I RefreshRateSelector: Display 4630947158184492161 policy changed
06-19 23:12:55.767  1700  1700 I RefreshRateSelector: Previous: {defaultModeId=0, allowGroupSwitching=false, primaryRanges={physical=[90.00 Hz, 90.00 Hz], render=[90.00 Hz, 90.00 Hz]}, appRequestRanges={physical=[90.00 Hz, 90.00 Hz], render=[90.00 Hz, 90.00 Hz]}}
06-19 23:12:55.767  1700  1700 I RefreshRateSelector: Current:  DisplayManagerPolicy{defaultModeId=1, allowGroupSwitching=false, primaryRanges={physical=[60.00 Hz, 90.00 Hz], render=[60.00 Hz, 90.00 Hz]}, appRequestRanges={physical=[60.00 Hz, 90.00 Hz], render=[60.00 Hz, 90.00 Hz]}}
06-19 23:12:55.767  1700  1700 I RefreshRateSelector: 1 mode changes were performed under the previous policy
06-19 23:12:55.767  1700  1700 I SurfaceFlinger: Switching to Scheduler preferred mode 0 (90.00 Hz)
06-19 23:12:55.767  2361  2850 I SurfaceControl: SurfaceControl 0xb4000074e462c4f0 e2c4ac3 ActivityRecordInputSink com.hihonor.android.launcher/.unihome.UniHomeLauncher#117023
06-19 23:12:55.767  1700  1700 I SurfaceFlinger: setContentFps (90)
06-19 23:12:55.767  1700  1700 W ComposerExtn: DisplayExtnImpl::SetActiveConfig: HWC Display 0 is not registered!
06-19 23:12:55.768  1700  1891 I SurfaceControl: SurfaceControl 0xb400006f63b095d0 DefaultTaskDisplayArea#9
06-19 23:12:55.768  1700  1891 I SurfaceControl: SurfaceControl 0xb400006f63b0dbd0 DefaultTaskDisplayArea#9
06-19 23:12:55.768  1663  6063 E ANDR-PERF-CLIENT: ANDR-PERF-CLIENT: perf_hint_private() 255: Process is Flooding request to PerfService
06-19 23:12:55.768  3575  3654 I SurfaceControl: ~SurfaceControl 0xb4000074e45fc130 animation-background#117008
06-19 23:12:55.768  3575  3654 I SurfaceControl: ~SurfaceControl 0xb4000074e45ffcb0 722d8d7 Splash Screen com.example.testeableapp.test#116999
06-19 23:12:55.769  3575  3654 I SurfaceControl: ~SurfaceControl 0xb4000074e45ce150 Task=903#116997
06-19 23:12:55.769  3575  3654 I SurfaceControl: ~SurfaceControl 0xb4000074e46184b0 Transition Root: Task=903#117003
06-19 23:12:55.769  3575  3654 I SurfaceControl: ~SurfaceControl 0xb4000074e463a6b0 d86d55 Splash Screen com.example.testeableapp#116981
06-19 23:12:55.769  3575  3654 I SurfaceControl: ~SurfaceControl 0xb4000074e45c44b0 Task=902#116979
06-19 23:12:55.769  3575  3654 I SurfaceControl: ~SurfaceControl 0xb4000074e45d3e10 DefaultTaskDisplayArea#9
06-19 23:12:55.769  3575  3654 I SurfaceControl: ~SurfaceControl 0xb4000074e459e8f0 DefaultTaskDisplayArea#9
06-19 23:12:55.769  3575  3654 I SurfaceControl: nativeRelease 0xb4000074e45fcd70 count: 1 name: Transition Root: Task=903#117003
06-19 23:12:55.769  3575  3654 I SurfaceControl: ~SurfaceControl 0xb4000074e45fcd70 Transition Root: Task=903#117003
06-19 23:12:55.769  2361  5944 I SurfaceControl: ~SurfaceControl 0xb4000074e45bc330 d86d55 Splash Screen com.example.testeableapp#116981
06-19 23:12:55.770  2361  5944 I SurfaceControl: ~SurfaceControl 0xb4000074e45bcb10 Transition Root: Task=903#117003
06-19 23:12:55.772  3575  3654 I HnMwAnimTransition: play the default animation if there is no MagicWindow
06-19 23:12:55.772  3575  3654 I PipTransition: call startAnimation type:2, mInFixedRotation:false, mEndFixedRotation:-1, currentPipTaskChange:null
06-19 23:12:55.772  3575  3654 I PipTransition: isEnteringPip false
06-19 23:12:55.776  1663  6061 E ANDR-PERF-CLIENT: ANDR-PERF-CLIENT: perf_hint_private() 255: Process is Flooding request to PerfService
06-19 23:12:55.776  2361  6383 E PowerLogWrite: write new power event, from uid:1000,tag:161,msg:10095|1|-2|*launch*
06-19 23:12:55.777  2338  2596 W ScreemCommon: ProcessEntry, not beta version or commercial log off
06-19 23:12:55.777  2338  2596 W ScreemCommon: ProcessEntry, not beta version or commercial log off
06-19 23:12:55.778  1700  1700 I Layer   : [reparent] [animation-background#117008] newParent is null [0xb400007043c8f080]
06-19 23:12:55.778  2361  2850 I SurfaceControl: nativeRelease 0xb4000074e45b87b0 count: 2 name: f0ca412 ActivityRecordInputSink com.example.testeableapp/.MainActivity#116988
06-19 23:12:55.778  1700  1700 I Layer   : [setLayer] [Task=903#116997] setlayer z = 4
06-19 23:12:55.778  1700  1700 I Layer   : [setLayer] [722d8d7 Splash Screen com.example.testeableapp.test#116999] setlayer z = 2147483647
06-19 23:12:55.778  1700  1700 I Layer   : [setLayer] [d86d55 Splash Screen com.example.testeableapp#116981] setlayer z = 2147483647
06-19 23:12:55.778  1700  1700 I Layer   : [reparent] [Transition Root: Task=903#117003] newParent is null [0xb400007043c5e6a0]
06-19 23:12:55.778  1700  1700 I Layer   : [setLayer] [Task=902#116979] setlayer z = 3
06-19 23:12:55.778  1700  1700 I Layer   : [reparent] [Transition Root: Task=903#117003] newParent is null [0xb400007043c5e6a0]
06-19 23:12:55.779  1700  1700 I SurfaceControl: ~SurfaceControl 0xb400006f63b0dbd0 DefaultTaskDisplayArea#9
06-19 23:12:55.779  1700  1700 I SurfaceControl: ~SurfaceControl 0xb400006f63b095d0 DefaultTaskDisplayArea#9
06-19 23:12:55.779  2361  2850 I SurfaceControl: ~SurfaceControl 0xb4000074e45b87b0 f0ca412 ActivityRecordInputSink com.example.testeableapp/.MainActivity#116988
06-19 23:12:55.780  3575  3575 W StatusBar: Statusbar onSystemBarAttributesChanged appearance = 0 mTransientShown false displayId 0 mDisplayId 0 behavior 2
06-19 23:12:55.780  3575  3575 I StatusBar: updateBarMode mStatusBarMode = 4 barMode 4
06-19 23:12:55.780  1660  1800 E DMABUFHEAPS: DmabufAlloc size=10592256 openTime=0 allocTime=22
06-19 23:12:55.782  3575  3654 I SurfaceControl: ~SurfaceControl 0xb4000074e45d5f50 ActivityRecord{1979841 u0 com.hihonor.android.launcher/.unihome.UniHomeLauncher t351 mVisible=false mOccludesParent=true mode=fullscreen boundsRect(0, 0 - 1080, 2412)}#45307
06-19 23:12:55.782  3575  3654 I SurfaceControl: ~SurfaceControl 0xb4000074e45beef0 722d8d7 Splash Screen com.example.testeableapp.test#116999
06-19 23:12:55.782 28791 31218 I SurfaceControl: SurfaceControl 0xb4000074e459a670 Task=350#45305
06-19 23:12:55.782  3575  3654 I SurfaceControl: ~SurfaceControl 0xb4000074e45a97f0 Transition Root: Task=350#117021
06-19 23:12:55.782  3575  3654 I SurfaceControl: ~SurfaceControl 0xb4000074e4631d50 Task=351#45306
06-19 23:12:55.782  3575  3654 I SurfaceControl: ~SurfaceControl 0xb4000074e4609db0 GoogleDiscoverWindow#117020
06-19 23:12:55.782  3575  3654 I SurfaceControl: ~SurfaceControl 0xb4000074e45f5210 WindowToken{7cd156e type=2033 android.os.BinderProxy@8e9c970}#110310
06-19 23:12:55.782  3575  3654 I SurfaceControl: ~SurfaceControl 0xb4000074e45cbbb0 com.hihonor.android.launcher/com.hihonor.android.launcher.unihome.UniHomeLauncher#117017
06-19 23:12:55.782  3575  3654 I SurfaceControl: ~SurfaceControl 0xb4000074e462d9f0 7f166e0 com.hihonor.android.launcher/com.hihonor.android.launcher.unihome.UniHomeLauncher#45309
06-19 23:12:55.782 28791 31218 I SurfaceControl: SurfaceControl 0xb4000074e46001f0 DefaultTaskDisplayArea#9
06-19 23:12:55.782 28791 31218 I SurfaceControl: SurfaceControl 0xb4000074e45e90b0 Task=903#116997
06-19 23:12:55.782 28791 31218 I SurfaceControl: SurfaceControl 0xb4000074e45f2b90 WallpaperWindowToken{42fa48d token=android.os.Binder@f360124}#61
06-19 23:12:55.782 28791 31218 I SurfaceControl: SurfaceControl 0xb4000074e45f8f50 Transition Root: Task=350#117021
06-19 23:12:55.783 28791 31218 I SurfaceControl: SurfaceControl 0xb4000074e45e8390 Task=903#116997
06-19 23:12:55.783 28791 31218 I SurfaceControl: SurfaceControl 0xb4000074e45c5710 WallpaperWindowToken{42fa48d token=android.os.Binder@f360124}#61
06-19 23:12:55.783 28791 31218 I SurfaceControl: SurfaceControl 0xb4000074e45f1230 Transition Root: Task=350#117021
06-19 23:12:55.783 28791 31218 I SurfaceControl: SurfaceControl 0xb4000074e45c6cf0 Task=350#45305
06-19 23:12:55.783 28791 31218 I SurfaceControl: SurfaceControl 0xb4000074e45d0df0 ActivityRecord{1979841 u0 com.hihonor.android.launcher/.unihome.UniHomeLauncher t351 mVisible=false mOccludesParent=true mode=fullscreen boundsRect(0, 0 - 1080, 2412)}#45307
06-19 23:12:55.784 28791 31218 I SurfaceControl: SurfaceControl 0xb4000074e45ffd90 722d8d7 Splash Screen com.example.testeableapp.test#116999
06-19 23:12:55.784 28791 31218 I SurfaceControl: SurfaceControl 0xb4000074e45dc770 Transition Root: Task=350#117021
06-19 23:12:55.784 28791 31218 I SurfaceControl: SurfaceControl 0xb4000074e45db510 Task=351#45306
06-19 23:12:55.784 28791 31218 I SurfaceControl: SurfaceControl 0xb4000074e45e8550 GoogleDiscoverWindow#117020
06-19 23:12:55.784 28791 31218 I SurfaceControl: SurfaceControl 0xb4000074e45f1cb0 WindowToken{7cd156e type=2033 android.os.BinderProxy@8e9c970}#110310
06-19 23:12:55.784 28791 31218 I SurfaceControl: SurfaceControl 0xb4000074e45c3330 com.hihonor.android.launcher/com.hihonor.android.launcher.unihome.UniHomeLauncher#117017
06-19 23:12:55.784  3575  3575 D SbStateController: setSystemBarAttributes isFullscreen: false
06-19 23:12:55.784 28791 31218 I SurfaceControl: SurfaceControl 0xb4000074e4597730 7f166e0 com.hihonor.android.launcher/com.hihonor.android.launcher.unihome.UniHomeLauncher#45309
06-19 23:12:55.784 28791 31218 I SurfaceControl: SurfaceControl 0xb4000074e459bb70 Transition Root: Task=350#117021
06-19 23:12:55.784  3575  3575 I HwDependencyFactory: stn is not supported!
06-19 23:12:55.784  3575  3575 I BaseCapsuleStatusBarHelper: mIsShowStatusBar: true, isShowStatusBar: true
06-19 23:12:55.784 28791 31218 I SurfaceControl: SurfaceControl 0xb4000074e45f4790 Transition Root: Task=350#117021
06-19 23:12:55.784 28791 31218 I SurfaceControl: SurfaceControl 0xb4000074e45987d0 Transition Root: Task=350#117021
06-19 23:12:55.784  1700  2483 I SurfaceFlinger: createLayer layername: Surface(name=Task=350)/@0x353fa2c_transition-leash type: Layer address = 0xb400007043c49940
06-19 23:12:55.785 28791 31218 I SurfaceControl: SurfaceControl 0xb4000074e4612010 Surface(name=Task=350)/@0x353fa2c_transition-leash#117024
06-19 23:12:55.785 28791 31218 I SurfaceControl: ~SurfaceControl 0xb4000074e45987d0 Transition Root: Task=350#117021
06-19 23:12:55.785  1700  2483 I SurfaceFlinger: createLayer layername: Surface(name=Task=903)/@0xda42a8a_transition-leash type: Layer address = 0xb400007043c3bb00
06-19 23:12:55.785 28791 31218 I SurfaceControl: SurfaceControl 0xb4000074e45987d0 Surface(name=Task=903)/@0xda42a8a_transition-leash#117025
06-19 23:12:55.785 28791 31218 I SurfaceControl: ~SurfaceControl 0xb4000074e45f4790 Transition Root: Task=350#117021
06-19 23:12:55.786  1700  2483 I SurfaceFlinger: createLayer layername: Surface(name=WallpaperWindowToken{42fa48d token=android.os.Binder@f360124})/@0xd1c8d18_transition-leash type: Layer address = 0xb400007043c4d0d0
06-19 23:12:55.786 28791 31218 I SurfaceControl: SurfaceControl 0xb4000074e45f4790 Surface(name=WallpaperWindowToken{42fa48d token=android.os.Binder@f360124})/@0xd1c8d18_transition-leash#117026
06-19 23:12:55.786 28791 31218 I SurfaceControl: ~SurfaceControl 0xb4000074e459bb70 Transition Root: Task=350#117021
06-19 23:12:55.786  2361  4609 I power   : release wakelock: PowerManagerService.WakeLocks
06-19 23:12:55.786 13974 14105 I BufferQueueProducer: [VRI[MainActivity]#3(BLAST Consumer)3](id:369600000003,api:1,p:13974,c:13974) disconnect: api 1
06-19 23:12:55.787  1700  2483 I SurfaceControl: SurfaceControl 0xb400006f63b00650 Transition Root: Task=350#117021
06-19 23:12:55.787  1700  2483 I SurfaceControl: SurfaceControl 0xb400006f63b095d0 Transition Root: Task=350#117021
06-19 23:12:55.787  1700  2483 I SurfaceControl: SurfaceControl 0xb400006f63b0dbd0 Surface(name=Task=350)/@0x353fa2c_transition-leash#117024
06-19 23:12:55.787  1700  2483 I SurfaceControl: SurfaceControl 0xb400006f63b00ab0 Surface(name=Task=903)/@0xda42a8a_transition-leash#117025
06-19 23:12:55.787  1700  2483 I SurfaceControl: SurfaceControl 0xb400006f63b25410 Surface(name=WallpaperWindowToken{42fa48d token=android.os.Binder@f360124})/@0xd1c8d18_transition-leash#117026
06-19 23:12:55.787  1700  2483 I SurfaceControl: SurfaceControl 0xb400006f63b0a210 Transition Root: Task=350#117021
06-19 23:12:55.787 28791 31218 I SurfaceControl: ~SurfaceControl 0xb4000074e45d0df0 ActivityRecord{1979841 u0 com.hihonor.android.launcher/.unihome.UniHomeLauncher t351 mVisible=false mOccludesParent=true mode=fullscreen boundsRect(0, 0 - 1080, 2412)}#45307
06-19 23:12:55.787 28791 31218 I SurfaceControl: ~SurfaceControl 0xb4000074e45ffd90 722d8d7 Splash Screen com.example.testeableapp.test#116999
06-19 23:12:55.787 28791 31218 I SurfaceControl: ~SurfaceControl 0xb4000074e45dc770 Transition Root: Task=350#117021
06-19 23:12:55.787 28791 31218 I SurfaceControl: ~SurfaceControl 0xb4000074e45db510 Task=351#45306
06-19 23:12:55.787 28791 31218 I SurfaceControl: ~SurfaceControl 0xb4000074e45f1cb0 WindowToken{7cd156e type=2033 android.os.BinderProxy@8e9c970}#110310
06-19 23:12:55.787 28791 31218 I SurfaceControl: ~SurfaceControl 0xb4000074e45e8550 GoogleDiscoverWindow#117020
06-19 23:12:55.787 28791 31218 I SurfaceControl: ~SurfaceControl 0xb4000074e45c3330 com.hihonor.android.launcher/com.hihonor.android.launcher.unihome.UniHomeLauncher#117017
06-19 23:12:55.787 28791 31218 I SurfaceControl: ~SurfaceControl 0xb4000074e4597730 7f166e0 com.hihonor.android.launcher/com.hihonor.android.launcher.unihome.UniHomeLauncher#45309
06-19 23:12:55.787 28791 31218 I SurfaceControl: ~SurfaceControl 0xb4000074e45e8390 Task=903#116997
06-19 23:12:55.787 28791 31218 I SurfaceControl: ~SurfaceControl 0xb4000074e45c5710 WallpaperWindowToken{42fa48d token=android.os.Binder@f360124}#61
06-19 23:12:55.787 28791 31218 I SurfaceControl: ~SurfaceControl 0xb4000074e45c6cf0 Task=350#45305
06-19 23:12:55.787 28791 31218 I SurfaceControl: ~SurfaceControl 0xb4000074e45f1230 Transition Root: Task=350#117021
06-19 23:12:55.788 28791 31218 I BackRemoteAnimationAdapterCompat: startAnimationsWithLaunchTargets targets = null
06-19 23:12:55.788 28791 31218 I HnLauncher: LauncherAnimationRunner RemoteAnimation start
06-19 23:12:55.788  1011 12429 I android.system.suspend-service: decSuspendCounter-- success,name:PowerManagerService.WakeLocks mUseSuspendCounter:1 mSuspendCounter:3: Success
06-19 23:12:55.789  1700  1700 I Layer   : [reparent] [f0ca412 ActivityRecordInputSink com.example.testeableapp/.MainActivity#116988] newParent is null [0xb400007043b95000]
06-19 23:12:55.789  1700  1700 I SurfaceFlinger: [com.example.testeableapp/com.example.testeableapp.MainActivity#116992] apply visible 0
06-19 23:12:55.789  1700  1700 I Layer   : [setLayer] [Surface(name=Task=903)/@0xda42a8a_transition-leash#117025] setlayer z = 8
06-19 23:12:55.790  1700  1700 I Layer   : [setLayer] [Surface(name=Task=350)/@0x353fa2c_transition-leash#117024] setlayer z = 3
06-19 23:12:55.790  1700  1700 I SurfaceFlinger: [com.hihonor.android.launcher/com.hihonor.android.launcher.unihome.UniHomeLauncher#117017] apply visible 1
06-19 23:12:55.790  1700  1700 I Layer   : [setLayer] [722d8d7 Splash Screen com.example.testeableapp.test#116999] setlayer z = 2147483647
06-19 23:12:55.790  1700  1700 I Layer   : ~Layer layername: Transition Root: Task=903#117003 address = 0xb400007043c5e6a0
06-19 23:12:55.790  1700  1700 I SurfaceFlinger: [onLayerDestroyed] [Transition Root: Task=903#117003] address:0xb400007043c5e6a0 has destroyed
06-19 23:12:55.790  1700  1700 I Layer   : ~Layer layername: d86d55 Splash Screen com.example.testeableapp#116981 address = 0xb400007043c81240
06-19 23:12:55.790  1700  1700 I SurfaceFlinger: [onLayerDestroyed] [d86d55 Splash Screen com.example.testeableapp#116981] address:0xb400007043c81240 has destroyed
06-19 23:12:55.790  1700  1700 I Layer   : ~Layer layername: animation-background#117008 address = 0xb400007043c8f080
06-19 23:12:55.790  1700  1700 I SurfaceFlinger: [onLayerDestroyed] [animation-background#117008] address:0xb400007043c8f080 has destroyed
06-19 23:12:55.791  1700  1700 I SurfaceControl: ~SurfaceControl 0xb400006f63b0a210 Transition Root: Task=350#117021
06-19 23:12:55.791  1700  1700 I SurfaceControl: ~SurfaceControl 0xb400006f63b25410 Surface(name=WallpaperWindowToken{42fa48d token=android.os.Binder@f360124})/@0xd1c8d18_transition-leash#117026
