06-19 23:12:53.936 13974 14097 I TestRunner: started: mensajePedidoVacio_esVisibleAlInicio(com.example.testeableapp.RestaurantOrderTest)
06-19 23:12:53.938 10958 16319 I Auth    : (REDACTED) [GetToken] GetToken failed for app=%s with userRecoverable status: %s
06-19 23:12:53.944  2361  5946 I SurfaceControl: nativeRelease 0xb4000074e4639450 count: 2 name: Surface(name=a8c287c com.example.testeableapp.test/androidx.test.core.app.InstrumentationActivityInvoker$EmptyActivity)/@0xaad2433 - animation-leash of starting_reveal#116976
06-19 23:12:53.944  2361  5946 W InputManager-JNI: Input channel object 'bb839a1 Splash Screen com.example.testeableapp.test (client)' was disposed without first being removed with the input manager!
06-19 23:12:53.950  2361  5946 I SurfaceControl: nativeRelease 0xb4000074e46293f0 count: 2 name: Splash Screen com.example.testeableapp.test#116952
06-19 23:12:53.950  2361  5946 I SurfaceControl: nativeRelease 0xb4000074e460d150 count: 2 name: bb839a1 Splash Screen com.example.testeableapp.test#116951
06-19 23:12:53.955  1700  1891 I SurfaceControl: SurfaceControl 0xb400006f63b0ba90 ActivityRecord{3bfc4a2 u0 com.example.testeableapp.test/androidx.test.core.app.InstrumentationActivityInvoker$EmptyActivity t901 mVisible=false mOccludesParent=true mode=fullscreen boundsRect(0, 0 - 1080, 2412)}#116950
06-19 23:12:53.959  2361  5946 I SurfaceControl: ~SurfaceControl 0xb4000074e460d150 bb839a1 Splash Screen com.example.testeableapp.test#116951
06-19 23:12:53.960  2361  5946 I SurfaceControl: ~SurfaceControl 0xb4000074e4639450 Surface(name=a8c287c com.example.testeableapp.test/androidx.test.core.app.InstrumentationActivityInvoker$EmptyActivity)/@0xaad2433 - animation-leash of starting_reveal#116976
06-19 23:12:53.960  2361  5946 I SurfaceControl: ~SurfaceControl 0xb4000074e46293f0 Splash Screen com.example.testeableapp.test#116952
06-19 23:12:53.961 14195 14195 I SurfaceControl: nativeRelease 0xb4000074e4596e70 count: 3 name: com.example.testeableapp.test/androidx.test.core.app.InstrumentationActivityInvoker$EmptyActivity#116960
06-19 23:12:53.962  3575  3698 I SurfaceControl: nativeRelease 0xb4000074e45f5d70 count: 3 name: Surface(name=a8c287c com.example.testeableapp.test/androidx.test.core.app.InstrumentationActivityInvoker$EmptyActivity)/@0xaad2433 - animation-leash of starting_reveal#116976
06-19 23:12:53.963  1700  1700 I Layer   : [setLayer] [bb839a1 Splash Screen com.example.testeableapp.test#116951] setlayer z = 2147483647
06-19 23:12:53.963  1700  1700 I Layer   : [reparent] [bb839a1 Splash Screen com.example.testeableapp.test#116951] newParent is null [0xb400007043bbb330]
06-19 23:12:53.963  1700  1700 I Layer   : [reparent] [Surface(name=a8c287c com.example.testeableapp.test/androidx.test.core.app.InstrumentationActivityInvoker$EmptyActivity)/@0xaad2433 - animation-leash of starting_reveal#116976] newParent is null [0xb400007043bf9b50]
06-19 23:12:53.963  1700  1700 I Layer   : [reparent] [Splash Screen com.example.testeableapp.test#116952] newParent is null [0xb400007043b95000]
06-19 23:12:53.964  1700  1700 I SurfaceControl: ~SurfaceControl 0xb400006f63b0ba90 ActivityRecord{3bfc4a2 u0 com.example.testeableapp.test/androidx.test.core.app.InstrumentationActivityInvoker$EmptyActivity t901 mVisible=false mOccludesParent=true mode=fullscreen boundsRect(0, 0 - 1080, 2412)}#116950
06-19 23:12:53.960 10958 16319 W Auth    : [ChimeraGetToken] exception while trying to fetch auth tokens for app=com.google.android.gms, scope=oauth2:https://www.googleapis.com/auth/experimentsandconfigs [CONTEXT service_id=153 ]
06-19 23:12:53.960 10958 16319 W Auth    : ahel: GetToken failed with status code and recovery intent: BadAuthentication
06-19 23:12:53.960 10958 16319 W Auth    : 	at aheq.b(:com.google.android.gms@261934029@26.19.34 (190400-919740205):352)
06-19 23:12:53.960 10958 16319 W Auth    : 	at aasn.d(:com.google.android.gms@261934029@26.19.34 (190400-919740205):800)
06-19 23:12:53.960 10958 16319 W Auth    : 	at agyd.getAuthToken(:com.google.android.gms@261934029@26.19.34 (190400-919740205):411)
06-19 23:12:53.960 10958 16319 W Auth    : 	at android.accounts.AbstractAccountAuthenticator$Transport.getAuthToken(AbstractAccountAuthenticator.java:251)
06-19 23:12:53.960 10958 16319 W Auth    : 	at android.accounts.IAccountAuthenticator$Stub.onTransact(IAccountAuthenticator.java:253)
06-19 23:12:53.960 10958 16319 W Auth    : 	at android.os.Binder.transact(Binder.java:1202)
06-19 23:12:53.960 10958 16319 W Auth    : 	at cntj.onTransact(:com.google.android.gms@261934029@26.19.34 (190400-919740205):12)
06-19 23:12:53.960 10958 16319 W Auth    : 	at android.os.Binder.transact(Binder.java:1202)
06-19 23:12:53.960 10958 16319 W Auth    : 	at cazt.onTransact(:com.google.android.gms@261934029@26.19.34 (190400-919740205):169)
06-19 23:12:53.960 10958 16319 W Auth    : 	at android.os.Binder.execTransactInternal(Binder.java:1371)
06-19 23:12:53.960 10958 16319 W Auth    : 	at android.os.Binder.execTransact(Binder.java:1310)
06-19 23:12:53.965 10958 16319 W GLSActivity: [GmsAccountAuthenticatorImpl] error status while fetching token:BadAuthentication
06-19 23:12:53.965 14195 14195 I BufferQueueConsumer: [VRI[InstrumentationActivityInvoker$EmptyActivity]#2(BLAST Consumer)2](id:377300000002,api:0,p:-1,c:14195) disconnect
06-19 23:12:53.966  2361  5212 I SurfaceControl: nativeRelease 0xb4000074e45c43d0 count: 2 name: ActivityRecord{d6ec35 u0 com.example.testeableapp/.MainActivity t900 mVisible=false mOccludesParent=true mode=fullscreen boundsRect(0, 0 - 1080, 2412)}#116934
06-19 23:12:53.967  2361  5212 I SurfaceControl: nativeRelease 0xb4000074e45bdbb0 count: 4 name: Task=900#116933
06-19 23:12:53.967  1700  2158 I SurfaceFlinger: createLayer layername: Task=900 type: Layer address = 0xb400007043c655c0
06-19 23:12:53.969  2361  5212 I SurfaceControl: SurfaceControl 0xb4000074e45c67b0 Task=900#116978
06-19 23:12:53.970  2361  5212 I SurfaceControl: setWindowCrop sc Surface(name=Task=900)/@0x115b7dc width 1080 height 2412 callers com.android.server.wm.Task.updateSurfaceSize:3279 com.android.server.wm.Task.migrateToNewSurfaceControl:3231 com.android.server.wm.TaskOrganizerController$TaskOrganizerState.removeTask:563 com.android.server.wm.TaskOrganizerController$TaskOrganizerState.-$$Nest$mremoveTask:0
06-19 23:12:53.970  2361  5212 I SurfaceControl: nativeRelease 0xb4000074e45c67b0 count: 2 name: Task=900#116978
06-19 23:12:53.974  2361  2850 I SurfaceControl: ~SurfaceControl 0xb4000074e45c43d0 ActivityRecord{d6ec35 u0 com.example.testeableapp/.MainActivity t900 mVisible=false mOccludesParent=true mode=fullscreen boundsRect(0, 0 - 1080, 2412)}#116934
06-19 23:12:53.974  2361  2850 I SurfaceControl: ~SurfaceControl 0xb4000074e45c67b0 Task=900#116978
06-19 23:12:53.978 13974 14097 D IdlingRegistry: Registering idling resources: [androidx.compose.ui.test.EspressoLink@7614d4b]
06-19 23:12:53.978 14195 14195 I DecorView[]: set decor visibility 4
06-19 23:12:53.983 13757 14484 E Finsky  : [208] Failed to get auth token
06-19 23:12:53.983 13757 14484 E Finsky  : com.android.volley.AuthFailureError: User needs to (re)enter credentials.
06-19 23:12:53.983 13757 14484 E Finsky  : 	at nkj.a(PG:56)
06-19 23:12:53.983 13757 14484 E Finsky  : 	at abqo.a(PG:52)
06-19 23:12:53.983 13757 14484 E Finsky  : 	at bkqy.f(PG:7)
06-19 23:12:53.983 13757 14484 E Finsky  : 	at bhdb.s(PG:7)
06-19 23:12:53.983 13757 14484 E Finsky  : 	at bhdb.m(PG:20)
06-19 23:12:53.983 13757 14484 E Finsky  : 	at bhcn.a(PG:185)
06-19 23:12:53.983 13757 14484 E Finsky  : 	at bkqm.call(PG:265)
06-19 23:12:53.983 13757 14484 E Finsky  : 	at boyp.call(PG:21)
06-19 23:12:53.983 13757 14484 E Finsky  : 	at bpaz.a(PG:3)
06-19 23:12:53.983 13757 14484 E Finsky  : 	at bpae.run(PG:19)
06-19 23:12:53.983 13757 14484 E Finsky  : 	at bpba.run(PG:5)
06-19 23:12:53.983 13757 14484 E Finsky  : 	at java.util.concurrent.ThreadPoolExecutor.runWorker(ThreadPoolExecutor.java:1154)
06-19 23:12:53.983 13757 14484 E Finsky  : 	at java.util.concurrent.ThreadPoolExecutor$Worker.run(ThreadPoolExecutor.java:652)
06-19 23:12:53.983 13757 14484 E Finsky  : 	at bpxq.run(PG:57)
06-19 23:12:53.983 13757 14484 E Finsky  : 	at java.lang.Thread.run(Thread.java:1564)
06-19 23:12:53.992  2361  2414 W system_server: Suspending all threads took: 11.695ms
06-19 23:12:53.993  1700  1700 I Layer   : [reparent] [ActivityRecord{d6ec35 u0 com.example.testeableapp/.MainActivity t900 mVisible=false mOccludesParent=true mode=fullscreen boundsRect(0, 0 - 1080, 2412)}#116934] newParent is null [0xb400007043c49940]
06-19 23:12:53.993  1700  1700 I Layer   : [reparent] [Task=900#116933] newParent is null [0xb400007043caad00]
06-19 23:12:53.993  1700  1700 I Layer   : [setLayer] [Task=900#116978] setlayer z = 3
06-19 23:12:53.993  1700  1700 I Layer   : [reparent] [Task=900#116978] newParent is null [0xb400007043c655c0]
06-19 23:12:53.994  1700  1700 I Layer   : ~Layer layername: Splash Screen com.example.testeableapp.test#116952 address = 0xb400007043b95000
06-19 23:12:53.994  1700  1700 I SurfaceFlinger: [onLayerDestroyed] [Splash Screen com.example.testeableapp.test#116952] address:0xb400007043b95000 has destroyed
06-19 23:12:53.995  1700  1700 I Layer   : ~Layer layername: bb839a1 Splash Screen com.example.testeableapp.test#116951 address = 0xb400007043bbb330
06-19 23:12:53.995  1700  1700 I SurfaceFlinger: [onLayerDestroyed] [bb839a1 Splash Screen com.example.testeableapp.test#116951] address:0xb400007043bbb330 has destroyed
06-19 23:12:53.998  4183  4497 I HwPacketFilterBypass: message.what=1
06-19 23:12:53.999  4183  4497 I HwPacketFilterBypass: getNetworkPolicyFlag flagStr null
06-19 23:12:54.000  4183  4497 I HwPacketFilterBypass: kernelAddTrackUid uid:10271 allowed:true
06-19 23:12:54.002 13974 14097 W Settings: Setting always_finish_activities has moved from android.provider.Settings.System to android.provider.Settings.Global, returning read-only value.
06-19 23:12:54.005  4168  4848 I PG_DBS_MAIN: exit PIP mode, FgAPP:com.hihonor.android.launcher BgAPP:com.hihonor.android.launcher
06-19 23:12:54.011 14195 14195 W WindowOnBackDispatcher: sendCancelIfRunning: isInProgress=falsecallback=android.view.ViewRootImpl$$ExternalSyntheticLambda20@bb06d53
06-19 23:12:54.012 13346 13457 D BufferPoolAccessor2.0: bufferpool2 0xb40000751c54d2e8 : 5(10240 size) total buffers - 4(8192 size) used buffers - 1008/1013 (recycle/alloc) - 10/2016 (fetch/transfer)
06-19 23:12:54.013  1700  1700 I Layer   : ~Layer layername: ActivityRecord{d6ec35 u0 com.example.testeableapp/.MainActivity t900 mVisible=false mOccludesParent=true mode=fullscreen boundsRect(0, 0 - 1080, 2412)}#116934 address = 0xb400007043c49940
06-19 23:12:54.013  1700  1700 I SurfaceFlinger: [onLayerDestroyed] [ActivityRecord{d6ec35 u0 com.example.testeableapp/.MainActivity t900 mVisible=false mOccludesParent=true mode=fullscreen boundsRect(0, 0 - 1080, 2412)}#116934] address:0xb400007043c49940 has destroyed
06-19 23:12:54.013  1700  1700 I Layer   : ~Layer layername: Task=900#116978 address = 0xb400007043c655c0
06-19 23:12:54.013  1700  1700 I SurfaceFlinger: [onLayerDestroyed] [Task=900#116978] address:0xb400007043c655c0 has destroyed
06-19 23:12:54.023 14195 14195 D HiTouch_PressGestureDetector: onDetached:false
06-19 23:12:54.040 13757 13913 E Finsky  : [174] Failed to register with Phenotype for experiment package com.google.android.finsky.regular.
06-19 23:12:54.040 13757 13913 E Finsky  : java.util.concurrent.ExecutionException: com.google.android.libraries.phenotype.client.api.PhenotypeRuntimeException: 29504: 29504: Could not find valid auth token for all requested accounts
06-19 23:12:54.040 13757 13913 E Finsky  : 	at boxs.h(PG:21)
06-19 23:12:54.040 13757 13913 E Finsky  : 	at boya.s(PG:73)
06-19 23:12:54.040 13757 13913 E Finsky  : 	at alco.doInBackground(PG:126)
06-19 23:12:54.040 13757 13913 E Finsky  : 	at alcq.f(PG:4)
06-19 23:12:54.040 13757 13913 E Finsky  : 	at alcr.call(PG:3)
06-19 23:12:54.040 13757 13913 E Finsky  : 	at bpaz.a(PG:3)
06-19 23:12:54.040 13757 13913 E Finsky  : 	at bpae.run(PG:19)
06-19 23:12:54.040 13757 13913 E Finsky  : 	at bpba.run(PG:5)
06-19 23:12:54.040 13757 13913 E Finsky  : 	at bpas.run(PG:64)
06-19 23:12:54.040 13757 13913 E Finsky  : 	at java.util.concurrent.ThreadPoolExecutor.runWorker(ThreadPoolExecutor.java:1154)
06-19 23:12:54.040 13757 13913 E Finsky  : 	at java.util.concurrent.ThreadPoolExecutor$Worker.run(ThreadPoolExecutor.java:652)
06-19 23:12:54.040 13757 13913 E Finsky  : 	at bpxq.run(PG:57)
06-19 23:12:54.040 13757 13913 E Finsky  : 	at java.lang.Thread.run(Thread.java:1564)
06-19 23:12:54.040 13757 13913 E Finsky  : Caused by: com.google.android.libraries.phenotype.client.api.PhenotypeRuntimeException: 29504: 29504: Could not find valid auth token for all requested accounts
06-19 23:12:54.040 13757 13913 E Finsky  : 	at bkqm.call(PG:285)
06-19 23:12:54.040 13757 13913 E Finsky  : 	at boyp.call(PG:21)
06-19 23:12:54.040 13757 13913 E Finsky  : 	at bpaz.a(PG:3)
06-19 23:12:54.040 13757 13913 E Finsky  : 	at bpae.run(PG:19)
06-19 23:12:54.040 13757 13913 E Finsky  : 	at bpba.run(PG:5)
06-19 23:12:54.040 13757 13913 E Finsky  : 	... 4 more
06-19 23:12:54.040 13757 13913 E Finsky  : Caused by: com.google.android.gms.phenotype.core.common.PhenotypeRuntimeException: 29504: Could not find valid auth token for all requested accounts
06-19 23:12:54.040 13757 13913 E Finsky  : 	at bhdb.m(PG:140)
06-19 23:12:54.040 13757 13913 E Finsky  : 	at bhcn.a(PG:185)
06-19 23:12:54.040 13757 13913 E Finsky  : 	at bkqm.call(PG:265)
06-19 23:12:54.040 13757 13913 E Finsky  : 	... 8 more
06-19 23:12:54.041 13757 13913 I Finsky  : [174] Triggered update for experiment package com.google.android.finsky.regular.
06-19 23:12:54.052  1617 13041 I sensors-hal: handle_sns_std_sensor_event:275, ambient_light_event: ts=739197253303660, lux = 0, raw_adc=160, raw_2=304
06-19 23:12:54.057  2361  4266 I HwStartWindowRecord: windowModeChange is ing pkg: com.example.testeableappintentIntent { act=android.intent.action.MAIN cat=[android.intent.category.LAUNCHER] flg=0x10008000 cmp=com.example.testeableapp/.MainActivity }
06-19 23:12:54.059  2361  4266 E ResMng NATIVE_MSG_FILTER: Fail to get hwrme service
06-19 23:12:54.066 19656 19656 E afehal_info: tp_check_scan_rate_scan_freq:[1781932374066][T:1781932374.066875]tp_check_scan_rate_scan_freq 495:invalued_scan_rate_or_freq = true scan_rate = 240
06-19 23:12:54.067 19656 19656 E afehal_info: tp_check_scan_rate_scan_freq:[1781932374066][T:1781932374.067015]tp_check_scan_rate_scan_freq 505:invalued_scan_rate_or_freq = true scan_freq = 103
06-19 23:12:54.067 19656 19656 E afehal_info: vendor_parse_ioctrl_frame:[1781932374066][T:1781932374.067061]vendor_parse_ioctrl_frame 1026:get scan_rate = 240
06-19 23:12:54.067 19656 19656 E afehal_info: tp_check_scan_rate_scan_freq:[1781932374066][T:1781932374.067084]tp_check_scan_rate_scan_freq 495:invalued_scan_rate_or_freq = true scan_rate = 240
06-19 23:12:54.067 19656 19656 E afehal_info: tp_check_scan_rate_scan_freq:[1781932374066][T:1781932374.067104]tp_check_scan_rate_scan_freq 505:invalued_scan_rate_or_freq = true scan_freq = 103
06-19 23:12:54.069  2225 13458 D BufferPoolAccessor2.0: bufferpool2 0xb400006e055968a8 : 4(24576 size) total buffers - 1(6144 size) used buffers - 1892/1896 (recycle/alloc) - 5/947 (fetch/transfer)
06-19 23:12:54.074  2338  2596 I ScreemCommon: <LOGMGR> <IsForbidenPackage> [source package:com.example.testeableapp#ICON_BACK_ANIMATION, forbiden packages:, com.hihonor.superapp.pre, com.hihonor.voicedemo, com.qihoo.camera, com.ss.android.lark.honorelink]
06-19 23:12:54.074  2338  2596 E ScreemCommon: <LOGMGR> <SetLogFilterReason> [not the beta version, no need to capture log]
06-19 23:12:54.075  2338  2596 E ScreemCommon: ERROR: func: GetPsiInfo, open file node: /dev/cpuctl/vip/cpu.pressure failed errno=2
06-19 23:12:54.076  2338  2596 E ScreemCommon: ERROR: func: GetPsiInfo, open file node: /dev/cpuctl/vip/memory.pressure failed errno=2
06-19 23:12:54.076  2338  2596 E ScreemCommon: ERROR: func: GetPsiInfo, open file node: /dev/cpuctl/vip/io.pressure failed errno=2
06-19 23:12:54.077  2338  2596 E ScreemCommon: ERROR: func: GetPsiInfo, open file node: /dev/cpuctl/top-app/cpu.pressure failed errno=2
06-19 23:12:54.077  2338  2596 E ScreemCommon: ERROR: func: GetPsiInfo, open file node: /dev/cpuctl/top-app/memory.pressure failed errno=2
06-19 23:12:54.078  2338  2596 E ScreemCommon: ERROR: func: GetPsiInfo, open file node: /dev/cpuctl/top-app/io.pressure failed errno=2
06-19 23:12:54.078  2338  2596 I ScreemCommon: <LOGMGR> <CompletePm> [case:ANIMATION_JANK_FRAME id:25 type:1 Level:1 filter:0]
06-19 23:12:54.078  2338  2596 I ScreemCommon: <LOGMGR> <ReportSysTraceCheck> [ReportSysTraceCheck: check if can report with trace done, canReportSysTrace is 0]
06-19 23:12:54.086  1700  1700 I CompositionEngine: [applyDeviceCompositionTypeChange] layer [Wallpaper BBQ wrapper#64] apply to client compose
06-19 23:12:54.086  1700  1700 I CompositionEngine: [applyDeviceCompositionTypeChange] layer [com.hihonor.android.launcher/com.hihonor.android.launcher.unihome.UniHomeLauncher#116966] apply to client compose
06-19 23:12:54.086  1700  1700 I CompositionEngine: [applyDeviceCompositionTypeChange] layer [StatusBar#87] apply to client compose
06-19 23:12:54.086  1700  1700 I CompositionEngine: [applyDeviceCompositionTypeChange] layer [NavigationBar0#83] apply to client compose
06-19 23:12:54.104  1650  3263 I ssc_motion: EventCb: msgId=1028
06-19 23:12:54.104  1650  3263 I ssc_motion: ExtstepHandleEvent: cur_ts=1781932374begin_ts=1781932374curDataTime=739197307431223 lastDataTime=739197290244139
06-19 23:12:54.104  1650  3263 I ssc_motion: ExtstepHandleEvent: motionValue[5] :37241, g_motion_reset_total_step is 0 g_motion_reset_num is 0
06-19 23:12:54.104  1650  3263 I ssc_motion: ExtstepHandleEvent: motionValue[15] :0
06-19 23:12:54.104  1650  3263 I ssc_motion: ExtstepHandleEvent: motionValue[16] :5
06-19 23:12:54.104  1650  3263 I ssc_motion: ExtstepHandleEvent: motionValue[17] :0
06-19 23:12:54.104  1650  3263 I ssc_motion: ExtstepHandleEvent: motionValue[18] :0
06-19 23:12:54.109  2361  4266 I PackageManager: generatePackageInfo error, user not exists:128
06-19 23:12:54.110  1650  3258 I ssc_motion: MotionEventsPoll: end eventLen=19
06-19 23:12:54.110  1650  3258 I motion@1.0-service: ActMotionCb motionClientVector.size = 0
06-19 23:12:54.110  1650  3258 I motion@1.0-service: ActMotionCb out
06-19 23:12:54.117  1700  1700 I CompositionEngine: [applyDeviceCompositionTypeChange] layer [ScreenRecorderTimer#116816] apply to client compose
06-19 23:12:54.125  3575  3579 I ndroid.systemui: NativeAlloc concurrent mark compact GC freed 4229KB AllocSpace bytes, 14(4232KB) LOS objects, 30% free, 55MB/79MB, paused 1.510ms,16.919ms total 823.174ms
06-19 23:12:54.126  3575  3580 I SurfaceControl: nativeRelease 0xb4000074e45d0df0 count: 1 name: Task=350#45305
06-19 23:12:54.126  3575  3580 I SurfaceControl: ~SurfaceControl 0xb4000074e45d0df0 Task=350#45305
06-19 23:12:54.126  3575  3580 I SurfaceControl: nativeRelease 0xb4000074e4613270 count: 1 name: DefaultTaskDisplayArea#9
06-19 23:12:54.126  3575  3580 I SurfaceControl: ~SurfaceControl 0xb4000074e4613270 DefaultTaskDisplayArea#9
06-19 23:12:54.126  3575  3580 I SurfaceControl: nativeRelease 0xb4000074e45cb910 count: 1 name: Task=892#116697
06-19 23:12:54.126  3575  3580 I SurfaceControl: ~SurfaceControl 0xb4000074e45cb910 Task=892#116697
06-19 23:12:54.126  3575  3580 I SurfaceControl: nativeRelease 0xb4000074e45e6950 count: 1 name: WallpaperWindowToken{42fa48d token=android.os.Binder@f360124}#61
06-19 23:12:54.126  3575  3580 I SurfaceControl: ~SurfaceControl 0xb4000074e45e6950 WallpaperWindowToken{42fa48d token=android.os.Binder@f360124}#61
06-19 23:12:54.127  3575  3580 I SurfaceControl: nativeRelease 0xb4000074e460f6f0 count: 1 name: Task=893#116731
06-19 23:12:54.127  3575  3580 I SurfaceControl: ~SurfaceControl 0xb4000074e460f6f0 Task=893#116731
06-19 23:12:54.127  3575  3580 I SurfaceControl: nativeRelease 0xb4000074e4638110 count: 1 name: Task=350#45305
06-19 23:12:54.127  3575  3580 I SurfaceControl: ~SurfaceControl 0xb4000074e4638110 Task=350#45305
06-19 23:12:54.127  1700  2158 I SurfaceFlinger: createLayer layername: Task=902 type: Layer address = 0xb400007043c655c0
06-19 23:12:54.127  3575  3580 I SurfaceControl: nativeRelease 0xb4000074e45a82f0 count: 1 name: DefaultTaskDisplayArea#9
06-19 23:12:54.127  3575  3580 I SurfaceControl: ~SurfaceControl 0xb4000074e45a82f0 DefaultTaskDisplayArea#9
06-19 23:12:54.127  3575  3580 I SurfaceControl: nativeRelease 0xb4000074e45ddf10 count: 1 name: Task=350#45305
06-19 23:12:54.127  3575  3580 I SurfaceControl: ~SurfaceControl 0xb4000074e45ddf10 Task=350#45305
06-19 23:12:54.127  3575  3580 I SurfaceControl: nativeRelease 0xb4000074e45f7890 count: 1 name: DefaultTaskDisplayArea#9
06-19 23:12:54.127  3575  3580 I SurfaceControl: ~SurfaceControl 0xb4000074e45f7890 DefaultTaskDisplayArea#9
06-19 23:12:54.127  3575  3580 I SurfaceControl: nativeRelease 0xb4000074e45abaf0 count: 1 name: Task=894#116746
06-19 23:12:54.127  3575  3580 I SurfaceControl: ~SurfaceControl 0xb4000074e45abaf0 Task=894#116746
06-19 23:12:54.127  3575  3580 I SurfaceControl: nativeRelease 0xb4000074e4642d70 count: 1 name: WallpaperWindowToken{42fa48d token=android.os.Binder@f360124}#61
06-19 23:12:54.127  3575  3580 I SurfaceControl: ~SurfaceControl 0xb4000074e4642d70 WallpaperWindowToken{42fa48d token=android.os.Binder@f360124}#61
06-19 23:12:54.127  3575  3580 I SurfaceControl: nativeRelease 0xb4000074e45b4d10 count: 1 name: DefaultTaskDisplayArea#9
06-19 23:12:54.127  3575  3580 I SurfaceControl: ~SurfaceControl 0xb4000074e45b4d10 DefaultTaskDisplayArea#9
06-19 23:12:54.127  3575  3580 I SurfaceControl: nativeRelease 0xb4000074e45bd910 count: 1 name: Surface(name=Task=350)/@0xbf1a1c3_transition-leash#116801
06-19 23:12:54.127  3575  3580 I SurfaceControl: ~SurfaceControl 0xb4000074e45bd910 Surface(name=Task=350)/@0xbf1a1c3_transition-leash#116801
06-19 23:12:54.127  3575  3580 I SurfaceControl: nativeRelease 0xb4000074e45bc950 count: 1 name: Surface(name=WallpaperWindowToken{42fa48d token=android.os.Binder@f360124})/@0x7ddbabe_transition-leash#116802
06-19 23:12:54.127  3575  3580 I SurfaceControl: ~SurfaceControl 0xb4000074e45bc950 Surface(name=WallpaperWindowToken{42fa48d token=android.os.Binder@f360124})/@0x7ddbabe_transition-leash#116802
06-19 23:12:54.128  2361  4266 I SurfaceControl: SurfaceControl 0xb4000074e4627d30 Task=902#116979
06-19 23:12:54.128  3575  3580 I SurfaceControl: nativeRelease 0xb4000074e45afc90 count: 1 name: Task=895#116822
06-19 23:12:54.128  3575  3580 I SurfaceControl: ~SurfaceControl 0xb4000074e45afc90 Task=895#116822
06-19 23:12:54.128  3575  3580 I SurfaceControl: nativeRelease 0xb4000074e45efef0 count: 1 name: Task=350#45305
06-19 23:12:54.128  3575  3580 I SurfaceControl: ~SurfaceControl 0xb4000074e45efef0 Task=350#45305
06-19 23:12:54.128  3575  3580 I SurfaceControl: nativeRelease 0xb4000074e46439b0 count: 1 name: DefaultTaskDisplayArea#9
06-19 23:12:54.128  3575  3580 I SurfaceControl: ~SurfaceControl 0xb4000074e46439b0 DefaultTaskDisplayArea#9
06-19 23:12:54.128  3575  3580 I SurfaceControl: nativeRelease 0xb4000074e45a36d0 count: 1 name: Task=895#116822
06-19 23:12:54.128  3575  3580 I SurfaceControl: ~SurfaceControl 0xb4000074e45a36d0 Task=895#116822
06-19 23:12:54.129 13757 13913 I Finsky  : [174] Already at the latest configurations for experiment package com.google.android.finsky.regular.
06-19 23:12:54.130 13757 13913 I Finsky  : [174] Triggered update for experiment package com.google.android.finsky.regular.
06-19 23:12:54.130  1700  1700 I Layer   : ~Layer layername: Surface(name=WallpaperWindowToken{42fa48d token=android.os.Binder@f360124})/@0x7ddbabe_transition-leash#116802 address = 0xb400007043aee500
06-19 23:12:54.130  1700  1700 I SurfaceFlinger: [onLayerDestroyed] [Surface(name=WallpaperWindowToken{42fa48d token=android.os.Binder@f360124})/@0x7ddbabe_transition-leash#116802] address:0xb400007043aee500 has destroyed
06-19 23:12:54.130  1700  1700 I Layer   : ~Layer layername: Surface(name=Task=350)/@0xbf1a1c3_transition-leash#116801 address = 0xb400007043c81240
06-19 23:12:54.130  1700  1700 I SurfaceFlinger: [onLayerDestroyed] [Surface(name=Task=350)/@0xbf1a1c3_transition-leash#116801] address:0xb400007043c81240 has destroyed
06-19 23:12:54.130  1700  1700 I Layer   : ~Layer layername: Task=892#116697 address = 0xb400007043cc31f0
06-19 23:12:54.130  1700  1700 I SurfaceFlinger: [onLayerDestroyed] [Task=892#116697] address:0xb400007043cc31f0 has destroyed
06-19 23:12:54.131  1617  5059 I sensors-hal: handle_sns_client_event:104, SNS_PEDOMETER_MSGID_SNS_STEP_EVENT: events.push_back success
06-19 23:12:54.131  1617  5059 I sensors-hal: handle_sns_client_event:106, step_count_event: last = 37241, cur = 37241, reset = 0
06-19 23:12:54.131  1617  5059 I sensors-hal: handle_sns_client_event:112, step_detect_event: ts=739197307564494 count 37241 first 37220 update 37241 current 37190 reset 0 num 1
06-19 23:12:54.131  1700  1891 I SurfaceFlinger: createLayer layername: ActivityRecord{412e79d u0 com.example.testeableapp/.MainActivity t902 mVisible=false mOccludesParent=true mode=fullscreen boundsRect(0, 0 - 1080, 2412)} type: Layer address = 0xb400007043cc31f0
06-19 23:12:54.133  2361  4266 I SurfaceControl: SurfaceControl 0xb4000074e4626f30 ActivityRecord{412e79d u0 com.example.testeableapp/.MainActivity t902 mVisible=false mOccludesParent=true mode=fullscreen boundsRect(0, 0 - 1080, 2412)}#116980
06-19 23:12:54.133  4168  4168 I SensorManager: dumpSensorEvent info {sensor name : honor_step_count  Non-wakeup, Listener is: com.hihonor.powergenie.core.contextaware.UserStateManager$3@81a9220, handle is: 191}
06-19 23:12:54.140  3575  3580 I SurfaceControl: ~SurfaceControl 0xb4000074e4636b30 Surface(name=26cfd12 com.example.testeableapp/com.example.testeableapp.MainActivity)/@0x39b150e - animation-leash of starting_reveal#116852
06-19 23:12:54.140  2338  2596 I HiView  : Begin report 902620002
06-19 23:12:54.142  2338  2596 I HiEvent : Flatten done: 902620002
06-19 23:12:54.145  3575  3580 I SurfaceControl: ~SurfaceControl 0xb4000074e46270f0 Surface(name=f914a2b com.example.testeableapp.test/androidx.test.core.app.InstrumentationActivityInvoker$EmptyActivity)/@0x85a1b4d - animation-leash of starting_reveal#116882
06-19 23:12:54.146  4183 23886 W AppStartupMonitor: activity state:onPause, comp:ComponentInfo{com.hihonor.android.launcher/com.hihonor.android.launcher.unihome.UniHomeLauncher}
06-19 23:12:54.146  4183 23886 I AppStartupMonitor: app startup from desktop
06-19 23:12:54.147  1700  1700 I Layer   : ~Layer layername: Surface(name=f914a2b com.example.testeableapp.test/androidx.test.core.app.InstrumentationActivityInvoker$EmptyActivity)/@0x85a1b4d - animation-leash of starting_reveal#116882 address = 0xb400007043c99730
06-19 23:12:54.147  1700  1700 I SurfaceFlinger: [onLayerDestroyed] [Surface(name=f914a2b com.example.testeableapp.test/androidx.test.core.app.InstrumentationActivityInvoker$EmptyActivity)/@0x85a1b4d - animation-leash of starting_reveal#116882] address:0xb400007043c99730 has destroyed
06-19 23:12:54.147  1700  1700 I Layer   : ~Layer layername: Surface(name=26cfd12 com.example.testeableapp/com.example.testeableapp.MainActivity)/@0x39b150e - animation-leash of starting_reveal#116852 address = 0xb400007043cd47c0
06-19 23:12:54.147  1700  1700 I SurfaceFlinger: [onLayerDestroyed] [Surface(name=26cfd12 com.example.testeableapp/com.example.testeableapp.MainActivity)/@0x39b150e - animation-leash of starting_reveal#116852] address:0xb400007043cd47c0 has destroyed
06-19 23:12:54.148  4183 23886 I Booster_AwareMonitor: [activityLifeNotifier]state:onPause pid:28791 uid:10095 ComponentInfo{com.hihonor.android.launcher/com.hihonor.android.launcher.unihome.UniHomeLauncher}
06-19 23:12:54.149  1700  1700 I CompositionEngine: [applyDeviceCompositionTypeChange] layer [ScreenRecorderTimer#116816] apply to client compose
06-19 23:12:54.150  2361  2361 W HwCameraSceneDetection: uid:10095, componentName:com.hihonor.android.launcher.unihome.UniHomeLauncher, flag:onPause
06-19 23:12:54.153  9860  9880 W AWARENESS_AmsRegister: state : onPause comp : ComponentInfo{com.hihonor.android.launcher/com.hihonor.android.launcher.unihome.UniHomeLauncher} taskId : 351callingPackage:launchMode:-1processUid_act:0
06-19 23:12:54.153  9860  9880 I AWARENESS_AppLifeCycleAbility: activity exit : ComponentInfo{com.hihonor.android.launcher/com.hihonor.android.launcher.unihome.UniHomeLauncher}
06-19 23:12:54.153  9860  9880 W AWARENESS_AppLifeCycleAbility: whiteMap is empty
06-19 23:12:54.153  9860  9880 W AWARENESS_AppLifeCycleAbility: BlackMap is empty
06-19 23:12:54.155 28791 28791 I HnAppRec_14.1.0.50YOYOCardManager: onActivityPaused UniHomeLauncher
06-19 23:12:54.156 28791 28791 W HnLauncher: YOYOCardExpoTimeMgr empty expo list
06-19 23:12:54.156 28791 28791 W HnLauncher: SetShortcutPopWindowHelper removePopup, popupContainerWithArrow is null
06-19 23:12:54.156 28791 28791 W HnLauncher: SetShortcutPopWindowHelper removePopup, popupContainerWithArrow is null
06-19 23:12:54.164  1700  1700 I BpBinder: onLastStrongRef automatically unlinking death recipients:
06-19 23:12:54.165  1700  1891 I SurfaceFlinger: createLayer layername: d86d55 Splash Screen com.example.testeableapp type: Layer address = 0xb400007043c81240
06-19 23:12:54.167  2361  6383 I SurfaceControl: SurfaceControl 0xb4000074e45bc330 d86d55 Splash Screen com.example.testeableapp#116981
06-19 23:12:54.171  3575  3580 I SurfaceControl: ~SurfaceControl 0xb4000074e45ff930 Surface(name=519fa79 com.example.testeableapp/com.example.testeableapp.MainActivity)/@0x77a790b - animation-leash of starting_reveal#116898
06-19 23:12:54.174  3575  3580 I SurfaceControl: ~SurfaceControl 0xb4000074e4624c30 Surface(name=a824253 com.example.testeableapp.test/androidx.test.core.app.InstrumentationActivityInvoker$EmptyActivity)/@0xb8d484b - animation-leash of starting_reveal#116930
06-19 23:12:54.174  3575  3580 I SurfaceControl: ~SurfaceControl 0xb4000074e4606150 Surface(name=d3c4246 com.example.testeableapp/com.example.testeableapp.MainActivity)/@0x902fe2e - animation-leash of starting_reveal#116945
06-19 23:12:54.177  2361  3681 I SurfaceControl: setRelativeLayer sc:Surface(name=ImeContainer)/@0xd02ae8a,  relativeTo:Surface(name=ActivityRecord{1979841 u0 com.hihonor.android.launcher/.unihome.UniHomeLauncher t351 mVisible=false mOccludesParent=true mode=fullscreen boundsRect(0, 0 - 1080, 2412)})/@0x1c37359,  z:1
06-19 23:12:54.180  3575  3698 D InputEventReceiver: dispatchInputInterval 1000000
06-19 23:12:54.180  1700  1700 I Layer   : ~Layer layername: Surface(name=a824253 com.example.testeableapp.test/androidx.test.core.app.InstrumentationActivityInvoker$EmptyActivity)/@0xb8d484b - animation-leash of starting_reveal#116930 address = 0xb400007043b75bf0
06-19 23:12:54.180  1700  1700 I SurfaceFlinger: [onLayerDestroyed] [Surface(name=a824253 com.example.testeableapp.test/androidx.test.core.app.InstrumentationActivityInvoker$EmptyActivity)/@0xb8d484b - animation-leash of starting_reveal#116930] address:0xb400007043b75bf0 has destroyed
06-19 23:12:54.180  2361  3681 D ZrHung.AppEyeFocusWindow: FocusWindowErrorScene CheckFreezeScreen
06-19 23:12:54.180  2361  3681 D ZrHung.AppEyeTransparentWindow: TransparentWindow cancelCheckFreezeScreen
06-19 23:12:54.180  1700  1700 I Layer   : ~Layer layername: Surface(name=d3c4246 com.example.testeableapp/com.example.testeableapp.MainActivity)/@0x902fe2e - animation-leash of starting_reveal#116945 address = 0xb400007043c9cec0
06-19 23:12:54.180  1700  1700 I SurfaceFlinger: [onLayerDestroyed] [Surface(name=d3c4246 com.example.testeableapp/com.example.testeableapp.MainActivity)/@0x902fe2e - animation-leash of starting_reveal#116945] address:0xb400007043c9cec0 has destroyed
06-19 23:12:54.180  1700  1700 I Layer   : ~Layer layername: Surface(name=519fa79 com.example.testeableapp/com.example.testeableapp.MainActivity)/@0x77a790b - animation-leash of starting_reveal#116898 address = 0xb400007043cd1030
06-19 23:12:54.180  1700  1700 I SurfaceFlinger: [onLayerDestroyed] [Surface(name=519fa79 com.example.testeableapp/com.example.testeableapp.MainActivity)/@0x77a790b - animation-leash of starting_reveal#116898] address:0xb400007043cd1030 has destroyed
06-19 23:12:54.184  3575  3581 W System  : A resource failed to call release.
06-19 23:12:54.184  3575  3581 W System  : A resource failed to call release.
06-19 23:12:54.184  3575  3581 W System  : A resource failed to call release.
06-19 23:12:54.184  3575  3581 W System  : A resource failed to call release.
06-19 23:12:54.184  3575  3581 W ndroid.systemui: ApkAssets: Deleting an ApkAssets object '<empty> and /data/app/~~-cZTnLJkxEmkYD1na42J8w==/com.example.testeableapp-vo6c1HKMeKWtXTTHNReR7w==/base.apk' with 1 weak references
06-19 23:12:54.189  1700  2483 I SurfaceControl: SurfaceControl 0xb400006f63b2a110 ActivityRecord{1979841 u0 com.hihonor.android.launcher/.unihome.UniHomeLauncher t351 mVisible=false mOccludesParent=true mode=fullscreen boundsRect(0, 0 - 1080, 2412)}#45307
06-19 23:12:54.195  9860  9880 W AWARENESS_AmsRegister: state : onResume_begin comp : ComponentInfo{com.example.testeableapp/com.example.testeableapp.MainActivity} taskId : 902callingPackage:com.example.testeableapplaunchMode:-1processUid_act:0
06-19 23:12:54.195  2361  5946 W InputManager-JNI: Input channel object 'a8c287c com.example.testeableapp.test/androidx.test.core.app.InstrumentationActivityInvoker$EmptyActivity (client)' was disposed without first being removed with the input manager!
06-19 23:12:54.197  1700  1700 I Layer   : [setRelativeLayer] [ImeContainer#12] setRelativeLayer z = 1, relativeZ = 1
06-19 23:12:54.197  1700  1700 I Layer   : [setLayer] [d86d55 Splash Screen com.example.testeableapp#116981] setlayer z = 2147483647
06-19 23:12:54.197  1700  1700 I SurfaceControl: ~SurfaceControl 0xb400006f63b2a110 ActivityRecord{1979841 u0 com.hihonor.android.launcher/.unihome.UniHomeLauncher t351 mVisible=false mOccludesParent=true mode=fullscreen boundsRect(0, 0 - 1080, 2412)}#45307
06-19 23:12:54.198  4168  5065 I AppFastHibernation: rev F_Z exception for visible pkg: com.example.testeableapp
06-19 23:12:54.198  9860  9880 W AWARENESS_AmsRegister: app switch from : com.hihonor.android.launcher to com.example.testeableapp as ComponentInfo{com.example.testeableapp/com.example.testeableapp.MainActivity} taskId : 902  label:callingPackage:com.example.testeableapplaunchMode:-1processUid:0
06-19 23:12:54.199  9860  9880 I AWARENESS_AppLifeCycleAbility: app exit : com.hihonor.android.launcher act : ComponentInfo{placeHolder/placeHolder} taskId : 351
06-19 23:12:54.199  9860  9880 I AWARENESS_AppLifeCycleAbility: begin publishAppExitData
06-19 23:12:54.199  9860  9880 W AWARENESS_AppLifeCycleAbility: BlackMap is empty
06-19 23:12:54.199  2361  2889 I WifiEnhanceMonitor: notifyForegroundAppChanged
06-19 23:12:54.199  9860  9880 I AWARENESS_AppLifeCycleAbility: app enter : com.example.testeableapp act : ComponentInfo{com.example.testeableapp/com.example.testeableapp.MainActivity} taskId : 902
06-19 23:12:54.199  9860  9880 I AWARENESS_AppLifeCycleAbility: begin publishAppEnterData
06-19 23:12:54.199  4168  4848 D ScenarioService: front pkg : com.example.testeableapp launcher: false
06-19 23:12:54.199  4168  4848 D ScenarioService: new above launcher front pkgs: [com.example.testeableapp]
06-19 23:12:54.199  2361  2889 I ScanSceneMonitor: cacheForegroundApkName: com.example.testeableapp
06-19 23:12:54.199  4168  4848 I AppsUsage: scnOff:false fgAPP:com.example.testeableapp
06-19 23:12:54.199  9860  9880 W AWARENESS_AppLifeCycleAbility: BlackMap is empty
06-19 23:12:54.199  9860  9880 W AWARENESS_AppLifeCycleAbility: whiteMap is empty
06-19 23:12:54.199  9860  9880 W AWARENESS_AppLifeCycleAbility: BlackMap is empty
06-19 23:12:54.200  9860 22861 I AWARENESS_TimedAppFence: enter : com.example.testeableapp to replace : com.example.testeableapp.test
06-19 23:12:54.200  9860 22861 I AWARENESS_TaskScheduler: subscribe {dataId=8005, mode=0,params=[time]} from TimedAppFence,key=AppRecoAssembler_PredictSolutionTrigger_TimedAppFence_APP_STARTUP_NONE
06-19 23:12:54.200  4168  5065 D MediaNetCtrl: handleAppFgchanged, pkg is: com.example.testeableapp policy is: 0
06-19 23:12:54.201  1700  1700 I CompositionEngine: [applyDeviceCompositionTypeChange] layer [StatusBar#87] apply to client compose
06-19 23:12:54.201  1700  1700 I CompositionEngine: [applyDeviceCompositionTypeChange] layer [NavigationBar0#83] apply to client compose
06-19 23:12:54.201  1700  1700 I CompositionEngine: [applyDeviceCompositionTypeChange] layer [ScreenRecorderTimer#116816] apply to client compose
06-19 23:12:54.201  4183  5365 I Hicom_Monitor: mAppSwitchNotifierEx, uid = 10270, packageName = com.example.testeableapp, classNamecom.example.testeableapp.MainActivity
06-19 23:12:54.201  4183  5365 I Hicom_Monitor: notifyForegroundAppChanged: pkg:com.example.testeableapp
06-19 23:12:54.201  2361  5946 I SurfaceControl: nativeRelease 0xb4000074e45f31b0 count: 2 name: com.example.testeableapp.test/androidx.test.core.app.InstrumentationActivityInvoker$EmptyActivity#116960
06-19 23:12:54.202  2361  5946 I SurfaceControl: nativeRelease 0xb4000074e46248b0 count: 2 name: a8c287c com.example.testeableapp.test/androidx.test.core.app.InstrumentationActivityInvoker$EmptyActivity#116953
06-19 23:12:54.202  4183  5365 I Hicom_Monitor: notifyForegroundAppActivityChanged: className:com.example.testeableapp.MainActivity
06-19 23:12:54.202  4183  4887 W Hicom_XEngineProc: handleForegroundAppChanged. Feature is not enable.
06-19 23:12:54.202  3575  3581 W System  : A resource failed to call release.
06-19 23:12:54.202  3575  3581 W System  : A resource failed to call release.
06-19 23:12:54.203  2126  6007 I AGPService: Iris-info: get config of com.example.testeableapp
06-19 23:12:54.203  9860 22861 I AWARENESS_TimeAbility: TimeAbility onSubscribe
06-19 23:12:54.203  2361  5278 E AdvancedKiller: AkUpdateModel Model not init
06-19 23:12:54.203  9860 22861 I AWARENESS_TimeManager: setNext triggerTime: 1781932379200 for AppRecoAssembler_PredictSolutionTrigger_TimedAppFence_APP_STARTUP_NONE
06-19 23:12:54.203  3575  3581 W System  : A resource failed to call release.
06-19 23:12:54.204  3575  3581 W System  : A resource failed to call release.
06-19 23:12:54.204  2361  5278 I system_server: SWAP_CPU: get cpu number = 8
06-19 23:12:54.204  2361  5278 I system_server: SWAP_CPU: set affinity to 4-7 success
06-19 23:12:54.204  3575  3581 W System  : A resource failed to call release.
06-19 23:12:54.205  3575  3581 W System  : A resource failed to call release.
06-19 23:12:54.205  3575  3581 W System  : A resource failed to call release.
06-19 23:12:54.205  4168  5065 I PG_ash  : front pkg : com.example.testeableapp
06-19 23:12:54.206  4168  5140 I PGServer: report state:10010 event type:2 pid:0 uid:0 pkg:com.hihonor.android.launcher to pid: 2361
06-19 23:12:54.206  9860 22861 I AWARENESS_TimeManager: reset trigger time to: 1781932379200 current time is : 1781932374206
06-19 23:12:54.206  4168  5140 I PGServer: report state:10010 event type:2 pid:0 uid:0 pkg:com.hihonor.android.launcher to pid: 4183
06-19 23:12:54.207  4168  5140 I PGServer: report state:10010 event type:2 pid:0 uid:0 pkg:com.hihonor.android.launcher to pid: 4168
06-19 23:12:54.207  4168  5140 I PGServer: report state:10000 event type:1 pid:0 uid:0 pkg:com.example.testeableapp to pid: 2361
06-19 23:12:54.207  4168  5140 I PGServer: report state:10000 event type:1 pid:0 uid:0 pkg:com.example.testeableapp to pid: 4183
06-19 23:12:54.207  4168  5140 I PGServer: report state:10000 event type:1 pid:0 uid:0 pkg:com.example.testeableapp to pid: 4168
06-19 23:12:54.208  4183  4943 E SmartNetworkManager: handleForegroundAppChanged pkgName is null
06-19 23:12:54.209  3575  3581 W System  : A resource failed to call release.
06-19 23:12:54.209  3575  3581 W System  : A resource failed to call release.
06-19 23:12:54.209  2361  5278 I system_server: SWAP_CPU: get cpu number = 8
06-19 23:12:54.209  3575  3581 W System  : A resource failed to call release.
06-19 23:12:54.209  2361  5278 I system_server: SWAP_CPU: set affinity to 0-7 success
06-19 23:12:54.209  3575  3581 W System  : A resource failed to call release.
06-19 23:12:54.209 13346 13424 W TraceLog: onMessageReceived(c2.qti.avc.encoder:0xb40000759a5a39c0) Queued: 0.0/s Done: 36.7/s Rendered: 0.0/s Discarded: 35.7/s
06-19 23:12:54.210  4168 27551 I PGServer: checkPkgType. calling pkg: android
06-19 23:12:54.211  4168 27551 I PGServer: checkPkgType. calling pkg: android
06-19 23:12:54.213  3575  3581 W System  : A resource failed to call release.
06-19 23:12:54.213  3575  3581 W System  : A resource failed to call release.
06-19 23:12:54.213  3575  3581 W System  : A resource failed to call release.
06-19 23:12:54.215  1696 13468 I asd_out_fwk: L = [0], R = [0], continus 25 times, Device = 0x80000100, mode = normal recording
06-19 23:12:54.216  3575  3581 W System  : A resource failed to call release.
06-19 23:12:54.216  3575  3581 W System  : A resource failed to call release.
06-19 23:12:54.216  3575  3581 W System  : A resource failed to call release.
06-19 23:12:54.218  2361  5946 I SurfaceControl: ~SurfaceControl 0xb4000074e45f31b0 com.example.testeableapp.test/androidx.test.core.app.InstrumentationActivityInvoker$EmptyActivity#116960
06-19 23:12:54.218  2361  5946 I SurfaceControl: ~SurfaceControl 0xb4000074e46248b0 a8c287c com.example.testeableapp.test/androidx.test.core.app.InstrumentationActivityInvoker$EmptyActivity#116953
06-19 23:12:54.219  1617 13041 I sensors-hal: handle_sns_std_sensor_event:275, ambient_light_event: ts=739197419299858, lux = 0, raw_adc=160, raw_2=304
06-19 23:12:54.223  2126  6007 D ITouchService: GetTpService itouch has already get tp service.
06-19 23:12:54.223  1657  1657 I TS_Service: hwTsRunCommand
06-19 23:12:54.223  1657  1657 E TS_HAL  : honor_tp_run_command: call
06-19 23:12:54.224  1700  1700 I Layer   : [reparent] [com.example.testeableapp.test/androidx.test.core.app.InstrumentationActivityInvoker$EmptyActivity#116960] newParent is null [0xb400007043bef4a0]
06-19 23:12:54.224  1700  1700 I Layer   : [reparent] [a8c287c com.example.testeableapp.test/androidx.test.core.app.InstrumentationActivityInvoker$EmptyActivity#116953] newParent is null [0xb400007043c6fc70]
06-19 23:12:54.224  1700  1700 I Layer   : [setLayer] [d86d55 Splash Screen com.example.testeableapp#116981] setlayer z = 2147483647
06-19 23:12:54.226 19656 19689 I aptouch_daemon: begin, cmd[0], flag[16]
06-19 23:12:54.226 19656 19689 I aptouch_daemon: Excute:59: cmd=power_time, param=
06-19 23:12:54.227 19656 19689 I aptouch_daemon: get_cmd, power_time
06-19 23:12:54.227 19656 19689 I aptouch_daemon: excute_cmd_end, cmd: power_time.
06-19 23:12:54.227 19656 19689 I aptouch_daemon: Excute:63: m_result=Active=30278971 Idle=0
06-19 23:12:54.227  2361  2889 I HwPhoneWindowManager: currentFullScreenTaskPackageNamecom.example.testeableapp
06-19 23:12:54.228  1700  1700 I CompositionEngine: [applyDeviceCompositionTypeChange] layer [Wallpaper BBQ wrapper#64] apply to client compose
06-19 23:12:54.228  1700  1700 I CompositionEngine: [applyDeviceCompositionTypeChange] layer [com.hihonor.android.launcher/com.hihonor.android.launcher.unihome.UniHomeLauncher#116966] apply to client compose
06-19 23:12:54.229  1696 10605 D AudioPolicyService: getUidState(10270) cacheIter->second.first, return cacheIter->second.second(4)
06-19 23:12:54.230  1696 10605 D AudioPolicyService: getUidState(10046) cacheIter->second.first, return cacheIter->second.second(4)
06-19 23:12:54.230  1696 10605 D AudioPolicyService: getUidState(10046) cacheIter->second.first, return cacheIter->second.second(4)
06-19 23:12:54.230  1657  1657 I aptouch_daemon, [aptouch_interface_client]: ret = Active=30278971 Idle=0
06-19 23:12:54.231  2126  6007 D ITouchService: GetHTpActiveIdleTime success ret 0 outStr Active=30278971 Idle=0
06-19 23:12:54.232  4168  4848 I ScenarioService: app focus change from: com.hihonor.android.launcher to:com.example.testeableapp
06-19 23:12:54.232  4168  4848 I ScenarioService: add focus on app:com.example.testeableapp to visiblePkgs
06-19 23:12:54.236  2361  5312 W RMS.ExitCatch: ExitCatch file notexist /proc/13974/unexpected_die_catch
06-19 23:12:54.236  2361  5312 W RMS.ExitCatch: now ExitCatch is enable in pid =13974 ret = false
06-19 23:12:54.236  2130  3230 I dubaid  : [DisplayHandler.cpp] OnAppFocusChangedMessage# App focus switch from com.hihonor.android.launcher to com.example.testeableapp
06-19 23:12:54.242 13757 13913 I Finsky  : [174] Already at the latest configurations for experiment package com.google.android.finsky.regular.
06-19 23:12:54.243  2361  4266 I SurfaceControl: nativeRelease 0xb4000074e45d9830 count: 2 name: ActivityRecord{3bfc4a2 u0 com.example.testeableapp.test/androidx.test.core.app.InstrumentationActivityInvoker$EmptyActivity t901 mVisible=false mOccludesParent=true mode=fullscreen boundsRect(0, 0 - 1080, 2412)}#116950
06-19 23:12:54.244  1533  2376 E netd    : send_msg_to_kernel:send_msg_to_kernel failure. socket=-1
06-19 23:12:54.247  1700  1700 I Layer   : ~Layer layername: a8c287c com.example.testeableapp.test/androidx.test.core.app.InstrumentationActivityInvoker$EmptyActivity#116953 address = 0xb400007043c6fc70
06-19 23:12:54.247  1700  1700 I SurfaceFlinger: [onLayerDestroyed] [a8c287c com.example.testeableapp.test/androidx.test.core.app.InstrumentationActivityInvoker$EmptyActivity#116953] address:0xb400007043c6fc70 has destroyed
06-19 23:12:54.247  2361  4266 I SurfaceControl: nativeRelease 0xb4000074e462f0b0 count: 4 name: Task=901#116949
06-19 23:12:54.248  1700  4460 I SurfaceFlinger: createLayer layername: Task=901 type: Layer address = 0xb400007043c6fc70
06-19 23:12:54.249  3575  3575 W ForegroundObserver:  onForegroundProgress change packageName:[com.example.testeableapp]isForeground:true
06-19 23:12:54.250  2361  4266 I SurfaceControl: SurfaceControl 0xb4000074e4636dd0 Task=901#116982
06-19 23:12:54.250  2361  4266 I SurfaceControl: setWindowCrop sc Surface(name=Task=901)/@0xd1e2fd3 width 1080 height 2412 callers com.android.server.wm.Task.updateSurfaceSize:3279 com.android.server.wm.Task.migrateToNewSurfaceControl:3231 com.android.server.wm.TaskOrganizerController$TaskOrganizerState.removeTask:563 com.android.server.wm.TaskOrganizerController$TaskOrganizerState.-$$Nest$mremoveTask:0
06-19 23:12:54.251  2361  4266 I SurfaceControl: nativeRelease 0xb4000074e4636dd0 count: 2 name: Task=901#116982
06-19 23:12:54.251  2361  3681 I InputDispatcher: Focus left window: 7f166e0 com.hihonor.android.launcher/com.hihonor.android.launcher.unihome.UniHomeLauncher (server) in display 0
06-19 23:12:54.251  2361  3681 I InputDispatcher: onFocusChangedLocked receiveTime step 1 :350787338ms receiveTime step 2 :350787338ms receiveTime step 3 :0ms
06-19 23:12:54.254  3575  3575 E NotificationShadeWindowController: applyWindowBlur: 0.0
06-19 23:12:54.254  3575  3575 E NotificationShadeWindowController: SurfaceControl Not Released.
06-19 23:12:54.254  3575  3575 E NotificationShadeWindowController: applyVisibility: false, false, mNotificationShadeView.alpha=1.0, forceHideForBiometricsUnlock=false
06-19 23:12:54.254  3575  3575 D NotificationShadeWindowView: setVisibility =  4
06-19 23:12:54.255  9860 22861 W AWARENESS_TimeManager:  list : [1781932379200]
06-19 23:12:54.256  2361  6404 I InputDispatcher: setFocusedWindow receiveTime step 1 :350787339ms receiveTime step 2 :350787344ms receiveTime step 3 :0ms
06-19 23:12:54.256  9860 22861 W AWARENESS_TimeManager:  firstTriggerTime : 1781932379200
06-19 23:12:54.256  3575  3575 D OverviewProxyService: keyguardShowing: false keyguardOccluded: false keyguardGoingAway: false bouncerShowing: false isDozing: false
06-19 23:12:54.256  9860 22861 W AWARENESS_TimeManager: should not trigger because first trigger time is : 1781932379200
06-19 23:12:54.256  3575  3575 D SysUiState: SysUiState changed: old=268435456 new=268435456
06-19 23:12:54.256  2361  2850 I SurfaceControl: ~SurfaceControl 0xb4000074e4636dd0 Task=901#116982
06-19 23:12:54.257 10112 10112 I bzak    : onPause
06-19 23:12:54.259 10112 10112 W dpam    : measuring already stopped.
06-19 23:12:54.259  2126  6007 D ITouchService: itouch currentPackageName = com.example.testeableapp
06-19 23:12:54.259  2126  6007 D ITouchService: itouch appType=-1 appState=1 gameMode=1
06-19 23:12:54.259  2126  6007 D ITouchService: itouchReaderMonitor empty
06-19 23:12:54.259  2126  6007 D ITouchService: g_itouch_reader_monitor Monitor::IsReaderMonitorEnable()=0
06-19 23:12:54.259  2126  6007 D ITouchService: itouch getCurrentParmID tempPkg=com.example.xxx
06-19 23:12:54.259  2126  6007 D ITouchService: itouch:app com.example.testeableapp is  not game app
06-19 23:12:54.259  2126  6007 D ITouchService: itouch:app com.example.testeableapp is  not in StylusPenList
06-19 23:12:54.259  2126  6007 D ITouchService: itouch:styluspen_switch is disable
06-19 23:12:54.259  2126  6007 D ITouchService: itouch:currentAppTypeName =|UNKNOWN|
06-19 23:12:54.259  1696 10605 D AudioPolicyService: getUidState(10070) cacheIter->second.first, return cacheIter->second.second(0)
06-19 23:12:54.260  1696 10605 D AudioPolicyService: getUidState(10046) cacheIter->second.first, return cacheIter->second.second(4)
06-19 23:12:54.260  1696 10605 D AudioPolicyService: getUidState(10046) cacheIter->second.first, return cacheIter->second.second(4)
06-19 23:12:54.265  1700  1700 I Layer   : [reparent] [Task=901#116949] newParent is null [0xb400007043c88160]
06-19 23:12:54.265  1700  1700 I Layer   : [setLayer] [Task=901#116982] setlayer z = 4
