06-19 23:12:49.752  4168  5065 D ApplistMgr: Non key processes policy: produced null tag, skip.
06-19 23:12:49.752  4168  5065 D ApplistMgr: Non key processes policy: Found new process ctrl: com.tencent.qqlive, scene=basic, curType=INTERACTIVE, ctrl=[com.tencent.qqlive:wxa_container0]
06-19 23:12:49.752  4168  5065 D ApplistMgr: Non key processes policy: produced null tag, skip.
06-19 23:12:49.752  4168  5065 D ApplistMgr: Non key processes policy: Found new process ctrl: com.tencent.qqlive, scene=basic, curType=INTERACTIVE, ctrl=[com.tencent.qqlive:wxa_container0, com.tencent.qqlive:xg_vip_service]
06-19 23:12:49.752  4168  5065 D ApplistMgr: Non key processes policy: produced null tag, skip.
06-19 23:12:49.752  4168  5065 D ApplistMgr: Non key processes policy: On scene done add data: com.tencent.qqlive, scene=basic, curDefault=null, curType=INTERACTIVE
06-19 23:12:49.752  4168  5065 D ApplistMgr: Non key processes policy: produced null tag, skip.
06-19 23:12:49.752  4168  5065 D ApplistMgr: Non key processes policy: Write when app done: com.tencent.qqlive, curType=INTERACTIVE, scenes=[basic]
06-19 23:12:49.752  4168  5065 D ApplistMgr: Non key processes policy: Premature write data cur, curApp=com.tencent.qqlive, curType=INTERACTIVE, curScene=, curDefault=, curNonKey=[], curKey=[], curControllable=[]
06-19 23:12:49.752  4168  5065 D ApplistMgr: Non key processes policy: Premature write data, curApp=com.tencent.qqlive, overrideKeys=[], nonKeyByScene={basic={}}, keyByScene={basic={}}, controllableByScene={basic={com.tencent.qqlive:wxa_container0, com.tencent.qqlive:xg_vip_service}}, defaultByScene={basic=key}
06-19 23:12:49.752  4168  5065 D ApplistMgr: Non key processes policy: Pop overrides, curApp=com.tencent.qqlive, overrideKeys=[], keyByScene+overrideKeys={basic={}}
06-19 23:12:49.752  4168  5065 D ApplistMgr: Non key processes policy: Premature write data, makeBasic, curApp=com.tencent.qqlive, basicConf={nonKeys=[],keys=[],ctrlable=[:xg_vip_service, :wxa_container0],default=key}
06-19 23:12:49.752  4168  5065 D ApplistMgr: Non key processes policy: Mature write data, curApp=com.tencent.qqlive, confByScene={}
06-19 23:12:49.752  4168  5065 D ApplistMgr: Non key processes policy: New result, curApp=com.tencent.qqlive, result.get(curType).get(curApp)=
06-19 23:12:49.752  4168  5065 D ApplistMgr: NKConfig{app=com.tencent.qqlive, default={nonKeys=[],keys=[],ctrlable=[:xg_vip_service, :wxa_container0],default=key}, type=INTERACTIVE}
06-19 23:12:49.752  4168  5065 D ApplistMgr: Non key processes policy: produced null tag, skip.
06-19 23:12:49.752  4168  5065 D ApplistMgr: Non key processes policy: Encounter new app: com.smile.gifmaker, curType=INTERACTIVE, overrideKeys=[]
06-19 23:12:49.752  4168  5065 D ApplistMgr: Non key processes policy: produced null tag, skip.
06-19 23:12:49.753  4168  5065 D ApplistMgr: Non key processes policy: Encounter new scene under app: com.smile.gifmaker, scene=basic, curDefault=null, curType=INTERACTIVE
06-19 23:12:49.753  4168  5065 D ApplistMgr: Non key processes policy: produced null tag, skip.
06-19 23:12:49.753  4168  5065 D ApplistMgr: Non key processes policy: Found new process ctrl: com.smile.gifmaker, scene=basic, curType=INTERACTIVE, ctrl=[com.smile.gifmaker:kwv_sandboxed_p0]
06-19 23:12:49.753  4168  5065 D ApplistMgr: Non key processes policy: produced null tag, skip.
06-19 23:12:49.753  4168  5065 D ApplistMgr: Non key processes policy: Found new process ctrl: com.smile.gifmaker, scene=basic, curType=INTERACTIVE, ctrl=[com.smile.gifmaker:kwv_sandboxed_p0, com.smile.gifmaker:mini0]
06-19 23:12:49.753  4168  5065 D ApplistMgr: Non key processes policy: produced null tag, skip.
06-19 23:12:49.753  4168  5065 D ApplistMgr: Non key processes policy: Found new process ctrl: com.smile.gifmaker, scene=basic, curType=INTERACTIVE, ctrl=[com.smile.gifmaker:kwv_sandboxed_p0, com.smile.gifmaker:mini0, com.smile.gifmaker:mini1]
06-19 23:12:49.753  4168  5065 D ApplistMgr: Non key processes policy: produced null tag, skip.
06-19 23:12:49.753  4168  5065 D ApplistMgr: Non key processes policy: Found new process ctrl: com.smile.gifmaker, scene=basic, curType=INTERACTIVE, ctrl=[com.smile.gifmaker:kwv_sandboxed_p0, com.smile.gifmaker:mini0, com.smile.gifmaker:mini1, com.smile.gifmaker:mini2]
06-19 23:12:49.753  4168  5065 D ApplistMgr: Non key processes policy: produced null tag, skip.
06-19 23:12:49.753  4168  5065 D ApplistMgr: Non key processes policy: Found new process ctrl: com.smile.gifmaker, scene=basic, curType=INTERACTIVE, ctrl=[com.smile.gifmaker:kwv_sandboxed_p0, com.smile.gifmaker:mini0, com.smile.gifmaker:mini1, com.smile.gifmaker:mini2, com.smile.gifmaker:mini3]
06-19 23:12:49.753  4168  5065 D ApplistMgr: Non key processes policy: produced null tag, skip.
06-19 23:12:49.753  4168  5065 D ApplistMgr: Non key processes policy: Found new process ctrl: com.smile.gifmaker, scene=basic, curType=INTERACTIVE, ctrl=[com.smile.gifmaker:kwv_sandboxed_p0, com.smile.gifmaker:mini0, com.smile.gifmaker:mini1, com.smile.gifmaker:mini2, com.smile.gifmaker:mini3, com.smile.gifmaker:mini4]
06-19 23:12:49.753  4168  5065 D ApplistMgr: Non key processes policy: produced null tag, skip.
06-19 23:12:49.753  4168  5065 D ApplistMgr: Non key processes policy: On scene done add data: com.smile.gifmaker, scene=basic, curDefault=null, curType=INTERACTIVE
06-19 23:12:49.753  4168  5065 D ApplistMgr: Non key processes policy: produced null tag, skip.
06-19 23:12:49.753  4168  5065 D ApplistMgr: Non key processes policy: Write when app done: com.smile.gifmaker, curType=INTERACTIVE, scenes=[basic]
06-19 23:12:49.753  4168  5065 D ApplistMgr: Non key processes policy: Premature write data cur, curApp=com.smile.gifmaker, curType=INTERACTIVE, curScene=, curDefault=, curNonKey=[], curKey=[], curControllable=[]
06-19 23:12:49.753  4168  5065 D ApplistMgr: Non key processes policy: Premature write data, curApp=com.smile.gifmaker, overrideKeys=[], nonKeyByScene={basic={}}, keyByScene={basic={}}, controllableByScene={basic={com.smile.gifmaker:mini0, com.smile.gifmaker:mini1, com.smile.gifmaker:mini2, com.smile.gifmaker:mini3, com.smile.gifmaker:mini4, com.smile.gifmaker:kwv_sandboxed_p0}}, defaultByScene={basic=key}
06-19 23:12:49.753  4168  5065 D ApplistMgr: Non key processes policy: Pop overrides, curApp=com.smile.gifmaker, overrideKeys=[], keyByScene+overrideKeys={basic={}}
06-19 23:12:49.753  4168  5065 D ApplistMgr: Non key processes policy: Premature write data, makeBasic, curApp=com.smile.gifmaker, basicConf={nonKeys=[],keys=[],ctrlable=[:mini0, :mini3, :mini4, :mini1, :mini2, :kwv_sandboxed_p0],default=key}
06-19 23:12:49.753  4168  5065 D ApplistMgr: Non key processes policy: Mature write data, curApp=com.smile.gifmaker, confByScene={}
06-19 23:12:49.753  4168  5065 D ApplistMgr: Non key processes policy: New result, curApp=com.smile.gifmaker, result.get(curType).get(curApp)=
06-19 23:12:49.753  4168  5065 D ApplistMgr: NKConfig{app=com.smile.gifmaker, default={nonKeys=[],keys=[],ctrlable=[:mini0, :mini3, :mini4, :mini1, :mini2, :kwv_sandboxed_p0],default=key}, type=INTERACTIVE}
06-19 23:12:49.753  4168  5065 D ApplistMgr: Non key processes policy: produced null tag, skip.
06-19 23:12:49.753  4168  5065 D ApplistMgr: Non key processes policy: Encounter new app: com.kuaishou.nebula, curType=INTERACTIVE, overrideKeys=[]
06-19 23:12:49.753  4168  5065 D ApplistMgr: Non key processes policy: produced null tag, skip.
06-19 23:12:49.753  4168  5065 D ApplistMgr: Non key processes policy: Encounter new scene under app: com.kuaishou.nebula, scene=basic, curDefault=null, curType=INTERACTIVE
06-19 23:12:49.753  4168  5065 D ApplistMgr: Non key processes policy: produced null tag, skip.
06-19 23:12:49.753  4168  5065 D ApplistMgr: Non key processes policy: Found new process ctrl: com.kuaishou.nebula, scene=basic, curType=INTERACTIVE, ctrl=[com.kuaishou.nebula:mini0]
06-19 23:12:49.753  4168  5065 D ApplistMgr: Non key processes policy: produced null tag, skip.
06-19 23:12:49.753  4168  5065 D ApplistMgr: Non key processes policy: Found new process ctrl: com.kuaishou.nebula, scene=basic, curType=INTERACTIVE, ctrl=[com.kuaishou.nebula:mini0, com.kuaishou.nebula:mini1]
06-19 23:12:49.753  4168  5065 D ApplistMgr: Non key processes policy: produced null tag, skip.
06-19 23:12:49.753  4168  5065 D ApplistMgr: Non key processes policy: Found new process ctrl: com.kuaishou.nebula, scene=basic, curType=INTERACTIVE, ctrl=[com.kuaishou.nebula:mini0, com.kuaishou.nebula:mini1, com.kuaishou.nebula:mini2]
06-19 23:12:49.753  4168  5065 D ApplistMgr: Non key processes policy: produced null tag, skip.
06-19 23:12:49.753  4168  5065 D ApplistMgr: Non key processes policy: Found new process ctrl: com.kuaishou.nebula, scene=basic, curType=INTERACTIVE, ctrl=[com.kuaishou.nebula:mini0, com.kuaishou.nebula:mini1, com.kuaishou.nebula:mini2, com.kuaishou.nebula:mini3]
06-19 23:12:49.753  4168  5065 D ApplistMgr: Non key processes policy: produced null tag, skip.
06-19 23:12:49.753  4168  5065 D ApplistMgr: Non key processes policy: Found new process ctrl: com.kuaishou.nebula, scene=basic, curType=INTERACTIVE, ctrl=[com.kuaishou.nebula:mini0, com.kuaishou.nebula:mini1, com.kuaishou.nebula:mini2, com.kuaishou.nebula:mini3, com.kuaishou.nebula:mini4]
06-19 23:12:49.753  4168  5065 D ApplistMgr: Non key processes policy: produced null tag, skip.
06-19 23:12:49.753  4168  5065 D ApplistMgr: Non key processes policy: On scene done add data: com.kuaishou.nebula, scene=basic, curDefault=null, curType=INTERACTIVE
06-19 23:12:49.753  4168  5065 D ApplistMgr: Non key processes policy: produced null tag, skip.
06-19 23:12:49.753  4168  5065 D ApplistMgr: Non key processes policy: Write when app done: com.kuaishou.nebula, curType=INTERACTIVE, scenes=[basic]
06-19 23:12:49.753  4168  5065 D ApplistMgr: Non key processes policy: Premature write data cur, curApp=com.kuaishou.nebula, curType=INTERACTIVE, curScene=, curDefault=, curNonKey=[], curKey=[], curControllable=[]
06-19 23:12:49.753  4168  5065 D ApplistMgr: Non key processes policy: Premature write data, curApp=com.kuaishou.nebula, overrideKeys=[], nonKeyByScene={basic={}}, keyByScene={basic={}}, controllableByScene={basic={com.kuaishou.nebula:mini0, com.kuaishou.nebula:mini1, com.kuaishou.nebula:mini2, com.kuaishou.nebula:mini3, com.kuaishou.nebula:mini4}}, defaultByScene={basic=key}
06-19 23:12:49.753  4168  5065 D ApplistMgr: Non key processes policy: Pop overrides, curApp=com.kuaishou.nebula, overrideKeys=[], keyByScene+overrideKeys={basic={}}
06-19 23:12:49.754  4168  5065 D ApplistMgr: Non key processes policy: Premature write data, makeBasic, curApp=com.kuaishou.nebula, basicConf={nonKeys=[],keys=[],ctrlable=[:mini0, :mini3, :mini4, :mini1, :mini2],default=key}
06-19 23:12:49.754  4168  5065 D ApplistMgr: Non key processes policy: Mature write data, curApp=com.kuaishou.nebula, confByScene={}
06-19 23:12:49.754  4168  5065 D ApplistMgr: Non key processes policy: New result, curApp=com.kuaishou.nebula, result.get(curType).get(curApp)=
06-19 23:12:49.754  4168  5065 D ApplistMgr: NKConfig{app=com.kuaishou.nebula, default={nonKeys=[],keys=[],ctrlable=[:mini0, :mini3, :mini4, :mini1, :mini2],default=key}, type=INTERACTIVE}
06-19 23:12:49.754  4168  5065 D ApplistMgr: Non key processes policy: produced null tag, skip.
06-19 23:12:49.754  4168  5065 D ApplistMgr: Non key processes policy: Encounter new app: com.duowan.kiwi, curType=INTERACTIVE, overrideKeys=[]
06-19 23:12:49.754  4168  5065 D ApplistMgr: Non key processes policy: produced null tag, skip.
06-19 23:12:49.754  4168  5065 D ApplistMgr: Non key processes policy: Encounter new scene under app: com.duowan.kiwi, scene=basic, curDefault=null, curType=INTERACTIVE
06-19 23:12:49.754  4168  5065 D ApplistMgr: Non key processes policy: produced null tag, skip.
06-19 23:12:49.754  4168  5065 D ApplistMgr: Non key processes policy: Found new process ctrl: com.duowan.kiwi, scene=basic, curType=INTERACTIVE, ctrl=[com.duowan.kiwi:logcat]
06-19 23:12:49.754  4168  5065 D ApplistMgr: Non key processes policy: produced null tag, skip.
06-19 23:12:49.754  4168  5065 D ApplistMgr: Non key processes policy: Found new process ctrl: com.duowan.kiwi, scene=basic, curType=INTERACTIVE, ctrl=[com.duowan.kiwi:logcat, com.duowan.kiwi:pushservice]
06-19 23:12:49.754  4168  5065 D ApplistMgr: Non key processes policy: produced null tag, skip.
06-19 23:12:49.754  4168  5065 D ApplistMgr: Non key processes policy: Found new process ctrl: com.duowan.kiwi, scene=basic, curType=INTERACTIVE, ctrl=[com.duowan.kiwi:logcat, com.duowan.kiwi:pushservice, com.duowan.kiwi:cloudpatch]
06-19 23:12:49.754  4168  5065 D ApplistMgr: Non key processes policy: produced null tag, skip.
06-19 23:12:49.754  4168  5065 D ApplistMgr: Non key processes policy: On scene done add data: com.duowan.kiwi, scene=basic, curDefault=null, curType=INTERACTIVE
06-19 23:12:49.754  4168  5065 D ApplistMgr: Non key processes policy: produced null tag, skip.
06-19 23:12:49.754  4168  5065 D ApplistMgr: Non key processes policy: Write when app done: com.duowan.kiwi, curType=INTERACTIVE, scenes=[basic]
06-19 23:12:49.754  4168  5065 D ApplistMgr: Non key processes policy: Premature write data cur, curApp=com.duowan.kiwi, curType=INTERACTIVE, curScene=, curDefault=, curNonKey=[], curKey=[], curControllable=[]
06-19 23:12:49.754  4168  5065 D ApplistMgr: Non key processes policy: Premature write data, curApp=com.duowan.kiwi, overrideKeys=[], nonKeyByScene={basic={}}, keyByScene={basic={}}, controllableByScene={basic={com.duowan.kiwi:cloudpatch, com.duowan.kiwi:pushservice, com.duowan.kiwi:logcat}}, defaultByScene={basic=key}
06-19 23:12:49.754  4168  5065 D ApplistMgr: Non key processes policy: Pop overrides, curApp=com.duowan.kiwi, overrideKeys=[], keyByScene+overrideKeys={basic={}}
06-19 23:12:49.754  4168  5065 D ApplistMgr: Non key processes policy: Premature write data, makeBasic, curApp=com.duowan.kiwi, basicConf={nonKeys=[],keys=[],ctrlable=[:cloudpatch, :pushservice, :logcat],default=key}
06-19 23:12:49.754  4168  5065 D ApplistMgr: Non key processes policy: Mature write data, curApp=com.duowan.kiwi, confByScene={}
06-19 23:12:49.754  4168  5065 D ApplistMgr: Non key processes policy: New result, curApp=com.duowan.kiwi, result.get(curType).get(curApp)=
06-19 23:12:49.754  4168  5065 D ApplistMgr: NKConfig{app=com.duowan.kiwi, default={nonKeys=[],keys=[],ctrlable=[:cloudpatch, :pushservice, :logcat],default=key}, type=INTERACTIVE}
06-19 23:12:49.754  4168  5065 D ApplistMgr: Non key processes policy: produced null tag, skip.
06-19 23:12:49.754  4168  5065 D ApplistMgr: Non key processes policy: Encounter new app: com.baidu.searchbox, curType=INTERACTIVE, overrideKeys=[]
06-19 23:12:49.754  4168  5065 D ApplistMgr: Non key processes policy: produced null tag, skip.
06-19 23:12:49.754  4168  5065 D ApplistMgr: Non key processes policy: Encounter new scene under app: com.baidu.searchbox, scene=basic, curDefault=null, curType=INTERACTIVE
06-19 23:12:49.754  4168  5065 D ApplistMgr: Non key processes policy: produced null tag, skip.
06-19 23:12:49.754  4168  5065 D ApplistMgr: Non key processes policy: Found new process ctrl: com.baidu.searchbox, scene=basic, curType=INTERACTIVE, ctrl=[com.baidu.searchbox:swan0]
06-19 23:12:49.754  4168  5065 D ApplistMgr: Non key processes policy: produced null tag, skip.
06-19 23:12:49.754  4168  5065 D ApplistMgr: Non key processes policy: Found new process ctrl: com.baidu.searchbox, scene=basic, curType=INTERACTIVE, ctrl=[com.baidu.searchbox:swan0, com.baidu.searchbox:swan1]
06-19 23:12:49.755  4168  5065 D ApplistMgr: Non key processes policy: produced null tag, skip.
06-19 23:12:49.755  4168  5065 D ApplistMgr: Non key processes policy: Found new process ctrl: com.baidu.searchbox, scene=basic, curType=INTERACTIVE, ctrl=[com.baidu.searchbox:swan0, com.baidu.searchbox:swan1, com.baidu.searchbox:swan2]
06-19 23:12:49.755  4168  5065 D ApplistMgr: Non key processes policy: produced null tag, skip.
06-19 23:12:49.755  4168  5065 D ApplistMgr: Non key processes policy: Found new process ctrl: com.baidu.searchbox, scene=basic, curType=INTERACTIVE, ctrl=[com.baidu.searchbox:swan0, com.baidu.searchbox:swan1, com.baidu.searchbox:swan2, com.baidu.searchbox:swan3]
06-19 23:12:49.755  4168  5065 D ApplistMgr: Non key processes policy: produced null tag, skip.
06-19 23:12:49.755  4168  5065 D ApplistMgr: Non key processes policy: Found new process ctrl: com.baidu.searchbox, scene=basic, curType=INTERACTIVE, ctrl=[com.baidu.searchbox:swan0, com.baidu.searchbox:swan1, com.baidu.searchbox:swan2, com.baidu.searchbox:swan3, com.baidu.searchbox:swan4]
06-19 23:12:49.755  4168  5065 D ApplistMgr: Non key processes policy: produced null tag, skip.
06-19 23:12:49.755  4168  5065 D ApplistMgr: Non key processes policy: Found new process ctrl: com.baidu.searchbox, scene=basic, curType=INTERACTIVE, ctrl=[com.baidu.searchbox:swan0, com.baidu.searchbox:swan1, com.baidu.searchbox:swan2, com.baidu.searchbox:swan3, com.baidu.searchbox:swan4, com.baidu.searchbox:swan5]
06-19 23:12:49.755  4168  5065 D ApplistMgr: Non key processes policy: produced null tag, skip.
06-19 23:12:49.755  4168  5065 D ApplistMgr: Non key processes policy: Found new process ctrl: com.baidu.searchbox, scene=basic, curType=INTERACTIVE, ctrl=[com.baidu.searchbox:swan0, com.baidu.searchbox:swan1, com.baidu.searchbox:swan2, com.baidu.searchbox:swan3, com.baidu.searchbox:swan4, com.baidu.searchbox:swan5, com.baidu.searchbox:openwidget]
06-19 23:12:49.755  4168  5065 D ApplistMgr: Non key processes policy: produced null tag, skip.
06-19 23:12:49.755  4168  5065 D ApplistMgr: Non key processes policy: Found new process ctrl: com.baidu.searchbox, scene=basic, curType=INTERACTIVE, ctrl=[com.baidu.searchbox:swan0, com.baidu.searchbox:swan1, com.baidu.searchbox:swan2, com.baidu.searchbox:swan3, com.baidu.searchbox:swan4, com.baidu.searchbox:swan5, com.baidu.searchbox:openwidget, com.baidu.searchbox:widgetProvider]
06-19 23:12:49.755  4168  5065 D ApplistMgr: Non key processes policy: produced null tag, skip.
06-19 23:12:49.755  4168  5065 D ApplistMgr: Non key processes policy: On scene done add data: com.baidu.searchbox, scene=basic, curDefault=null, curType=INTERACTIVE
06-19 23:12:49.755  4168  5065 D ApplistMgr: Non key processes policy: produced null tag, skip.
06-19 23:12:49.755  4168  5065 D ApplistMgr: Non key processes policy: Write when app done: com.baidu.searchbox, curType=INTERACTIVE, scenes=[basic]
06-19 23:12:49.755  4168  5065 D ApplistMgr: Non key processes policy: Premature write data cur, curApp=com.baidu.searchbox, curType=INTERACTIVE, curScene=, curDefault=, curNonKey=[], curKey=[], curControllable=[]
06-19 23:12:49.755  4168  5065 D ApplistMgr: Non key processes policy: Premature write data, curApp=com.baidu.searchbox, overrideKeys=[], nonKeyByScene={basic={}}, keyByScene={basic={}}, controllableByScene={basic={com.baidu.searchbox:openwidget, com.baidu.searchbox:widgetProvider, com.baidu.searchbox:swan0, com.baidu.searchbox:swan1, com.baidu.searchbox:swan2, com.baidu.searchbox:swan3, com.baidu.searchbox:swan4, com.baidu.searchbox:swan5}}, defaultByScene={basic=key}
06-19 23:12:49.755  4168  5065 D ApplistMgr: Non key processes policy: Pop overrides, curApp=com.baidu.searchbox, overrideKeys=[], keyByScene+overrideKeys={basic={}}
06-19 23:12:49.755  4168  5065 D ApplistMgr: Non key processes policy: Premature write data, makeBasic, curApp=com.baidu.searchbox, basicConf={nonKeys=[],keys=[],ctrlable=[:widgetProvider, :swan0, :swan2, :swan1, :openwidget, :swan4, :swan3, :swan5],default=key}
06-19 23:12:49.755  4168  5065 D ApplistMgr: Non key processes policy: Mature write data, curApp=com.baidu.searchbox, confByScene={}
06-19 23:12:49.755  4168  5065 D ApplistMgr: Non key processes policy: New result, curApp=com.baidu.searchbox, result.get(curType).get(curApp)=
06-19 23:12:49.755  4168  5065 D ApplistMgr: NKConfig{app=com.baidu.searchbox, default={nonKeys=[],keys=[],ctrlable=[:widgetProvider, :swan0, :swan2, :swan1, :openwidget, :swan4, :swan3, :swan5],default=key}, type=INTERACTIVE}
06-19 23:12:49.755  4168  5065 D ApplistMgr: Non key processes policy: produced null tag, skip.
06-19 23:12:49.755  4168  5065 D ApplistMgr: Non key processes policy: Encounter new app: com.xingin.xhs, curType=INTERACTIVE, overrideKeys=[]
06-19 23:12:49.755  4168  5065 D ApplistMgr: Non key processes policy: produced null tag, skip.
06-19 23:12:49.755  4168  5065 D ApplistMgr: Non key processes policy: Encounter new scene under app: com.xingin.xhs, scene=basic, curDefault=null, curType=INTERACTIVE
06-19 23:12:49.755  4168  5065 D ApplistMgr: Non key processes policy: produced null tag, skip.
06-19 23:12:49.755  4168  5065 D ApplistMgr: Non key processes policy: Found new process ctrl: com.xingin.xhs, scene=basic, curType=INTERACTIVE, ctrl=[com.xingin.xhs:widgetProvider]
06-19 23:12:49.756  4168  5065 D ApplistMgr: Non key processes policy: produced null tag, skip.
06-19 23:12:49.756  4168  5065 D ApplistMgr: Non key processes policy: Found new process ctrl: com.xingin.xhs, scene=basic, curType=INTERACTIVE, ctrl=[com.xingin.xhs:widgetProvider, com.xingin.xhs:pushservice]
06-19 23:12:49.756  4168  5065 D ApplistMgr: Non key processes policy: produced null tag, skip.
06-19 23:12:49.756  4168  5065 D ApplistMgr: Non key processes policy: On scene done add data: com.xingin.xhs, scene=basic, curDefault=null, curType=INTERACTIVE
06-19 23:12:49.756  4168  5065 D ApplistMgr: Non key processes policy: produced null tag, skip.
06-19 23:12:49.756  4168  5065 D ApplistMgr: Non key processes policy: Write when app done: com.xingin.xhs, curType=INTERACTIVE, scenes=[basic]
06-19 23:12:49.756  4168  5065 D ApplistMgr: Non key processes policy: Premature write data cur, curApp=com.xingin.xhs, curType=INTERACTIVE, curScene=, curDefault=, curNonKey=[], curKey=[], curControllable=[]
06-19 23:12:49.756  4168  5065 D ApplistMgr: Non key processes policy: Premature write data, curApp=com.xingin.xhs, overrideKeys=[], nonKeyByScene={basic={}}, keyByScene={basic={}}, controllableByScene={basic={com.xingin.xhs:widgetProvider, com.xingin.xhs:pushservice}}, defaultByScene={basic=key}
06-19 23:12:49.756  4168  5065 D ApplistMgr: Non key processes policy: Pop overrides, curApp=com.xingin.xhs, overrideKeys=[], keyByScene+overrideKeys={basic={}}
06-19 23:12:49.756  4168  5065 D ApplistMgr: Non key processes policy: Premature write data, makeBasic, curApp=com.xingin.xhs, basicConf={nonKeys=[],keys=[],ctrlable=[:widgetProvider, :pushservice],default=key}
06-19 23:12:49.756  4168  5065 D ApplistMgr: Non key processes policy: Mature write data, curApp=com.xingin.xhs, confByScene={}
06-19 23:12:49.756  4168  5065 D ApplistMgr: Non key processes policy: New result, curApp=com.xingin.xhs, result.get(curType).get(curApp)=
06-19 23:12:49.756  4168  5065 D ApplistMgr: NKConfig{app=com.xingin.xhs, default={nonKeys=[],keys=[],ctrlable=[:widgetProvider, :pushservice],default=key}, type=INTERACTIVE}
06-19 23:12:49.756  4168  5065 D ApplistMgr: Non key processes policy: produced null tag, skip.
06-19 23:12:49.756  4168  5065 D ApplistMgr: Non key processes policy: Encounter new app: com.UCMobile, curType=INTERACTIVE, overrideKeys=[]
06-19 23:12:49.756  4168  5065 D ApplistMgr: Non key processes policy: produced null tag, skip.
06-19 23:12:49.756  4168  5065 D ApplistMgr: Non key processes policy: Encounter new scene under app: com.UCMobile, scene=basic, curDefault=null, curType=INTERACTIVE
06-19 23:12:49.756  4168  5065 D ApplistMgr: Non key processes policy: produced null tag, skip.
06-19 23:12:49.756  4168  5065 D ApplistMgr: Non key processes policy: Found new process ctrl: com.UCMobile, scene=basic, curType=INTERACTIVE, ctrl=[com.UCMobile:push]
06-19 23:12:49.756  4168  5065 D ApplistMgr: Non key processes policy: produced null tag, skip.
06-19 23:12:49.756  4168  5065 D ApplistMgr: Non key processes policy: Found new process ctrl: com.UCMobile, scene=basic, curType=INTERACTIVE, ctrl=[com.UCMobile:push, com.UCMobile:MediaPlayerService]
06-19 23:12:49.756  4168  5065 D ApplistMgr: Non key processes policy: produced null tag, skip.
06-19 23:12:49.756  4168  5065 D ApplistMgr: Non key processes policy: On scene done add data: com.UCMobile, scene=basic, curDefault=null, curType=INTERACTIVE
06-19 23:12:49.756  4168  5065 D ApplistMgr: Non key processes policy: produced null tag, skip.
06-19 23:12:49.756  4168  5065 D ApplistMgr: Non key processes policy: Write when app done: com.UCMobile, curType=INTERACTIVE, scenes=[basic]
06-19 23:12:49.756  4168  5065 D ApplistMgr: Non key processes policy: Premature write data cur, curApp=com.UCMobile, curType=INTERACTIVE, curScene=, curDefault=, curNonKey=[], curKey=[], curControllable=[]
06-19 23:12:49.756  4168  5065 D ApplistMgr: Non key processes policy: Premature write data, curApp=com.UCMobile, overrideKeys=[], nonKeyByScene={basic={}}, keyByScene={basic={}}, controllableByScene={basic={com.UCMobile:push, com.UCMobile:MediaPlayerService}}, defaultByScene={basic=key}
06-19 23:12:49.756  4168  5065 D ApplistMgr: Non key processes policy: Pop overrides, curApp=com.UCMobile, overrideKeys=[], keyByScene+overrideKeys={basic={}}
06-19 23:12:49.756  4168  5065 D ApplistMgr: Non key processes policy: Premature write data, makeBasic, curApp=com.UCMobile, basicConf={nonKeys=[],keys=[],ctrlable=[:push, :MediaPlayerService],default=key}
06-19 23:12:49.756  4168  5065 D ApplistMgr: Non key processes policy: Mature write data, curApp=com.UCMobile, confByScene={}
06-19 23:12:49.756  4168  5065 D ApplistMgr: Non key processes policy: New result, curApp=com.UCMobile, result.get(curType).get(curApp)=
06-19 23:12:49.756  4168  5065 D ApplistMgr: NKConfig{app=com.UCMobile, default={nonKeys=[],keys=[],ctrlable=[:push, :MediaPlayerService],default=key}, type=INTERACTIVE}
06-19 23:12:49.756  4168  5065 D ApplistMgr: Non key processes policy: produced null tag, skip.
06-19 23:12:49.757  4168  5065 D ApplistMgr: Non key processes policy: Encounter new app: com.quark.browser, curType=INTERACTIVE, overrideKeys=[]
06-19 23:12:49.757  4168  5065 D ApplistMgr: Non key processes policy: produced null tag, skip.
06-19 23:12:49.757  4168  5065 D ApplistMgr: Non key processes policy: Encounter new scene under app: com.quark.browser, scene=basic, curDefault=null, curType=INTERACTIVE
06-19 23:12:49.757  4168  5065 D ApplistMgr: Non key processes policy: produced null tag, skip.
06-19 23:12:49.757  4168  5065 D ApplistMgr: Non key processes policy: Found new process ctrl: com.quark.browser, scene=basic, curType=INTERACTIVE, ctrl=[com.quark.browser:push]
06-19 23:12:49.757  4168  5065 D ApplistMgr: Non key processes policy: produced null tag, skip.
06-19 23:12:49.757  4168  5065 D ApplistMgr: Non key processes policy: Found new process ctrl: com.quark.browser, scene=basic, curType=INTERACTIVE, ctrl=[com.quark.browser:push, com.quark.browser:MediaPlayerService]
06-19 23:12:49.757  4168  5065 D ApplistMgr: Non key processes policy: produced null tag, skip.
06-19 23:12:49.757  4168  5065 D ApplistMgr: Non key processes policy: On scene done add data: com.quark.browser, scene=basic, curDefault=null, curType=INTERACTIVE
06-19 23:12:49.757  4168  5065 D ApplistMgr: Non key processes policy: produced null tag, skip.
06-19 23:12:49.757  4168  5065 D ApplistMgr: Non key processes policy: Write when app done: com.quark.browser, curType=INTERACTIVE, scenes=[basic]
06-19 23:12:49.757  4168  5065 D ApplistMgr: Non key processes policy: Premature write data cur, curApp=com.quark.browser, curType=INTERACTIVE, curScene=, curDefault=, curNonKey=[], curKey=[], curControllable=[]
06-19 23:12:49.757  4168  5065 D ApplistMgr: Non key processes policy: Premature write data, curApp=com.quark.browser, overrideKeys=[], nonKeyByScene={basic={}}, keyByScene={basic={}}, controllableByScene={basic={com.quark.browser:MediaPlayerService, com.quark.browser:push}}, defaultByScene={basic=key}
06-19 23:12:49.757  4168  5065 D ApplistMgr: Non key processes policy: Pop overrides, curApp=com.quark.browser, overrideKeys=[], keyByScene+overrideKeys={basic={}}
06-19 23:12:49.757  4168  5065 D ApplistMgr: Non key processes policy: Premature write data, makeBasic, curApp=com.quark.browser, basicConf={nonKeys=[],keys=[],ctrlable=[:push, :MediaPlayerService],default=key}
06-19 23:12:49.757  4168  5065 D ApplistMgr: Non key processes policy: Mature write data, curApp=com.quark.browser, confByScene={}
06-19 23:12:49.757  4168  5065 D ApplistMgr: Non key processes policy: New result, curApp=com.quark.browser, result.get(curType).get(curApp)=
06-19 23:12:49.757  4168  5065 D ApplistMgr: NKConfig{app=com.quark.browser, default={nonKeys=[],keys=[],ctrlable=[:push, :MediaPlayerService],default=key}, type=INTERACTIVE}
06-19 23:12:49.757  4168  5065 D ApplistMgr: Non key processes policy: produced null tag, skip.
06-19 23:12:49.757  4168  5065 D ApplistMgr: Non key processes policy: Encounter new app: com.xunmeng.pinduoduo, curType=INTERACTIVE, overrideKeys=[]
06-19 23:12:49.757  4168  5065 D ApplistMgr: Non key processes policy: produced null tag, skip.
06-19 23:12:49.757  4168  5065 D ApplistMgr: Non key processes policy: Encounter new scene under app: com.xunmeng.pinduoduo, scene=basic, curDefault=null, curType=INTERACTIVE
06-19 23:12:49.757  4168  5065 D ApplistMgr: Non key processes policy: produced null tag, skip.
06-19 23:12:49.757  4168  5065 D ApplistMgr: Non key processes policy: Found new process ctrl: com.xunmeng.pinduoduo, scene=basic, curType=INTERACTIVE, ctrl=[com.xunmeng.pinduoduo:support]
06-19 23:12:49.757  4168  5065 D ApplistMgr: Non key processes policy: produced null tag, skip.
06-19 23:12:49.757  4168  5065 D ApplistMgr: Non key processes policy: Found new process ctrl: com.xunmeng.pinduoduo, scene=basic, curType=INTERACTIVE, ctrl=[com.xunmeng.pinduoduo:support, com.xunmeng.pinduoduo:lifecycle]
06-19 23:12:49.757  4168  5065 D ApplistMgr: Non key processes policy: produced null tag, skip.
06-19 23:12:49.757  4168  5065 D ApplistMgr: Non key processes policy: On scene done add data: com.xunmeng.pinduoduo, scene=basic, curDefault=null, curType=INTERACTIVE
06-19 23:12:49.757  4168  5065 D ApplistMgr: Non key processes policy: produced null tag, skip.
06-19 23:12:49.757  4168  5065 D ApplistMgr: Non key processes policy: Write when app done: com.xunmeng.pinduoduo, curType=INTERACTIVE, scenes=[basic]
06-19 23:12:49.757  4168  5065 D ApplistMgr: Non key processes policy: Premature write data cur, curApp=com.xunmeng.pinduoduo, curType=INTERACTIVE, curScene=, curDefault=, curNonKey=[], curKey=[], curControllable=[]
06-19 23:12:49.757  4168  5065 D ApplistMgr: Non key processes policy: Premature write data, curApp=com.xunmeng.pinduoduo, overrideKeys=[], nonKeyByScene={basic={}}, keyByScene={basic={}}, controllableByScene={basic={com.xunmeng.pinduoduo:lifecycle, com.xunmeng.pinduoduo:support}}, defaultByScene={basic=key}
06-19 23:12:49.757  4168  5065 D ApplistMgr: Non key processes policy: Pop overrides, curApp=com.xunmeng.pinduoduo, overrideKeys=[], keyByScene+overrideKeys={basic={}}
06-19 23:12:49.757  4168  5065 D ApplistMgr: Non key processes policy: Premature write data, makeBasic, curApp=com.xunmeng.pinduoduo, basicConf={nonKeys=[],keys=[],ctrlable=[:support, :lifecycle],default=key}
06-19 23:12:49.757  4168  5065 D ApplistMgr: Non key processes policy: Mature write data, curApp=com.xunmeng.pinduoduo, confByScene={}
06-19 23:12:49.758  4168  5065 D ApplistMgr: Non key processes policy: New result, curApp=com.xunmeng.pinduoduo, result.get(curType).get(curApp)=
06-19 23:12:49.758  4168  5065 D ApplistMgr: NKConfig{app=com.xunmeng.pinduoduo, default={nonKeys=[],keys=[],ctrlable=[:support, :lifecycle],default=key}, type=INTERACTIVE}
06-19 23:12:49.758  4168  5065 D ApplistMgr: Non key processes policy: produced null tag, skip.
06-19 23:12:49.758  4168  5065 D ApplistMgr: Non key processes policy: produced null tag, skip.
06-19 23:12:49.758  4168  5065 I ApplistMgr: Non key processes config loaded, #type=3, #confs=20
06-19 23:12:49.758  4168  5065 I DisplayCtrlManager: reparse config on config update.
06-19 23:12:49.759  4168  5065 I PG_ash  : not add SIM_STATE_CHANGE in oversea
06-19 23:12:49.759  4168  5065 I PG_ash  : load default bc proxy actions, modify: false, sProxyActionList: [android.intent.action.ANY_DATA_STATE, android.intent.action.TIME_TICK, android.intent.action.BATTERY_CHANGED, android.intent.action.SCREEN_ON, android.intent.action.SCREEN_OFF, android.intent.action.SIG_STR, android.intent.action.CONFIGURATION_CHANGED, android.intent.action.SERVICE_STATE, android.intent.action.USER_PRESENT, android.intent.action.PACKAGE_RESTARTED, android.intent.action.CLOSE_SYSTEM_DIALOGS, android.intent.action.PACKAGE_ADDED, android.intent.action.PACKAGE_REMOVED, android.intent.action.PACKAGE_CHANGED, android.intent.action.PACKAGE_REPLACED, android.intent.action.PHONE_STATE, android.intent.action.MEDIA_SCANNER_FINISHED, android.intent.action.MEDIA_SCANNER_STARTED, android.intent.action.HEADSET_PLUG, android.intent.action.ACTION_DSDS_SUB1_OPERATOR_CHANGED, android.media.VOLUME_CHANGED_ACTION, android.net.conn.CONNECTIVITY_CHANGE, android.net.wifi.supplicant.CONNECTION_CHANGE, android.net.wifi.supplicant.STATE_CHANGE, android.net.wifi.WIFI_STATE_CHANGED, android.net.wifi.SCAN_RESULTS, android.net.wifi.STATE_CHANGE, android.net.wifi.RSSI_CHANGED, android.location.GPS_ENABLED_CHANGE, org.agoo.android.intent.action.ELECTION_RESULT_V4, com.tencent.android.tpush.service.channel.heartbeatIntent, com.tencent.android.tpush.action.SDK, com.baidu.android.pushservice.action.METHOD, com.igexin.sdk.action.execute, com.igexin.sdk.action.pushmanager, com.tencent.mm.plugin.openapi.Intent.ACTION_REFRESH_WXAPP, com.tencent.mm.plugin.openapi.Intent.ACTION_HANDLE_APP_REGISTER, com.hihonor.espace.pushcheck, com.baidu.sapi2.ACTION_HOUR_FREQUENCY, com.baidu.android.pushservice.action.BIND_SYNC, android.location.GPS_FIX_CHANGE, com.android.eguan.drivermonitor, android.bluetooth.device.action.ACL_CONNECTED, android.bluetooth.device.action.ACL_DISCONNECTED, android.bluetooth.headset.profile.action.CONNECTION_STATE_CHANGED, android.os.action.DEVICE_IDLE_MODE_CHANGED, android.net.wifi.CONFIGURED_NETWORKS_CHANGE, com.action.utdid, wx_global_action, com.jingdong.jdpush.MSG_CENTER, .intent.action.JESSIE_BROADCAST_NSS, com.tencent.android.xg.vip.action.ACTION_SDK_KEEPALIVE, com.xiaomi.push.PING_TIMER, com.com.gtaxxx.xxx.android.push.intent.REGISTER, android.intent.action.DREAMING_STOPPED, android.intent.action.DREAMING_STARTED, android.media.ACTION_SCO_AUDIO_STATE_UPDATED, android.intent.action.BATTERY_LEVEL_CHANGED, com.android.systemui.statusbar.visible.change, android.intent.action.ACTION_POWER_DISCONNECTED, android.bluetooth.headset.profile.action.ACTIVE_DEVICE_CHANGED, android.bluetooth.headset.profile.action.AUDIO_STATE_CHANGED, android.bluetooth.a2dp.profile.action.CONNECTION_STATE_CHANGED, android.bluetooth.device.action.BOND_STATE_CHANGED, android.bluetooth.adapter.action.CONNECTION_STATE_CHANGED, android.bluetooth.adapter.action.STATE_CHANGED, android.media.AUDIO_BECOMING_NOISY, android.intent.action.PROXY_CHANGE, com.baidu.android.pushservice.action.receiver.ALARM, com.taobao.aranger.CONNECT, com.ss.android.article.news.action.cross.app]
06-19 23:12:49.769  4168  4848 I ApplistMgr: Standby protected apps: [com.hihonor.aipluginengine, com.hihonor.ouc, com.hihonor.health, com.hihonor.appmarket, com.hihonor.pcassistant, com.hihonor.deskclock, com.hihonor.hiviewtunnel, com.facebook.katana, com.hihonor.koBackup, com.hihonor.systemappsupdater, com.hihonor.screenrecorder, com.whatsapp, com.miui.player, com.instagram.android, com.hihonor.hnmusicplayer, com.microsoft.office.outlook, com.google.android.devicelockcontroller, com.example.testeableapp, com.example.testeableapp.test]
06-19 23:12:49.769  4168  4848 I ApplistMgr: Standby unprotected apps: [com.hihonor.android.totemweather, com.hihonor.ridemode, com.google.android.apps.docs, com.google.android.videos, com.google.android.apps.maps, com.microsoft.appmanager, com.hihonor.soundrecorder, com.android.chrome, cn.wps.moffice_eng, com.hihonor.mirror, com.google.android.apps.photos, com.android.localtransport, com.android.dreams.basic, com.android.simappdialog, com.hihonor.notepad, com.zhiliaoapp.musically, com.hihonor.photos, com.google.android.youtube, com.google.android.gm, com.juvomobileinc.tigoshop.sv, com.miui.calculator, com.google.android.dialer, com.facebook.orca, com.lenovo.anyshare.gps, com.google.android.inputmethod.latin, com.funcamerastudio.videomaker, com.intsig.camscanner, com.microsoft.office.word, com.telcel.contenedor, com.google.android.contacts, com.miui.weather2, com.moodle.moodlemobile, com.google.android.safetycore, com.google.android.contactkeys, com.twitter.android, com.microblink.photomath, com.twofasapp, com.google.android.apps.classroom, com.snaptube.premium, com.openai.chatgpt, com.waze, com.hihonor.hnoffice, com.hihonor.hnvideoplayer, com.google.android.apps.authenticator2, com.blackbox.blackboxapp, com.microsoft.teams, com.example.ejercicio4, com.bubbleshooter.popbubbles.shootbubblesgame, com.example.laboratorio2, com.android.vending.billing.InAppBillingService.BINN, com.example.weatherapp, com.example.pantalla1, com.example.parcial1, com.lemon.lvoverseas, com.example.myapplication, com.anthropic.claude, com.android.mgstv]
06-19 23:12:49.769  4168  4848 I ApplistMgr: Standby unshow apps: [com.hihonor.trustcircle, com.facebook.services, com.hihonor.synergy, com.hihonor.nearby, com.google.android.apps.tachyon, com.hihonor.hncloud, com.hihonor.omacp, com.hihonor.lbs, com.facebook.appmanager, com.hihonor.camera, com.hihonor.android.pushagent, com.hihonor.android.upgradeguide, com.hihonor.id]
06-19 23:12:49.769  4168  4848 I ApplistMgr: Standby changed by user, apps: []
06-19 23:12:49.769  1700  1700 I Layer   : ~Layer layername: Task=897#116894 address = 0xb400007043c73400
06-19 23:12:49.769  1700  1700 I SurfaceFlinger: [onLayerDestroyed] [Task=897#116894] address:0xb400007043c73400 has destroyed
06-19 23:12:49.769  1700  1700 I Layer   : ~Layer layername: ActivityRecord{620edfe u0 com.example.testeableapp.test/androidx.test.core.app.InstrumentationActivityInvoker$EmptyActivity t897 mVisible=false mOccludesParent=true mode=fullscreen boundsRect(0, 0 - 1080, 2412)}#116856 address = 0xb400007043c88160
06-19 23:12:49.769  1700  1700 I SurfaceFlinger: [onLayerDestroyed] [ActivityRecord{620edfe u0 com.example.testeableapp.test/androidx.test.core.app.InstrumentationActivityInvoker$EmptyActivity t897 mVisible=false mOccludesParent=true mode=fullscreen boundsRect(0, 0 - 1080, 2412)}#116856] address:0xb400007043c88160 has destroyed
06-19 23:12:49.770  2130  3242 E dubaid  : [WifiStats.cpp] BalanceWifiSleepTime# Failed to read wifi sleep data
06-19 23:12:49.770  2130  3234 I dubaid  : [GpuAccounter.cpp] GetPower# Invalid gpu frequency: 1115, find best power
06-19 23:12:49.770  2130  3234 I dubaid  : [GpuAccounter.cpp] GetPower# Invalid gpu frequency: 1025, find best power
06-19 23:12:49.770  2130  3234 I dubaid  : [GpuAccounter.cpp] GetPower# Invalid gpu frequency: 785, find best power
06-19 23:12:49.772  4168  4848 I PG_DBS_MAIN: exit PIP mode, FgAPP:com.example.testeableapp BgAPP:com.example.testeableapp
06-19 23:12:49.773  4168  5065 I AppFasManager: delay set fas when standby list changed , delay : 10000
06-19 23:12:49.777  4168  5067 D SrManager: front pkgs: [com.example.testeableapp]
06-19 23:12:49.794  2126  2150 I AGPService: FilterAction mVotePool.size: 3 priority 2600 sceneCode 2600
06-19 23:12:49.794  2126  2150 I AGPService: NotifyExtraPolicyInfoToSF fps: 60, skipCount: 0
06-19 23:12:49.794  2126  2150 I AGPService: SendPolicyByAction isGame 0 sceneCode 2600 priority 2600 lightEnabled 0 fpsHold 0 minFps 60 maxFps 60
06-19 23:12:49.795  1700  2158 I SurfaceFlinger: setDesiredDisplayModeSpecs pid: 2126 AGP-pid: 2126
06-19 23:12:49.802  2126  2150 I AGPService: FilterAction mVotePool.size: 3 priority 2600 sceneCode 2600
06-19 23:12:49.802  2126  2150 I AGPService: NotifyExtraPolicyInfoToSF fps: 60, skipCount: 0
06-19 23:12:49.802  2126  2150 I AGPService: SendPolicyByAction isGame 0 sceneCode 2600 priority 2600 lightEnabled 0 fpsHold 0 minFps 60 maxFps 60
06-19 23:12:49.802  1700  2158 I SurfaceFlinger: setDesiredDisplayModeSpecs pid: 2126 AGP-pid: 2126
06-19 23:12:49.829 13795 14330 I Finsky:background: [209] playLoggingServerUrl: https://play.googleapis.com/play/log
06-19 23:12:49.829 13795 14330 I Finsky:background: [209] playLoggingServerTimestampUrl: https://play.googleapis.com/play/log/timestamp
06-19 23:12:49.849  1680 27081 W C2BqBuffer: last successful dequeue was 2453369640 us ago, 21017 consecutive failures
06-19 23:12:49.866  1629  1831 D vendor.honor.hardware.aoservice@1.0-service: [AO_SVC] (reopen_timer_handler:50):enter reopen handler
06-19 23:12:49.902  1617 13041 I sensors-hal: handle_sns_std_sensor_event:275, ambient_light_event: ts=739193103296108, lux = 0, raw_adc=160, raw_2=320
06-19 23:12:49.922 19656 19656 E afehal_info: tp_check_scan_rate_scan_freq:[1781932369922][T:1781932369.922828]tp_check_scan_rate_scan_freq 495:invalued_scan_rate_or_freq = true scan_rate = 240
06-19 23:12:49.923 19656 19656 E afehal_info: tp_check_scan_rate_scan_freq:[1781932369922][T:1781932369.922999]tp_check_scan_rate_scan_freq 505:invalued_scan_rate_or_freq = true scan_freq = 103
06-19 23:12:49.923 19656 19656 E afehal_info: vendor_parse_ioctrl_frame:[1781932369922][T:1781932369.923048]vendor_parse_ioctrl_frame 1026:get scan_rate = 240
06-19 23:12:49.923 19656 19656 E afehal_info: tp_check_scan_rate_scan_freq:[1781932369922][T:1781932369.923075]tp_check_scan_rate_scan_freq 495:invalued_scan_rate_or_freq = true scan_rate = 240
06-19 23:12:49.923 19656 19656 E afehal_info: tp_check_scan_rate_scan_freq:[1781932369922][T:1781932369.923099]tp_check_scan_rate_scan_freq 505:invalued_scan_rate_or_freq = true scan_freq = 103
06-19 23:12:49.949  1696 13468 I asd_out_fwk: L = [0], R = [0], continus 25 times, Device = 0x80000100, mode = normal recording
06-19 23:12:49.958  1619  1646 I android.hardware.thermal@2.0-service.qti-v2: thermal_sample_event: TZ:25 temp:40558
06-19 23:12:49.958  1619  1646 I android.hardware.thermal@2.0-service.qti-v2: thermal_sample_event: TZ:26 temp:39827
06-19 23:12:49.958  1619  1646 I android.hardware.thermal@2.0-service.qti-v2: thermal_sample_event: TZ:27 temp:40309
06-19 23:12:49.970  3575  3661 I HnTransitionAnimationOptimize: AnimTransactionCompletedListener callback.
06-19 23:12:49.971  3575  3661 I HnTransitionAnimationOptimize: local anim onAnimationEnd,leash:Surface(name=Task=350)/@0x7c6faf6
06-19 23:12:49.971  2126 13579 I AGPService: NotifyAnimationState animationTag: APP_TRANSITION_ANIMATION animationType: 2 state: 0, previous count: 2 type count: 2
06-19 23:12:49.971  2126 13579 E AGPService: SceneEnd: mIsSceneStart invalid
06-19 23:12:49.971  2126 13579 I AGPService: RefreshRateActionHandle 1210, 0
06-19 23:12:49.971  2126 13579 I AGPService: ReleaseAction sceneCode 1210 mVotePool.size 2
06-19 23:12:49.971  2126 13579 I AGPService: DisableActionLoop
06-19 23:12:49.971  1700  4460 D FluencyDetector: End fluency detect: APP_TRANSITION_ANIMATION
06-19 23:12:49.971  2126 13579 I AGPService: PostAction
06-19 23:12:49.971  2126 13579 I AGPService: FilterAction mVotePool.size: 2 priority 2600 sceneCode 2600
06-19 23:12:49.972  2126 13579 I AGPService: FilterAction mVotePool.size: 2 priority 2600 sceneCode 2600
06-19 23:12:49.972  2126  2150 I AGPService: FilterAction mVotePool.size: 2 priority 2600 sceneCode 2600
06-19 23:12:49.972  3575  3661 I HnTransitionAnimationOptimize: AnimTransactionCompletedListener callback.
06-19 23:12:49.972  2126  2150 I AGPService: NotifyExtraPolicyInfoToSF fps: 60, skipCount: 0
06-19 23:12:49.972  2126  2150 I AGPService: SendPolicyByAction isGame 0 sceneCode 2600 priority 2600 lightEnabled 0 fpsHold 0 minFps 60 maxFps 60
06-19 23:12:49.972  3575  3661 I HnTransitionAnimationOptimize: local anim onAnimationEnd,leash:Surface(name=Task=898)/@0x61e7b91
06-19 23:12:49.973  1700  1891 D FluencyDetector: End fluency detect: APP_TRANSITION_ANIMATION
06-19 23:12:49.973  1700  4460 I SurfaceFlinger: setDesiredDisplayModeSpecs pid: 2126 AGP-pid: 2126
06-19 23:12:49.973  1700  1891 I SurfaceControl: SurfaceControl 0xb400006f63ae87f0 DefaultTaskDisplayArea#9
06-19 23:12:49.974  1700  1891 I SurfaceControl: SurfaceControl 0xb400006f63aec610 DefaultTaskDisplayArea#9
06-19 23:12:49.974  3575  3654 I SurfaceControl: ~SurfaceControl 0xb4000074e45e9970 1e7e10 Splash Screen com.example.testeableapp#116887
06-19 23:12:49.974  3575  3654 I SurfaceControl: ~SurfaceControl 0xb4000074e45c6190 Transition Root: Task=898#116890
06-19 23:12:49.974  3575  3654 I SurfaceControl: ~SurfaceControl 0xb4000074e4598610 Task=350#45305
06-19 23:12:49.974  3575  3654 I SurfaceControl: ~SurfaceControl 0xb4000074e4599a30 Task=898#116885
06-19 23:12:49.974  3575  3654 I SurfaceControl: ~SurfaceControl 0xb4000074e4606150 DefaultTaskDisplayArea#9
06-19 23:12:49.974  3575  3654 I SurfaceControl: ~SurfaceControl 0xb4000074e459e8f0 DefaultTaskDisplayArea#9
06-19 23:12:49.974  3575  3654 I SurfaceControl: nativeRelease 0xb4000074e45f5d70 count: 1 name: Transition Root: Task=898#116890
06-19 23:12:49.974  3575  3654 I SurfaceControl: ~SurfaceControl 0xb4000074e45f5d70 Transition Root: Task=898#116890
06-19 23:12:49.972  2126 13579 I AGPService: NotifyAnimationState animationTag: APP_TRANSITION_ANIMATION animationType: 2 state: 0, previous count: 1 type count: 1
06-19 23:12:49.979  2126 13579 E AGPService: SceneEnd: mIsSceneStart invalid
06-19 23:12:49.979  2126 13579 I AGPService: RefreshRateActionHandle 1210, 0
06-19 23:12:49.979  2126 13579 I AGPService: PostAction
06-19 23:12:49.979  2126 13579 I AGPService: FilterAction mVotePool.size: 2 priority 2600 sceneCode 2600
06-19 23:12:49.979  2126 13579 I AGPService: FilterAction mVotePool.size: 2 priority 2600 sceneCode 2600
06-19 23:12:49.979  2126  2150 I AGPService: FilterAction mVotePool.size: 2 priority 2600 sceneCode 2600
06-19 23:12:49.979  2126  2150 I AGPService: NotifyExtraPolicyInfoToSF fps: 60, skipCount: 0
06-19 23:12:49.979  2126  2150 I AGPService: SendPolicyByAction isGame 0 sceneCode 2600 priority 2600 lightEnabled 0 fpsHold 0 minFps 60 maxFps 60
06-19 23:12:49.980  1700  4460 I SurfaceFlinger: setDesiredDisplayModeSpecs pid: 2126 AGP-pid: 2126
06-19 23:12:49.980  2361  3680 I SurfaceControl: ~SurfaceControl 0xb4000074e462cb10 Transition Root: Task=898#116890
06-19 23:12:49.982  3575  3836 I ImageWallpaper: setWideColorGamutAction: displayMode=1, visible=false, com.android.systemui.wallpapers.ImageWallpaper$CanvasEngine@9f61336
06-19 23:12:49.982  3575  3836 I ImageWallpaper: DisplayBT2020SupportMap is empty
06-19 23:12:49.982  3575  3836 I ImageWallpaper: setWideColorGamutAction: unsupport wide color gamut
06-19 23:12:49.983 25324 25462 I AMLog[1aad66cfe6]: PowerKitManager messageHandle, msg.what=2  download size:0 isForce=false
06-19 23:12:49.984 25324 25462 I AMLog[1aad66cfe6]: PowerKitLog PowerKitScheduler unApplyForResourceUse() called with: applyInfo = PowerKitApplyInfo(reason='download app from net', resourceType=512 NETWORK, isExpired=true, isHighPriority=false)
06-19 23:12:49.984 25324 25462 W AMLog[1aad66cfe6]: PowerKitLog ApplyInfoQueue removeApplyInfo: not apply, PowerKitApplyInfo(reason='download app from net', resourceType=512 NETWORK, isExpired=true, isHighPriority=false)
06-19 23:12:49.984 25324 25462 I AMLog[1aad66cfe6]: PowerKitLog PowerKitScheduler unApplyForResourceUse() called with: applyInfo = PowerKitApplyInfo(reason='download app from net', resourceType=65535 ALL, isExpired=true, isHighPriority=false)
06-19 23:12:49.984 25324 25462 W AMLog[1aad66cfe6]: PowerKitLog ApplyInfoQueue removeApplyInfo: not apply, PowerKitApplyInfo(reason='download app from net', resourceType=65535 ALL, isExpired=true, isHighPriority=false)
06-19 23:12:49.984 25324 25462 I AMLog[1aad66cfe6]: PowerKitLog PowerKitScheduler unApplyForResourceUse() called with: applyInfo = PowerKitApplyInfo(reason='download app from net', resourceType=4096 UNFREEZE, isExpired=true, isHighPriority=false)
06-19 23:12:49.985 25324 25462 I AMLog[1aad66cfe6]: PowerKitLog WorkScheduler findRunningWorker: mWorkerMap size: 0
06-19 23:12:49.985 25324 25462 I AMLog[1aad66cfe6]: PowerKitLog PowerKitScheduler unApplyForResourceUse() called with: applyInfo = PowerKitApplyInfo(reason='download app from net', resourceType=4096 UNFREEZE, isExpired=true, isHighPriority=true)
06-19 23:12:49.985 25324 25462 I AMLog[1aad66cfe6]: PowerKitLog WorkScheduler findRunningWorker: mWorkerMap size: 0
06-19 23:12:49.986 25324 15595 I AMLog[1aad66cfe6]: PowerKitLog WorkScheduler reallyCancel() called, 2002
06-19 23:12:49.986 25324 15595 I AMLog[1aad66cfe6]: PowerKitLog WorkScheduler reallyCancel() called, 2003
06-19 23:12:49.986  1700  1700 I Layer   : [setLayer] [Task=898#116885] setlayer z = 3
06-19 23:12:49.986  1700  1700 I Layer   : [setLayer] [1e7e10 Splash Screen com.example.testeableapp#116887] setlayer z = 2147483647
06-19 23:12:49.986  1700  1700 I Layer   : [reparent] [Transition Root: Task=898#116890] newParent is null [0xb400007043c26da0]
06-19 23:12:49.987  1700  1700 I Layer   : [reparent] [Transition Root: Task=898#116890] newParent is null [0xb400007043c26da0]
06-19 23:12:49.987  2361  2850 I SurfaceControl: nativeRelease 0xb4000074e4631730 count: 2 name: e2c4ac3 ActivityRecordInputSink com.hihonor.android.launcher/.unihome.UniHomeLauncher#116878
06-19 23:12:49.987  1700  1700 I SurfaceControl: ~SurfaceControl 0xb400006f63aec610 DefaultTaskDisplayArea#9
06-19 23:12:49.987  1700  1700 I SurfaceControl: ~SurfaceControl 0xb400006f63ae87f0 DefaultTaskDisplayArea#9
