06-19 23:12:53.814  1700  1700 I SurfaceControl: ~SurfaceControl 0xb400006f63b14e70 DefaultTaskDisplayArea#9
06-19 23:12:53.814  1700  1700 I SurfaceControl: ~SurfaceControl 0xb400006f63b0b7f0 Leaf:0:1#8
06-19 23:12:53.814  1700  1700 I SurfaceControl: ~SurfaceControl 0xb400006f63b0ba90 DefaultTaskDisplayArea#9
06-19 23:12:53.814  2126  2150 I AGPService: FilterAction mVotePool.size: 2 priority 2600 sceneCode 2600
06-19 23:12:53.814  2126  2150 I AGPService: NotifyExtraPolicyInfoToSF fps: 60, skipCount: 0
06-19 23:12:53.814  2126  2150 I AGPService: SendPolicyByAction isGame 0 sceneCode 2600 priority 2600 lightEnabled 0 fpsHold 0 minFps 60 maxFps 60
06-19 23:12:53.814  1700  2158 I SurfaceFlinger: setDesiredDisplayModeSpecs pid: 2126 AGP-pid: 2126
06-19 23:12:53.818  1696 10605 D AudioPolicyService: getUidState(10070) cacheIter->second.first, return cacheIter->second.second(1)
06-19 23:12:53.818  1696 10605 D AudioPolicyService: getUidState(10046) cacheIter->second.first, return cacheIter->second.second(4)
06-19 23:12:53.819  1696 10605 D AudioPolicyService: getUidState(10046) cacheIter->second.first, return cacheIter->second.second(4)
06-19 23:12:53.819 13974 14097 D IdlingRegistry: Unregistering idling resources: [androidx.compose.ui.test.EspressoLink@ce4cbe6]
06-19 23:12:53.819 19656 19656 E afehal_info: ioctrl_get_frame:[1781932373547][T:1781932373.819731]ioctrl_get_frame 144:ioctrl_get_frame err ret = -1
06-19 23:12:53.819 19656 19656 E afehal_info: get_ioctr_frame:[1781932373547][T:1781932373.819861]get_ioctr_frame 626:ioctrl_get_frame error return NULL
06-19 23:12:53.819 19656 19656 E aptouch_daemon: update_frame, thp_afe_get_frame return nullptr
06-19 23:12:53.834  1700  1700 I CompositionEngine: [applyDeviceCompositionTypeChange] layer [Wallpaper BBQ wrapper#64] apply to client compose
06-19 23:12:53.834  1700  1700 I CompositionEngine: [applyDeviceCompositionTypeChange] layer [com.hihonor.android.launcher/com.hihonor.android.launcher.unihome.UniHomeLauncher#116966] apply to client compose
06-19 23:12:53.834  1700  1700 I CompositionEngine: [applyDeviceCompositionTypeChange] layer [StatusBar#87] apply to client compose
06-19 23:12:53.840 25324 10401 W HianalyticsSDK-1.0.5.303-NewEventSendTask: [HaSdk-com.hihonor.appmarket:25324:601 SourceFile:1 W] data send result=false,time=(0.0.30365,0.23.546979,0.7.193854,0.163.273438,0.48.37343),reqID=2(9bacf5d318ae4c2f84e15e92d25db0d6-20260619231253-2,cedbeafc7843422392882cc6d3c7088f-2-ry_appmarket-0-1-2),eventDesc=(1,1,false,0,0,sendEventRegion=(129746),idsValue=(com.hihonor.appmarket,25324_cache_147),srcDataLen=17647,compressDataLen=10375,response=NetResponse#225242201{code=-103,retrySecond=-1,contentLen=0,spendTime=0.80.390469},collectUrl=(ssss,metrics-dra.dt.hihonorcloud.com),configVersion=2,groupNum=8543,isAutoEventReport=false,reportableState=0,type=0,reportType=2
06-19 23:12:53.846  2361  6404 I SurfaceControl: ~SurfaceControl 0xb4000074e4631490 com.example.testeableapp/com.example.testeableapp.MainActivity#116942
06-19 23:12:53.846  2361  6404 I SurfaceControl: ~SurfaceControl 0xb4000074e4639610 d3c4246 com.example.testeableapp/com.example.testeableapp.MainActivity#116937
06-19 23:12:53.843  2169  2215 I Pged-CGroup: detach pid ok, pid: 17560, path: Group_0855338853
06-19 23:12:53.848  2169  2215 I Pged-CGroup: detach pid ok, pid: 12256, path: Group_1375561588
06-19 23:12:53.848  2169  2215 I Pged-CGroup: detach pid ok, pid: 18308, path: Group_2205990802
06-19 23:12:53.849  1700  1700 I Layer   : [reparent] [com.example.testeableapp/com.example.testeableapp.MainActivity#116942] newParent is null [0xb400007043c0e8b0]
06-19 23:12:53.849  2169  2215 I Pged-CGroup: detach pid ok, pid: 27960, path: Group_3053018818
06-19 23:12:53.849  1700  1700 I Layer   : [reparent] [d3c4246 com.example.testeableapp/com.example.testeableapp.MainActivity#116937] newParent is null [0xb400007043c3bb00]
06-19 23:12:53.849  1700  1700 I Layer   : [setLayer] [bb839a1 Splash Screen com.example.testeableapp.test#116951] setlayer z = 2147483647
06-19 23:12:53.849  4168  5055 D PgedBinderAdapter: unF_Z ok, pid: [29297, 29589, 17560, 12256, 18308, 27960]
06-19 23:12:53.860  2361  3669 I SurfaceControl: ~SurfaceControl 0xb4000074e462c250 Transition Root: Task=350#116970
06-19 23:12:53.861  3575  3712 I BufferQueueProducer: [VRI[test]#5838(BLAST Consumer)5838](id:df7000016da,api:1,p:3575,c:3575) disconnect: api 1
06-19 23:12:53.863  1700  1700 I Layer   : [reparent] [Transition Root: Task=350#116970] newParent is null [0xb400007043cfe280]
06-19 23:12:53.863  1700  1700 I Layer   : ~Layer layername: com.example.testeableapp/com.example.testeableapp.MainActivity#116942 address = 0xb400007043c0e8b0
06-19 23:12:53.863  1700  1700 I SurfaceFlinger: [onLayerDestroyed] [com.example.testeableapp/com.example.testeableapp.MainActivity#116942] address:0xb400007043c0e8b0 has destroyed
06-19 23:12:53.863  1700  1700 I Layer   : ~Layer layername: d3c4246 com.example.testeableapp/com.example.testeableapp.MainActivity#116937 address = 0xb400007043c3bb00
06-19 23:12:53.863  1700  1700 I SurfaceFlinger: [onLayerDestroyed] [d3c4246 com.example.testeableapp/com.example.testeableapp.MainActivity#116937] address:0xb400007043c3bb00 has destroyed
06-19 23:12:53.865  2361  2850 I SurfaceControl: nativeRelease 0xb4000074e45c18f0 count: 2 name: ddc4533 ActivityRecordInputSink com.example.testeableapp.test/androidx.test.core.app.InstrumentationActivityInvoker$EmptyActivity#116958
06-19 23:12:53.868  2361  2850 I SurfaceControl: ~SurfaceControl 0xb4000074e45c18f0 ddc4533 ActivityRecordInputSink com.example.testeableapp.test/androidx.test.core.app.InstrumentationActivityInvoker$EmptyActivity#116958
06-19 23:12:53.879  1700  1700 I Layer   : [reparent] [ddc4533 ActivityRecordInputSink com.example.testeableapp.test/androidx.test.core.app.InstrumentationActivityInvoker$EmptyActivity#116958] newParent is null [0xb400007043c31450]
06-19 23:12:53.879  1700  1700 I SurfaceFlinger: [com.example.testeableapp.test/androidx.test.core.app.InstrumentationActivityInvoker$EmptyActivity#116960] apply visible 0
06-19 23:12:53.879  1700  1700 I SurfaceFlinger: [Splash Screen com.example.testeableapp.test#116952] apply visible 0
06-19 23:12:53.880  1700  1700 I Layer   : ~Layer layername: Transition Root: Task=350#116970 address = 0xb400007043cfe280
06-19 23:12:53.880  1700  1700 I SurfaceFlinger: [onLayerDestroyed] [Transition Root: Task=350#116970] address:0xb400007043cfe280 has destroyed
06-19 23:12:53.883  1700  1700 I CompositionEngine: [applyDeviceCompositionTypeChange] layer [StatusBar#87] apply to client compose
06-19 23:12:53.883  1700  1700 I CompositionEngine: [applyDeviceCompositionTypeChange] layer [NavigationBar0#83] apply to client compose
06-19 23:12:53.883  1700  1700 I CompositionEngine: [applyDeviceCompositionTypeChange] layer [ScreenRecorderTimer#116816] apply to client compose
06-19 23:12:53.886  2361  3223 E AwareLog: CpuProcessInherit: files null
06-19 23:12:53.886 14195 14232 I BufferQueueProducer: [VRI[InstrumentationActivityInvoker$EmptyActivity]#2(BLAST Consumer)2](id:377300000002,api:1,p:14195,c:14195) disconnect: api 1
06-19 23:12:53.887  2361  5312 W RMS.ExitCatch: ExitCatch file notexist /proc/14195/unexpected_die_catch
06-19 23:12:53.887  2361  5312 W RMS.ExitCatch: now ExitCatch is disable in pid =14195 ret = false
06-19 23:12:53.888 10958 16319 E AuthPII : [RequestTokenManager] getToken() -> BAD_AUTHENTICATION. App: com.android.vending, Service: oauth2:https://www.googleapis.com/auth/experimentsandconfigs
06-19 23:12:53.888 10958 16319 E AuthPII : bibz: Long live credential not available.
06-19 23:12:53.888 10958 16319 E AuthPII : 	at ahem.a(:com.google.android.gms@261934029@26.19.34 (190400-919740205):1347)
06-19 23:12:53.888 10958 16319 E AuthPII : 	at ahet.b(:com.google.android.gms@261934029@26.19.34 (190400-919740205):26)
06-19 23:12:53.888 10958 16319 E AuthPII : 	at aher.a(:com.google.android.gms@261934029@26.19.34 (190400-919740205):745)
06-19 23:12:53.888 10958 16319 E AuthPII : 	at aheq.b(:com.google.android.gms@261934029@26.19.34 (190400-919740205):151)
06-19 23:12:53.888 10958 16319 E AuthPII : 	at aasn.d(:com.google.android.gms@261934029@26.19.34 (190400-919740205):800)
06-19 23:12:53.888 10958 16319 E AuthPII : 	at agyd.getAuthToken(:com.google.android.gms@261934029@26.19.34 (190400-919740205):411)
06-19 23:12:53.888 10958 16319 E AuthPII : 	at android.accounts.AbstractAccountAuthenticator$Transport.getAuthToken(AbstractAccountAuthenticator.java:251)
06-19 23:12:53.888 10958 16319 E AuthPII : 	at android.accounts.IAccountAuthenticator$Stub.onTransact(IAccountAuthenticator.java:253)
06-19 23:12:53.888 10958 16319 E AuthPII : 	at android.os.Binder.transact(Binder.java:1202)
06-19 23:12:53.888 10958 16319 E AuthPII : 	at cntj.onTransact(:com.google.android.gms@261934029@26.19.34 (190400-919740205):12)
06-19 23:12:53.888 10958 16319 E AuthPII : 	at android.os.Binder.transact(Binder.java:1202)
06-19 23:12:53.888 10958 16319 E AuthPII : 	at cazt.onTransact(:com.google.android.gms@261934029@26.19.34 (190400-919740205):169)
06-19 23:12:53.888 10958 16319 E AuthPII : 	at android.os.Binder.execTransactInternal(Binder.java:1371)
06-19 23:12:53.888 10958 16319 E AuthPII : 	at android.os.Binder.execTransact(Binder.java:1310)
06-19 23:12:53.888  3575  3575 W ForegroundObserver:  onForegroundProgress change packageName:[com.example.testeableapp.test]isForeground:false
06-19 23:12:53.888 10958 16319 E AuthPII : Message is Long live credential not available.
06-19 23:12:53.888 10958 16319 E AuthPII : bibz: Long live credential not available.
06-19 23:12:53.888 10958 16319 E AuthPII : 	at ahem.a(:com.google.android.gms@261934029@26.19.34 (190400-919740205):1347)
06-19 23:12:53.888 10958 16319 E AuthPII : 	at ahet.b(:com.google.android.gms@261934029@26.19.34 (190400-919740205):26)
06-19 23:12:53.888 10958 16319 E AuthPII : 	at aher.a(:com.google.android.gms@261934029@26.19.34 (190400-919740205):745)
06-19 23:12:53.888 10958 16319 E AuthPII : 	at aheq.b(:com.google.android.gms@261934029@26.19.34 (190400-919740205):151)
06-19 23:12:53.888 10958 16319 E AuthPII : 	at aasn.d(:com.google.android.gms@261934029@26.19.34 (190400-919740205):800)
06-19 23:12:53.888 10958 16319 E AuthPII : 	at agyd.getAuthToken(:com.google.android.gms@261934029@26.19.34 (190400-919740205):411)
06-19 23:12:53.888 10958 16319 E AuthPII : 	at android.accounts.AbstractAccountAuthenticator$Transport.getAuthToken(AbstractAccountAuthenticator.java:251)
06-19 23:12:53.888 10958 16319 E AuthPII : 	at android.accounts.IAccountAuthenticator$Stub.onTransact(IAccountAuthenticator.java:253)
06-19 23:12:53.888 10958 16319 E AuthPII : 	at android.os.Binder.transact(Binder.java:1202)
06-19 23:12:53.888 10958 16319 E AuthPII : 	at cntj.onTransact(:com.google.android.gms@261934029@26.19.34 (190400-919740205):12)
06-19 23:12:53.888 10958 16319 E AuthPII : 	at android.os.Binder.transact(Binder.java:1202)
06-19 23:12:53.888 10958 16319 E AuthPII : 	at cazt.onTransact(:com.google.android.gms@261934029@26.19.34 (190400-919740205):169)
06-19 23:12:53.888 10958 16319 E AuthPII : 	at android.os.Binder.execTransactInternal(Binder.java:1371)
06-19 23:12:53.888 10958 16319 E AuthPII : 	at android.os.Binder.execTransact(Binder.java:1310)
06-19 23:12:53.890  1617 13041 I sensors-hal: handle_sns_std_sensor_event:275, ambient_light_event: ts=739197087291473, lux = 0, raw_adc=176, raw_2=320
06-19 23:12:53.891  1629  1831 D vendor.honor.hardware.aoservice@1.0-service: [AO_SVC] (reopen_timer_handler:50):enter reopen handler
06-19 23:12:53.893  3575  3698 I SurfaceControl: nativeRelease 0xb4000074e4631d50 count: 2 name: Splash Screen com.example.testeableapp.test#116952
06-19 23:12:53.893  3575  3698 I BufferQueueConsumer: [VRI[test]#5838(BLAST Consumer)5838](id:df7000016da,api:0,p:-1,c:3575) disconnect
06-19 23:12:53.893  2126  6007 D ITouchService: itouch currentPackageName = com.example.testeableapp.test
06-19 23:12:53.894  2126  6007 D ITouchService: itouch appType=-1 appState=0 gameMode=1
06-19 23:12:53.894  2126  6007 D ITouchService: itouchReaderMonitor empty
06-19 23:12:53.894  2126  6007 D ITouchService: g_itouch_reader_monitor Monitor::IsReaderMonitorEnable()=0
06-19 23:12:53.894  2126  6007 D ITouchService: itouch getCurrentParmID tempPkg=com.example.testeableapp.xxx
06-19 23:12:53.894  2126  6007 D ITouchService: itouch:app com.example.testeableapp.test is  not game app
06-19 23:12:53.894  2126  6007 D ITouchService: itouch:app com.example.testeableapp.test is  not in StylusPenList
06-19 23:12:53.894  2126  6007 D ITouchService: itouch:styluspen_switch is disable
06-19 23:12:53.894  2126  6007 D ITouchService: itouch:currentAppTypeName =|UNKNOWN|
06-19 23:12:53.895  3575  3698 I SurfaceControl: ~SurfaceControl 0xb4000074e4631d50 Splash Screen com.example.testeableapp.test#116952
06-19 23:12:53.896  3575  3698 W WindowOnBackDispatcher: sendCancelIfRunning: isInProgress=falsecallback=android.view.ViewRootImpl$$ExternalSyntheticLambda20@999d1d6
06-19 23:12:53.897 13974 13974 I SurfaceControl: nativeRelease 0xb4000074e459e810 count: 1 name: Surface(name=559ceab InputMethod)/@0x9d6dd52 - animation-leash of insets_animation#116947
06-19 23:12:53.897 13974 13974 I SurfaceControl: ~SurfaceControl 0xb4000074e459e810 Surface(name=559ceab InputMethod)/@0x9d6dd52 - animation-leash of insets_animation#116947
06-19 23:12:53.900  2126  6007 W ITouchService: itouch DirectDeliverManager:checkDirectDeliverState game list is empty & not support TouchEnhance.
06-19 23:12:53.900  2126  6007 I IPCThreadState: oneway function results for code 11 on binder at 0xb40000722b9548c0 will be dropped but finished with status UNKNOWN_TRANSACTION
06-19 23:12:53.903 13974 13974 I InputMethodManager: handleMessage: MSG_SET_ACTIVE false, was true
06-19 23:12:53.903 13974 13974 I InputMethodManager: handleMessage: MSG_UNBIND 10590 reason=SWITCH_CLIENT
06-19 23:12:53.903 13974 13974 V InputMethodManager: Clearing all accessibility bindings
06-19 23:12:53.903 13974 13974 V InputMethodManager: Clearing binding!
06-19 23:12:53.903  1700  1700 I Layer   : ~Layer layername: ddc4533 ActivityRecordInputSink com.example.testeableapp.test/androidx.test.core.app.InstrumentationActivityInvoker$EmptyActivity#116958 address = 0xb400007043c31450
06-19 23:12:53.903  1700  1700 I SurfaceFlinger: [onLayerDestroyed] [ddc4533 ActivityRecordInputSink com.example.testeableapp.test/androidx.test.core.app.InstrumentationActivityInvoker$EmptyActivity#116958] address:0xb400007043c31450 has destroyed
06-19 23:12:53.904  1700  1700 I Layer   : ~Layer layername: Surface(name=559ceab InputMethod)/@0x9d6dd52 - animation-leash of insets_animation#116947 address = 0xb400007043c655c0
06-19 23:12:53.904  1700  1700 I SurfaceFlinger: [onLayerDestroyed] [Surface(name=559ceab InputMethod)/@0x9d6dd52 - animation-leash of insets_animation#116947] address:0xb400007043c655c0 has destroyed
06-19 23:12:53.906  1700  1700 I CompositionEngine: [applyDeviceCompositionTypeChange] layer [Wallpaper BBQ wrapper#64] apply to client compose
06-19 23:12:53.906  1700  1700 I CompositionEngine: [applyDeviceCompositionTypeChange] layer [com.hihonor.android.launcher/com.hihonor.android.launcher.unihome.UniHomeLauncher#116966] apply to client compose
06-19 23:12:53.915 13974 14097 I TestRunner: finished: totalGeneral_seActualizaAlAgregarItems(com.example.testeableapp.RestaurantOrderTest)
