06-19 23:12:54.824 19656 19656 E afehal_info: tp_check_scan_rate_scan_freq:[1781932374824][T:1781932374.824865]tp_check_scan_rate_scan_freq 505:invalued_scan_rate_or_freq = true scan_freq = 103
06-19 23:12:54.824 19656 19656 E afehal_info: vendor_parse_ioctrl_frame:[1781932374824][T:1781932374.824912]vendor_parse_ioctrl_frame 1026:get scan_rate = 240
06-19 23:12:54.824 19656 19656 E afehal_info: tp_check_scan_rate_scan_freq:[1781932374824][T:1781932374.824934]tp_check_scan_rate_scan_freq 495:invalued_scan_rate_or_freq = true scan_rate = 240
06-19 23:12:54.824 19656 19656 E afehal_info: tp_check_scan_rate_scan_freq:[1781932374824][T:1781932374.824955]tp_check_scan_rate_scan_freq 505:invalued_scan_rate_or_freq = true scan_freq = 103
06-19 23:12:54.829  1700  1891 I SurfaceControl: SurfaceControl 0xb400006f63b0a210 Surface(name=69fffd0 NavigationBar0)/@0xc4b2e34 - animation-leash of insets_animation#116993
06-19 23:12:54.829  1700  1891 I SurfaceControl: SurfaceControl 0xb400006f63b2cf70 Surface(name=17e14ef StatusBar)/@0x4a2b91e - animation-leash of insets_animation#116994
06-19 23:12:54.830  2361  2850 I SurfaceControl: ~SurfaceControl 0xb4000074e45c67b0 Surface(name=69fffd0 NavigationBar0)/@0xc4b2e34 - animation-leash of insets_animation#116986
06-19 23:12:54.830  2361  2850 I SurfaceControl: ~SurfaceControl 0xb4000074e45c18f0 Surface(name=17e14ef StatusBar)/@0x4a2b91e - animation-leash of insets_animation#116987
06-19 23:12:54.830  1696  2197 D AudioFlinger: setParameters(): io 0, keyvalue volume_index_hp=0, calling pid 1696 calling uid 1041
06-19 23:12:54.831  1696  2197 I xisten_mobile: SwsParamsSetInt:1039: Param 46 is set to 0
06-19 23:12:54.831  1696  2197 W xisten_mobile: SwsParamsSetInt:1117: Invalid param 46 0
06-19 23:12:54.831 13974 14544 I SurfaceControl: SurfaceControl 0xb4000074e459a4b0 Surface(name=69fffd0 NavigationBar0)/@0xc4b2e34 - animation-leash of insets_animation#116993
06-19 23:12:54.831 13974 14544 I SurfaceControl: SurfaceControl 0xb4000074e459bc50 Surface(name=17e14ef StatusBar)/@0x4a2b91e - animation-leash of insets_animation#116994
06-19 23:12:54.831  3575  3698 I SurfaceControl: nativeRelease 0xb4000074e45c9990 count: 1 name: Surface(name=69fffd0 NavigationBar0)/@0xc4b2e34 - animation-leash of insets_animation#116986
06-19 23:12:54.831  3575  3698 I SurfaceControl: ~SurfaceControl 0xb4000074e45c9990 Surface(name=69fffd0 NavigationBar0)/@0xc4b2e34 - animation-leash of insets_animation#116986
06-19 23:12:54.831  1623 30185 E pal_cust: pal_cust_set_cts_state 255: get value failed
06-19 23:12:54.831  1623 30185 E pal_cust: pal_cust_set_voip_vol_index 360: get value failed
06-19 23:12:54.832  3575  3698 I SurfaceControl: nativeRelease 0xb4000074e45bd050 count: 1 name: Surface(name=17e14ef StatusBar)/@0x4a2b91e - animation-leash of insets_animation#116987
06-19 23:12:54.832  3575  3698 I SurfaceControl: ~SurfaceControl 0xb4000074e45bd050 Surface(name=17e14ef StatusBar)/@0x4a2b91e - animation-leash of insets_animation#116987
06-19 23:12:54.833  1696  2197 I power   : release wakelock: ApmAudio
06-19 23:12:54.833  1696 10594 I APM_AudioPolicyManager: setVolumeIndexForAttributes: attributes={ Content type: AUDIO_CONTENT_TYPE_UNKNOWN Usage: AUDIO_USAGE_MEDIA Source: AUDIO_SOURCE_INVALID Flags: 0x0 Tags:  } index=0 device=0x4
06-19 23:12:54.835  1011  3503 I android.system.suspend-service: incSuspendCounter++ success,name:ApmOutput mUseSuspendCounter:1 mSuspendCounter:4: Success
06-19 23:12:54.836  1011 12429 I android.system.suspend-service: decSuspendCounter-- success,name:ApmAudio mUseSuspendCounter:1 mSuspendCounter:5: Success
06-19 23:12:54.836  1696 10594 I power   : acquire wakelock: ApmOutput
06-19 23:12:54.837  2361  3167 I AudioSystem: setStreamVolumeIndexAS: stream=3 dev=20 idx=3 uid=10046
06-19 23:12:54.837  1696  2198 I power   : release wakelock: ApmOutput
06-19 23:12:54.838  1011  3503 I android.system.suspend-service: decSuspendCounter-- success,name:ApmOutput mUseSuspendCounter:1 mSuspendCounter:4: Success
06-19 23:12:54.838  1696  3169 I APM_AudioPolicyManager: setStreamVolumeIndex() stream 3, device 0x0020, index 3
06-19 23:12:54.838  1696  3169 I APM_AudioPolicyManager: setVolumeIndexForAttributes: attributes={ Content type: AUDIO_CONTENT_TYPE_UNKNOWN Usage: AUDIO_USAGE_MEDIA Source: AUDIO_SOURCE_INVALID Flags: 0x0 Tags:  } index=3 device=0x20
06-19 23:12:54.839  1011  1021 I android.system.suspend-service: incSuspendCounter++ success,name:ApmOutput mUseSuspendCounter:1 mSuspendCounter:3: Success
06-19 23:12:54.840  1696  3169 I power   : acquire wakelock: ApmOutput
06-19 23:12:54.841 19656 19656 E afehal_info: tp_check_scan_rate_scan_freq:[1781932374841][T:1781932374.841639]tp_check_scan_rate_scan_freq 495:invalued_scan_rate_or_freq = true scan_rate = 240
06-19 23:12:54.841 19656 19656 E afehal_info: tp_check_scan_rate_scan_freq:[1781932374841][T:1781932374.841756]tp_check_scan_rate_scan_freq 505:invalued_scan_rate_or_freq = true scan_freq = 103
06-19 23:12:54.841 19656 19656 E afehal_info: vendor_parse_ioctrl_frame:[1781932374841][T:1781932374.841804]vendor_parse_ioctrl_frame 1026:get scan_rate = 240
06-19 23:12:54.841 19656 19656 E afehal_info: tp_check_scan_rate_scan_freq:[1781932374841][T:1781932374.841826]tp_check_scan_rate_scan_freq 495:invalued_scan_rate_or_freq = true scan_rate = 240
06-19 23:12:54.841 19656 19656 E afehal_info: tp_check_scan_rate_scan_freq:[1781932374841][T:1781932374.841844]tp_check_scan_rate_scan_freq 505:invalued_scan_rate_or_freq = true scan_freq = 103
06-19 23:12:54.842  2361  3167 I AudioSystem: setStreamVolumeIndexAS: stream=3 dev=80 idx=13 uid=10046
06-19 23:12:54.843  1696  8751 I APM_AudioPolicyManager: setStreamVolumeIndex() stream 3, device 0x0080, index 13
06-19 23:12:54.843  1700  1700 I Layer   : [setLayer] [d86d55 Splash Screen com.example.testeableapp#116981] setlayer z = 2147483647
06-19 23:12:54.843  1700  1700 I Layer   : [reparent] [Surface(name=69fffd0 NavigationBar0)/@0xc4b2e34 - animation-leash of insets_animation#116986] newParent is null [0xb400007043aee500]
06-19 23:12:54.843  1696  2198 I power   : release wakelock: ApmOutput
06-19 23:12:54.844  1700  1700 I Layer   : [reparent] [Surface(name=17e14ef StatusBar)/@0x4a2b91e - animation-leash of insets_animation#116987] newParent is null [0xb400007043bbb330]
06-19 23:12:54.844  1011 12429 I android.system.suspend-service: incSuspendCounter++ success,name:ApmAudio mUseSuspendCounter:1 mSuspendCounter:4: Success
06-19 23:12:54.845  1700  1700 I SurfaceControl: ~SurfaceControl 0xb400006f63b2cf70 Surface(name=17e14ef StatusBar)/@0x4a2b91e - animation-leash of insets_animation#116994
06-19 23:12:54.845  1700  1700 I SurfaceControl: ~SurfaceControl 0xb400006f63b0a210 Surface(name=69fffd0 NavigationBar0)/@0xc4b2e34 - animation-leash of insets_animation#116993
06-19 23:12:54.845  1696  8751 I power   : acquire wakelock: ApmAudio
06-19 23:12:54.846  1696  2197 D AudioFlinger: setParameters(): io 0, keyvalue volume_index_bt=13, calling pid 1696 calling uid 1041
06-19 23:12:54.846  1696  2197 I xisten_mobile: SwsParamsSetInt:1039: Param 47 is set to 13
06-19 23:12:54.846  1696  2197 W xisten_mobile: SwsParamsSetInt:1117: Invalid param 47 13
06-19 23:12:54.847  2361  6379 I InputDispatcher: setFocusedWindow receiveTime step 1 :350787935ms receiveTime step 2 :350787935ms receiveTime step 3 :0ms
06-19 23:12:54.847  1623 30185 E pal_cust: pal_cust_set_cts_state 255: get value failed
06-19 23:12:54.847  1623 30185 E pal_cust: pal_cust_set_voip_vol_index 360: get value failed
06-19 23:12:54.849  1696  2197 I power   : release wakelock: ApmAudio
06-19 23:12:54.850  1696  8751 I APM_AudioPolicyManager: setVolumeIndexForAttributes: attributes={ Content type: AUDIO_CONTENT_TYPE_UNKNOWN Usage: AUDIO_USAGE_MEDIA Source: AUDIO_SOURCE_INVALID Flags: 0x0 Tags:  } index=13 device=0x80
06-19 23:12:54.851  1011 12429 I android.system.suspend-service: decSuspendCounter-- success,name:ApmAudio mUseSuspendCounter:1 mSuspendCounter:5: Success
06-19 23:12:54.852  1011  3503 I android.system.suspend-service: incSuspendCounter++ success,name:ApmOutput mUseSuspendCounter:1 mSuspendCounter:4: Success
06-19 23:12:54.853  1011  3460 I android.system.suspend-service: decSuspendCounter-- success,name:ApmOutput mUseSuspendCounter:1 mSuspendCounter:5: Success
06-19 23:12:54.853  1696  8751 I power   : acquire wakelock: ApmOutput
06-19 23:12:54.853  2361  3167 I AudioSystem: setStreamVolumeIndexAS: stream=3 dev=8000 idx=16 uid=10046
06-19 23:12:54.853  1011  1021 I android.system.suspend-service: decSuspendCounter-- success,name:ApmOutput mUseSuspendCounter:1 mSuspendCounter:4: Success
06-19 23:12:54.854  1696  2198 I power   : release wakelock: ApmOutput
06-19 23:12:54.854  1696  3169 I APM_AudioPolicyManager: setStreamVolumeIndex() stream 3, device 0x8000, index 16
06-19 23:12:54.854  1696  3169 I APM_AudioPolicyManager: setVolumeIndexForAttributes: attributes={ Content type: AUDIO_CONTENT_TYPE_UNKNOWN Usage: AUDIO_USAGE_MEDIA Source: AUDIO_SOURCE_INVALID Flags: 0x0 Tags:  } index=16 device=0x8000
06-19 23:12:54.855  1011  1021 I android.system.suspend-service: incSuspendCounter++ success,name:ApmOutput mUseSuspendCounter:1 mSuspendCounter:3: Success
06-19 23:12:54.855  1696 13468 W AudioFlinger: RecordThread: buffer overflow
06-19 23:12:54.856  1696  3169 I power   : acquire wakelock: ApmOutput
06-19 23:12:54.856  1696  2198 I power   : release wakelock: ApmOutput
06-19 23:12:54.857  1011  3503 I android.system.suspend-service: decSuspendCounter-- success,name:ApmOutput mUseSuspendCounter:1 mSuspendCounter:4: Success
06-19 23:12:54.858 19656 19656 E afehal_info: tp_check_scan_rate_scan_freq:[1781932374857][T:1781932374.858068]tp_check_scan_rate_scan_freq 495:invalued_scan_rate_or_freq = true scan_rate = 240
06-19 23:12:54.858 19656 19656 E afehal_info: tp_check_scan_rate_scan_freq:[1781932374857][T:1781932374.858140]tp_check_scan_rate_scan_freq 505:invalued_scan_rate_or_freq = true scan_freq = 103
06-19 23:12:54.857  2361  3167 I AudioSystem: setStreamVolumeIndexAS: stream=3 dev=4000000 idx=4 uid=10046
06-19 23:12:54.858 19656 19656 E afehal_info: vendor_parse_ioctrl_frame:[1781932374857][T:1781932374.858337]vendor_parse_ioctrl_frame 1026:get scan_rate = 240
06-19 23:12:54.858 19656 19656 E afehal_info: tp_check_scan_rate_scan_freq:[1781932374857][T:1781932374.858391]tp_check_scan_rate_scan_freq 495:invalued_scan_rate_or_freq = true scan_rate = 240
06-19 23:12:54.858 19656 19656 E afehal_info: tp_check_scan_rate_scan_freq:[1781932374857][T:1781932374.858416]tp_check_scan_rate_scan_freq 505:invalued_scan_rate_or_freq = true scan_freq = 103
06-19 23:12:54.858  1696  8751 I APM_AudioPolicyManager: setStreamVolumeIndex() stream 3, device 0x4000000, index 4
06-19 23:12:54.858  1011 26625 I android.system.suspend-service: incSuspendCounter++ success,name:ApmAudio mUseSuspendCounter:1 mSuspendCounter:3: Success
06-19 23:12:54.859  1696  8751 I power   : acquire wakelock: ApmAudio
06-19 23:12:54.859  1696  2197 D AudioFlinger: setParameters(): io 0, keyvalue volume_index_hp=4, calling pid 1696 calling uid 1041
06-19 23:12:54.859  1696  2197 I xisten_mobile: SwsParamsSetInt:1039: Param 46 is set to 4
06-19 23:12:54.859  1696  2197 W xisten_mobile: SwsParamsSetInt:1117: Invalid param 46 4
06-19 23:12:54.860  1700  1700 I Layer   : ~Layer layername: Surface(name=69fffd0 NavigationBar0)/@0xc4b2e34 - animation-leash of insets_animation#116986 address = 0xb400007043aee500
06-19 23:12:54.860  1700  1700 I SurfaceFlinger: [onLayerDestroyed] [Surface(name=69fffd0 NavigationBar0)/@0xc4b2e34 - animation-leash of insets_animation#116986] address:0xb400007043aee500 has destroyed
06-19 23:12:54.860  1700  1700 I Layer   : ~Layer layername: Surface(name=17e14ef StatusBar)/@0x4a2b91e - animation-leash of insets_animation#116987 address = 0xb400007043bbb330
06-19 23:12:54.860  1623 30185 E pal_cust: pal_cust_set_cts_state 255: get value failed
06-19 23:12:54.860  1623 30185 E pal_cust: pal_cust_set_voip_vol_index 360: get value failed
06-19 23:12:54.860  1700  1700 I SurfaceFlinger: [onLayerDestroyed] [Surface(name=17e14ef StatusBar)/@0x4a2b91e - animation-leash of insets_animation#116987] address:0xb400007043bbb330 has destroyed
06-19 23:12:54.861  1696  8751 I APM_AudioPolicyManager: setVolumeIndexForAttributes: attributes={ Content type: AUDIO_CONTENT_TYPE_UNKNOWN Usage: AUDIO_USAGE_MEDIA Source: AUDIO_SOURCE_INVALID Flags: 0x0 Tags:  } index=4 device=0x4000000
06-19 23:12:54.861  1696  2197 I power   : release wakelock: ApmAudio
06-19 23:12:54.863  1680 27081 W C2BqBuffer: last successful dequeue was 2458384311 us ago, 21058 consecutive failures
06-19 23:12:54.863  1011  3503 I android.system.suspend-service: decSuspendCounter-- success,name:ApmAudio mUseSuspendCounter:1 mSuspendCounter:4: Success
06-19 23:12:54.864  1011 26625 I android.system.suspend-service: incSuspendCounter++ success,name:ApmOutput mUseSuspendCounter:1 mSuspendCounter:3: Success
06-19 23:12:54.865  1696  8751 I power   : acquire wakelock: ApmOutput
06-19 23:12:54.865  1696  2198 I power   : release wakelock: ApmOutput
06-19 23:12:54.865  2361  3167 I AudioSystem: setStreamVolumeIndexAS: stream=3 dev=40000000 idx=5 uid=10046
06-19 23:12:54.865  1011 26625 I android.system.suspend-service: decSuspendCounter-- success,name:ApmOutput mUseSuspendCounter:1 mSuspendCounter:4: Success
06-19 23:12:54.865  1696  3169 I APM_AudioPolicyManager: setStreamVolumeIndex() stream 3, device 0x40000000, index 5
06-19 23:12:54.865  1696  3169 I APM_AudioPolicyManager: setVolumeIndexForAttributes: attributes={ Content type: AUDIO_CONTENT_TYPE_UNKNOWN Usage: AUDIO_USAGE_MEDIA Source: AUDIO_SOURCE_INVALID Flags: 0x0 Tags:  } index=5 device=0x40000000
06-19 23:12:54.866  1011  1021 I android.system.suspend-service: incSuspendCounter++ success,name:ApmOutput mUseSuspendCounter:1 mSuspendCounter:3: Success
06-19 23:12:54.866  1696  3169 I power   : acquire wakelock: ApmOutput
06-19 23:12:54.866  1696  2198 I power   : release wakelock: ApmOutput
06-19 23:12:54.866  1011  1021 I android.system.suspend-service: decSuspendCounter-- success,name:ApmOutput mUseSuspendCounter:1 mSuspendCounter:4: Success
06-19 23:12:54.866 13346 13481 E AudioRecord: setBlueToothScoState sco record not support audiosource 8
06-19 23:12:54.867  1623 30185 I BTAudioHw: adev_get_parameters: keys=[va_concurrent_record_list]
06-19 23:12:54.868 13346 13481 I AudioRecord: [setVaConcurrentRecord]isVaConcurrentRecord = false
06-19 23:12:54.874 19656 19656 E afehal_info: tp_check_scan_rate_scan_freq:[1781932374874][T:1781932374.874688]tp_check_scan_rate_scan_freq 495:invalued_scan_rate_or_freq = true scan_rate = 240
06-19 23:12:54.874 19656 19656 E afehal_info: tp_check_scan_rate_scan_freq:[1781932374874][T:1781932374.874798]tp_check_scan_rate_scan_freq 505:invalued_scan_rate_or_freq = true scan_freq = 103
06-19 23:12:54.874 19656 19656 E afehal_info: vendor_parse_ioctrl_frame:[1781932374874][T:1781932374.874842]vendor_parse_ioctrl_frame 1026:get scan_rate = 240
06-19 23:12:54.874 19656 19656 E afehal_info: tp_check_scan_rate_scan_freq:[1781932374874][T:1781932374.874866]tp_check_scan_rate_scan_freq 495:invalued_scan_rate_or_freq = true scan_rate = 240
06-19 23:12:54.874 19656 19656 E afehal_info: tp_check_scan_rate_scan_freq:[1781932374874][T:1781932374.874885]tp_check_scan_rate_scan_freq 505:invalued_scan_rate_or_freq = true scan_freq = 103
06-19 23:12:54.877  1696 13468 D audioserver: FGS Logger Transaction failed
06-19 23:12:54.877  1696 13468 D audioserver: -129
06-19 23:12:54.878  1623  3959 I r_submix: in_standby()
06-19 23:12:54.879  1696 19314 I AF::RecordTrack: stop input session(90393) pid(13346)
06-19 23:12:54.880  1696 19314 I ServiceUtilities: finishDataDelivery, opCode = 106
06-19 23:12:54.880  1696 19314 I APM_AudioPolicyManager: stopInput portId 11732
06-19 23:12:54.880  1696 19314 I APM_AudioPolicyManager: stopInput input:1206, session:90393, uid:10046
06-19 23:12:54.880  1696 19314 I APM::AudioInputDescriptor: setClientActive(uid:10046, session:90393, state:1, silenced:0 active:0 shouldUpdateConfig:0)
06-19 23:12:54.880  1696 19314 V APM::AudioInputDescriptor: updateClientRecordingConfiguration riid 84679 uid 10046 port 11732 session 90393 event 1
06-19 23:12:54.881  1696 19314 I APM::AudioInputDescriptor: stop, input handle 1206, profile name: -676772565:ap:24mixp:0, curActiveCount: 0
06-19 23:12:54.881  1696 19314 W RefBase : RefBase: Explicit destruction, weak count = 0 (in 0x734fbece60). Use sp<> to manage this object.
06-19 23:12:54.881  1696 19314 W RefBase : CallStack::getCurrentInternal not linked, returning null
06-19 23:12:54.881  1696 19314 W RefBase : CallStack::logStackInternal not linked
06-19 23:12:54.881  1696 19314 I APM_AudioPolicyManager: setDeviceConnectionStateInt() device: 0x8000, state 0, name remote-submix format 0x0
06-19 23:12:54.882  1623 30185 E pal_cust: pal_cust_set_cts_state 255: get value failed
06-19 23:12:54.882  1623 30185 E pal_cust: pal_cust_set_voip_vol_index 360: get value failed
06-19 23:12:54.882  1623 30185 I PAL: ResourceManager: setParameter: 8804: Device 0 connected = 0
06-19 23:12:54.882  1623 30185 E PAL: ResourceManager: handleDeviceConnectionChange: 9951: Invalid operation, Device 0, connection state 0, device avalibilty 0
06-19 23:12:54.882  1623 30185 I AHAL: AudioDevice: SetParameters: 1794: pal set param sucess for device disconnect
06-19 23:12:54.882  1617 13041 I sensors-hal: handle_sns_std_sensor_event:275, ambient_light_event: ts=739198083303400, lux = 0, raw_adc=160, raw_2=320
06-19 23:12:54.882  1696 19314 I APM_AudioPolicyManager: setDeviceConnectionStateInt() disconnecting output device AUDIO_DEVICE_OUT_REMOTE_SUBMIX, @:-676772565:ap:24mixp:0 indexs 2
06-19 23:12:54.884  4168  4848 I PGAudioState: AUDIO_REMOVE_ACTIVE_TRACK, trackId : 11422
06-19 23:12:54.884  7142  7283 E fb4a.msys: E[N 1283]errorHandlerDispatched(198)=>262/1283/3347/-1
06-19 23:12:54.884  4168  4848 I PGAudioState: remove track from active, mTrackMap, 11422
06-19 23:12:54.884  1696 13468 I AudioFlinger: releaseWakeLock_l() AudioIn_4B6 mPowerManager(1) status 0 mWakeLockToken 0xb40000739a024750
06-19 23:12:54.884  4168  4848 I PGServer: report state:1 event type:2 pid:13346 uid:10046 pkg:null to pid: 2361
06-19 23:12:54.884  4168  4848 I PGServer: report state:1 event type:2 pid:13346 uid:10046 pkg:null to pid: 4183
06-19 23:12:54.884  1696 13468 I asd_out_fwk: threadStop mute_FrameCount 1006
06-19 23:12:54.884  4168  4848 I PGServer: report state:1 event type:2 pid:13346 uid:10046 pkg:null to pid: 4168
06-19 23:12:54.884  4183 23886 I Hicom_Monitor: exit Audio event, del uid: 10046 from mAudioUidSet
06-19 23:12:54.884  4168  4848 D PGAudioState: audio type:in state:stop pid:13346 uid:10046
06-19 23:12:54.884  4168  4848 I DeviceMonitor: Remove AudioIn uid:10046
06-19 23:12:54.884  4168  4848 I DeviceMonitor: last release audio in uid:10046 pid:-2
06-19 23:12:54.885  4168  4848 E AppInfoMgr: not find pkgs by uid: 1041
06-19 23:12:54.885  7142  7258 E fb4a.msys: E[N dgw]operator()(129)=>TunnelRetriableNetworkLayer_removeRequest pendingRequest not found
06-19 23:12:54.886  7142  7283 E fb4a.msys: E[N WCCConnectionMEM]_WCCConnectionMEMLifecycleEventHandler(2184)=>[INFO] connection/xmpp/lifecycle_event/did-connect, [0.1736s]
06-19 23:12:54.886  4168  4848 E AppInfoMgr: not find pkgs by uid: 1041
06-19 23:12:54.886  1011  3503 I android.system.suspend-service: incSuspendCounter++ success,name:ApmAudio mUseSuspendCounter:1 mSuspendCounter:3: Success
06-19 23:12:54.887  1696 19314 I power   : acquire wakelock: ApmAudio
06-19 23:12:54.887  1696 13469 I AudioFlinger: thread 0xb4000075843d20b0 type 0 TID 13469 waking up
06-19 23:12:54.888  1696 13469 I AudioFlinger: acquireWakeLock_l() AudioOut_385 status 0 mWakeLockToken 0xb40000739a027510
06-19 23:12:54.888  1696 13469 D AudioFlinger: ro.audio.silent will be ignored for threads on AUDIO_DEVICE_OUT_REMOTE_SUBMIX
06-19 23:12:54.890  1696  2197 I power   : release wakelock: ApmAudio
06-19 23:12:54.891  1011 26625 I android.system.suspend-service: incSuspendCounter++ success,name:ApmOutput mUseSuspendCounter:1 mSuspendCounter:4: Success
06-19 23:12:54.891  1011  3460 I android.system.suspend-service: decSuspendCounter-- success,name:ApmAudio mUseSuspendCounter:1 mSuspendCounter:5: Success
06-19 23:12:54.891 19656 19656 E afehal_info: tp_check_scan_rate_scan_freq:[1781932374891][T:1781932374.891765]tp_check_scan_rate_scan_freq 495:invalued_scan_rate_or_freq = true scan_rate = 240
06-19 23:12:54.891 19656 19656 E afehal_info: tp_check_scan_rate_scan_freq:[1781932374891][T:1781932374.891834]tp_check_scan_rate_scan_freq 505:invalued_scan_rate_or_freq = true scan_freq = 103
06-19 23:12:54.891 19656 19656 E afehal_info: vendor_parse_ioctrl_frame:[1781932374891][T:1781932374.891873]vendor_parse_ioctrl_frame 1026:get scan_rate = 240
06-19 23:12:54.891 19656 19656 E afehal_info: tp_check_scan_rate_scan_freq:[1781932374891][T:1781932374.891893]tp_check_scan_rate_scan_freq 495:invalued_scan_rate_or_freq = true scan_rate = 240
06-19 23:12:54.891 19656 19656 E afehal_info: tp_check_scan_rate_scan_freq:[1781932374891][T:1781932374.891913]tp_check_scan_rate_scan_freq 505:invalued_scan_rate_or_freq = true scan_freq = 103
06-19 23:12:54.892  1696 19314 I power   : acquire wakelock: ApmOutput
06-19 23:12:54.893  1011  1021 I android.system.suspend-service: incSuspendCounter++ success,name:ApmAudio mUseSuspendCounter:1 mSuspendCounter:4: Success
06-19 23:12:54.893  1696 19314 I power   : acquire wakelock: ApmAudio
06-19 23:12:54.893  1629  1831 D vendor.honor.hardware.aoservice@1.0-service: [AO_SVC] (reopen_timer_handler:50):enter reopen handler
06-19 23:12:54.893  1696  2197 D AudioFlinger: setParameters(): io 901, keyvalue closing=true, calling pid 1696 calling uid 1041
06-19 23:12:54.894  1696 19314 I AudioFlinger: closeOutput() 901
06-19 23:12:54.894  1696  2197 I power   : release wakelock: ApmAudio
06-19 23:12:54.894  1011 26625 I android.system.suspend-service: decSuspendCounter-- success,name:ApmAudio mUseSuspendCounter:1 mSuspendCounter:5: Success
06-19 23:12:54.895  7142  7283 E fb4a.msys: E[N WCCConnectionMEM]_WCCConnectionMEMLifecycleEventHandler(2184)=>[INFO] connection/xmpp/lifecycle_event/did-send-initial-payload, [0.0091s]
06-19 23:12:54.897  1623  3959 D r_submix: out_set_parameters(): shutting down MonoPipe sink
06-19 23:12:54.897  1696 19314 I AudioFlinger:  PlaybackThread preExit stil has track ,Tracks size : 7, ActiveTracks size : 0
06-19 23:12:54.898  1696  2198 I power   : release wakelock: ApmOutput
06-19 23:12:54.900  4168  4848 I PGAudioState: AUDIO_RELEASE_TRACK, 11432
06-19 23:12:54.900  4168  4848 D PGAudioState: release track, remove from mTrackMap, 11432
06-19 23:12:54.900  1011 26625 I android.system.suspend-service: decSuspendCounter-- success,name:ApmOutput mUseSuspendCounter:1 mSuspendCounter:4: Success
06-19 23:12:54.900  4168  4848 I PGAudioState: AUDIO_RELEASE_TRACK, 11424
06-19 23:12:54.900  4168  4848 D PGAudioState: release track, remove from mTrackMap, 11424
06-19 23:12:54.901  4168  4848 I PGAudioState: AUDIO_RELEASE_TRACK, 11430
06-19 23:12:54.901  4168  4848 D PGAudioState: release track, remove from mTrackMap, 11430
06-19 23:12:54.901  4168  4848 I PGAudioState: AUDIO_RELEASE_TRACK, 11428
06-19 23:12:54.901  4168  4848 D PGAudioState: release track, remove from mTrackMap, 11428
06-19 23:12:54.901  4168  4848 I PGAudioState: AUDIO_RELEASE_TRACK, 11426
06-19 23:12:54.901  4168  4848 D PGAudioState: release track, remove from mTrackMap, 11426
06-19 23:12:54.901  4168  4848 I PGAudioState: AUDIO_RELEASE_TRACK, 11436
06-19 23:12:54.901  4168  4848 D PGAudioState: release track, remove from mTrackMap, 11436
06-19 23:12:54.901  4168  4848 I PGAudioState: AUDIO_RELEASE_TRACK, 11434
06-19 23:12:54.901  4168  4848 D PGAudioState: release track, remove from mTrackMap, 11434
06-19 23:12:54.904 13974 13974 I Choreographer: Skipped 33 frames!  The application may be doing too much work on its main thread.
06-19 23:12:54.905  1696 13469 I AudioFlinger: releaseWakeLock_l() AudioOut_385 mPowerManager(1) status 0 mWakeLockToken 0xb40000739a027510
06-19 23:12:54.908 19656 19656 E afehal_info: tp_check_scan_rate_scan_freq:[1781932374908][T:1781932374.908213]tp_check_scan_rate_scan_freq 495:invalued_scan_rate_or_freq = true scan_rate = 240
06-19 23:12:54.908  1623 14380 D r_submix: adev_close_output_stream() addr = -676772565:ap:24mixp:0
06-19 23:12:54.908 19656 19656 E afehal_info: tp_check_scan_rate_scan_freq:[1781932374908][T:1781932374.908288]tp_check_scan_rate_scan_freq 505:invalued_scan_rate_or_freq = true scan_freq = 103
06-19 23:12:54.908 19656 19656 E afehal_info: vendor_parse_ioctrl_frame:[1781932374908][T:1781932374.908570]vendor_parse_ioctrl_frame 1026:get scan_rate = 240
06-19 23:12:54.908 19656 19656 E afehal_info: tp_check_scan_rate_scan_freq:[1781932374908][T:1781932374.908594]tp_check_scan_rate_scan_freq 495:invalued_scan_rate_or_freq = true scan_rate = 240
06-19 23:12:54.908 19656 19656 E afehal_info: tp_check_scan_rate_scan_freq:[1781932374908][T:1781932374.908612]tp_check_scan_rate_scan_freq 505:invalued_scan_rate_or_freq = true scan_freq = 103
06-19 23:12:54.908  1696 19314 I AudioFlinger: releaseWakeLock_l() filed for no exit lock AudioOut_385
06-19 23:12:54.909  1696 19314 V APM::AudioOutputDescriptor: closing output mIoHandle 901, profile name -676772565:ap:24mixp:0, curActiveCount: 0
06-19 23:12:54.909  1696 19314 I APM_AudioPolicyManager: removeOutput() 901
06-19 23:12:54.909  1011 26625 I android.system.suspend-service: incSuspendCounter++ success,name:ApmOutput mUseSuspendCounter:1 mSuspendCounter:3: Success
06-19 23:12:54.910  1696 19314 I power   : acquire wakelock: ApmOutput
06-19 23:12:54.910  2139  3065 D AudioAnalytics: gc(170, 200): log size:170 item map size:26, item map items:170
06-19 23:12:54.910  1696 19314 I APM_AudioPolicyManager: operation ok
06-19 23:12:54.910  1011 26625 I android.system.suspend-service: incSuspendCounter++ success,name:ApmAudio mUseSuspendCounter:1 mSuspendCounter:4: Success
06-19 23:12:54.911  2361  6379 I power   : release wakelock: PowerManagerService.WakeLocks
06-19 23:12:54.911  1011  1021 I android.system.suspend-service: decSuspendCounter-- success,name:PowerManagerService.WakeLocks mUseSuspendCounter:1 mSuspendCounter:5: Success
06-19 23:12:54.912 28791 28859 I ndroid.launcher: [purgeUnlockedResources] skip purge scratch resource bytes 655360
06-19 23:12:54.913  1700  1889 I SurfaceFlinger: createLayer layername: Surface(name=2543c com.example.testeableapp/com.example.testeableapp.MainActivity)/@0x12f68cc - animation-leash of starting_reveal type: Layer address = 0xb400007043cd1030
06-19 23:12:54.913  2361  2850 I SurfaceControl: SurfaceControl 0xb4000074e45c18f0 Surface(name=2543c com.example.testeableapp/com.example.testeableapp.MainActivity)/@0x12f68cc - animation-leash of starting_reveal#116995
06-19 23:12:54.913  2361  6379 I InputDispatcher: Focus entered window: 2543c com.example.testeableapp/com.example.testeableapp.MainActivity (server) in display 0
06-19 23:12:54.913  2361  6379 I InputDispatcher: onFocusChangedLocked receiveTime step 1 :350788002ms receiveTime step 2 :0ms receiveTime step 3 :350788002ms
06-19 23:12:54.914  3575  5285 I SurfaceControl: SurfaceControl 0xb4000074e45bd050 Surface(name=2543c com.example.testeableapp/com.example.testeableapp.MainActivity)/@0x12f68cc - animation-leash of starting_reveal#116995
06-19 23:12:54.914 28791 28791 W HnLauncher: StateManager goToState new=com.hihonor.android.launcher.quickstep.util.uioverrides.NormalState@31fc069 cur=com.hihonor.android.launcher.quickstep.util.uioverrides.NormalState@31fc069 isAnimated=false delay=0 isForce=false
06-19 23:12:54.914 28791 28791 W HnLauncher: java.lang.Throwable
06-19 23:12:54.914 28791 28791 W HnLauncher: 	at com.android.launcher3.statemanager.StateManager.goToState(StateManager.java:260)
06-19 23:12:54.914 28791 28791 W HnLauncher: 	at com.android.launcher3.statemanager.StateManager.goToState(StateManager.java:178)
06-19 23:12:54.914 28791 28791 W HnLauncher: 	at com.android.launcher3.statemanager.StateManager.moveToRestState(StateManager.java:553)
06-19 23:12:54.914 28791 28791 W HnLauncher: 	at com.android.launcher3.statemanager.StateManager.moveToRestState(StateManager.java:542)
06-19 23:12:54.914 28791 28791 W HnLauncher: 	at com.android.launcher3.statemanager.StatefulActivity.onStop(StatefulActivity.java:154)
06-19 23:12:54.914 28791 28791 W HnLauncher: 	at com.hihonor.android.launcher.Launcher.onStop(Launcher.java:3882)
06-19 23:12:54.914 28791 28791 W HnLauncher: 	at com.hihonor.android.launcher.HnLauncher.onStop(HnLauncher.java:314)
06-19 23:12:54.914 28791 28791 W HnLauncher: 	at android.app.Instrumentation.callActivityOnStop(Instrumentation.java:1644)
06-19 23:12:54.914 28791 28791 W HnLauncher: 	at android.app.Activity.performStop(Activity.java:9318)
06-19 23:12:54.914 28791 28791 W HnLauncher: 	at android.app.ActivityThread.callActivityOnStop(ActivityThread.java:6389)
06-19 23:12:54.914 28791 28791 W HnLauncher: 	at android.app.ActivityThread.performStopActivityInner(ActivityThread.java:6369)
06-19 23:12:54.914 28791 28791 W HnLauncher: 	at android.app.ActivityThread.handleStopActivity(ActivityThread.java:6453)
06-19 23:12:54.914 28791 28791 W HnLauncher: 	at android.app.servertransaction.StopActivityItem.execute(StopActivityItem.java:43)
06-19 23:12:54.914 28791 28791 W HnLauncher: 	at android.app.servertransaction.ActivityTransactionItem.execute(ActivityTransactionItem.java:45)
06-19 23:12:54.914 28791 28791 W HnLauncher: 	at android.app.servertransaction.TransactionExecutor.executeLifecycleState(TransactionExecutor.java:194)
06-19 23:12:54.914 28791 28791 W HnLauncher: 	at android.app.servertransaction.TransactionExecutor.execute(TransactionExecutor.java:106)
06-19 23:12:54.914 28791 28791 W HnLauncher: 	at android.app.ActivityThread$H.handleMessage(ActivityThread.java:3085)
06-19 23:12:54.914 28791 28791 W HnLauncher: 	at android.os.Handler.dispatchMessage(Handler.java:117)
06-19 23:12:54.914 28791 28791 W HnLauncher: 	at android.os.Looper.loopOnce(Looper.java:210)
06-19 23:12:54.914 28791 28791 W HnLauncher: 	at android.os.Looper.loop(Looper.java:302)
06-19 23:12:54.914 28791 28791 W HnLauncher: 	at android.app.ActivityThread.main(ActivityThread.java:9713)
06-19 23:12:54.914 28791 28791 W HnLauncher: 	at java.lang.reflect.Method.invoke(Native Method)
06-19 23:12:54.914 28791 28791 W HnLauncher: 	at com.android.internal.os.RuntimeInit$MethodAndArgsCaller.run(RuntimeInit.java:601)
06-19 23:12:54.914 28791 28791 W HnLauncher: 	at com.android.internal.os.ZygoteInit.main(ZygoteInit.java:1062)
06-19 23:12:54.915 28791 28791 W HnLauncher: StateManager goToState new=com.hihonor.android.launcher.quickstep.util.uioverrides.NormalState@31fc069 cur=com.hihonor.android.launcher.quickstep.util.uioverrides.NormalState@31fc069 isAnimated=false delay=0 isForce=false
06-19 23:12:54.915 28791 28791 W HnLauncher: java.lang.Throwable
06-19 23:12:54.915 28791 28791 W HnLauncher: 	at com.android.launcher3.statemanager.StateManager.goToState(StateManager.java:260)
06-19 23:12:54.915 28791 28791 W HnLauncher: 	at com.android.launcher3.statemanager.StateManager.goToState(StateManager.java:178)
06-19 23:12:54.915 28791 28791 W HnLauncher: 	at com.android.launcher3.statemanager.StateManager.moveToRestState(StateManager.java:553)
06-19 23:12:54.915 28791 28791 W HnLauncher: 	at com.android.launcher3.statemanager.StateManager.moveToRestState(StateManager.java:542)
06-19 23:12:54.915 28791 28791 W HnLauncher: 	at com.hihonor.android.launcher.Launcher.onStop(Launcher.java:3901)
06-19 23:12:54.915 28791 28791 W HnLauncher: 	at com.hihonor.android.launcher.HnLauncher.onStop(HnLauncher.java:314)
06-19 23:12:54.915 28791 28791 W HnLauncher: 	at android.app.Instrumentation.callActivityOnStop(Instrumentation.java:1644)
06-19 23:12:54.915 28791 28791 W HnLauncher: 	at android.app.Activity.performStop(Activity.java:9318)
06-19 23:12:54.915 28791 28791 W HnLauncher: 	at android.app.ActivityThread.callActivityOnStop(ActivityThread.java:6389)
06-19 23:12:54.915 28791 28791 W HnLauncher: 	at android.app.ActivityThread.performStopActivityInner(ActivityThread.java:6369)
06-19 23:12:54.915 28791 28791 W HnLauncher: 	at android.app.ActivityThread.handleStopActivity(ActivityThread.java:6453)
06-19 23:12:54.915 28791 28791 W HnLauncher: 	at android.app.servertransaction.StopActivityItem.execute(StopActivityItem.java:43)
06-19 23:12:54.915 28791 28791 W HnLauncher: 	at android.app.servertransaction.ActivityTransactionItem.execute(ActivityTransactionItem.java:45)
06-19 23:12:54.915 28791 28791 W HnLauncher: 	at android.app.servertransaction.TransactionExecutor.executeLifecycleState(TransactionExecutor.java:194)
06-19 23:12:54.915 28791 28791 W HnLauncher: 	at android.app.servertransaction.TransactionExecutor.execute(TransactionExecutor.java:106)
06-19 23:12:54.915 28791 28791 W HnLauncher: 	at android.app.ActivityThread$H.handleMessage(ActivityThread.java:3085)
06-19 23:12:54.915 28791 28791 W HnLauncher: 	at android.os.Handler.dispatchMessage(Handler.java:117)
06-19 23:12:54.915 28791 28791 W HnLauncher: 	at android.os.Looper.loopOnce(Looper.java:210)
06-19 23:12:54.915 28791 28791 W HnLauncher: 	at android.os.Looper.loop(Looper.java:302)
06-19 23:12:54.915 28791 28791 W HnLauncher: 	at android.app.ActivityThread.main(ActivityThread.java:9713)
06-19 23:12:54.915 28791 28791 W HnLauncher: 	at java.lang.reflect.Method.invoke(Native Method)
06-19 23:12:54.915 28791 28791 W HnLauncher: 	at com.android.internal.os.RuntimeInit$MethodAndArgsCaller.run(RuntimeInit.java:601)
06-19 23:12:54.915 28791 28791 W HnLauncher: 	at com.android.internal.os.ZygoteInit.main(ZygoteInit.java:1062)
06-19 23:12:54.916 28791 28791 W HnLauncher: WisdomCardSetManager widgetInfos is empty
06-19 23:12:54.917  1700  1889 I SurfaceControl: SurfaceControl 0xb400006f63b0a210 Surface(name=2543c com.example.testeableapp/com.example.testeableapp.MainActivity)/@0x12f68cc - animation-leash of starting_reveal#116995
06-19 23:12:54.917  1700  1700 I CompositionEngine: [applyDeviceCompositionTypeChange] layer [#116991] apply to client compose
06-19 23:12:54.917  1700  1700 I CompositionEngine: [applyDeviceCompositionTypeChange] layer [NavigationBar0#83] apply to client compose
06-19 23:12:54.917 28791 28791 I HnLauncher: Launcher Icon:6 Widget:2 Folder:5 Icon in folder:77, in drawer:0
06-19 23:12:54.919 28791 28791 I DecorView[]: set decor visibility 4
06-19 23:12:54.919  4183 21754 I Booster_AwareMonitor: [handleUidBoundTop] uid:10095 packageName:com.hihonor.android.launcher className:com.hihonor.android.launcher.unihome.UniHomeLauncher uidState:5
06-19 23:12:54.919  4183  4498 I Booster_OllieObserver: notify registrants event: EVENT_ACTIVITY_STATE_CHANGED, new ActivityInfo: uid = 10095, packageName = com.hihonor.android.launcher, procState = 3
06-19 23:12:54.919  4183  4498 I NsaPowerConsumptionMonitor: onActivityStateChanged: mIsSpeedTesting:false isTopActivity:true isSpeedTestApk:false
06-19 23:12:54.920  4183  4497 I UidCloseNrStateMachine: enter uidStateChanged, ForeGrountApp=com.hihonor.android.launcher, mIsCallOn=false, mIsUsbPlugged=true, openLowPowerSwitch=true, QoeSlowState=false, powerMode=1, isSpeedSensitivityApp=false
06-19 23:12:54.920  4183  4497 D Booster_SelfCureManager: handleMessage: msg.what: 38
06-19 23:12:54.920 13974 13974 V ImeFocusController: onWindowFocus: DecorView@31e18a2[MainActivity] softInputMode=STATE_UNSPECIFIED|ADJUST_PAN|IS_FORWARD_NAVIGATION
06-19 23:12:54.920 13974 13974 D InputMethodManager: onViewFocusChangedInternal, view=DecorView@31e18a2[MainActivity],focus=false,windowFocus=true,window=android.view.ViewRootImpl$W@e9e0933,displayId=0,temporaryDetach=false,hasImeFocus=true
06-19 23:12:54.920 13974 13974 V InputMethodManager: Restarting due to mRestartOnNextWindowFocus as true
06-19 23:12:54.920  4183  4497 D SmartDualCardConfig: getAppType,pkgName=com.hihonor.android.launcher,appType=28
06-19 23:12:54.921 13974 13974 V InputMethodManager: checkFocus: view=null next=DecorView@31e18a2[MainActivity] force=true package=<none>
06-19 23:12:54.921  4183  4497 E SmartDualCardConfig: isAppInBlackList false,items==null
06-19 23:12:54.921  4183  4497 I SmartDualCardConfig: isAppInWhiteList false,uid=10095
06-19 23:12:54.921 13974 13974 W InputMethodManager: startInputReason = 1
06-19 23:12:54.921 13974 13974 V InputMethodManager: Starting input: editorInfo=android.view.inputmethod.EditorInfo@89a4f0 ic=null
06-19 23:12:54.921  4183  4497 I LowLatencyMode: handleApkInBackground packageName: com.hihonor.android.launcher, foregroundWhiteListApkSet: []
06-19 23:12:54.921 13974 13974 V InputMethodManager: START INPUT: view=DecorView@31e18a2[MainActivity],focus=false,windowFocus=true,window=android.view.ViewRootImpl$W@e9e0933,displayId=0,temporaryDetach=false,hasImeFocus=true ic=null editorInfo=android.view.inputmethod.EditorInfo@89a4f0 startInputFlags=VIEW_HAS_FOCUS|INITIAL_CONNECTION
06-19 23:12:54.921  4183  4497 D SmartDualCardConfig: getAppType,pkgName=com.hihonor.android.launcher,appType=28
06-19 23:12:54.921  4183  4497 I SmartDualCardSM: onUidStateUpdate isSkip,uid=10095,pkgName=com.hihonor.android.launcher,pkgNameByComponentName=com.hihonor.android.launcher
06-19 23:12:54.922  2361  4609 I ImeTracker: com.example.testeableapp:6249ae69: onRequestHide at ORIGIN_SERVER_HIDE_INPUT reason HIDE_UNSPECIFIED_WINDOW
06-19 23:12:54.922  2361  4609 I ImeTracker: com.example.testeableapp:6249ae69: onCancelled at PHASE_SERVER_SHOULD_HIDE
06-19 23:12:54.923 28791 28791 I InputMethodManager: handleMessage: MSG_SET_ACTIVE false, was true
06-19 23:12:54.923 17346 17346 V InputMethod: unbindInput(): binding=InputBinding{android.os.BinderProxy@31dc2cc / uid 10095 / pid 28791} ic=RemoteInputConnection{idHash=#f12e7c6}
06-19 23:12:54.923 28791 28791 I InputMethodManager: handleMessage: MSG_UNBIND 10591 reason=SWITCH_CLIENT
06-19 23:12:54.923 28791 28791 V InputMethodManager: Clearing all accessibility bindings
06-19 23:12:54.923 28791 28791 V InputMethodManager: Clearing binding!
06-19 23:12:54.924 17346 17346 D InputEventReceiver: dispatchInputInterval 1000000
06-19 23:12:54.924 13974 13974 I InputMethodManager: Starting input: Bind result=InputBindResult{result=SUCCESS_WAITING_IME_SESSION method=null id=com.touchtype.swiftkey/com.touchtype.KeyboardService sequence=10592 virtualDisplayToScreenMatrix=null isInputMethodSuppressingSpellChecker=false}
06-19 23:12:54.924  1696 27362 D AudioPolicyService: getUidState(99642) cacheIter->second.first, return cacheIter->second.second(3)
06-19 23:12:54.925 19656 19656 E afehal_info: tp_check_scan_rate_scan_freq:[1781932374924][T:1781932374.924986]tp_check_scan_rate_scan_freq 495:invalued_scan_rate_or_freq = true scan_rate = 240
06-19 23:12:54.925 19656 19656 E afehal_info: tp_check_scan_rate_scan_freq:[1781932374924][T:1781932374.925268]tp_check_scan_rate_scan_freq 505:invalued_scan_rate_or_freq = true scan_freq = 103
06-19 23:12:54.925 19656 19656 E afehal_info: vendor_parse_ioctrl_frame:[1781932374924][T:1781932374.925311]vendor_parse_ioctrl_frame 1026:get scan_rate = 240
06-19 23:12:54.925 19656 19656 E afehal_info: tp_check_scan_rate_scan_freq:[1781932374924][T:1781932374.925333]tp_check_scan_rate_scan_freq 495:invalued_scan_rate_or_freq = true scan_rate = 240
06-19 23:12:54.925 19656 19656 E afehal_info: tp_check_scan_rate_scan_freq:[1781932374924][T:1781932374.925353]tp_check_scan_rate_scan_freq 505:invalued_scan_rate_or_freq = true scan_freq = 103
06-19 23:12:54.925 17346 17346 V InputMethod: bindInput(): binding=InputBinding{android.os.BinderProxy@59f0d16 / uid 10270 / pid 13974} ic=RemoteInputConnection{idHash=#d456edd}
06-19 23:12:54.926 13974 13974 I InputMethodManager: handleMessage: MSG_SET_ACTIVE true, was false
06-19 23:12:54.926  4183 23886 W AppStartupMonitor: activity state:onStop, comp:ComponentInfo{com.hihonor.android.launcher/com.hihonor.android.launcher.unihome.UniHomeLauncher}
06-19 23:12:54.926  1700  1700 I Layer   : [setLayer] [d86d55 Splash Screen com.example.testeableapp#116981] setlayer z = 2147483647
06-19 23:12:54.926 17346 17346 V InputMethod: startInput(): editor=android.view.inputmethod.EditorInfo@a45ba52
06-19 23:12:54.926 17346 17346 V InputMethodService: CALL: doFinishInput
06-19 23:12:54.926 17346 17346 D InlineSuggestionSessionController: notifyOnFinishInput
06-19 23:12:54.926 17346 17346 V InputMethodService: CALL: onFinishInput
06-19 23:12:54.927  1700  1700 I SurfaceControl: ~SurfaceControl 0xb400006f63b0a210 Surface(name=2543c com.example.testeableapp/com.example.testeableapp.MainActivity)/@0x12f68cc - animation-leash of starting_reveal#116995
06-19 23:12:54.927 17346 17346 D InlineSuggestionSessionController: notifyOnStartInput: com.example.testeableapp, 0
06-19 23:12:54.928 17346 17346 V InputMethodService: CALL: onStartInput
06-19 23:12:54.928  1696 19314 I power   : acquire wakelock: ApmAudio
06-19 23:12:54.929  2361  6379 I SurfaceControl: nativeRelease 0xb4000074e462cdb0 count: 2 name: GoogleDiscoverWindow#116969
06-19 23:12:54.929  1700  1700 I CompositionEngine: [applyDeviceCompositionTypeChange] layer [com.example.testeableapp/com.example.testeableapp.MainActivity#116992] apply to client compose
06-19 23:12:54.929  1700  1700 I CompositionEngine: [applyDeviceCompositionTypeChange] layer [Splash Screen com.example.testeableapp#116983] apply to client compose
06-19 23:12:54.929  1700  1700 I CompositionEngine: [applyDeviceCompositionTypeChange] layer [StatusBar#87] apply to client compose
06-19 23:12:54.930  1011  3503 I android.system.suspend-service: decSuspendCounter-- success,name:ApmOutput mUseSuspendCounter:1 mSuspendCounter:4: Success
06-19 23:12:54.930  2361  6379 I SurfaceControl: ~SurfaceControl 0xb4000074e462cdb0 GoogleDiscoverWindow#116969
06-19 23:12:54.930  1696 13468 I AudioFlinger: acquireWakeLock_l() AudioIn_4B6 status 0 mWakeLockToken 0xb40000739a023290
06-19 23:12:54.931  2361  6379 I SurfaceControl: nativeRelease 0xb4000074e45d06f0 count: 2 name: com.hihonor.android.launcher/com.hihonor.android.launcher.unihome.UniHomeLauncher#116966
06-19 23:12:54.931 13974 13974 I InputMethodManager: handleMessage: MSG_BIND 10592,com.touchtype.swiftkey/com.touchtype.KeyboardService
06-19 23:12:54.931  1696 13468 I AudioFlinger: releaseWakeLock_l() AudioIn_4B6 mPowerManager(1) status 0 mWakeLockToken 0xb40000739a023290
06-19 23:12:54.931 13974 13974 W InputMethodManager: startInputReason = 6
06-19 23:12:54.931  2361  6379 I SurfaceControl: ~SurfaceControl 0xb4000074e45d06f0 com.hihonor.android.launcher/com.hihonor.android.launcher.unihome.UniHomeLauncher#116966
06-19 23:12:54.931 13974 13974 V InputMethodManager: Starting input: editorInfo=android.view.inputmethod.EditorInfo@c7c8a69 ic=null
06-19 23:12:54.932 13974 13974 V InputMethodManager: Starting input: finished by someone else. view=DecorView@31e18a2[MainActivity],focus=false,windowFocus=true,window=android.view.ViewRootImpl$W@e9e0933,displayId=0,temporaryDetach=false,hasImeFocus=true servedView=DecorView@31e18a2[MainActivity],focus=false,windowFocus=true,window=android.view.ViewRootImpl$W@e9e0933,displayId=0,temporaryDetach=false,hasImeFocus=true mServedConnecting=false
06-19 23:12:54.932  1696  2198 I power   : release wakelock: ApmOutput
06-19 23:12:54.933 17346 17346 W c0      : onStartInput event aborted
06-19 23:12:54.933 17346 17346 W c0      : fc0.z: could not obtain extracted text
06-19 23:12:54.933 17346 17346 W c0      : 	at fc0.w0.H(Unknown Source:329)
06-19 23:12:54.933 17346 17346 W c0      : 	at m70.y.g(Unknown Source:285)
06-19 23:12:54.933 17346 17346 W c0      : 	at m70.f3.g(Unknown Source:4)
06-19 23:12:54.933 17346 17346 W c0      : 	at com.touchtype.KeyboardService.onStartInput(Unknown Source:11)
06-19 23:12:54.933 17346 17346 W c0      : 	at android.inputmethodservice.InputMethodService.doStartInput(InputMethodService.java:3643)
06-19 23:12:54.933 17346 17346 W c0      : 	at android.inputmethodservice.InputMethodService$InputMethodImpl.startInput(InputMethodService.java:1097)
06-19 23:12:54.933 17346 17346 W c0      : 	at android.inputmethodservice.InputMethodService$InputMethodImpl.dispatchStartInput(InputMethodService.java:1126)
06-19 23:12:54.933 17346 17346 W c0      : 	at android.inputmethodservice.IInputMethodWrapper.executeMessage(IInputMethodWrapper.java:197)
06-19 23:12:54.933 17346 17346 W c0      : 	at com.android.internal.os.HandlerCaller$MyHandler.handleMessage(HandlerCaller.java:44)
06-19 23:12:54.933 17346 17346 W c0      : 	at android.os.Handler.dispatchMessage(Handler.java:117)
06-19 23:12:54.933 17346 17346 W c0      : 	at android.os.Looper.loopOnce(Looper.java:210)
06-19 23:12:54.933 17346 17346 W c0      : 	at android.os.Looper.loop(Looper.java:302)
06-19 23:12:54.933 17346 17346 W c0      : 	at android.app.ActivityThread.main(ActivityThread.java:9713)
06-19 23:12:54.933 17346 17346 W c0      : 	at java.lang.reflect.Method.invoke(Native Method)
06-19 23:12:54.933 17346 17346 W c0      : 	at com.android.internal.os.RuntimeInit$MethodAndArgsCaller.run(RuntimeInit.java:601)
06-19 23:12:54.933 17346 17346 W c0      : 	at com.android.internal.os.ZygoteInit.main(ZygoteInit.java:1062)
06-19 23:12:54.933  1696  2197 I power   : release wakelock: ApmAudio
06-19 23:12:54.933  1011 26625 I android.system.suspend-service: incSuspendCounter++ success,name:PowerManagerService.WakeLocks mUseSuspendCounter:1 mSuspendCounter:3: Success
06-19 23:12:54.935  3575  3575 W StatusBar: Statusbar onSystemBarAttributesChanged appearance = 0 mTransientShown false displayId 0 mDisplayId 0 behavior 1
06-19 23:12:54.935  3575  3575 I StatusBar: updateBarMode mStatusBarMode = 4 barMode 4
06-19 23:12:54.937  2361  5212 I SurfaceControl: nativeRelease 0xb4000074e462b1b0 count: 1 name: Splash Screen com.example.testeableapp#116983
06-19 23:12:54.937  2361  5212 I SurfaceControl: ~SurfaceControl 0xb4000074e462b1b0 Splash Screen com.example.testeableapp#116983
06-19 23:12:54.938  3575  3698 I SurfaceControl: SurfaceControl 0xb4000074e45c9990 Splash Screen com.example.testeableapp#116983
06-19 23:12:54.938  3575  3698 I SurfaceControl: nativeRelease 0xb4000074e46105d0 count: 4 name: Splash Screen com.example.testeableapp#116983
06-19 23:12:54.938  2361 13224 W AwareLog: AwareMem_SysTrim: no app proc need to trim/kill
06-19 23:12:54.938  3575  3575 D SbStateController: setSystemBarAttributes isFullscreen: false
06-19 23:12:54.938  3575  3575 I HwDependencyFactory: stn is not supported!
06-19 23:12:54.938  3575  3575 I BaseCapsuleStatusBarHelper: mIsShowStatusBar: true, isShowStatusBar: true
06-19 23:12:54.939  7142 26279 E fb4a.msys: E[N 1278]onEOF(751)=>261/1278/3325/-1
06-19 23:12:54.939  1011  3503 I android.system.suspend-service: decSuspendCounter-- success,name:ApmAudio mUseSuspendCounter:1 mSuspendCounter:4: Success
06-19 23:12:54.939  7142  7283 E fb4a.msys: E[N WA]_WCIHTTPChunkedStreamDisconnectWithError(341)=>stream/http/process/error, invalid chunk header
06-19 23:12:54.939  4183 23886 I Booster_AwareMonitor: [activityLifeNotifier]state:onStop pid:28791 uid:10095 ComponentInfo{com.hihonor.android.launcher/com.hihonor.android.launcher.unihome.UniHomeLauncher}
06-19 23:12:54.940  7142  7283 E fb4a.msys: E[N WA]_WCCXMPPStreamDisconnectHandler(344)=>xmpp/disconnect - WCIStreamStateErrorCode: 1, domain: WCIStreamState, subdomain: WCITransportRace: Error Domain=WCIStreamState Code=1 UserInfo=0x2951676380 {MCFErrorDirectUnderlyingErrorKey=0xb400007482776d50 "Error Domain=WCITransportRace Code=1"}
06-19 23:12:54.940  7142  7283 E fb4a.msys: E[N WCCConnectionMEM]_WCCConnectionMEMLifecycleEventHandler(2184)=>[INFO] connection/xmpp/lifecycle_event/not-connected, [0.0447s]
06-19 23:12:54.940  7142  7283 E fb4a.msys: E[N WA]_WCCXMPPStreamDoDisconnect(1319)=>xmpp/disconnect - flags: 34
06-19 23:12:54.940  7142  7283 E fb4a.msys: E[N WCCConnectionMEM]_WCCConnectionMEMDisconnectHandler(2282)=>connection/disconnected, handshake failure
06-19 23:12:54.940  7142  7283 E fb4a.msys: E[N WCCConnectionMEM]_WCCConnectionMEMEmitStateChange(3200)=>[INFO] connection/new_state/not-connected [connection_id=129000359, wcc_source=1, wcc_reason=2]
06-19 23:12:54.941  7142  7283 E fb4a.msys: E[C MEMConnectionManager]_MEMConnectionManagerStateChangeHandler(585)=>[Critical] MEMConnectionState updated to ID: 0 with connectionId: 129000359
06-19 23:12:54.941 19656 19656 E afehal_info: tp_check_scan_rate_scan_freq:[1781932374941][T:1781932374.941547]tp_check_scan_rate_scan_freq 495:invalued_scan_rate_or_freq = true scan_rate = 240
06-19 23:12:54.941 19656 19656 E afehal_info: tp_check_scan_rate_scan_freq:[1781932374941][T:1781932374.941650]tp_check_scan_rate_scan_freq 505:invalued_scan_rate_or_freq = true scan_freq = 103
06-19 23:12:54.941 19656 19656 E afehal_info: vendor_parse_ioctrl_frame:[1781932374941][T:1781932374.941693]vendor_parse_ioctrl_frame 1026:get scan_rate = 240
06-19 23:12:54.941 19656 19656 E afehal_info: tp_check_scan_rate_scan_freq:[1781932374941][T:1781932374.941929]tp_check_scan_rate_scan_freq 495:invalued_scan_rate_or_freq = true scan_rate = 240
06-19 23:12:54.941 19656 19656 E afehal_info: tp_check_scan_rate_scan_freq:[1781932374941][T:1781932374.941962]tp_check_scan_rate_scan_freq 505:invalued_scan_rate_or_freq = true scan_freq = 103
06-19 23:12:54.941  3575  3712 I SurfaceControl: ~SurfaceControl 0xb4000074e46105d0 Splash Screen com.example.testeableapp#116983
06-19 23:12:54.943  1700  1700 I Layer   : [reparent] [GoogleDiscoverWindow#116969] newParent is null [0xb400007043c38370]
06-19 23:12:54.943  1700  1700 I Layer   : [reparent] [com.hihonor.android.launcher/com.hihonor.android.launcher.unihome.UniHomeLauncher#116966] newParent is null [0xb400007043d08930]
06-19 23:12:54.943  1700  1700 I Layer   : [setLayer] [d86d55 Splash Screen com.example.testeableapp#116981] setlayer z = 2147483647
