06-19 23:12:51.476 19656 19656 E afehal_info: tp_check_scan_rate_scan_freq:[1781932371476][T:1781932371.476672]tp_check_scan_rate_scan_freq 505:invalued_scan_rate_or_freq = true scan_freq = 103
06-19 23:12:51.476  2361  2850 I SurfaceControl: nativeRelease 0xb4000074e45d4f90 count: 2 name: Surface(name=69fffd0 NavigationBar0)/@0xc4b2e34 - animation-leash of insets_animation#116922
06-19 23:12:51.477  1700  1889 I SurfaceFlinger: createLayer layername: Surface(name=69fffd0 NavigationBar0)/@0xc4b2e34 - animation-leash of insets_animation type: Layer address = 0xb400007043bef4a0
06-19 23:12:51.477  3575  3865 I SurfaceControl: SurfaceControl 0xb4000074e45f0190 Transition Root: Task=900#116938
06-19 23:12:51.477  3575  3865 I SurfaceControl: SurfaceControl 0xb4000074e4601610 ActivityRecord{d6ec35 u0 com.example.testeableapp/.MainActivity t900 mVisible=false mOccludesParent=true mode=fullscreen boundsRect(0, 0 - 1080, 2412)}#116934
06-19 23:12:51.477  3575  3865 I SurfaceControl: SurfaceControl 0xb4000074e45da0f0 Transition Root: Task=900#116938
06-19 23:12:51.477  3575  3865 I SurfaceControl: SurfaceControl 0xb4000074e45cf8f0 Task=900#116933
06-19 23:12:51.478  3575  3865 I SurfaceControl: SurfaceControl 0xb4000074e4633cd0 a6cece1 Splash Screen com.example.testeableapp.test#116904
06-19 23:12:51.478  3575  3865 I SurfaceControl: SurfaceControl 0xb4000074e463f2d0 Splash Screen com.example.testeableapp#116936
06-19 23:12:51.478  3575  3865 I SurfaceControl: SurfaceControl 0xb4000074e45d24b0 5a8eae9 Splash Screen com.example.testeableapp#116935
06-19 23:12:51.478  3575  3865 I SurfaceControl: SurfaceControl 0xb4000074e45fcd70 d3c4246 com.example.testeableapp/com.example.testeableapp.MainActivity#116937
06-19 23:12:51.478  3575  3865 I SurfaceControl: SurfaceControl 0xb4000074e45bdd70 5a8eae9 Splash Screen com.example.testeableapp#116935
06-19 23:12:51.478  3575  3865 I SurfaceControl: SurfaceControl 0xb4000074e45a58f0 Transition Root: Task=900#116938
06-19 23:12:51.478  3575  3865 I SurfaceControl: SurfaceControl 0xb4000074e45f5d70 a6cece1 Splash Screen com.example.testeableapp.test#116904
06-19 23:12:51.478  3575  3865 I SurfaceControl: SurfaceControl 0xb4000074e460d5b0 Task=900#116933
06-19 23:12:51.478  3575  3865 I SurfaceControl: SurfaceControl 0xb4000074e45bcbf0 Task=350#45305
06-19 23:12:51.478  3575  3865 I SurfaceControl: SurfaceControl 0xb4000074e45a90f0 DefaultTaskDisplayArea#9
06-19 23:12:51.478  3575  3865 I SurfaceControl: SurfaceControl 0xb4000074e461d530 DefaultTaskDisplayArea#9
06-19 23:12:51.479  2361  2850 I SurfaceControl: SurfaceControl 0xb4000074e462c4f0 Surface(name=69fffd0 NavigationBar0)/@0xc4b2e34 - animation-leash of insets_animation#116939
06-19 23:12:51.479  2361  2850 I SurfaceControl: nativeRelease 0xb4000074e4627fd0 count: 2 name: Surface(name=17e14ef StatusBar)/@0x4a2b91e - animation-leash of insets_animation#116923
06-19 23:12:51.480  1700  2158 I SurfaceFlinger: createLayer layername: Surface(name=17e14ef StatusBar)/@0x4a2b91e - animation-leash of insets_animation type: Layer address = 0xb400007043c6fc70
06-19 23:12:51.481  2361  2850 I SurfaceControl: SurfaceControl 0xb4000074e462e010 Surface(name=17e14ef StatusBar)/@0x4a2b91e - animation-leash of insets_animation#116940
06-19 23:12:51.483  3575  3575 W StatusBar: Statusbar onSystemBarAttributesChanged appearance = 24 mTransientShown false displayId 0 mDisplayId 0 behavior 1
06-19 23:12:51.483  3575  3575 I StatusBar: updateBarMode mStatusBarMode = 4 barMode 4
06-19 23:12:51.483 25324 25462 I AMLog[1aad66cfe6]: PowerKitManager messageHandle, msg.what=2  download size:0 isForce=false
06-19 23:12:51.484  1700  2483 I SurfaceFlinger: createLayer layername: d78e8ca ActivityRecordInputSink com.example.testeableapp/.MainActivity type: Layer address = 0xb400007043c7dab0
06-19 23:12:51.485  3575  3575 D SbStateController: setSystemBarAttributes isFullscreen: false
06-19 23:12:51.485  3575  3575 I HwDependencyFactory: stn is not supported!
06-19 23:12:51.485  3575  3575 I BaseCapsuleStatusBarHelper: mIsShowStatusBar: true, isShowStatusBar: true
06-19 23:12:51.485  3575  3575 I LivelyCapsuleStatusBarHelper: handleBrandColor  capsuleList  size is zero.
06-19 23:12:51.485  2361  2850 I SurfaceControl: SurfaceControl 0xb4000074e463c7f0 d78e8ca ActivityRecordInputSink com.example.testeableapp/.MainActivity#116941
06-19 23:12:51.485  3575  3575 D SysUiState: SysUiState changed: old=268435456 new=268566528
06-19 23:12:51.485  3575  3575 D OverviewProxyService: Notifying sysui state change to overview service: proxy=com.android.systemui.shared.recents.IOverviewProxy$Stub$Proxy@61c1b0f flags=268566528
06-19 23:12:51.485  3575  3575 I OverviewProxyService: notifySystemUiStateFlags begin, flags:268566528
06-19 23:12:51.485  3575  3575 I OverviewProxyService: notifySystemUiStateFlags end, flags:268566528
06-19 23:12:51.486  1700  2483 I SurfaceControl: SurfaceControl 0xb400006f63afec10 Surface(name=69fffd0 NavigationBar0)/@0xc4b2e34 - animation-leash of insets_animation#116939
06-19 23:12:51.486  1700  2483 I SurfaceControl: SurfaceControl 0xb400006f63b27710 Surface(name=17e14ef StatusBar)/@0x4a2b91e - animation-leash of insets_animation#116940
06-19 23:12:51.486  2361  2850 I SurfaceControl: ~SurfaceControl 0xb4000074e4627fd0 Surface(name=17e14ef StatusBar)/@0x4a2b91e - animation-leash of insets_animation#116923
06-19 23:12:51.486  2361  2850 I SurfaceControl: ~SurfaceControl 0xb4000074e45d4f90 Surface(name=69fffd0 NavigationBar0)/@0xc4b2e34 - animation-leash of insets_animation#116922
06-19 23:12:51.488  3575  3865 I SurfaceControl: SurfaceControl 0xb4000074e45b3ff0 Task=900#116933
06-19 23:12:51.488  3575  3654 I HnMwAnimTransition: play the default animation if there is no MagicWindow
06-19 23:12:51.488 28791 31164 I SurfaceControl: SurfaceControl 0xb4000074e45a2630 Surface(name=559ceab InputMethod)/@0x9d6dd52 - animation-leash of insets_animation#116931
06-19 23:12:51.488  3575  3654 I PipTransition: call startAnimation type:1, mInFixedRotation:false, mEndFixedRotation:-1, currentPipTaskChange:null
06-19 23:12:51.488  3575  3654 I PipTransition: isEnteringPip false
06-19 23:12:51.488  3575  3865 I SurfaceControl: SurfaceControl 0xb4000074e45fb870 Surface(name=69fffd0 NavigationBar0)/@0xc4b2e34 - animation-leash of insets_animation#116939
06-19 23:12:51.488 28791 28791 I SurfaceControl: nativeRelease 0xb4000074e45d8090 count: 1 name: Surface(name=559ceab InputMethod)/@0x9d6dd52 - animation-leash of insets_animation#116931
06-19 23:12:51.489 28791 28791 I SurfaceControl: ~SurfaceControl 0xb4000074e45d8090 Surface(name=559ceab InputMethod)/@0x9d6dd52 - animation-leash of insets_animation#116931
06-19 23:12:51.489  3575  3865 I SurfaceControl: SurfaceControl 0xb4000074e459e8f0 Surface(name=17e14ef StatusBar)/@0x4a2b91e - animation-leash of insets_animation#116940
06-19 23:12:51.489 28791 28791 I SurfaceControl: nativeRelease 0xb4000074e4610950 count: 1 name: Surface(name=69fffd0 NavigationBar0)/@0xc4b2e34 - animation-leash of insets_animation#116922
06-19 23:12:51.489 28791 28791 I SurfaceControl: ~SurfaceControl 0xb4000074e4610950 Surface(name=69fffd0 NavigationBar0)/@0xc4b2e34 - animation-leash of insets_animation#116922
06-19 23:12:51.489 28791 28791 I SurfaceControl: nativeRelease 0xb4000074e45d6650 count: 1 name: Surface(name=17e14ef StatusBar)/@0x4a2b91e - animation-leash of insets_animation#116923
06-19 23:12:51.489 28791 28791 I SurfaceControl: ~SurfaceControl 0xb4000074e45d6650 Surface(name=17e14ef StatusBar)/@0x4a2b91e - animation-leash of insets_animation#116923
06-19 23:12:51.490 25324 25462 I AMLog[1aad66cfe6]: PowerKitLog PowerKitScheduler unApplyForResourceUse() called with: applyInfo = PowerKitApplyInfo(reason='download app from net', resourceType=512 NETWORK, isExpired=true, isHighPriority=false)
06-19 23:12:51.490 25324 25462 W AMLog[1aad66cfe6]: PowerKitLog ApplyInfoQueue removeApplyInfo: not apply, PowerKitApplyInfo(reason='download app from net', resourceType=512 NETWORK, isExpired=true, isHighPriority=false)
06-19 23:12:51.491 25324 25462 I AMLog[1aad66cfe6]: PowerKitLog PowerKitScheduler unApplyForResourceUse() called with: applyInfo = PowerKitApplyInfo(reason='download app from net', resourceType=65535 ALL, isExpired=true, isHighPriority=false)
06-19 23:12:51.491 25324 25462 W AMLog[1aad66cfe6]: PowerKitLog ApplyInfoQueue removeApplyInfo: not apply, PowerKitApplyInfo(reason='download app from net', resourceType=65535 ALL, isExpired=true, isHighPriority=false)
06-19 23:12:51.491 25324 25462 I AMLog[1aad66cfe6]: PowerKitLog PowerKitScheduler unApplyForResourceUse() called with: applyInfo = PowerKitApplyInfo(reason='download app from net', resourceType=4096 UNFREEZE, isExpired=true, isHighPriority=false)
06-19 23:12:51.491  2361  3678 I SurfaceControl: nativeRelease 0xb4000074e4645770 count: 2 name: Surface(name=a824253 com.example.testeableapp.test/androidx.test.core.app.InstrumentationActivityInvoker$EmptyActivity)/@0xb8d484b - animation-leash of starting_reveal#116930
06-19 23:12:51.491 25324 25462 I AMLog[1aad66cfe6]: PowerKitLog WorkScheduler findRunningWorker: mWorkerMap size: 0
06-19 23:12:51.491 25324 25462 I AMLog[1aad66cfe6]: PowerKitLog PowerKitScheduler unApplyForResourceUse() called with: applyInfo = PowerKitApplyInfo(reason='download app from net', resourceType=4096 UNFREEZE, isExpired=true, isHighPriority=true)
06-19 23:12:51.491 25324 25462 I AMLog[1aad66cfe6]: PowerKitLog WorkScheduler findRunningWorker: mWorkerMap size: 0
06-19 23:12:51.492  2361  3678 W InputManager-JNI: Input channel object 'a6cece1 Splash Screen com.example.testeableapp.test (client)' was disposed without first being removed with the input manager!
06-19 23:12:51.492 25324 18451 I AMLog[1aad66cfe6]: PowerKitLog WorkScheduler reallyCancel() called, 2002
06-19 23:12:51.492 25324 12549 I AMLog[1aad66cfe6]: PowerKitLog WorkScheduler reallyCancel() called, 2003
06-19 23:12:51.494  1700  1700 I Layer   : [reparent] [Surface(name=69fffd0 NavigationBar0)/@0xc4b2e34 - animation-leash of insets_animation#116922] newParent is null [0xb400007043c0b120]
06-19 23:12:51.495  1700  1700 I Layer   : [reparent] [Surface(name=17e14ef StatusBar)/@0x4a2b91e - animation-leash of insets_animation#116923] newParent is null [0xb400007043c9cec0]
06-19 23:12:51.496  1700  1700 I SurfaceControl: ~SurfaceControl 0xb400006f63b27710 Surface(name=17e14ef StatusBar)/@0x4a2b91e - animation-leash of insets_animation#116940
06-19 23:12:51.496  1700  1700 I SurfaceControl: ~SurfaceControl 0xb400006f63afec10 Surface(name=69fffd0 NavigationBar0)/@0xc4b2e34 - animation-leash of insets_animation#116939
06-19 23:12:51.497  2338  2596 I ScreemCommon: <LOGMGR> <IsForbidenPackage> [source package:com.example.testeableapp#ICON_BACK_ANIMATION, forbiden packages:, com.hihonor.superapp.pre, com.hihonor.voicedemo, com.qihoo.camera, com.ss.android.lark.honorelink]
06-19 23:12:51.497  2338  2596 E ScreemCommon: <LOGMGR> <SetLogFilterReason> [not the beta version, no need to capture log]
06-19 23:12:51.498  2338  2596 E ScreemCommon: ERROR: func: GetPsiInfo, open file node: /dev/cpuctl/vip/cpu.pressure failed errno=2
06-19 23:12:51.499  2338  2596 E ScreemCommon: ERROR: func: GetPsiInfo, open file node: /dev/cpuctl/vip/memory.pressure failed errno=2
06-19 23:12:51.499  2338  2596 E ScreemCommon: ERROR: func: GetPsiInfo, open file node: /dev/cpuctl/vip/io.pressure failed errno=2
06-19 23:12:51.499  2361  3678 I SurfaceControl: nativeRelease 0xb4000074e46454d0 count: 2 name: Splash Screen com.example.testeableapp.test#116905
06-19 23:12:51.499  2361  3678 I SurfaceControl: nativeRelease 0xb4000074e463e690 count: 5 name: a6cece1 Splash Screen com.example.testeableapp.test#116904
06-19 23:12:51.500  2361  6779 I HiView.HiEvent: Flatten done:990028997
06-19 23:12:51.500  2361  6779 I hievent_jni: Write to dev len:126
06-19 23:12:51.500  2361  6779 I hievent_jni: hievent_writer_write finish
06-19 23:12:51.503  2338  2596 E ScreemCommon: ERROR: func: GetPsiInfo, open file node: /dev/cpuctl/top-app/cpu.pressure failed errno=2
06-19 23:12:51.503  2338  2596 E ScreemCommon: ERROR: func: GetPsiInfo, open file node: /dev/cpuctl/top-app/memory.pressure failed errno=2
06-19 23:12:51.503  1700  1889 I SurfaceControl: SurfaceControl 0xb400006f63af8310 ActivityRecord{eb0c571 u0 com.example.testeableapp.test/androidx.test.core.app.InstrumentationActivityInvoker$EmptyActivity t899 mVisible=false mOccludesParent=true mode=fullscreen boundsRect(0, 0 - 1080, 2412)}#116901
06-19 23:12:51.503  2338  2596 E ScreemCommon: ERROR: func: GetPsiInfo, open file node: /dev/cpuctl/top-app/io.pressure failed errno=2
06-19 23:12:51.504  2338  2596 I ScreemCommon: <LOGMGR> <CompletePm> [case:ANIMATION_JANK_FRAME id:25 type:1 Level:1 filter:0]
06-19 23:12:51.504  2338  2596 I ScreemCommon: <LOGMGR> <ReportSysTraceCheck> [ReportSysTraceCheck: check if can report with trace done, canReportSysTrace is 0]
06-19 23:12:51.504  2361  3678 I SurfaceControl: ~SurfaceControl 0xb4000074e46454d0 Splash Screen com.example.testeableapp.test#116905
06-19 23:12:51.504  3575  3654 D HnTransitionAnimation: load animation resource id 20a0051
06-19 23:12:51.504  2361  3678 I SurfaceControl: ~SurfaceControl 0xb4000074e4645770 Surface(name=a824253 com.example.testeableapp.test/androidx.test.core.app.InstrumentationActivityInvoker$EmptyActivity)/@0xb8d484b - animation-leash of starting_reveal#116930
06-19 23:12:51.505  3575  3654 D HnTransitionAnimationOptimize: local_anim_config true NATIVE_ANIM_CONFIG true
06-19 23:12:51.505  3575  3654 D HnTransitionAnimationOptimize: launch/back/home Animation. animate in native
06-19 23:12:51.506  2126  6007 I AGPService: FilterAction mVotePool.size: 2 priority 2600 sceneCode 2600
06-19 23:12:51.506  3575  3654 D HnTransitionAnimationOptimize: ApplyAnimationOptimize leash = Surface(name=Task=350)/@0xf5f767f , frameCount = 17 frameDuration 16.666666
06-19 23:12:51.507  1700  1891 E Parcel  : Reading a NULL string not supported here.
06-19 23:12:51.507  1700  1891 D FluencyDetector: Begin fluency detect: APP_TRANSITION_ANIMATION
06-19 23:12:51.507  2126  6007 I AGPService: NotifyAnimationState animationTag: APP_TRANSITION_ANIMATION animationType: 2 state: 1, previous count: 0 type count: 0
06-19 23:12:51.507  2126  6007 I AGPService: CheckSceneRestrict type: ffffff, mSceneRestrictFlag 100
06-19 23:12:51.507  2126  6007 I AGPService: RefreshRateActionHandle 1210, 1
06-19 23:12:51.507  2126  6007 I AGPService: RefreshRateActionHandle currAppStrategy name 3, lightLimit 0, minFps 90, maxFps 90 refreshMinFps 60
06-19 23:12:51.507  2126  6007 I AGPService: AddAciton sceneCode 1210
06-19 23:12:51.507  2126  6007 I AGPService: DisableActionLoop
06-19 23:12:51.507  2126  6007 I AGPService: PostAction
06-19 23:12:51.507  2126  6007 I AGPService: FilterAction mVotePool.size: 3 priority 2600 sceneCode 2600
06-19 23:12:51.508  2126  6007 I AGPService: FilterAction mVotePool.size: 3 priority 2600 sceneCode 2600
06-19 23:12:51.508  2126  2150 I AGPService: FilterAction mVotePool.size: 3 priority 2600 sceneCode 2600
06-19 23:12:51.509  2126  2150 I AGPService: NotifyExtraPolicyInfoToSF fps: 60, skipCount: 0
06-19 23:12:51.509  2126  2150 I AGPService: SendPolicyByAction isGame 0 sceneCode 2600 priority 2600 lightEnabled 0 fpsHold 0 minFps 60 maxFps 60
06-19 23:12:51.509  1700  2158 I SurfaceFlinger: setDesiredDisplayModeSpecs pid: 2126 AGP-pid: 2126
06-19 23:12:51.510  4168  5067 D SrManager: front pkgs: [com.example.testeableapp]
06-19 23:12:51.513  3575  3654 D HnTransitionAnimation: load animation resource id 20a004b
06-19 23:12:51.513  1700  1700 I Layer   : [setLayer] [a6cece1 Splash Screen com.example.testeableapp.test#116904] setlayer z = 2147483647
06-19 23:12:51.513  3575  3654 D HnTransitionAnimationOptimize: local_anim_config true NATIVE_ANIM_CONFIG true
06-19 23:12:51.513  3575  3654 D HnTransitionAnimationOptimize: launch/back/home Animation. animate in native
06-19 23:12:51.513  1700  1700 I Layer   : [reparent] [a6cece1 Splash Screen com.example.testeableapp.test#116904] newParent is null [0xb400007043c18f60]
06-19 23:12:51.514  1700  1700 I Layer   : [reparent] [Surface(name=a824253 com.example.testeableapp.test/androidx.test.core.app.InstrumentationActivityInvoker$EmptyActivity)/@0xb8d484b - animation-leash of starting_reveal#116930] newParent is null [0xb400007043b75bf0]
06-19 23:12:51.514  1700  1700 I Layer   : [reparent] [Splash Screen com.example.testeableapp.test#116905] newParent is null [0xb400007043c5e6a0]
06-19 23:12:51.514  1700  1700 I Layer   : [setLayer] [5a8eae9 Splash Screen com.example.testeableapp#116935] setlayer z = 2147483647
06-19 23:12:51.514  2126  6007 I AGPService: FilterAction mVotePool.size: 3 priority 2600 sceneCode 2600
06-19 23:12:51.514  1700  1700 I Layer   : ~Layer layername: Surface(name=69fffd0 NavigationBar0)/@0xc4b2e34 - animation-leash of insets_animation#116922 address = 0xb400007043c0b120
06-19 23:12:51.514  1700  1700 I SurfaceFlinger: [onLayerDestroyed] [Surface(name=69fffd0 NavigationBar0)/@0xc4b2e34 - animation-leash of insets_animation#116922] address:0xb400007043c0b120 has destroyed
06-19 23:12:51.514  1700  1700 I Layer   : ~Layer layername: Surface(name=17e14ef StatusBar)/@0x4a2b91e - animation-leash of insets_animation#116923 address = 0xb400007043c9cec0
06-19 23:12:51.514  3575  3654 D HnTransitionAnimationOptimize: ApplyAnimationOptimize leash = Surface(name=Task=900)/@0x2aefb9e , frameCount = 17 frameDuration 16.666666
06-19 23:12:51.514  1700  1700 I SurfaceFlinger: [onLayerDestroyed] [Surface(name=17e14ef StatusBar)/@0x4a2b91e - animation-leash of insets_animation#116923] address:0xb400007043c9cec0 has destroyed
06-19 23:12:51.515  1700  4460 E Parcel  : Reading a NULL string not supported here.
06-19 23:12:51.515  1700  4460 D FluencyDetector: Begin fluency detect: APP_TRANSITION_ANIMATION
06-19 23:12:51.515  1700  4460 I SurfaceControl: SurfaceControl 0xb400006f63b176b0 Transition Root: Task=900#116938
06-19 23:12:51.516  1700  4460 I SurfaceControl: SurfaceControl 0xb400006f63b05890 Transition Root: Task=900#116938
06-19 23:12:51.516  1700  1700 I SurfaceControl: ~SurfaceControl 0xb400006f63af8310 ActivityRecord{eb0c571 u0 com.example.testeableapp.test/androidx.test.core.app.InstrumentationActivityInvoker$EmptyActivity t899 mVisible=false mOccludesParent=true mode=fullscreen boundsRect(0, 0 - 1080, 2412)}#116901
06-19 23:12:51.516  2126  6007 I AGPService: NotifyAnimationState animationTag: APP_TRANSITION_ANIMATION animationType: 2 state: 1, previous count: 1 type count: 1
06-19 23:12:51.516  2126  6007 I AGPService: CheckSceneRestrict type: ffffff, mSceneRestrictFlag 100
06-19 23:12:51.516  2126  6007 I AGPService: RefreshRateActionHandle 1210, 1
06-19 23:12:51.516  2126  6007 I AGPService: RefreshRateActionHandle currAppStrategy name 3, lightLimit 0, minFps 90, maxFps 90 refreshMinFps 60
06-19 23:12:51.516  2126  6007 I AGPService: AddAciton sceneCode 1210
06-19 23:12:51.516  2126  6007 I AGPService: DisableActionLoop
06-19 23:12:51.516  2126  6007 I AGPService: PostAction
06-19 23:12:51.517  2126  6007 I AGPService: FilterAction mVotePool.size: 3 priority 2600 sceneCode 2600
06-19 23:12:51.517  2126  6007 I AGPService: FilterAction mVotePool.size: 3 priority 2600 sceneCode 2600
06-19 23:12:51.517  3575  3654 I SurfaceControl: ~SurfaceControl 0xb4000074e4601610 ActivityRecord{d6ec35 u0 com.example.testeableapp/.MainActivity t900 mVisible=false mOccludesParent=true mode=fullscreen boundsRect(0, 0 - 1080, 2412)}#116934
06-19 23:12:51.517  3575  3654 I SurfaceControl: ~SurfaceControl 0xb4000074e45d24b0 5a8eae9 Splash Screen com.example.testeableapp#116935
06-19 23:12:51.517  3575  3654 I SurfaceControl: ~SurfaceControl 0xb4000074e4633cd0 a6cece1 Splash Screen com.example.testeableapp.test#116904
06-19 23:12:51.517  3575  3654 I SurfaceControl: ~SurfaceControl 0xb4000074e45da0f0 Transition Root: Task=900#116938
06-19 23:12:51.517  3575  3654 I SurfaceControl: ~SurfaceControl 0xb4000074e45cf8f0 Task=900#116933
06-19 23:12:51.517  3575  3654 I SurfaceControl: ~SurfaceControl 0xb4000074e463f2d0 Splash Screen com.example.testeableapp#116936
06-19 23:12:51.517  3575  3654 I SurfaceControl: ~SurfaceControl 0xb4000074e45fcd70 d3c4246 com.example.testeableapp/com.example.testeableapp.MainActivity#116937
06-19 23:12:51.526  3575  3654 D FloatBallController: operateFloatBall state:removetaskInfo:TaskInfo{userId=0 taskId=900 displayId=0 isRunning=true baseIntent=Intent { act=android.intent.action.MAIN cat=[android.intent.category.LAUNCHER] flg=0x10008000 cmp=com.example.testeableapp/.MainActivity } baseActivity=ComponentInfo{com.example.testeableapp/com.example.testeableapp.MainActivity} topActivity=ComponentInfo{com.example.testeableapp/com.example.testeableapp.MainActivity} origActivity=null realActivity=ComponentInfo{com.example.testeableapp/com.example.testeableapp.MainActivity} numActivities=1 lastActiveTime=739194482 isSupportsHwFreeForm=true appOrientationPolicy=1 affinity=10270:com.example.testeableapp freeformPaddingType=0 shouldFreeformSetSurfaceCorner=false supportsHnSplitScreenMultiWindow=true supportsHnTopBotSplitScreenfalse supportsMultiWindow=true resizeMode=1 isResizeable=true minWidth=-1 minHeight=-1 defaultMinSize=220 token=WCT{android.window.IWindowContainerToken$Stub$Proxy@2625681} topActivityType=1 pictureInPictureParams=null isAutoRemoveRecents=false shouldDockBigOverlays=false launchIntoPipHostTaskId=-1 lastParentTaskIdBeforePip=-1 displayCutoutSafeInsets=Rect(0, 108 - 0, 0) topActivityInfo=ActivityInfo{3005326 com.example.testeableapp.MainActivity} windowMode=1 launchCookies=[] positionInParent=Point(0, 0) parentTaskId=-1 isFocused=true isVisible=true isFreeformEnterPip=false isVisibleRequested=true isSleeping=false topActivityInSizeCompat=false topActivityEligibleForLetterboxEducation= false topActivityLetterboxed= false isFromDoubleTap= false topActivityLetterboxVerticalPosition= -1 topActivityLetterboxHorizontalPosition= -1 topActivityLetterboxWidth=-1 topActivityLetterboxHeight=-1 locusId=null displayAreaFeatureId=1 cameraCompatControlState=hidden targetScaleForVerticalInwardFold=1.0}
06-19 23:12:51.528  3575  3840 W HwFloatDockBar: FloatBallViewModel callBackRefreshFloatBallIcon recentAppBeans is null or empty!
06-19 23:12:51.528  1700  1700 I Layer   : [setLayer] [Transition Root: Task=900#116938] setlayer z = 3
06-19 23:12:51.529  1700  1700 I Layer   : [setLayer] [Task=350#45305] setlayer z = 2
06-19 23:12:51.529  1700  1700 I Layer   : [setLayer] [Task=900#116933] setlayer z = 5
06-19 23:12:51.529  1700  1700 I SurfaceFlinger: [Splash Screen com.example.testeableapp#116936] apply visible 1
06-19 23:12:51.529  1700  1700 I Layer   : [setLayer] [a6cece1 Splash Screen com.example.testeableapp.test#116904] setlayer z = 2147483647
06-19 23:12:51.529  1700  1700 I Layer   : [setLayer] [5a8eae9 Splash Screen com.example.testeableapp#116935] setlayer z = 2147483647
06-19 23:12:51.529  2126  2150 I AGPService: FilterAction mVotePool.size: 3 priority 2600 sceneCode 2600
06-19 23:12:51.529  1700  1700 W SurfaceFlinger: Attempt to set client state with a null layer handle
06-19 23:12:51.529  1700  1700 W SurfaceFlinger: Attempt to set client state with a null layer handle
06-19 23:12:51.529  2126  2150 I AGPService: NotifyExtraPolicyInfoToSF fps: 60, skipCount: 0
06-19 23:12:51.529  2126  2150 I AGPService: SendPolicyByAction isGame 0 sceneCode 2600 priority 2600 lightEnabled 0 fpsHold 0 minFps 60 maxFps 60
06-19 23:12:51.529  1700  2158 I SurfaceFlinger: setDesiredDisplayModeSpecs pid: 2126 AGP-pid: 2126
06-19 23:12:51.530  1700  1700 I Layer   : ~Layer layername: Splash Screen com.example.testeableapp.test#116905 address = 0xb400007043c5e6a0
06-19 23:12:51.530  1700  1700 I SurfaceFlinger: [onLayerDestroyed] [Splash Screen com.example.testeableapp.test#116905] address:0xb400007043c5e6a0 has destroyed
06-19 23:12:51.532  1700  1700 I SurfaceControl: ~SurfaceControl 0xb400006f63b05890 Transition Root: Task=900#116938
06-19 23:12:51.532  1700  1700 I SurfaceControl: ~SurfaceControl 0xb400006f63b176b0 Transition Root: Task=900#116938
06-19 23:12:51.535  1700  1700 I CompositionEngine: [isClientCompositionForced] Rounded Corners layer [com.hihonor.android.launcher/com.hihonor.android.launcher.unihome.UniHomeLauncher#116921] client compose
06-19 23:12:51.536  4183  4497 I HwPacketFilterBypass: message.what=1
06-19 23:12:51.537  4183  4497 I HwPacketFilterBypass: getNetworkPolicyFlag flagStr null
06-19 23:12:51.537  1700  1700 I CompositionEngine: [applyDeviceCompositionTypeChange] layer [Wallpaper BBQ wrapper#64] apply to client compose
06-19 23:12:51.537  1700  1700 I CompositionEngine: [applyDeviceCompositionTypeChange] layer [StatusBar#87] apply to client compose
06-19 23:12:51.537  1700  1700 I CompositionEngine: [applyDeviceCompositionTypeChange] layer [NavigationBar0#83] apply to client compose
06-19 23:12:51.537  1700  1700 I CompositionEngine: [applyDeviceCompositionTypeChange] layer [ScreenRecorderTimer#116816] apply to client compose
06-19 23:12:51.539  4183  4497 I HwPacketFilterBypass: kernelAddTrackUid uid:10271 allowed:true
06-19 23:12:51.544  1663  3286 E libnav  : CablComputeBacklightLevel(): UpdateType = DifferentSceneUpdate
06-19 23:12:51.549  1696 13468 I asd_out_fwk: L = [0], R = [0], continus 25 times, Device = 0x80000100, mode = normal recording
06-19 23:12:51.555  2130  3234 I dubaid  : [GpuAccounter.cpp] GetPower# Invalid gpu frequency: 1115, find best power
06-19 23:12:51.555  2130  3234 I dubaid  : [GpuAccounter.cpp] GetPower# Invalid gpu frequency: 1025, find best power
06-19 23:12:51.555  2130  3234 I dubaid  : [GpuAccounter.cpp] GetPower# Invalid gpu frequency: 785, find best power
06-19 23:12:51.556  2130  3242 E dubaid  : [WifiStats.cpp] BalanceWifiSleepTime# Failed to read wifi sleep data
06-19 23:12:51.560  1700  1700 I CompositionEngine: [isClientCompositionForced] Rounded Corners layer [Splash Screen com.example.testeableapp#116936] client compose
06-19 23:12:51.562  1617 13041 I sensors-hal: handle_sns_std_sensor_event:275, ambient_light_event: ts=739194763299754, lux = 1, raw_adc=192, raw_2=304
06-19 23:12:51.665  2338  2596 I HiView  : Begin report 902620002
06-19 23:12:51.665  2338  2596 I HiEvent : Flatten done: 902620002
06-19 23:12:51.680  2338  2596 W ScreemCommon: ProcessEntry, not beta version or commercial log off
06-19 23:12:51.686  4183  4497 I SpeedTestNotifier: is low speed scene
06-19 23:12:51.727  4168  5095 I CachedFreezerManager: never opt app, keep alive for cached freezer: com.hihonor.hncloud
06-19 23:12:51.728  1617 13041 I sensors-hal: handle_sns_std_sensor_event:275, ambient_light_event: ts=739194929293244, lux = 1, raw_adc=192, raw_2=320
06-19 23:12:51.739 19656 19656 E afehal_info: ioctrl_get_frame:[1781932371476][T:1781932371.739846]ioctrl_get_frame 144:ioctrl_get_frame err ret = -1
06-19 23:12:51.740 19656 19656 E afehal_info: get_ioctr_frame:[1781932371476][T:1781932371.740006]get_ioctr_frame 626:ioctrl_get_frame error return NULL
06-19 23:12:51.740 19656 19656 E aptouch_daemon: update_frame, thp_afe_get_frame return nullptr
06-19 23:12:51.754  1666  1838 E ANDR-PERF-OPTSHANDLER: ANDR-PERF-OPTSHANDLER: modify_sysfsnode() 1149: Perflock resource /sys/devices/system/cpu/bus_dcvs/L3/soc:qcom,memlat:l3:prime/min_freq not supported
06-19 23:12:51.755  1666  1838 E ANDR-PERF-RESOURCEQS: ANDR-PERF-RESOURCEQS: RemoveAndApply() 292: Failed to reset optimization here [13, 22]
06-19 23:12:51.755  1666  1838 E ANDR-PERF-OPTSHANDLER: ANDR-PERF-OPTSHANDLER: modify_sysfsnode() 1149: Perflock resource /dev/stune/top-app/schedtune.boost not supported
06-19 23:12:51.755  1666  1838 E ANDR-PERF-RESOURCEQS: ANDR-PERF-RESOURCEQS: RemoveAndApply() 292: Failed to reset optimization here [3, 28]
06-19 23:12:51.765 13346 13457 W TraceLog: onQueueInputBuffer(c2.android.aac.encoder:0xb40000759a5aa900) Queued: 50.5/s Done: 47.6/s Rendered: 0.0/s Discarded: 48.6/s
06-19 23:12:51.793  1700  2158 I SurfaceFlinger: createLayer layername: com.example.testeableapp/com.example.testeableapp.MainActivity type: Layer address = 0xb400007043c0e8b0
06-19 23:12:51.795  2361  5212 I SurfaceControl: SurfaceControl 0xb4000074e4631490 com.example.testeableapp/com.example.testeableapp.MainActivity#116942
06-19 23:12:51.800  2361  2847 D HwPhoneWindowManager: Transact:setSystemUIColor to status bar service
06-19 23:12:51.800  2361  5212 I SurfaceControl: nativeRelease 0xb4000074e462c4f0 count: 2 name: Surface(name=69fffd0 NavigationBar0)/@0xc4b2e34 - animation-leash of insets_animation#116939
06-19 23:12:51.801  1700  4460 I SurfaceFlinger: createLayer layername: Surface(name=69fffd0 NavigationBar0)/@0xc4b2e34 - animation-leash of insets_animation type: Layer address = 0xb400007043c0b120
06-19 23:12:51.802  2361  5212 I SurfaceControl: SurfaceControl 0xb4000074e45f31b0 Surface(name=69fffd0 NavigationBar0)/@0xc4b2e34 - animation-leash of insets_animation#116943
06-19 23:12:51.802  2361  5212 I SurfaceControl: nativeRelease 0xb4000074e462e010 count: 2 name: Surface(name=17e14ef StatusBar)/@0x4a2b91e - animation-leash of insets_animation#116940
06-19 23:12:51.803  1700  4460 I SurfaceFlinger: createLayer layername: Surface(name=17e14ef StatusBar)/@0x4a2b91e - animation-leash of insets_animation type: Layer address = 0xb400007043c5e6a0
06-19 23:12:51.804  2361  5212 I SurfaceControl: SurfaceControl 0xb4000074e45e2430 Surface(name=17e14ef StatusBar)/@0x4a2b91e - animation-leash of insets_animation#116944
06-19 23:12:51.805  2361  5212 D ZrHung.AppEyeFocusWindow: FocusWindowErrorScene cancelCheckFreezeScreen
06-19 23:12:51.805  2361  5212 D ZrHung.AppEyeTransparentWindow: TransparentWindow mHungConfigStatus = 0,mHungConfigEnable = 1
06-19 23:12:51.805  3575  3575 W StatusBar: Statusbar onSystemBarAttributesChanged appearance = 16 mTransientShown false displayId 0 mDisplayId 0 behavior 1
06-19 23:12:51.805  3575  3575 I StatusBar: updateBarMode mStatusBarMode = 4 barMode 4
06-19 23:12:51.805  3575  3575 D SbStateController: setSystemBarAttributes isFullscreen: false
06-19 23:12:51.806  2361  5212 I SurfaceControl: nativeRelease 0xb4000074e46293f0 count: 1 name: com.example.testeableapp/com.example.testeableapp.MainActivity#116942
06-19 23:12:51.806  2361  5212 I SurfaceControl: ~SurfaceControl 0xb4000074e46293f0 com.example.testeableapp/com.example.testeableapp.MainActivity#116942
06-19 23:12:51.806  3575  3575 I HwDependencyFactory: stn is not supported!
06-19 23:12:51.806  3575  3575 I BaseCapsuleStatusBarHelper: mIsShowStatusBar: true, isShowStatusBar: true
06-19 23:12:51.806 13974 13974 I SurfaceControl: SurfaceControl 0xb4000074e459bd30 com.example.testeableapp/com.example.testeableapp.MainActivity#116942
06-19 23:12:51.808 13974 13974 I BufferQueueConsumer: [](id:369600000002,api:0,p:-1,c:13974) connect: controlledByApp=false
06-19 23:12:51.809  1700  1891 I SurfaceControl: SurfaceControl 0xb400006f63b176b0 Surface(name=69fffd0 NavigationBar0)/@0xc4b2e34 - animation-leash of insets_animation#116943
06-19 23:12:51.809  1700  1891 I SurfaceControl: SurfaceControl 0xb400006f63b05890 Surface(name=17e14ef StatusBar)/@0x4a2b91e - animation-leash of insets_animation#116944
06-19 23:12:51.809  2361  2850 I SurfaceControl: ~SurfaceControl 0xb4000074e462c4f0 Surface(name=69fffd0 NavigationBar0)/@0xc4b2e34 - animation-leash of insets_animation#116939
06-19 23:12:51.809  2361  2850 I SurfaceControl: ~SurfaceControl 0xb4000074e462e010 Surface(name=17e14ef StatusBar)/@0x4a2b91e - animation-leash of insets_animation#116940
06-19 23:12:51.810 13974 14105 I BufferQueueProducer: [VRI[MainActivity]#2(BLAST Consumer)2](id:369600000002,api:0,p:-1,c:13974) connect: api=1 producerControlledByApp=true
06-19 23:12:51.810 13974 14105 E OpenGLRenderer: Unable to match the desired swap behavior.
06-19 23:12:51.810 13974 14013 I SurfaceControl: SurfaceControl 0xb4000074e459b1d0 Surface(name=69fffd0 NavigationBar0)/@0xc4b2e34 - animation-leash of insets_animation#116943
06-19 23:12:51.810 13974 14013 I SurfaceControl: SurfaceControl 0xb4000074e459a750 Surface(name=17e14ef StatusBar)/@0x4a2b91e - animation-leash of insets_animation#116944
06-19 23:12:51.818  3575  3698 I SurfaceControl: nativeRelease 0xb4000074e45fb870 count: 1 name: Surface(name=69fffd0 NavigationBar0)/@0xc4b2e34 - animation-leash of insets_animation#116939
06-19 23:12:51.818  3575  3698 I SurfaceControl: ~SurfaceControl 0xb4000074e45fb870 Surface(name=69fffd0 NavigationBar0)/@0xc4b2e34 - animation-leash of insets_animation#116939
06-19 23:12:51.819  3575  3698 I SurfaceControl: nativeRelease 0xb4000074e459e8f0 count: 1 name: Surface(name=17e14ef StatusBar)/@0x4a2b91e - animation-leash of insets_animation#116940
06-19 23:12:51.819  3575  3698 I SurfaceControl: ~SurfaceControl 0xb4000074e459e8f0 Surface(name=17e14ef StatusBar)/@0x4a2b91e - animation-leash of insets_animation#116940
06-19 23:12:51.826  1660  1800 E DMABUFHEAPS: DmabufAlloc size=10592256 openTime=0 allocTime=12
06-19 23:12:51.827  1700  1700 I Layer   : [setLayer] [5a8eae9 Splash Screen com.example.testeableapp#116935] setlayer z = 2147483647
06-19 23:12:51.828  1700  1700 I Layer   : [reparent] [Surface(name=69fffd0 NavigationBar0)/@0xc4b2e34 - animation-leash of insets_animation#116939] newParent is null [0xb400007043bef4a0]
06-19 23:12:51.828  1700  1700 I Layer   : [reparent] [Surface(name=17e14ef StatusBar)/@0x4a2b91e - animation-leash of insets_animation#116940] newParent is null [0xb400007043c6fc70]
06-19 23:12:51.829  1700  1700 I SurfaceControl: ~SurfaceControl 0xb400006f63b05890 Surface(name=17e14ef StatusBar)/@0x4a2b91e - animation-leash of insets_animation#116944
06-19 23:12:51.829  1700  1700 I SurfaceControl: ~SurfaceControl 0xb400006f63b176b0 Surface(name=69fffd0 NavigationBar0)/@0xc4b2e34 - animation-leash of insets_animation#116943
06-19 23:12:51.831  2361  4609 I InputDispatcher: setFocusedWindow receiveTime step 1 :350784919ms receiveTime step 2 :350784919ms receiveTime step 3 :0ms
06-19 23:12:51.835  2144  2144 E Thermal-daemon:hn_thermal: [ap] tempNew :44  tempOld :43
06-19 23:12:51.843  1660  1799 E DMABUFHEAPS: DmabufAlloc size=10592256 openTime=0 allocTime=16
06-19 23:12:51.849  3575  3661 I HnTransitionAnimationOptimize: AnimTransactionCompletedListener callback.
06-19 23:12:51.849  3575  3661 I HnTransitionAnimationOptimize: local anim onAnimationEnd,leash:Surface(name=Task=350)/@0xf5f767f
06-19 23:12:51.850  1700  2483 D FluencyDetector: End fluency detect: APP_TRANSITION_ANIMATION
06-19 23:12:51.850  2126  6007 I AGPService: NotifyAnimationState animationTag: APP_TRANSITION_ANIMATION animationType: 2 state: 0, previous count: 2 type count: 2
06-19 23:12:51.850  2126  6007 E AGPService: SceneEnd: mIsSceneStart invalid
06-19 23:12:51.850  2126  6007 I AGPService: RefreshRateActionHandle 1210, 0
06-19 23:12:51.850  2126  6007 I AGPService: ReleaseAction sceneCode 1210 mVotePool.size 2
06-19 23:12:51.850  2126  6007 I AGPService: DisableActionLoop
06-19 23:12:51.850  2126  6007 I AGPService: PostAction
06-19 23:12:51.850  3575  3661 I HnTransitionAnimationOptimize: AnimTransactionCompletedListener callback.
06-19 23:12:51.850  2126  6007 I AGPService: FilterAction mVotePool.size: 2 priority 2600 sceneCode 2600
06-19 23:12:51.850  2126  6007 I AGPService: FilterAction mVotePool.size: 2 priority 2600 sceneCode 2600
06-19 23:12:51.851  3575  3661 I HnTransitionAnimationOptimize: local anim onAnimationEnd,leash:Surface(name=Task=900)/@0x2aefb9e
06-19 23:12:51.851  1700  2158 D FluencyDetector: End fluency detect: APP_TRANSITION_ANIMATION
06-19 23:12:51.851  2126  6007 I AGPService: NotifyAnimationState animationTag: APP_TRANSITION_ANIMATION animationType: 2 state: 0, previous count: 1 type count: 1
06-19 23:12:51.852  2126  6007 E AGPService: SceneEnd: mIsSceneStart invalid
06-19 23:12:51.852  2126  6007 I AGPService: RefreshRateActionHandle 1210, 0
06-19 23:12:51.852  2126  6007 I AGPService: PostAction
06-19 23:12:51.852  2126  6007 I AGPService: FilterAction mVotePool.size: 2 priority 2600 sceneCode 2600
06-19 23:12:51.852  2126  2150 I AGPService: FilterAction mVotePool.size: 2 priority 2600 sceneCode 2600
06-19 23:12:51.853  2126  2150 I AGPService: NotifyExtraPolicyInfoToSF fps: 60, skipCount: 0
06-19 23:12:51.853  2126  6007 I AGPService: FilterAction mVotePool.size: 2 priority 2600 sceneCode 2600
06-19 23:12:51.853  2126  2150 I AGPService: SendPolicyByAction isGame 0 sceneCode 2600 priority 2600 lightEnabled 0 fpsHold 0 minFps 60 maxFps 60
06-19 23:12:51.853  1700  4460 I SurfaceFlinger: setDesiredDisplayModeSpecs pid: 2126 AGP-pid: 2126
06-19 23:12:51.853  1700  2483 I SurfaceControl: SurfaceControl 0xb400006f63b176b0 DefaultTaskDisplayArea#9
06-19 23:12:51.853  1700  2483 I SurfaceControl: SurfaceControl 0xb400006f63b05890 DefaultTaskDisplayArea#9
06-19 23:12:51.856  1660  1799 E DMABUFHEAPS: DmabufAlloc size=10592256 openTime=0 allocTime=11
06-19 23:12:51.858  1700  1700 I Layer   : [setLayer] [5a8eae9 Splash Screen com.example.testeableapp#116935] setlayer z = 2147483647
06-19 23:12:51.858  1700  1700 I Layer   : [setLayer] [a6cece1 Splash Screen com.example.testeableapp.test#116904] setlayer z = 2147483647
06-19 23:12:51.858  1700  1700 I Layer   : [setLayer] [Task=900#116933] setlayer z = 3
06-19 23:12:51.858  1700  1700 I Layer   : [reparent] [Transition Root: Task=900#116938] newParent is null [0xb400007043cae490]
06-19 23:12:51.858  3575  3654 I SurfaceControl: ~SurfaceControl 0xb4000074e45bdd70 5a8eae9 Splash Screen com.example.testeableapp#116935
06-19 23:12:51.858  3575  3654 I SurfaceControl: ~SurfaceControl 0xb4000074e45f5d70 a6cece1 Splash Screen com.example.testeableapp.test#116904
06-19 23:12:51.858  3575  3654 I SurfaceControl: ~SurfaceControl 0xb4000074e45a58f0 Transition Root: Task=900#116938
06-19 23:12:51.858  3575  3654 I SurfaceControl: ~SurfaceControl 0xb4000074e460d5b0 Task=900#116933
06-19 23:12:51.858  3575  3654 I SurfaceControl: ~SurfaceControl 0xb4000074e45bcbf0 Task=350#45305
06-19 23:12:51.858  1700  1700 I Layer   : ~Layer layername: Surface(name=69fffd0 NavigationBar0)/@0xc4b2e34 - animation-leash of insets_animation#116939 address = 0xb400007043bef4a0
06-19 23:12:51.858  1700  1700 I SurfaceFlinger: [onLayerDestroyed] [Surface(name=69fffd0 NavigationBar0)/@0xc4b2e34 - animation-leash of insets_animation#116939] address:0xb400007043bef4a0 has destroyed
06-19 23:12:51.859  1700  1700 I Layer   : ~Layer layername: Surface(name=17e14ef StatusBar)/@0x4a2b91e - animation-leash of insets_animation#116940 address = 0xb400007043c6fc70
06-19 23:12:51.859  1700  1700 I SurfaceFlinger: [onLayerDestroyed] [Surface(name=17e14ef StatusBar)/@0x4a2b91e - animation-leash of insets_animation#116940] address:0xb400007043c6fc70 has destroyed
06-19 23:12:51.859  3575  3654 I SurfaceControl: ~SurfaceControl 0xb4000074e45a90f0 DefaultTaskDisplayArea#9
06-19 23:12:51.859  3575  3654 I SurfaceControl: ~SurfaceControl 0xb4000074e461d530 DefaultTaskDisplayArea#9
06-19 23:12:51.859  1700  1700 I SurfaceControl: ~SurfaceControl 0xb400006f63b05890 DefaultTaskDisplayArea#9
06-19 23:12:51.859  1700  1700 I SurfaceControl: ~SurfaceControl 0xb400006f63b176b0 DefaultTaskDisplayArea#9
06-19 23:12:51.859  3575  3654 I SurfaceControl: nativeRelease 0xb4000074e45f0190 count: 1 name: Transition Root: Task=900#116938
06-19 23:12:51.859  3575  3654 I SurfaceControl: ~SurfaceControl 0xb4000074e45f0190 Transition Root: Task=900#116938
06-19 23:12:51.868  2361  4609 I SurfaceControl: ~SurfaceControl 0xb4000074e463e690 a6cece1 Splash Screen com.example.testeableapp.test#116904
06-19 23:12:51.869  2361  4609 I SurfaceControl: ~SurfaceControl 0xb4000074e4631730 Transition Root: Task=900#116938
06-19 23:12:51.875  3575  3836 I ImageWallpaper: setWideColorGamutAction: displayMode=1, visible=false, com.android.systemui.wallpapers.ImageWallpaper$CanvasEngine@9f61336
06-19 23:12:51.875  3575  3836 I ImageWallpaper: DisplayBT2020SupportMap is empty
06-19 23:12:51.875  3575  3836 I ImageWallpaper: setWideColorGamutAction: unsupport wide color gamut
06-19 23:12:51.876  2361  2850 I SurfaceControl: nativeRelease 0xb4000074e462bd10 count: 2 name: e2c4ac3 ActivityRecordInputSink com.hihonor.android.launcher/.unihome.UniHomeLauncher#116926
06-19 23:12:51.878  2361  2850 I SurfaceControl: ~SurfaceControl 0xb4000074e462bd10 e2c4ac3 ActivityRecordInputSink com.hihonor.android.launcher/.unihome.UniHomeLauncher#116926
06-19 23:12:51.878 10112 10164 I BufferQueueProducer: [VRI[GoogleDiscoverWindow]#11(BLAST Consumer)11](id:27800000000b,api:1,p:10112,c:10112) disconnect: api 1
06-19 23:12:51.878  1660  1800 E DMABUFHEAPS: DmabufAlloc size=10592256 openTime=0 allocTime=21
06-19 23:12:51.879 28791 28859 I BufferQueueProducer: [VRI[UniHomeLauncher]#936(BLAST Consumer)936](id:7077000003ab,api:1,p:28791,c:28791) disconnect: api 1
06-19 23:12:51.881 28791 28859 I ndroid.launcher: [purgeUnlockedResources] skip purge scratch resource bytes 655360
06-19 23:12:51.882  2126  2150 I AGPService: FilterAction mVotePool.size: 2 priority 2600 sceneCode 2600
06-19 23:12:51.882  1629  1831 D vendor.honor.hardware.aoservice@1.0-service: [AO_SVC] (reopen_timer_handler:50):enter reopen handler
06-19 23:12:51.884  1700  1700 I Layer   : [reparent] [Transition Root: Task=900#116938] newParent is null [0xb400007043cae490]
06-19 23:12:51.884  1700  1700 I SurfaceFlinger: [com.hihonor.android.launcher/com.hihonor.android.launcher.unihome.UniHomeLauncher#116921] apply visible 0
06-19 23:12:51.884  1700  1700 I SurfaceFlinger: [GoogleDiscoverWindow#116920] apply visible 0
06-19 23:12:51.885  1700  1700 I Layer   : [reparent] [e2c4ac3 ActivityRecordInputSink com.hihonor.android.launcher/.unihome.UniHomeLauncher#116926] newParent is null [0xb400007043c00a70]
06-19 23:12:51.885  2126  2150 I AGPService: NotifyExtraPolicyInfoToSF fps: 60, skipCount: 0
06-19 23:12:51.885  2126  2150 I AGPService: SendPolicyByAction isGame 0 sceneCode 2600 priority 2600 lightEnabled 0 fpsHold 0 minFps 60 maxFps 60
06-19 23:12:51.885  1700  1700 I Layer   : ~Layer layername: a6cece1 Splash Screen com.example.testeableapp.test#116904 address = 0xb400007043c18f60
06-19 23:12:51.885  1700  1700 I SurfaceFlinger: [onLayerDestroyed] [a6cece1 Splash Screen com.example.testeableapp.test#116904] address:0xb400007043c18f60 has destroyed
06-19 23:12:51.885  1700  1889 I SurfaceFlinger: setDesiredDisplayModeSpecs pid: 2126 AGP-pid: 2126
06-19 23:12:51.886 10112 10112 I SurfaceControl: nativeRelease 0xb4000074e45af050 count: 3 name: GoogleDiscoverWindow#116920
06-19 23:12:51.886 10112 10112 I BufferQueueConsumer: [VRI[GoogleDiscoverWindow]#11(BLAST Consumer)11](id:27800000000b,api:0,p:-1,c:10112) disconnect
06-19 23:12:51.896  2361  5212 I SurfaceControl: nativeRelease 0xb4000074e46293f0 count: 1 name: Surface(name=559ceab InputMethod)/@0x9d6dd52 - animation-leash of insets_animation#116931
06-19 23:12:51.896  2361  5212 I SurfaceControl: ~SurfaceControl 0xb4000074e46293f0 Surface(name=559ceab InputMethod)/@0x9d6dd52 - animation-leash of insets_animation#116931
06-19 23:12:51.898 28791 28791 I SurfaceControl: nativeRelease 0xb4000074e45c0af0 count: 2 name: com.hihonor.android.launcher/com.hihonor.android.launcher.unihome.UniHomeLauncher#116921
06-19 23:12:51.900 28791 28791 I SurfaceControl: SurfaceControl 0xb4000074e45d6650 Surface(name=559ceab InputMethod)/@0x9d6dd52 - animation-leash of insets_animation#116931
06-19 23:12:51.901  1700  1700 I Layer   : ~Layer layername: e2c4ac3 ActivityRecordInputSink com.hihonor.android.launcher/.unihome.UniHomeLauncher#116926 address = 0xb400007043c00a70
06-19 23:12:51.901  1700  1700 I SurfaceFlinger: [onLayerDestroyed] [e2c4ac3 ActivityRecordInputSink com.hihonor.android.launcher/.unihome.UniHomeLauncher#116926] address:0xb400007043c00a70 has destroyed
06-19 23:12:51.901 28791 28791 I SurfaceControl: nativeRelease 0xb4000074e45a2630 count: 1 name: Surface(name=559ceab InputMethod)/@0x9d6dd52 - animation-leash of insets_animation#116931
06-19 23:12:51.901 28791 28791 I SurfaceControl: ~SurfaceControl 0xb4000074e45a2630 Surface(name=559ceab InputMethod)/@0x9d6dd52 - animation-leash of insets_animation#116931
06-19 23:12:51.901  1700  1700 I Layer   : ~Layer layername: Transition Root: Task=900#116938 address = 0xb400007043cae490
06-19 23:12:51.901  1700  1700 I SurfaceFlinger: [onLayerDestroyed] [Transition Root: Task=900#116938] address:0xb400007043cae490 has destroyed
06-19 23:12:51.903 28791 28791 I BufferQueueConsumer: [VRI[UniHomeLauncher]#936(BLAST Consumer)936](id:7077000003ab,api:0,p:-1,c:28791) disconnect
06-19 23:12:51.905 28791 28791 I SurfaceControl: ~SurfaceControl 0xb4000074e45c0af0 com.hihonor.android.launcher/com.hihonor.android.launcher.unihome.UniHomeLauncher#116921
06-19 23:12:51.907  7142  7283 E fb4a.msys: E[N WCCConnectionMEM]_WCCConnectionMEMEmitStateChange(3200)=>[INFO] connection/new_state/connecting [connection_id=129001531, wcc_source=1, wcc_reason=2]
06-19 23:12:51.909  7142  7283 E fb4a.msys: E[C MEMConnectionManager]_MEMConnectionManagerStateChangeHandler(585)=>[Critical] MEMConnectionState updated to ID: 1 with connectionId: 129001531
06-19 23:12:51.915  1617 13041 I sensors-hal: handle_sns_std_sensor_event:275, ambient_light_event: ts=739195095292254, lux = 0, raw_adc=176, raw_2=320
06-19 23:12:51.924  1663  3286 E libnav  : CablComputeBacklightLevel(): UpdateType = DifferentSceneUpdate
06-19 23:12:51.937  1666  1838 E ANDR-PERF-RESOURCEQS: ANDR-PERF-RESOURCEQS: AddAndApply() 125: Resource with major=11, minor=0 not supported
06-19 23:12:51.938  7142  7283 E fb4a.msys: E[N WCCConnectionMEM]_WCCConnectionMEMDoConnectWithAuthKeys(1546)=>[INFO] connection/connect/start/[host=chat-e2ee-mini.facebook.com port=80]/[57.144.162.8:80]/socketAddressCount=1
06-19 23:12:51.939 13974 13974 E RtgSchedIpcFile: RtgSchedIpcFile xxx failed to open /proc/13974/rtg
06-19 23:12:51.939 13974 13974 E RtgSchedIpcFile: RtgSchedIpcFile xxx failed to open /proc/rtg_gki/ioctl.
06-19 23:12:51.939 13974 13974 I RmeSchedManager: init Rme, version is: v1.0
06-19 23:12:51.939 13974 13974 E RtgSchedIpcFile: setCommandByIoctl not opened
06-19 23:12:51.940  7142  7283 E fb4a.msys: E[N WCCConnectionMEM]_WCCConnectionMEMLifecycleEventHandler(2176)=>[INFO] connection/xmpp/lifecycle_event/will-connect
06-19 23:12:51.940  7142  7283 E fb4a.msys: E[A WA]WCCHandshakeCreate(191)=>handshake/create, pq mode:0
06-19 23:12:51.941 13974 13974 I Choreographer: Skipped 32 frames!  The application may be doing too much work on its main thread.
06-19 23:12:51.950 28791 28859 I ndroid.launcher: [purgeUnlockedResources] skip purge scratch resource bytes 655360
06-19 23:12:51.950  2361  2361 W HwCameraSceneDetection: uid:10095, componentName:com.hihonor.android.launcher.unihome.UniHomeLauncher, flag:onStop
06-19 23:12:51.951  4183  4572 W AppStartupMonitor: activity state:onStop, comp:ComponentInfo{com.hihonor.android.launcher/com.hihonor.android.launcher.unihome.UniHomeLauncher}
06-19 23:12:51.951 28791 28791 W HnLauncher: StateManager goToState new=com.hihonor.android.launcher.quickstep.util.uioverrides.NormalState@31fc069 cur=com.hihonor.android.launcher.quickstep.util.uioverrides.NormalState@31fc069 isAnimated=false delay=0 isForce=false
06-19 23:12:51.951 28791 28791 W HnLauncher: java.lang.Throwable
06-19 23:12:51.951 28791 28791 W HnLauncher: 	at com.android.launcher3.statemanager.StateManager.goToState(StateManager.java:260)
06-19 23:12:51.951 28791 28791 W HnLauncher: 	at com.android.launcher3.statemanager.StateManager.goToState(StateManager.java:178)
06-19 23:12:51.951 28791 28791 W HnLauncher: 	at com.android.launcher3.statemanager.StateManager.moveToRestState(StateManager.java:553)
06-19 23:12:51.951 28791 28791 W HnLauncher: 	at com.android.launcher3.statemanager.StateManager.moveToRestState(StateManager.java:542)
06-19 23:12:51.951 28791 28791 W HnLauncher: 	at com.android.launcher3.statemanager.StatefulActivity.onStop(StatefulActivity.java:154)
06-19 23:12:51.951 28791 28791 W HnLauncher: 	at com.hihonor.android.launcher.Launcher.onStop(Launcher.java:3882)
06-19 23:12:51.951 28791 28791 W HnLauncher: 	at com.hihonor.android.launcher.HnLauncher.onStop(HnLauncher.java:314)
06-19 23:12:51.951 28791 28791 W HnLauncher: 	at android.app.Instrumentation.callActivityOnStop(Instrumentation.java:1644)
06-19 23:12:51.951 28791 28791 W HnLauncher: 	at android.app.Activity.performStop(Activity.java:9318)
06-19 23:12:51.951 28791 28791 W HnLauncher: 	at android.app.ActivityThread.callActivityOnStop(ActivityThread.java:6389)
06-19 23:12:51.951 28791 28791 W HnLauncher: 	at android.app.ActivityThread.performStopActivityInner(ActivityThread.java:6369)
06-19 23:12:51.951 28791 28791 W HnLauncher: 	at android.app.ActivityThread.handleStopActivity(ActivityThread.java:6453)
06-19 23:12:51.951 28791 28791 W HnLauncher: 	at android.app.servertransaction.StopActivityItem.execute(StopActivityItem.java:43)
06-19 23:12:51.951 28791 28791 W HnLauncher: 	at android.app.servertransaction.ActivityTransactionItem.execute(ActivityTransactionItem.java:45)
06-19 23:12:51.951 28791 28791 W HnLauncher: 	at android.app.servertransaction.TransactionExecutor.executeLifecycleState(TransactionExecutor.java:194)
06-19 23:12:51.951 28791 28791 W HnLauncher: 	at android.app.servertransaction.TransactionExecutor.execute(TransactionExecutor.java:106)
06-19 23:12:51.951 28791 28791 W HnLauncher: 	at android.app.ActivityThread$H.handleMessage(ActivityThread.java:3085)
06-19 23:12:51.951 28791 28791 W HnLauncher: 	at android.os.Handler.dispatchMessage(Handler.java:117)
06-19 23:12:51.951 28791 28791 W HnLauncher: 	at android.os.Looper.loopOnce(Looper.java:210)
06-19 23:12:51.951 28791 28791 W HnLauncher: 	at android.os.Looper.loop(Looper.java:302)
06-19 23:12:51.951 28791 28791 W HnLauncher: 	at android.app.ActivityThread.main(ActivityThread.java:9713)
