06-19 23:12:56.834  1680 14929 I QC2Comp : [avcD_5459] c2d rotation is not configured
06-19 23:12:56.834  1680 14929 I QC2Comp : [avcD_5459] FastCV mirror is not configured
06-19 23:12:56.835  1680 14929 E QC2V4l2Codec: [avcD_5459]  ? is not a supported pixel format!
06-19 23:12:56.835  2361  4609 E PowerLogWrite: write new power event, from uid:1000,tag:161,msg:10270|1|-2|*launch*
06-19 23:12:56.835  1680 14929 W QC2V4l2Codec: [avcD_5459] unknown/unsupported param default.color index = 0x5200180B
06-19 23:12:56.835  1680 14929 W QC2V4l2Codec: [avcD_5459] unknown/unsupported param input.buffers.max-size index = 0xC200081E
06-19 23:12:56.836  2361  3674 I InputDispatcher: Focus entered window: ab13ffc com.example.testeableapp/com.example.testeableapp.MainActivity (server) in display 0
06-19 23:12:56.836  2361  3674 I InputDispatcher: onFocusChangedLocked receiveTime step 1 :350789924ms receiveTime step 2 :0ms receiveTime step 3 :350789924ms
06-19 23:12:56.837  2144  2144 E Thermal-daemon:hn_thermal: [charger_ic] tempNew :44  tempOld :43
06-19 23:12:56.837  2144  2144 E Thermal-daemon:hn_thermal: [pa_0] tempNew :45  tempOld :44
06-19 23:12:56.838 13974 13974 V ImeFocusController: onWindowFocus: DecorView@12f63c9[MainActivity] softInputMode=STATE_UNSPECIFIED|ADJUST_PAN|IS_FORWARD_NAVIGATION
06-19 23:12:56.838 13974 13974 D InputMethodManager: onViewFocusChangedInternal, view=DecorView@12f63c9[MainActivity],focus=false,windowFocus=true,window=android.view.ViewRootImpl$W@80aeace,displayId=0,temporaryDetach=false,hasImeFocus=true
06-19 23:12:56.838 13974 13974 V InputMethodManager: Restarting due to mRestartOnNextWindowFocus as true
06-19 23:12:56.838 13974 13974 V InputMethodManager: checkFocus: view=null next=DecorView@12f63c9[MainActivity] force=true package=<none>
06-19 23:12:56.838 13974 13974 W InputMethodManager: startInputReason = 1
06-19 23:12:56.838 13974 13974 V InputMethodManager: Starting input: editorInfo=android.view.inputmethod.EditorInfo@984edef ic=null
06-19 23:12:56.838 13974 13974 V InputMethodManager: START INPUT: view=DecorView@12f63c9[MainActivity],focus=false,windowFocus=true,window=android.view.ViewRootImpl$W@80aeace,displayId=0,temporaryDetach=false,hasImeFocus=true ic=null editorInfo=android.view.inputmethod.EditorInfo@984edef startInputFlags=VIEW_HAS_FOCUS|INITIAL_CONNECTION
06-19 23:12:56.838 28791 28859 I ndroid.launcher: [purgeUnlockedResources] skip purge scratch resource bytes 655360
06-19 23:12:56.839  1700  1700 I CompositionEngine: [applyDeviceCompositionTypeChange] layer [NavigationBar0#83] apply to client compose
06-19 23:12:56.839  1700  1700 I CompositionEngine: [applyDeviceCompositionTypeChange] layer [ScreenshotAnimation#117031] apply to client compose
06-19 23:12:56.839  4183 21754 I Booster_AwareMonitor: [activityLifeNotifier]state:onStop pid:28791 uid:10095 ComponentInfo{com.hihonor.android.launcher/com.hihonor.android.launcher.unihome.UniHomeLauncher}
06-19 23:12:56.839  9860  9880 W AWARENESS_AmsRegister: state : onStop comp : ComponentInfo{com.hihonor.android.launcher/com.hihonor.android.launcher.unihome.UniHomeLauncher} taskId : 351callingPackage:launchMode:-1processUid_act:0
06-19 23:12:56.839  9860  9880 W AWARENESS_AmsRegister: get unknown state=onStop
06-19 23:12:56.839  2361  4609 I ImeTracker: com.example.testeableapp:692fc79a: onRequestHide at ORIGIN_SERVER_HIDE_INPUT reason HIDE_UNSPECIFIED_WINDOW
06-19 23:12:56.840  2361  4609 I ImeTracker: com.example.testeableapp:692fc79a: onCancelled at PHASE_SERVER_SHOULD_HIDE
06-19 23:12:56.840  4183 23188 W AppStartupMonitor: activity state:onStop, comp:ComponentInfo{com.hihonor.android.launcher/com.hihonor.android.launcher.unihome.UniHomeLauncher}
06-19 23:12:56.840 17346 17346 V InputMethod: unbindInput(): binding=InputBinding{android.os.BinderProxy@31dc2cc / uid 10095 / pid 28791} ic=RemoteInputConnection{idHash=#86ed620}
06-19 23:12:56.841  1700  1889 I SurfaceFlinger: createLayer layername: Surface(name=ab13ffc com.example.testeableapp/com.example.testeableapp.MainActivity)/@0xf0156fa - animation-leash of starting_reveal type: Layer address = 0xb400007043c38370
06-19 23:12:56.841  2361  2361 W HwCameraSceneDetection: uid:10095, componentName:com.hihonor.android.launcher.unihome.UniHomeLauncher, flag:onStop
06-19 23:12:56.842  2361  2850 I SurfaceControl: SurfaceControl 0xb4000074e462c250 Surface(name=ab13ffc com.example.testeableapp/com.example.testeableapp.MainActivity)/@0xf0156fa - animation-leash of starting_reveal#117046
06-19 23:12:56.843  3575  5037 I SurfaceControl: SurfaceControl 0xb4000074e461d8b0 Surface(name=ab13ffc com.example.testeableapp/com.example.testeableapp.MainActivity)/@0xf0156fa - animation-leash of starting_reveal#117046
06-19 23:12:56.843 17346 17346 D InputEventReceiver: dispatchInputInterval 1000000
06-19 23:12:56.843 13974 13974 I InputMethodManager: Starting input: Bind result=InputBindResult{result=SUCCESS_WAITING_IME_SESSION method=null id=com.touchtype.swiftkey/com.touchtype.KeyboardService sequence=10594 virtualDisplayToScreenMatrix=null isInputMethodSuppressingSpellChecker=false}
06-19 23:12:56.844 13974 13974 I InputMethodManager: handleMessage: MSG_SET_ACTIVE true, was false
06-19 23:12:56.845 17346 17346 V InputMethod: bindInput(): binding=InputBinding{android.os.BinderProxy@59f0d16 / uid 10270 / pid 13974} ic=RemoteInputConnection{idHash=#410c7f}
06-19 23:12:56.845 28791 28791 W HnLauncher: StateManager goToState new=com.hihonor.android.launcher.quickstep.util.uioverrides.NormalState@31fc069 cur=com.hihonor.android.launcher.quickstep.util.uioverrides.NormalState@31fc069 isAnimated=false delay=0 isForce=false
06-19 23:12:56.845 28791 28791 W HnLauncher: java.lang.Throwable
06-19 23:12:56.845 28791 28791 W HnLauncher: 	at com.android.launcher3.statemanager.StateManager.goToState(StateManager.java:260)
06-19 23:12:56.845 28791 28791 W HnLauncher: 	at com.android.launcher3.statemanager.StateManager.goToState(StateManager.java:178)
06-19 23:12:56.845 28791 28791 W HnLauncher: 	at com.android.launcher3.statemanager.StateManager.moveToRestState(StateManager.java:553)
06-19 23:12:56.845 28791 28791 W HnLauncher: 	at com.android.launcher3.statemanager.StateManager.moveToRestState(StateManager.java:542)
06-19 23:12:56.845 28791 28791 W HnLauncher: 	at com.android.launcher3.statemanager.StatefulActivity.onStop(StatefulActivity.java:154)
06-19 23:12:56.845 28791 28791 W HnLauncher: 	at com.hihonor.android.launcher.Launcher.onStop(Launcher.java:3882)
06-19 23:12:56.845 28791 28791 W HnLauncher: 	at com.hihonor.android.launcher.HnLauncher.onStop(HnLauncher.java:314)
06-19 23:12:56.845 28791 28791 W HnLauncher: 	at android.app.Instrumentation.callActivityOnStop(Instrumentation.java:1644)
06-19 23:12:56.845 28791 28791 W HnLauncher: 	at android.app.Activity.performStop(Activity.java:9318)
06-19 23:12:56.845 28791 28791 W HnLauncher: 	at android.app.ActivityThread.callActivityOnStop(ActivityThread.java:6389)
06-19 23:12:56.845 28791 28791 W HnLauncher: 	at android.app.ActivityThread.performStopActivityInner(ActivityThread.java:6369)
06-19 23:12:56.845 28791 28791 W HnLauncher: 	at android.app.ActivityThread.handleStopActivity(ActivityThread.java:6453)
06-19 23:12:56.845 28791 28791 W HnLauncher: 	at android.app.servertransaction.StopActivityItem.execute(StopActivityItem.java:43)
06-19 23:12:56.845 28791 28791 W HnLauncher: 	at android.app.servertransaction.ActivityTransactionItem.execute(ActivityTransactionItem.java:45)
06-19 23:12:56.845 28791 28791 W HnLauncher: 	at android.app.servertransaction.TransactionExecutor.executeLifecycleState(TransactionExecutor.java:194)
06-19 23:12:56.845 28791 28791 W HnLauncher: 	at android.app.servertransaction.TransactionExecutor.execute(TransactionExecutor.java:106)
06-19 23:12:56.845 28791 28791 W HnLauncher: 	at android.app.ActivityThread$H.handleMessage(ActivityThread.java:3085)
06-19 23:12:56.845 28791 28791 W HnLauncher: 	at android.os.Handler.dispatchMessage(Handler.java:117)
06-19 23:12:56.845 28791 28791 W HnLauncher: 	at android.os.Looper.loopOnce(Looper.java:210)
06-19 23:12:56.845 28791 28791 W HnLauncher: 	at android.os.Looper.loop(Looper.java:302)
06-19 23:12:56.845 28791 28791 W HnLauncher: 	at android.app.ActivityThread.main(ActivityThread.java:9713)
06-19 23:12:56.845 28791 28791 W HnLauncher: 	at java.lang.reflect.Method.invoke(Native Method)
06-19 23:12:56.845 28791 28791 W HnLauncher: 	at com.android.internal.os.RuntimeInit$MethodAndArgsCaller.run(RuntimeInit.java:601)
06-19 23:12:56.845 28791 28791 W HnLauncher: 	at com.android.internal.os.ZygoteInit.main(ZygoteInit.java:1062)
06-19 23:12:56.846  1700  2158 I SurfaceControl: SurfaceControl 0xb400006f63b2ae30 Surface(name=ab13ffc com.example.testeableapp/com.example.testeableapp.MainActivity)/@0xf0156fa - animation-leash of starting_reveal#117046
06-19 23:12:56.847 28791 28791 W HnLauncher: StateManager goToState new=com.hihonor.android.launcher.quickstep.util.uioverrides.NormalState@31fc069 cur=com.hihonor.android.launcher.quickstep.util.uioverrides.NormalState@31fc069 isAnimated=false delay=0 isForce=false
06-19 23:12:56.847 28791 28791 W HnLauncher: java.lang.Throwable
06-19 23:12:56.847 28791 28791 W HnLauncher: 	at com.android.launcher3.statemanager.StateManager.goToState(StateManager.java:260)
06-19 23:12:56.847 28791 28791 W HnLauncher: 	at com.android.launcher3.statemanager.StateManager.goToState(StateManager.java:178)
06-19 23:12:56.847 28791 28791 W HnLauncher: 	at com.android.launcher3.statemanager.StateManager.moveToRestState(StateManager.java:553)
06-19 23:12:56.847 28791 28791 W HnLauncher: 	at com.android.launcher3.statemanager.StateManager.moveToRestState(StateManager.java:542)
06-19 23:12:56.847 28791 28791 W HnLauncher: 	at com.hihonor.android.launcher.Launcher.onStop(Launcher.java:3901)
06-19 23:12:56.847 28791 28791 W HnLauncher: 	at com.hihonor.android.launcher.HnLauncher.onStop(HnLauncher.java:314)
06-19 23:12:56.847 28791 28791 W HnLauncher: 	at android.app.Instrumentation.callActivityOnStop(Instrumentation.java:1644)
06-19 23:12:56.847 28791 28791 W HnLauncher: 	at android.app.Activity.performStop(Activity.java:9318)
06-19 23:12:56.847 28791 28791 W HnLauncher: 	at android.app.ActivityThread.callActivityOnStop(ActivityThread.java:6389)
06-19 23:12:56.847 28791 28791 W HnLauncher: 	at android.app.ActivityThread.performStopActivityInner(ActivityThread.java:6369)
06-19 23:12:56.847 28791 28791 W HnLauncher: 	at android.app.ActivityThread.handleStopActivity(ActivityThread.java:6453)
06-19 23:12:56.847 28791 28791 W HnLauncher: 	at android.app.servertransaction.StopActivityItem.execute(StopActivityItem.java:43)
06-19 23:12:56.847 28791 28791 W HnLauncher: 	at android.app.servertransaction.ActivityTransactionItem.execute(ActivityTransactionItem.java:45)
06-19 23:12:56.847 28791 28791 W HnLauncher: 	at android.app.servertransaction.TransactionExecutor.executeLifecycleState(TransactionExecutor.java:194)
06-19 23:12:56.847 28791 28791 W HnLauncher: 	at android.app.servertransaction.TransactionExecutor.execute(TransactionExecutor.java:106)
06-19 23:12:56.847 28791 28791 W HnLauncher: 	at android.app.ActivityThread$H.handleMessage(ActivityThread.java:3085)
06-19 23:12:56.847 28791 28791 W HnLauncher: 	at android.os.Handler.dispatchMessage(Handler.java:117)
06-19 23:12:56.847 28791 28791 W HnLauncher: 	at android.os.Looper.loopOnce(Looper.java:210)
06-19 23:12:56.847 28791 28791 W HnLauncher: 	at android.os.Looper.loop(Looper.java:302)
06-19 23:12:56.847 28791 28791 W HnLauncher: 	at android.app.ActivityThread.main(ActivityThread.java:9713)
06-19 23:12:56.847 28791 28791 W HnLauncher: 	at java.lang.reflect.Method.invoke(Native Method)
06-19 23:12:56.847 28791 28791 W HnLauncher: 	at com.android.internal.os.RuntimeInit$MethodAndArgsCaller.run(RuntimeInit.java:601)
06-19 23:12:56.847 28791 28791 W HnLauncher: 	at com.android.internal.os.ZygoteInit.main(ZygoteInit.java:1062)
06-19 23:12:56.848  1700  1700 I Layer   : [setLayer] [a4f01f7 Splash Screen com.example.testeableapp#117036] setlayer z = 2147483647
06-19 23:12:56.849 28791 28791 W HnLauncher: WisdomCardSetManager widgetInfos is empty
06-19 23:12:56.849  1700  1700 I SurfaceControl: ~SurfaceControl 0xb400006f63b2ae30 Surface(name=ab13ffc com.example.testeableapp/com.example.testeableapp.MainActivity)/@0xf0156fa - animation-leash of starting_reveal#117046
06-19 23:12:56.849 13974 13974 I InputMethodManager: handleMessage: MSG_BIND 10594,com.touchtype.swiftkey/com.touchtype.KeyboardService
06-19 23:12:56.849 13974 13974 W InputMethodManager: startInputReason = 6
06-19 23:12:56.849 13974 13974 V InputMethodManager: Starting input: editorInfo=android.view.inputmethod.EditorInfo@3f250fc ic=null
06-19 23:12:56.849 13974 13974 V InputMethodManager: Starting input: finished by someone else. view=DecorView@12f63c9[MainActivity],focus=false,windowFocus=true,window=android.view.ViewRootImpl$W@80aeace,displayId=0,temporaryDetach=false,hasImeFocus=true servedView=DecorView@12f63c9[MainActivity],focus=false,windowFocus=true,window=android.view.ViewRootImpl$W@80aeace,displayId=0,temporaryDetach=false,hasImeFocus=true mServedConnecting=false
06-19 23:12:56.850 17346 17346 V InputMethod: startInput(): editor=android.view.inputmethod.EditorInfo@6bb344c
06-19 23:12:56.850 17346 17346 V InputMethodService: CALL: doFinishInput
06-19 23:12:56.850 17346 17346 D InlineSuggestionSessionController: notifyOnFinishInput
06-19 23:12:56.850 17346 17346 V InputMethodService: CALL: onFinishInput
06-19 23:12:56.851 17346 17346 D InlineSuggestionSessionController: notifyOnStartInput: com.example.testeableapp, 0
06-19 23:12:56.851 17346 17346 V InputMethodService: CALL: onStartInput
06-19 23:12:56.851  6177 14933 D PickerSyncController:    Latest ID/Gen=7f34660e6f812599:external_primary/689208
06-19 23:12:56.851  6177 14933 D PickerSyncController:    Cached ID/Gen=7f34660e6f812599:external_primary/689052
06-19 23:12:56.850 28791 28791 I HnLauncher: Launcher Icon:6 Widget:2 Folder:5 Icon in folder:77, in drawer:0
06-19 23:12:56.852  2361  3674 I SurfaceControl: nativeRelease 0xb4000074e45c1650 count: 2 name: Surface(name=559ceab InputMethod)/@0x9d6dd52 - animation-leash of insets_animation#117028
06-19 23:12:56.853  1700  2158 I SurfaceFlinger: createLayer layername: Surface(name=559ceab InputMethod)/@0x9d6dd52 - animation-leash of insets_animation type: Layer address = 0xb400007043c61e30
06-19 23:12:56.853  1700  1700 I CompositionEngine: [applyDeviceCompositionTypeChange] layer [com.example.testeableapp/com.example.testeableapp.MainActivity#117043] apply to client compose
06-19 23:12:56.853  2361  2846 I ActivityTaskManager: Displayed com.example.testeableapp/.MainActivity for user 0: +778ms
06-19 23:12:56.853  1700  1700 I CompositionEngine: [applyDeviceCompositionTypeChange] layer [Splash Screen com.example.testeableapp#117037] apply to client compose
06-19 23:12:56.853  1700  1700 I CompositionEngine: [applyDeviceCompositionTypeChange] layer [StatusBar#87] apply to client compose
06-19 23:12:56.854  6177 14933 D PickerSyncController:    RESULT=SyncRequestParams{type=MEDIA_INCREMENTAL, gen=689052, latest=Bundle[{last_media_sync_generation=689208, media_collection_id=7f34660e6f812599:external_primary}], pageSize=1000}
06-19 23:12:56.854  2361  3674 I SurfaceControl: SurfaceControl 0xb4000074e4627470 Surface(name=559ceab InputMethod)/@0x9d6dd52 - animation-leash of insets_animation#117047
06-19 23:12:56.854  6177 14933 I PickerSyncController: Executing SyncAdd. isLocal: true. authority: com.android.providers.media.photopicker
06-19 23:12:56.854  6177 14933 D PickerSyncLockManager: Trying to acquire lock com.android.providers.media.photopicker.sync.CloseableReentrantLock@683d7ef[Unlocked]. Lock Name = CLOUD_PROVIDER_LOCK. Threads that may be waiting to acquire this lock = [] with timeout.
06-19 23:12:56.855  2361 13224 W AwareLog: AwareMem_SysTrim: no app proc need to trim/kill
06-19 23:12:56.855 17346 17346 W c0      : onStartInput event aborted
06-19 23:12:56.855 17346 17346 W c0      : fc0.z: could not obtain extracted text
06-19 23:12:56.855 17346 17346 W c0      : 	at fc0.w0.H(Unknown Source:329)
06-19 23:12:56.855 17346 17346 W c0      : 	at m70.y.g(Unknown Source:285)
06-19 23:12:56.855 17346 17346 W c0      : 	at m70.f3.g(Unknown Source:4)
06-19 23:12:56.855 17346 17346 W c0      : 	at com.touchtype.KeyboardService.onStartInput(Unknown Source:11)
06-19 23:12:56.855 17346 17346 W c0      : 	at android.inputmethodservice.InputMethodService.doStartInput(InputMethodService.java:3643)
06-19 23:12:56.855 17346 17346 W c0      : 	at android.inputmethodservice.InputMethodService$InputMethodImpl.startInput(InputMethodService.java:1097)
06-19 23:12:56.855 17346 17346 W c0      : 	at android.inputmethodservice.InputMethodService$InputMethodImpl.dispatchStartInput(InputMethodService.java:1126)
06-19 23:12:56.855 17346 17346 W c0      : 	at android.inputmethodservice.IInputMethodWrapper.executeMessage(IInputMethodWrapper.java:197)
06-19 23:12:56.855 17346 17346 W c0      : 	at com.android.internal.os.HandlerCaller$MyHandler.handleMessage(HandlerCaller.java:44)
06-19 23:12:56.855 17346 17346 W c0      : 	at android.os.Handler.dispatchMessage(Handler.java:117)
06-19 23:12:56.855 17346 17346 W c0      : 	at android.os.Looper.loopOnce(Looper.java:210)
06-19 23:12:56.855 17346 17346 W c0      : 	at android.os.Looper.loop(Looper.java:302)
06-19 23:12:56.855 17346 17346 W c0      : 	at android.app.ActivityThread.main(ActivityThread.java:9713)
06-19 23:12:56.855 17346 17346 W c0      : 	at java.lang.reflect.Method.invoke(Native Method)
06-19 23:12:56.855 17346 17346 W c0      : 	at com.android.internal.os.RuntimeInit$MethodAndArgsCaller.run(RuntimeInit.java:601)
06-19 23:12:56.855 17346 17346 W c0      : 	at com.android.internal.os.ZygoteInit.main(ZygoteInit.java:1062)
06-19 23:12:56.855  2361  3674 I SurfaceControl: setRelativeLayer sc:Surface(name=ImeContainer)/@0xd02ae8a,  relativeTo:Surface(name=ActivityRecord{d070559 u0 com.example.testeableapp/.MainActivity t904 mVisible=false mOccludesParent=true mode=fullscreen boundsRect(0, 0 - 1080, 2412)})/@0x8a923dd,  z:1
06-19 23:12:56.856  2361  3945 E PowerLogWrite: write new power event, from uid:1000,tag:167,msg:com.google.android.googlequicksearchbox:googleapp|28791|10112|service
06-19 23:12:56.856  6177 14933 D CloseableReentrantLock: Successfully acquired lock com.android.providers.media.photopicker.sync.CloseableReentrantLock@683d7ef[Locked by thread pool-4-thread-243]. Lock Name = CLOUD_PROVIDER_LOCK. Threads that may be waiting to acquire this lock = []
06-19 23:12:56.856  6177 14933 D CloseableReentrantLock: Successfully released lock com.android.providers.media.photopicker.sync.CloseableReentrantLock@683d7ef[Unlocked]. Lock Name = CLOUD_PROVIDER_LOCK. Threads that may be waiting to acquire this lock = []
06-19 23:12:56.857  6177 14933 D ExternalDbFacade: Token received for queryMedia = null
06-19 23:12:56.860  1700  1889 I SurfaceControl: SurfaceControl 0xb400006f63b0f7d0 ActivityRecord{d070559 u0 com.example.testeableapp/.MainActivity t904 mVisible=false mOccludesParent=true mode=fullscreen boundsRect(0, 0 - 1080, 2412)}#117035
06-19 23:12:56.860  1700  1889 I SurfaceControl: SurfaceControl 0xb400006f63afcc90 ActivityRecord{d070559 u0 com.example.testeableapp/.MainActivity t904 mVisible=false mOccludesParent=true mode=fullscreen boundsRect(0, 0 - 1080, 2412)}#117035
06-19 23:12:56.860  1700  1889 I SurfaceControl: SurfaceControl 0xb400006f63b23e30 Surface(name=559ceab InputMethod)/@0x9d6dd52 - animation-leash of insets_animation#117047
06-19 23:12:56.861  2361  2850 I SurfaceControl: ~SurfaceControl 0xb4000074e45c1650 Surface(name=559ceab InputMethod)/@0x9d6dd52 - animation-leash of insets_animation#117028
06-19 23:12:56.862 13974 14030 I SurfaceControl: SurfaceControl 0xb4000074e459f450 Surface(name=69fffd0 NavigationBar0)/@0xc4b2e34 - animation-leash of insets_animation#117044
06-19 23:12:56.862 13974 14030 I SurfaceControl: SurfaceControl 0xb4000074e459c970 Surface(name=17e14ef StatusBar)/@0x4a2b91e - animation-leash of insets_animation#117045
06-19 23:12:56.862 13974 14030 I SurfaceControl: SurfaceControl 0xb4000074e459d850 Surface(name=559ceab InputMethod)/@0x9d6dd52 - animation-leash of insets_animation#117047
06-19 23:12:56.864 13974 13974 I SurfaceControl: nativeRelease 0xb4000074e45b8970 count: 1 name: Surface(name=69fffd0 NavigationBar0)/@0xc4b2e34 - animation-leash of insets_animation#117044
06-19 23:12:56.864 13974 13974 I SurfaceControl: ~SurfaceControl 0xb4000074e45b8970 Surface(name=69fffd0 NavigationBar0)/@0xc4b2e34 - animation-leash of insets_animation#117044
06-19 23:12:56.864 13974 13974 I SurfaceControl: nativeRelease 0xb4000074e45ba9d0 count: 1 name: Surface(name=17e14ef StatusBar)/@0x4a2b91e - animation-leash of insets_animation#117045
06-19 23:12:56.864 13974 13974 I SurfaceControl: ~SurfaceControl 0xb4000074e45ba9d0 Surface(name=17e14ef StatusBar)/@0x4a2b91e - animation-leash of insets_animation#117045
06-19 23:12:56.864  1700  1700 I Layer   : [setRelativeLayer] [ImeContainer#12] setRelativeLayer z = 1, relativeZ = 1
06-19 23:12:56.865  1700  1700 I Layer   : [reparent] [Surface(name=559ceab InputMethod)/@0x9d6dd52 - animation-leash of insets_animation#117028] newParent is null [0xb400007043b95000]
06-19 23:12:56.865 17346 17346 I InputMethodService: removeImeSurface: window begin to be hidden.
06-19 23:12:56.865 17346 17346 I DecorView[InputMethod]: set decor visibility 8
06-19 23:12:56.866  1700  1700 I SurfaceControl: ~SurfaceControl 0xb400006f63b23e30 Surface(name=559ceab InputMethod)/@0x9d6dd52 - animation-leash of insets_animation#117047
06-19 23:12:56.866  1700  1700 I SurfaceControl: ~SurfaceControl 0xb400006f63afcc90 ActivityRecord{d070559 u0 com.example.testeableapp/.MainActivity t904 mVisible=false mOccludesParent=true mode=fullscreen boundsRect(0, 0 - 1080, 2412)}#117035
06-19 23:12:56.866  1700  1700 I SurfaceControl: ~SurfaceControl 0xb400006f63b0f7d0 ActivityRecord{d070559 u0 com.example.testeableapp/.MainActivity t904 mVisible=false mOccludesParent=true mode=fullscreen boundsRect(0, 0 - 1080, 2412)}#117035
06-19 23:12:56.866  1696 10605 D AudioPolicyService: getUidState(99642) cacheIter->second.first, return cacheIter->second.second(3)
06-19 23:12:56.868  1696 10605 D AudioPolicyService: getUidState(10153) cacheIter->second.first, return cacheIter->second.second(3)
06-19 23:12:56.869  1696 10605 D AudioPolicyService: getUidState(10126) cacheIter->second.first, return cacheIter->second.second(3)
06-19 23:12:56.869  1696 10605 D AudioPolicyService: getUidState(10038) cacheIter->second.first, return cacheIter->second.second(3)
06-19 23:12:56.872 14195 14195 I DecorView[]: set decor visibility 4
06-19 23:12:56.873  1663  6062 E ANDR-PERF-CLIENT: ANDR-PERF-CLIENT: perf_hint_private() 255: Process is Flooding request to PerfService
06-19 23:12:56.878  1666  1838 E ANDR-PERF-OPTSHANDLER: ANDR-PERF-OPTSHANDLER: unsupported() 949: Error: This resource is not supported
06-19 23:12:56.878  1666  1838 E ANDR-PERF-RESOURCEQS: ANDR-PERF-RESOURCEQS: RemoveAndApply() 292: Failed to reset optimization here [11, 0]
06-19 23:12:56.882 10112 10112 I bzak    : onStop
06-19 23:12:56.885  2361  5312 W RMS.ExitCatch: ExitCatch file notexist /proc/14195/unexpected_die_catch
06-19 23:12:56.886  2361  5312 W RMS.ExitCatch: now ExitCatch is disable in pid =14195 ret = false
06-19 23:12:56.886  4183 23886 I Booster_AwareMonitor: [handleUidBoundTop] uid:10095 packageName:com.hihonor.android.launcher className:com.hihonor.android.launcher.unihome.UniHomeLauncher uidState:5
06-19 23:12:56.886  4183  4498 I Booster_OllieObserver: notify registrants event: EVENT_ACTIVITY_STATE_CHANGED, new ActivityInfo: uid = 10095, packageName = com.hihonor.android.launcher, procState = 3
06-19 23:12:56.886  4183  4498 I NsaPowerConsumptionMonitor: onActivityStateChanged: mIsSpeedTesting:false isTopActivity:true isSpeedTestApk:false
06-19 23:12:56.887  1696 10594 D AudioPolicyService: getUidState(10095) cacheIter->second.first, return cacheIter->second.second(2)
06-19 23:12:56.887  1696 10594 D AudioPolicyService: getUidState(10051) cacheIter->second.first, return cacheIter->second.second(3)
06-19 23:12:56.888  2361  3223 E AwareLog: CpuProcessInherit: files null
06-19 23:12:56.890  4183  4497 I UidCloseNrStateMachine: enter uidStateChanged, ForeGrountApp=com.hihonor.android.launcher, mIsCallOn=false, mIsUsbPlugged=true, openLowPowerSwitch=true, QoeSlowState=false, powerMode=1, isSpeedSensitivityApp=false
06-19 23:12:56.890  4183  4497 D Booster_SelfCureManager: handleMessage: msg.what: 38
06-19 23:12:56.890 14195 14195 W WindowOnBackDispatcher: sendCancelIfRunning: isInProgress=falsecallback=android.view.ViewRootImpl$$ExternalSyntheticLambda20@77ecbec
06-19 23:12:56.891  4183  4497 D SmartDualCardConfig: getAppType,pkgName=com.hihonor.android.launcher,appType=28
06-19 23:12:56.891  4183  4497 E SmartDualCardConfig: isAppInBlackList false,items==null
06-19 23:12:56.891  4183  4497 I SmartDualCardConfig: isAppInWhiteList false,uid=10095
06-19 23:12:56.891  4183  4497 I LowLatencyMode: handleApkInBackground packageName: com.hihonor.android.launcher, foregroundWhiteListApkSet: []
06-19 23:12:56.891 19656 19656 E afehal_info: ioctrl_get_frame:[1781932376605][T:1781932376.891737]ioctrl_get_frame 144:ioctrl_get_frame err ret = -1
06-19 23:12:56.891 19656 19656 E afehal_info: get_ioctr_frame:[1781932376605][T:1781932376.891822]get_ioctr_frame 626:ioctrl_get_frame error return NULL
06-19 23:12:56.891 19656 19656 E aptouch_daemon: update_frame, thp_afe_get_frame return nullptr
06-19 23:12:56.891  2361  3678 I SurfaceControl: nativeRelease 0xb4000074e45c1650 count: 1 name: Splash Screen com.example.testeableapp#117037
06-19 23:12:56.891  2361  3678 I SurfaceControl: ~SurfaceControl 0xb4000074e45c1650 Splash Screen com.example.testeableapp#117037
06-19 23:12:56.891  4183  4497 D SmartDualCardConfig: getAppType,pkgName=com.hihonor.android.launcher,appType=28
06-19 23:12:56.891  4183  4497 I SmartDualCardSM: onUidStateUpdate isSkip,uid=10095,pkgName=com.hihonor.android.launcher,pkgNameByComponentName=com.hihonor.android.launcher
06-19 23:12:56.892 14195 14195 D HiTouch_PressGestureDetector: onDetached:false
06-19 23:12:56.893  1617 13041 I sensors-hal: handle_sns_std_sensor_event:275, ambient_light_event: ts=739200075301837, lux = 1, raw_adc=336, raw_2=624
06-19 23:12:56.894  3575  3698 I SurfaceControl: SurfaceControl 0xb4000074e45c44b0 Splash Screen com.example.testeableapp#117037
06-19 23:12:56.895  3575  3698 I SurfaceControl: nativeRelease 0xb4000074e45fb410 count: 4 name: Splash Screen com.example.testeableapp#117037
06-19 23:12:56.898  1629  1831 D vendor.honor.hardware.aoservice@1.0-service: [AO_SVC] (reopen_timer_handler:50):enter reopen handler
06-19 23:12:56.851  1680 14929 D BufferPoolAccessor2.0: bufferpool2 0xb400006e9129b0d8 : 14(229376 size) total buffers - 14(229376 size) used buffers - 0/14 (recycle/alloc) - 0/0 (fetch/transfer)
06-19 23:12:56.898  1680 14929 I QC2Comp : Memory tracker creation for [1D-10438]
06-19 23:12:56.900  1700  1700 I CompositionEngine: [applyDeviceCompositionTypeChange] layer [com.example.testeableapp/com.example.testeableapp.MainActivity#117043] apply to client compose
06-19 23:12:56.903  3575  3712 I SurfaceControl: ~SurfaceControl 0xb4000074e45fb410 Splash Screen com.example.testeableapp#117037
06-19 23:12:56.912  2224 14925 W Codec2Client: query -- param skipped: index = 1342179345.
06-19 23:12:56.912  2224 14925 W Codec2Client: query -- param skipped: index = 2415921170.
06-19 23:12:56.912  2224 14925 W Codec2Client: query -- param skipped: index = 1610614798.
06-19 23:12:56.914  3575  3575 W StatusBar: Statusbar onSystemBarAttributesChanged appearance = 0 mTransientShown false displayId 0 mDisplayId 0 behavior 1
06-19 23:12:56.914  3575  3575 I StatusBar: updateBarMode mStatusBarMode = 4 barMode 4
06-19 23:12:56.916  2361  3678 W InputManager-JNI: Input channel object 'edaf054 com.example.testeableapp.test/androidx.test.core.app.InstrumentationActivityInvoker$EmptyActivity (client)' was disposed without first being removed with the input manager!
06-19 23:12:56.917  2361  3678 I SurfaceControl: nativeRelease 0xb4000074e45e80f0 count: 2 name: com.example.testeableapp.test/androidx.test.core.app.InstrumentationActivityInvoker$EmptyActivity#117011
06-19 23:12:56.917  2361  3678 I SurfaceControl: nativeRelease 0xb4000074e4622e70 count: 2 name: edaf054 com.example.testeableapp.test/androidx.test.core.app.InstrumentationActivityInvoker$EmptyActivity#117010
06-19 23:12:56.919  2126 13579 D ITouchService: itouch currentPackageName = com.example.testeableapp.test
06-19 23:12:56.919  2126 13579 D ITouchService: itouch appType=-1 appState=0 gameMode=1
06-19 23:12:56.919  2126 13579 D ITouchService: itouchReaderMonitor empty
06-19 23:12:56.919  2126 13579 D ITouchService: g_itouch_reader_monitor Monitor::IsReaderMonitorEnable()=0
06-19 23:12:56.919  2126 13579 D ITouchService: itouch getCurrentParmID tempPkg=com.example.testeableapp.xxx
06-19 23:12:56.919  2126 13579 D ITouchService: itouch:app com.example.testeableapp.test is  not game app
06-19 23:12:56.919  2126 13579 D ITouchService: itouch:app com.example.testeableapp.test is  not in StylusPenList
06-19 23:12:56.919  2126 13579 D ITouchService: itouch:styluspen_switch is disable
06-19 23:12:56.919  2126 13579 D ITouchService: itouch:currentAppTypeName =|UNKNOWN|
06-19 23:12:56.920  2126 13579 W ITouchService: itouch DirectDeliverManager:checkDirectDeliverState game list is empty & not support TouchEnhance.
06-19 23:12:56.920  2126 13579 I IPCThreadState: oneway function results for code 11 on binder at 0xb40000722b9548c0 will be dropped but finished with status UNKNOWN_TRANSACTION
06-19 23:12:56.924  1663  6059 E ANDR-PERF-CLIENT: ANDR-PERF-CLIENT: perf_hint_private() 255: Process is Flooding request to PerfService
06-19 23:12:56.928  1663  6062 E ANDR-PERF-CLIENT: ANDR-PERF-CLIENT: perf_hint_private() 255: Process is Flooding request to PerfService
06-19 23:12:56.927  2224 14925 D CCodecBufferChannel: [c2.qti.avc.decoder#517] Query input allocators returned 0 params => BAD_INDEX (6)
06-19 23:12:56.930  2224 14925 D BufferPoolAccessor2.0: bufferpool2 0xe9f1ade8 : 4(131072 size) total buffers - 4(131072 size) used buffers - 46/54 (recycle/alloc) - 8/102 (fetch/transfer)
06-19 23:12:56.930  2224 14925 D BufferPoolManager: # of cleaned connections: 1
06-19 23:12:56.930  2224 14925 D BufferPoolManager: create new connection 9553788468765
06-19 23:12:56.931  2225 30504 D BufferPoolAccessor2.0: bufferpool2 0xb400006e0559c528 : 0(0 size) total buffers - 0(0 size) used buffers - 0/4 (recycle/alloc) - 4/4 (fetch/transfer)
06-19 23:12:56.931  2225 30504 D BufferPoolAccessor2.0: Destruction - bufferpool2 0xb400006e0559c528 cached: 0/0M, 0/0% in use; allocs: 4, 0% recycled; transfers: 4, 0% unfetched
06-19 23:12:56.931  2224 14925 D CCodecBufferChannel: [c2.qti.avc.decoder#517] Created input block pool with allocatorID 16 => poolID 4627 - OK (0)
06-19 23:12:56.932  3575  3575 D SbStateController: setSystemBarAttributes isFullscreen: false
06-19 23:12:56.932  3575  3575 I HwDependencyFactory: stn is not supported!
06-19 23:12:56.932  3575  3575 I BaseCapsuleStatusBarHelper: mIsShowStatusBar: true, isShowStatusBar: true
06-19 23:12:56.933  2224 14925 D CCodecBufferChannel: [c2.qti.avc.decoder#517] Query output allocators returned 0 params => BAD_INDEX (6)
06-19 23:12:56.933  2224 14925 D CCodecBufferChannel: [c2.qti.avc.decoder#517] Query output surface allocator returned 0 params => BAD_INDEX (6)
06-19 23:12:56.934  2224 14925 I CCodecBufferChannel: [c2.qti.avc.decoder#517] Created output block pool with allocatorID 18 => poolID 10439 - OK
06-19 23:12:56.935  2224 14925 D CCodecBufferChannel: [c2.qti.avc.decoder#517] Configured output block pool ids 10439 => OK
06-19 23:12:56.935  2224 14925 D Codec2-OutputBufferQueue: remote graphic buffer migration 0/0
06-19 23:12:56.935  1680  1680 E QC2Interface: Few parameters failed to configure
06-19 23:12:56.935  2224 14925 D Codec2Client: setOutputSurface -- failed to set consumer usage (6/BAD_INDEX)
06-19 23:12:56.935  2224 14925 D Codec2Client: setOutputSurface -- generation=2278092 consumer usage=0x900
06-19 23:12:56.935  3575  3575 W ForegroundObserver:  onForegroundProgress change packageName:[com.example.testeableapp.test]isForeground:false
06-19 23:12:56.936  2338  2596 W ScreemCommon: ProcessEntry, not beta version or commercial log off
06-19 23:12:56.937  2361  3678 I SurfaceControl: ~SurfaceControl 0xb4000074e45e80f0 com.example.testeableapp.test/androidx.test.core.app.InstrumentationActivityInvoker$EmptyActivity#117011
06-19 23:12:56.937  2361  3678 I SurfaceControl: ~SurfaceControl 0xb4000074e4622e70 edaf054 com.example.testeableapp.test/androidx.test.core.app.InstrumentationActivityInvoker$EmptyActivity#117010
06-19 23:12:56.940  1700  1700 I Layer   : [reparent] [com.example.testeableapp.test/androidx.test.core.app.InstrumentationActivityInvoker$EmptyActivity#117011] newParent is null [0xb400007043cd47c0]
06-19 23:12:56.940  1700  1700 I Layer   : [reparent] [edaf054 com.example.testeableapp.test/androidx.test.core.app.InstrumentationActivityInvoker$EmptyActivity#117010] newParent is null [0xb400007043c1fe80]
06-19 23:12:56.940  1700  1700 I Layer   : [setLayer] [a4f01f7 Splash Screen com.example.testeableapp#117036] setlayer z = 2147483647
06-19 23:12:56.940  1680  3130 D C2BqBuffer: local generation change 2278092 , bqId: 9552007269057 migrated buffers # 0
06-19 23:12:56.941  2224 14925 D Codec2Client: Surface configure completed
06-19 23:12:56.948  1680  6382 I QC2CompStore: Setting heap usage to system
06-19 23:12:56.949  1700  1700 I CompositionEngine: [applyDeviceCompositionTypeChange] layer [StatusBar#87] apply to client compose
06-19 23:12:56.952  6177 14933 D PickerSyncLockManager: Trying to acquire lock com.android.providers.media.photopicker.sync.CloseableReentrantLock@683d7ef[Unlocked]. Lock Name = CLOUD_PROVIDER_LOCK. Threads that may be waiting to acquire this lock = [] with timeout.
06-19 23:12:56.952  6177 14933 D CloseableReentrantLock: Successfully acquired lock com.android.providers.media.photopicker.sync.CloseableReentrantLock@683d7ef[Locked by thread pool-4-thread-243]. Lock Name = CLOUD_PROVIDER_LOCK. Threads that may be waiting to acquire this lock = []
06-19 23:12:56.953  6177 14933 D PickerSyncController: Saving next page token: 1781932375000|1000118313 for key: local_provider:media_add:resume
06-19 23:12:56.953  6177 14933 D CloseableReentrantLock: Successfully released lock com.android.providers.media.photopicker.sync.CloseableReentrantLock@683d7ef[Unlocked]. Lock Name = CLOUD_PROVIDER_LOCK. Threads that may be waiting to acquire this lock = []
06-19 23:12:56.956  2361  3678 I SurfaceControl: nativeRelease 0xb4000074e46279b0 count: 2 name: ActivityRecord{7f21100 u0 com.example.testeableapp.test/androidx.test.core.app.InstrumentationActivityInvoker$EmptyActivity t903 mVisible=false mOccludesParent=true mode=fullscreen boundsRect(0, 0 - 1080, 2412)}#116998
06-19 23:12:56.957  2361  3678 I SurfaceControl: nativeRelease 0xb4000074e45bbed0 count: 4 name: Task=903#116997
06-19 23:12:56.957  2224 14924 W ResourceManagerService: Ignoring request to add new resource entry with value <= 0
06-19 23:12:56.957  1700  2483 I SurfaceFlinger: createLayer layername: Task=903 type: Layer address = 0xb400007043c31450
06-19 23:12:56.959  2361  3678 I SurfaceControl: SurfaceControl 0xb4000074e4615ff0 Task=903#117048
06-19 23:12:56.960  2361  3678 I SurfaceControl: setWindowCrop sc Surface(name=Task=903)/@0xc5cbd4c width 1080 height 2412 callers com.android.server.wm.Task.updateSurfaceSize:3279 com.android.server.wm.Task.migrateToNewSurfaceControl:3231 com.android.server.wm.TaskOrganizerController$TaskOrganizerState.removeTask:563 com.android.server.wm.TaskOrganizerController$TaskOrganizerState.-$$Nest$mremoveTask:0
06-19 23:12:56.960  6177 14933 D PickerNotificationSender: Sending a notification for media update
06-19 23:12:56.960  2361  3678 I SurfaceControl: nativeRelease 0xb4000074e4615ff0 count: 2 name: Task=903#117048
06-19 23:12:56.961  6177 14933 D PickerNotificationSender: Sending a notification for merged album media update Favorites
06-19 23:12:56.961  6177 14933 D PickerNotificationSender: Sending a notification for album media update Favorites
06-19 23:12:56.962  6177 14933 D PickerNotificationSender: Sending a notification for merged album media update Videos
06-19 23:12:56.962  6177 14933 D PickerNotificationSender: Sending a notification for album media update Videos
06-19 23:12:56.963  6177 14933 D ExternalDbFacade: Token received for queryMedia = 1781932375000|1000118313
06-19 23:12:56.964  2361  2850 I SurfaceControl: ~SurfaceControl 0xb4000074e46279b0 ActivityRecord{7f21100 u0 com.example.testeableapp.test/androidx.test.core.app.InstrumentationActivityInvoker$EmptyActivity t903 mVisible=false mOccludesParent=true mode=fullscreen boundsRect(0, 0 - 1080, 2412)}#116998
06-19 23:12:56.964  2361  2850 I SurfaceControl: ~SurfaceControl 0xb4000074e4615ff0 Task=903#117048
06-19 23:12:56.965  1700  1700 I Layer   : [reparent] [Task=903#116997] newParent is null [0xb400007043bbb330]
06-19 23:12:56.965  1700  1700 I Layer   : [reparent] [ActivityRecord{7f21100 u0 com.example.testeableapp.test/androidx.test.core.app.InstrumentationActivityInvoker$EmptyActivity t903 mVisible=false mOccludesParent=true mode=fullscreen boundsRect(0, 0 - 1080, 2412)}#116998] newParent is null [0xb400007043c76b90]
06-19 23:12:56.965  1700  1700 I Layer   : [setLayer] [Task=903#117048] setlayer z = 4
06-19 23:12:56.965  1700  1700 I Layer   : [reparent] [Task=903#117048] newParent is null [0xb400007043c31450]
06-19 23:12:56.965  1700  1700 I Layer   : ~Layer layername: edaf054 com.example.testeableapp.test/androidx.test.core.app.InstrumentationActivityInvoker$EmptyActivity#117010 address = 0xb400007043c1fe80
06-19 23:12:56.965  1700  1700 I SurfaceFlinger: [onLayerDestroyed] [edaf054 com.example.testeableapp.test/androidx.test.core.app.InstrumentationActivityInvoker$EmptyActivity#117010] address:0xb400007043c1fe80 has destroyed
06-19 23:12:56.968  2224 14924 D BufferPoolManager: client death recipient registered 9553788468766
06-19 23:12:56.969  2361  3674 I HwStartWindowRecord: windowModeChange is ing pkg: com.example.testeableappintentIntent { act=android.intent.action.MAIN cat=[android.intent.category.LAUNCHER] flg=0x10000000 cmp=com.example.testeableapp.test/androidx.test.core.app.InstrumentationActivityInvoker$EmptyActivity }
06-19 23:12:56.971  2361  3674 E ResMng NATIVE_MSG_FILTER: Fail to get hwrme service
06-19 23:12:56.974  2361  3674 E AwareLog: CloudPushManager: mHasCloudPush is false
06-19 23:12:56.975  2361  3674 I PackageManager: generatePackageInfo error, user not exists:128
06-19 23:12:56.978 28791 28791 I ndroid.launcher: Explicit concurrent mark compact GC freed 1735KB AllocSpace bytes, 0(0B) LOS objects, 49% free, 12MB/25MB, paused 816us,3.212ms total 126.346ms
06-19 23:12:56.980 28791 28791 I DecorView[]: set decor visibility 4
06-19 23:12:56.980 28791 28791 I InputMethodManager: handleMessage: MSG_SET_ACTIVE false, was true
06-19 23:12:56.980 28791 28791 I InputMethodManager: handleMessage: MSG_UNBIND 10593 reason=SWITCH_CLIENT
06-19 23:12:56.980 28791 28791 V InputMethodManager: Clearing all accessibility bindings
06-19 23:12:56.980 28791 28791 V InputMethodManager: Clearing binding!
06-19 23:12:56.980 28791 28791 I SurfaceControl: nativeRelease 0xb4000074e45c6cf0 count: 1 name: Surface(name=559ceab InputMethod)/@0x9d6dd52 - animation-leash of insets_animation#117028
06-19 23:12:56.980 28791 28791 I SurfaceControl: ~SurfaceControl 0xb4000074e45c6cf0 Surface(name=559ceab InputMethod)/@0x9d6dd52 - animation-leash of insets_animation#117028
06-19 23:12:56.980 28791 28796 I SurfaceControl: nativeRelease 0xb4000074e45cff10 count: 1 name: DefaultTaskDisplayArea#9
06-19 23:12:56.980 28791 28796 I SurfaceControl: ~SurfaceControl 0xb4000074e45cff10 DefaultTaskDisplayArea#9
06-19 23:12:56.980 28791 28796 I SurfaceControl: nativeRelease 0xb4000074e45eacb0 count: 1 name: Surface(name=Task=350)/@0xce90362_transition-leash#116879
06-19 23:12:56.980 28791 28796 I SurfaceControl: ~SurfaceControl 0xb4000074e45eacb0 Surface(name=Task=350)/@0xce90362_transition-leash#116879
06-19 23:12:56.980 28791 28796 I SurfaceControl: nativeRelease 0xb4000074e45cddd0 count: 1 name: Surface(name=Task=897)/@0x37b6db0_transition-leash#116880
06-19 23:12:56.980 28791 28796 I SurfaceControl: ~SurfaceControl 0xb4000074e45cddd0 Surface(name=Task=897)/@0x37b6db0_transition-leash#116880
06-19 23:12:56.980 28791 28796 I SurfaceControl: nativeRelease 0xb4000074e45ee210 count: 1 name: Surface(name=WallpaperWindowToken{42fa48d token=android.os.Binder@f360124})/@0xad7f3ae_transition-leash#116881
06-19 23:12:56.980 28791 28796 I SurfaceControl: ~SurfaceControl 0xb4000074e45ee210 Surface(name=WallpaperWindowToken{42fa48d token=android.os.Binder@f360124})/@0xad7f3ae_transition-leash#116881
06-19 23:12:56.981 28791 28796 I SurfaceControl: nativeRelease 0xb4000074e460b710 count: 1 name: DefaultTaskDisplayArea#9
06-19 23:12:56.981 28791 28796 I SurfaceControl: ~SurfaceControl 0xb4000074e460b710 DefaultTaskDisplayArea#9
06-19 23:12:56.981 28791 28796 I SurfaceControl: nativeRelease 0xb4000074e45cb050 count: 1 name: Surface(name=Task=350)/@0x848472f_transition-leash#116927
06-19 23:12:56.981 28791 28796 I SurfaceControl: ~SurfaceControl 0xb4000074e45cb050 Surface(name=Task=350)/@0x848472f_transition-leash#116927
06-19 23:12:56.981 28791 28796 I SurfaceControl: nativeRelease 0xb4000074e45fda90 count: 1 name: Surface(name=Task=899)/@0xe118ec5_transition-leash#116928
06-19 23:12:56.981 28791 28796 I SurfaceControl: ~SurfaceControl 0xb4000074e45fda90 Surface(name=Task=899)/@0xe118ec5_transition-leash#116928
06-19 23:12:56.981 28791 28796 I SurfaceControl: nativeRelease 0xb4000074e45fdd30 count: 1 name: Surface(name=WallpaperWindowToken{42fa48d token=android.os.Binder@f360124})/@0xb9c274b_transition-leash#116929
06-19 23:12:56.981 28791 28796 I SurfaceControl: ~SurfaceControl 0xb4000074e45fdd30 Surface(name=WallpaperWindowToken{42fa48d token=android.os.Binder@f360124})/@0xb9c274b_transition-leash#116929
06-19 23:12:56.981 28791 28796 I SurfaceControl: nativeRelease 0xb4000074e45c6430 count: 1 name: DefaultTaskDisplayArea#9
06-19 23:12:56.981 28791 28796 I SurfaceControl: ~SurfaceControl 0xb4000074e45c6430 DefaultTaskDisplayArea#9
06-19 23:12:56.981 28791 28796 I SurfaceControl: nativeRelease 0xb4000074e45d1a30 count: 1 name: Surface(name=Task=350)/@0xbf10521_transition-leash#116973
06-19 23:12:56.981 28791 28796 I SurfaceControl: ~SurfaceControl 0xb4000074e45d1a30 Surface(name=Task=350)/@0xbf10521_transition-leash#116973
06-19 23:12:56.981 28791 28796 I SurfaceControl: nativeRelease 0xb4000074e45e02f0 count: 1 name: Surface(name=Task=901)/@0x7af0b07_transition-leash#116974
06-19 23:12:56.981 28791 28796 I SurfaceControl: ~SurfaceControl 0xb4000074e45e02f0 Surface(name=Task=901)/@0x7af0b07_transition-leash#116974
06-19 23:12:56.981 28791 28796 I SurfaceControl: nativeRelease 0xb4000074e45d46d0 count: 1 name: Surface(name=WallpaperWindowToken{42fa48d token=android.os.Binder@f360124})/@0xfb7d25d_transition-leash#116975
06-19 23:12:56.981 28791 28796 I SurfaceControl: ~SurfaceControl 0xb4000074e45d46d0 Surface(name=WallpaperWindowToken{42fa48d token=android.os.Binder@f360124})/@0xfb7d25d_transition-leash#116975
06-19 23:12:56.983  1700  1700 I Layer   : ~Layer layername: Surface(name=559ceab InputMethod)/@0x9d6dd52 - animation-leash of insets_animation#117028 address = 0xb400007043b95000
06-19 23:12:56.983  1700  1700 I SurfaceFlinger: [onLayerDestroyed] [Surface(name=559ceab InputMethod)/@0x9d6dd52 - animation-leash of insets_animation#117028] address:0xb400007043b95000 has destroyed
06-19 23:12:56.983  1700  1700 I Layer   : ~Layer layername: Surface(name=Task=897)/@0x37b6db0_transition-leash#116880 address = 0xb400007043bd3820
06-19 23:12:56.983  1700  1700 I SurfaceFlinger: [onLayerDestroyed] [Surface(name=Task=897)/@0x37b6db0_transition-leash#116880] address:0xb400007043bd3820 has destroyed
06-19 23:12:56.983  1700  1700 I Layer   : ~Layer layername: Surface(name=WallpaperWindowToken{42fa48d token=android.os.Binder@f360124})/@0xad7f3ae_transition-leash#116881 address = 0xb400007043bf2c30
06-19 23:12:56.983  1700  1700 I SurfaceFlinger: [onLayerDestroyed] [Surface(name=WallpaperWindowToken{42fa48d token=android.os.Binder@f360124})/@0xad7f3ae_transition-leash#116881] address:0xb400007043bf2c30 has destroyed
06-19 23:12:56.983  1680 14929 I QC2Buf  : use shared ref tracker
06-19 23:12:56.983  1700  1700 I Layer   : ~Layer layername: Surface(name=Task=350)/@0xbf10521_transition-leash#116973 address = 0xb400007043c00a70
06-19 23:12:56.983  1700  1700 I SurfaceFlinger: [onLayerDestroyed] [Surface(name=Task=350)/@0xbf10521_transition-leash#116973] address:0xb400007043c00a70 has destroyed
06-19 23:12:56.983  1680 14929 I QC2Comp : Memory tracker creation for [2D-10439]
06-19 23:12:56.983  1700  1700 I Layer   : ~Layer layername: Task=903#117048 address = 0xb400007043c31450
06-19 23:12:56.983  1700  1700 I SurfaceFlinger: [onLayerDestroyed] [Task=903#117048] address:0xb400007043c31450 has destroyed
06-19 23:12:56.983  1700  1700 I Layer   : ~Layer layername: ActivityRecord{7f21100 u0 com.example.testeableapp.test/androidx.test.core.app.InstrumentationActivityInvoker$EmptyActivity t903 mVisible=false mOccludesParent=true mode=fullscreen boundsRect(0, 0 - 1080, 2412)}#116998 address = 0xb400007043c76b90
06-19 23:12:56.983  1700  1700 I SurfaceFlinger: [onLayerDestroyed] [ActivityRecord{7f21100 u0 com.example.testeableapp.test/androidx.test.core.app.InstrumentationActivityInvoker$EmptyActivity t903 mVisible=false mOccludesParent=true mode=fullscreen boundsRect(0, 0 - 1080, 2412)}#116998] address:0xb400007043c76b90 has destroyed
06-19 23:12:56.983  1700  1700 I Layer   : ~Layer layername: Surface(name=Task=350)/@0xce90362_transition-leash#116879 address = 0xb400007043cc6980
06-19 23:12:56.983  1700  1700 I SurfaceFlinger: [onLayerDestroyed] [Surface(name=Task=350)/@0xce90362_transition-leash#116879] address:0xb400007043cc6980 has destroyed
06-19 23:12:56.983  1680 14929 I QC2Buf  : Reconfig: clearing from 0 bufs. Peak mem=0 MB
06-19 23:12:56.983  1680 14929 I QC2Buf  : Reconfig: clearing from 0 bufs. Peak mem=0 MB
06-19 23:12:56.983  1680 14929 I QC2CompStore: Setting heap usage to system
06-19 23:12:56.985 28791 28797 W System  : A resource failed to call release.
06-19 23:12:56.985 28791 28797 W System  : A resource failed to call release.
06-19 23:12:56.985 28791 28797 W System  : A resource failed to call release.
06-19 23:12:56.985 28791 28797 W System  : A resource failed to call release.
06-19 23:12:56.986  4168 27551 I PGServer: android calls fast HApps
06-19 23:12:56.986  4168 27551 I AppFastHibernation: fast H duration: 1661 reason: addFreeze
06-19 23:12:56.986  4168 27551 I AppFastHibernation: call fast hibernation app:
06-19 23:12:56.986  4168 27551 I AppFastHibernation:     AppInfo {Uid:10271 Pkg:com.example.testeableapp.test Pids:[14195]}
06-19 23:12:56.986  4168 27551 I AppFastHibernation: do fast H request now
06-19 23:12:56.987  1700  1700 I CompositionEngine: [applyDeviceCompositionTypeChange] layer [NavigationBar0#83] apply to client compose
06-19 23:12:56.987  1700  1700 I CompositionEngine: [applyDeviceCompositionTypeChange] layer [ScreenshotAnimation#117031] apply to client compose
06-19 23:12:56.988  4168  5055 I AppFastHibernation: fast hibernate app:
06-19 23:12:56.988  4168  5055 I AppFastHibernation:     AppInfo {Uid:10271 Pkg:com.example.testeableapp.test Pids:[14195]}
06-19 23:12:56.988  4168  5055 I AppFastHibernation: add fast hibernation app
06-19 23:12:56.988  4168  5055 I AppFastHibernation: fast F_Z process uid: 10271 pkg: com.example.testeableapp.test pids: [14195]
06-19 23:12:56.989  2169  2215 I Pged-IPgedBinderService: ****action is 1, pid num is 2***
06-19 23:12:56.989  2169  2215 I Pged-Freezer: freezePids
06-19 23:12:56.989  1700  2483 I SurfaceFlinger: createLayer layername: Task=905 type: Layer address = 0xb400007043cc31f0
06-19 23:12:56.990  2361  3674 I SurfaceControl: SurfaceControl 0xb4000074e463b130 Task=905#117049
06-19 23:12:56.991  2169  2215 I Pged-CGroup: attach pid ok, pid: 14195, path: Group_1299897951
06-19 23:12:56.994  2224 11029 I MediaCodec: MediaCodec::start(0xe998bd20) c2.qti.avc.decoder exit
06-19 23:12:56.994  2137  2352 D MediaBufferGroup: creating MemoryDealer
06-19 23:12:56.990  2224  2224 W binder:2224_D: type=1400 audit(0.0:1026207): avc:  denied  { call } for  scontext=u:r:mediaserver:s0 tcontext=u:r:ITouchservice:s0 tclass=binder permissive=0
06-19 23:12:56.996  1700  2158 I SurfaceFlinger: createLayer layername: ActivityRecord{1dd72aa u0 com.example.testeableapp.test/androidx.test.core.app.InstrumentationActivityInvoker$EmptyActivity t905 mVisible=false mOccludesParent=true mode=fullscreen boundsRect(0, 0 - 1080, 2412)} type: Layer address = 0xb400007043cc6980
06-19 23:12:56.996  6177 14933 D PickerSyncLockManager: Trying to acquire lock com.android.providers.media.photopicker.sync.CloseableReentrantLock@683d7ef[Unlocked]. Lock Name = CLOUD_PROVIDER_LOCK. Threads that may be waiting to acquire this lock = [] with timeout.
06-19 23:12:56.996  6177 14933 D CloseableReentrantLock: Successfully acquired lock com.android.providers.media.photopicker.sync.CloseableReentrantLock@683d7ef[Locked by thread pool-4-thread-243]. Lock Name = CLOUD_PROVIDER_LOCK. Threads that may be waiting to acquire this lock = []
06-19 23:12:56.996  6177 14933 D PickerSyncController: Clearing next page token for key: local_provider:media_add:resume
