06-19 23:12:48.312 14195 14195 V GraphicsEnvironment:   angle_gl_driver_selection_values=[]
06-19 23:12:48.312 14195 14209 I HwApiCacheMangerEx: apicache path=/storage/emulated/0 state=mounted key=com.example.testeableapp.test#0#256
06-19 23:12:48.312 14195 14209 I HwApiCacheMangerEx: need clear apicache,because volumes changed,oldCnt=0 newCnt=1
06-19 23:12:48.312  7142  7283 E fb4a.msys: E[N MCCWCITransportRaceImpl]_TransportStreamDisconnectHandler(1118)=>All transports failed
06-19 23:12:48.312  7142  7283 E fb4a.msys: E[N MCCWCITransportRaceImpl]_LogRaceFail(229)=>Race FAILED: socketFailedToConnect=true, errorCode=2, total=134.6ms, dgw=134.3ms, liger=21.6ms
06-19 23:12:48.312 14195 14195 V GraphicsEnvironment: ANGLE GameManagerService for com.example.testeableapp.test: false
06-19 23:12:48.312 14195 14195 V GraphicsEnvironment: com.example.testeableapp.test is not listed in per-application setting
06-19 23:12:48.313 14195 14195 V GraphicsEnvironment: Neither updatable production driver nor prerelease driver is supported.
06-19 23:12:48.314  4168  5147 I PGServer: getTopFrontApp. calling pkg: android
06-19 23:12:48.314  7142  7258 E fb4a.msys: E[N dgw]operator()(129)=>TunnelRetriableNetworkLayer_removeRequest pendingRequest not found
06-19 23:12:48.316 14195 14209 I HwApiCacheMangerEx: apicache path=/storage/emulated/0 state=mounted key=com.example.testeableapp.test#0#0
06-19 23:12:48.316 14195 14209 I HwApiCacheMangerEx: need clear apicache,because volumes changed,oldCnt=1 newCnt=1
06-19 23:12:48.321 14195 14195 I SystemFonts: loadHwSystemFonts, isNightMode true, fontWeightScale is 135
06-19 23:12:48.324 14195 14195 I HwTypeface: update default font
06-19 23:12:48.332 14195 14195 E RtgSchedIpcFile: RtgSchedIpcFile xxx failed to open /proc/14195/rtg
06-19 23:12:48.332 14195 14195 E RtgSchedIpcFile: RtgSchedIpcFile xxx failed to open /proc/rtg_gki/ioctl.
06-19 23:12:48.332 14195 14195 I RmeSchedManager: init Rme, version is: v1.0
06-19 23:12:48.332 14195 14195 E RtgSchedIpcFile: RtgSchedIpcFile xxx failed to open /proc/14195/rtg
06-19 23:12:48.332 14195 14195 E RtgSchedIpcFile: RtgSchedIpcFile xxx failed to open /proc/rtg_gki/ioctl.
06-19 23:12:48.332 14195 14195 I RmeSchedManager: init Rme, version is: v1.0
06-19 23:12:48.332 14195 14195 E RtgSchedIpcFile: setCommandByIoctl not opened
06-19 23:12:48.337 14195 14195 I OpenGLRenderer: RenderCache taget:com.example.testeableapp.test, enableRenderCache: 0
06-19 23:12:48.337 14195 14195 I OpenGLRenderer: No RenderCache config, try to find property.
06-19 23:12:48.341  4168  4848 I ScenarioService: refresh visibleApp:[com.example.testeableapp.test]
06-19 23:12:48.341  4168  4848 I PGServer: report state:14 event type:1 pid:-1 uid:-1 pkg:com.example.testeableapp.test to pid: 2361
06-19 23:12:48.341  4168  4848 I PGServer: report state:14 event type:1 pid:-1 uid:-1 pkg:com.example.testeableapp.test to pid: 4183
06-19 23:12:48.343  4168  4848 I PGServer: report state:14 event type:1 pid:-1 uid:-1 pkg:com.example.testeableapp.test to pid: 4168
06-19 23:12:48.343  4168  4848 I ApsDynamicVideoFps: APS: APK: handleFrontAppFromPgPlug. pkgName:com.example.testeableapp.test, mLastPkgName:com.google.android.youtube, isReduceFps:false, isCountingDown:true
06-19 23:12:48.343  4168  4848 I ApsDynamicVideoFps: APS: APK: <REDUCEFPS>Front Changed Stop reduce fps
06-19 23:12:48.343  4168  4848 I ApsAccKitAdapter: APS: APK: ApsAccKitAdapter: not setNotifyInfo
06-19 23:12:48.343  2126  4270 I AGPService: aps-info: focus pkgName - com.example.testeableapp.test, with 0 more apps
06-19 23:12:48.343  2126  4270 D AGPService: : [updateForeGround]: GameUltraEngineService
06-19 23:12:48.343  2126  4270 I AGPService: agp-info: focus pkgName - com.example.testeableapp.test, with 0 more apps
06-19 23:12:48.344  4168  4176 I PGServer: checkPkgType. calling pkg: android
06-19 23:12:48.345  4183 23886 D Hicom_Monitor: enter visible event, add app: com.example.testeableapp.test into mVisiblePkgNameSet
06-19 23:12:48.346  4168  5065 I AppsUsage: BgAPP:com.example.testeableapp
06-19 23:12:48.346  4168  5065 I PG_ash  : com.example.testeableapp become invisible
06-19 23:12:48.346  2126  4270 E AGPService: GameSDKPlugin : iaware strange app type: -1
06-19 23:12:48.346  2126  4270 I AGPService: BasePlugin::updateSysState  com.example.testeableapp.test, code is 0
06-19 23:12:48.346  2126  4270 D AGPService: State:: Set State is 0, com.example.testeableapp.test
06-19 23:12:48.346  2126  4270 D AGPService: GUEStateManager::getLooper
06-19 23:12:48.346  2126  4270 I AGPService: MessageQueueLoop::PostMessage , message: 0
06-19 23:12:48.346  2126  4270 I AGPService: BasePlugin::updateSysState  , code is 1
06-19 23:12:48.346  2126  4270 D AGPService: State:: Set State is 1,
06-19 23:12:48.346  2126  4270 I AGPService: BasePlugin::updateSysState Same State
06-19 23:12:48.346  2126  4270 I AGPService: GUE: updateForeground to subMode
06-19 23:12:48.346  2126  4270 I AGPService: GUE: TRANSACT_UPDATE_FOREGROUND: () com.example.testeableapp.test
06-19 23:12:48.346  2126  4270 I AGPService: RefreshRateActionHandle 2950, 1
06-19 23:12:48.347  4168  4176 I PGServer: checkPkgType. calling pkg: android
06-19 23:12:48.348  2126  4270 E AGPService: FrameRateManager: iaware strange app type: -1
06-19 23:12:48.348  2126  4270 I AGPService: UpdateCurrentPackage com.example.testeableapp.test type -1
06-19 23:12:48.348  2126  4270 I AGPService: GetAppStrategy 2 stylus: 0
06-19 23:12:48.348  2126  4270 I AGPService: FrameRateManager: aps-info: new pkgName - com.example.testeableapp.test, type - -1
06-19 23:12:48.348  1696 13468 I asd_out_fwk: L = [0], R = [0], continus 25 times, Device = 0x80000100, mode = normal recording
06-19 23:12:48.350  2126  2167 I AGPService: StateHandler::handleMessage:: 0
06-19 23:12:48.350  2126  2167 I AGPService: reportSysState: listeners size 1
06-19 23:12:48.350  2126  2167 D AGPService: GFrsStatusControl:: report : code is  0, state is com.example.testeableapp.test
06-19 23:12:48.350  2126  2167 D AGPService: GFrsStatusControl:: report : code is  0, state is com.example.testeableapp.test, not match Event
06-19 23:12:48.350  2126  2167 I AGPService: reportSysState: stateValue 0, com.example.testeableapp.test
06-19 23:12:48.350  2361  3480 D HwConnectivityManagerImpl: getNetworkPolicyFlag flagStr null
06-19 23:12:48.351  7142  7282 E fb4a.msys: E[N mns:DGWClient]_OnResolverSuccess(335)=>Cache refresh succeeded with system DNS resolver. IP count: 1
06-19 23:12:48.352  2126  4270 I ITouchService: GameXsyncManager:OnGameInfoRecevied p com.example.testeableapp.test
06-19 23:12:48.352  2126  4270 W ITouchService: itouch GameXsyncManager:checkGameXsyncState game list is empty.
06-19 23:12:48.352  2126  4270 D AGPService: : [OnGamePkgInfoReceived]: GameUltraEngineService
06-19 23:12:48.352  2126  4270 I AGPService: GUEStateManager:OnGamePkgInfoReceived  pkgName is : com.example.testeableapp.test , status is 0
06-19 23:12:48.352  2126  4270 I AGPService: BasePlugin::updateSysState  com.example.testeableapp.test&0, code is 6
06-19 23:12:48.352  2126  4270 D AGPService: State:: Set State is 6, com.example.testeableapp.test&0
06-19 23:12:48.352  2126  4270 D AGPService: GUEStateManager::getLooper
06-19 23:12:48.352  2126  4270 I AGPService: MessageQueueLoop::PostMessage , message: 6
06-19 23:12:48.352  2126  4270 I AGPService: RefreshRateActionHandle 1000, 1
06-19 23:12:48.352  2126  4270 I AGPService: FrameRateManager: scene delay time - 500
06-19 23:12:48.352  2126  4270 I AGPService: RefreshRateActionHandle currAppStrategy name 2, lightLimit 0, minFps 60, maxFps 60 refreshMinFps 60
06-19 23:12:48.352  2126  4270 I AGPService: AddAciton sceneCode 1000
06-19 23:12:48.352  2126  4270 I AGPService: DisableActionLoop
06-19 23:12:48.352  2126  4270 I AGPService: FilterAction mVotePool.size: 3 priority 2600 sceneCode 2600
06-19 23:12:48.352  2126  4270 I AGPService: PostActionDelay delayTime: 0
06-19 23:12:48.352  2361  3480 I HwConnectivityManagerImpl: onDnsEventAction,uid:10182,returnCode:0, latencyMs:18, netId:438, DnsCount:81, FailCount:0, mWifiNetId:437, StatEnum:0
06-19 23:12:48.352  2126  4270 D ITouchService: OneFrame: currPkgName1:com.example.testeableapp.test currPkgNampAps:com.example.testeableapp.test
06-19 23:12:48.352  2126  4270 I AGPService: GpuPolicyManager: m_currentPkgName - com.example.testeableapp.test
06-19 23:12:48.354  1700  2158 I SurfaceFlinger: getPhysicalDisplayIdsLocked return displayIds[0]:4630947158184492161, activeId:4630947158184492161
06-19 23:12:48.355  2126  2150 I AGPService: FilterAction mVotePool.size: 3 priority 2600 sceneCode 2600
06-19 23:12:48.356  1629  1831 D vendor.honor.hardware.aoservice@1.0-service: [AO_SVC] (reopen_timer_handler:50):enter reopen handler
06-19 23:12:48.358  2126  2150 I AGPService: NotifyExtraPolicyInfoToSF fps: 60, skipCount: 0
06-19 23:12:48.358  2126  2150 I AGPService: SendPolicyByAction isGame 0 sceneCode 2600 priority 2600 lightEnabled 0 fpsHold 0 minFps 60 maxFps 60
06-19 23:12:48.358  1700  1891 I SurfaceFlinger: setDesiredDisplayModeSpecs pid: 2126 AGP-pid: 2126
06-19 23:12:48.365 14195 14208 W FlutterAnimationAdvance: FlutterAnimationAdvance getInstance()
06-19 23:12:48.365  2126  2167 I AGPService: StateHandler::handleMessage:: 6
06-19 23:12:48.366  2126  2167 I AGPService: reportSysState: listeners size 1
06-19 23:12:48.366  2126  2167 D AGPService: GFrsStatusControl:: report : code is  6, state is com.example.testeableapp.test&0
06-19 23:12:48.366  2126  2167 I AGPService: OnGamePkgInfoReceived: pkgname com.example.testeableapp.test gameScene- 0
06-19 23:12:48.366  2126  2167 D AGPService: GFrsStatusControl: OnGamePkgInfoReceived FRS switch off
06-19 23:12:48.366  2126  2167 I AGPService: reportSysState: stateValue 6, com.example.testeableapp.test&0
06-19 23:12:48.367  2130  3234 I dubaid  : [GpuAccounter.cpp] GetPower# Invalid gpu frequency: 1115, find best power
06-19 23:12:48.367  2130  3234 I dubaid  : [GpuAccounter.cpp] GetPower# Invalid gpu frequency: 1025, find best power
06-19 23:12:48.367  2130  3234 I dubaid  : [GpuAccounter.cpp] GetPower# Invalid gpu frequency: 785, find best power
06-19 23:12:48.368 14195 14209 I AwareBitmapCacher: init processName:com.example.testeableapp.test pid=14195 uid=10271
06-19 23:12:48.368  2130  3242 E dubaid  : [WifiStats.cpp] BalanceWifiSleepTime# Failed to read wifi sleep data
06-19 23:12:48.369 19656 19656 E afehal_info: tp_check_scan_rate_scan_freq:[1781932368369][T:1781932368.369292]tp_check_scan_rate_scan_freq 495:invalued_scan_rate_or_freq = true scan_rate = 240
06-19 23:12:48.369 19656 19656 E afehal_info: tp_check_scan_rate_scan_freq:[1781932368369][T:1781932368.369481]tp_check_scan_rate_scan_freq 505:invalued_scan_rate_or_freq = true scan_freq = 103
06-19 23:12:48.369 19656 19656 E afehal_info: vendor_parse_ioctrl_frame:[1781932368369][T:1781932368.369538]vendor_parse_ioctrl_frame 1026:get scan_rate = 240
06-19 23:12:48.369 19656 19656 E afehal_info: tp_check_scan_rate_scan_freq:[1781932368369][T:1781932368.369561]tp_check_scan_rate_scan_freq 495:invalued_scan_rate_or_freq = true scan_rate = 240
06-19 23:12:48.369 19656 19656 E afehal_info: tp_check_scan_rate_scan_freq:[1781932368369][T:1781932368.369580]tp_check_scan_rate_scan_freq 505:invalued_scan_rate_or_freq = true scan_freq = 103
06-19 23:12:48.373  2361  6779 I HiView.HiEvent: Flatten done:990028996
06-19 23:12:48.373  2361  6779 I hievent_jni: Write to dev len:166
06-19 23:12:48.373  2361  6779 I hievent_jni: hievent_writer_write finish
06-19 23:12:48.380 14195 14195 I Resources: updateConfiguration, style is 0
06-19 23:12:48.400  2126  4270 E AGPService: FrameRateManager: iaware strange app type: -1
06-19 23:12:48.401 14195 14240 E GamesAware: IsInSupportList 'com.example.testeableapp.test' is not a game.
06-19 23:12:48.402 14195 14240 I iGraphicsLoader: [~]A_pPipchG_giv{W$pipch$g_giv{$71<5;<40MF~]
06-19 23:12:48.402 14195 14240 I iGraphicsLoader: [~]44644<4eW$tj>$eig*_|cgth_*p_up_cfh_ctt*p_up($t>$303;/~]
06-19 23:12:48.402 14195 14240 I steableapp.test: HwCustType is 0
06-19 23:12:48.402 14195 14240 E steableapp.test: open file error
06-19 23:12:48.402 14195 14240 I steableapp.test: no cota live update cust policy found
06-19 23:12:48.402 14195 14240 I steableapp.test: GetCfgDirRealPolicyValue: custPolicyDirs: /system/magic/base:/system/magic/oversea:/system/magic/oversea_honor:/system/magic/lite:/vendor/etc:/odm/etc:/odm/hn_odm/CLK-L33:/product_h/etc:/product_h/region_comm/oversea:/preas/oversea:/product_h/hn_oem/CLK-L33:/preload/CLK-L33/def/la:/cust/global:/cust/def/la:/version/cust/def/la:/product_h/special_cust/CLK-L33/def/la:/version/special_cust/CLK-L33/def/la:/cust/cotalite:/cust/ecota
06-19 23:12:48.403 14195 14240 I iGraphicsLoader: [~]44544<4eW$ji$utp$ctt>$eig*_|cgth_*p_up_cfh_ctt*p_up~]
06-19 23:12:48.413 14195 14239 E AwareLog: AtomicFileUtils: readFileLines file not exist: AtomicFile[/data/user/0/com.example.testeableapp.test/files/hw_cached_resid.list]
06-19 23:12:48.415  1617 13041 I sensors-hal: handle_sns_std_sensor_event:275, ambient_light_event: ts=739191609296629, lux = 1, raw_adc=192, raw_2=352
06-19 23:12:48.432  4168  5067 D SrManager: front pkgs: [com.example.testeableapp.test]
06-19 23:12:48.467  7142  7283 E fb4a.msys: E[N 1283]errorHandlerDispatched(198)=>262/1283/3347/-1
06-19 23:12:48.469  7142  7258 E fb4a.msys: E[N dgw]operator()(129)=>TunnelRetriableNetworkLayer_removeRequest pendingRequest not found
06-19 23:12:48.471  7142  7283 E fb4a.msys: E[N WCCConnectionMEM]_WCCConnectionMEMLifecycleEventHandler(2184)=>[INFO] connection/xmpp/lifecycle_event/did-connect, [0.2943s]
06-19 23:12:48.480 14195 14195 I DecorView[]: set decor visibility 4
06-19 23:12:48.481  1666  1838 E ANDR-PERF-OPTSHANDLER: ANDR-PERF-OPTSHANDLER: modify_sysfsnode() 1149: Perflock resource /dev/stune/top-app/schedtune.boost not supported
06-19 23:12:48.482  1666  1838 E ANDR-PERF-RESOURCEQS: ANDR-PERF-RESOURCEQS: AddAndApply() 167: Failed to apply optimization [3, 28]
06-19 23:12:48.482  1666  1838 E ANDR-PERF-OPTSHANDLER: ANDR-PERF-OPTSHANDLER: modify_sysfsnode() 1149: Perflock resource /sys/devices/system/cpu/bus_dcvs/L3/soc:qcom,memlat:l3:prime/min_freq not supported
06-19 23:12:48.482  1666  1838 E ANDR-PERF-RESOURCEQS: ANDR-PERF-RESOURCEQS: AddAndApply() 167: Failed to apply optimization [13, 22]
06-19 23:12:48.489  7142  7283 E fb4a.msys: E[N WCCConnectionMEM]_WCCConnectionMEMLifecycleEventHandler(2184)=>[INFO] connection/xmpp/lifecycle_event/did-send-initial-payload, [0.0177s]
06-19 23:12:48.491 14195 14195 E [FASProxy:]: failed to open /proc/fas/ioctl, errno=2, No such file or directory
06-19 23:12:48.497 14195 14248 D HnContentRecognizerManager: handleMessage: mCurrentPackageName com.example.testeableapp.test
06-19 23:12:48.497  7142 26279 E fb4a.msys: E[N 1278]onEOF(751)=>261/1278/3325/-1
06-19 23:12:48.498  7142  7283 E fb4a.msys: E[N WA]_WCIHTTPChunkedStreamDisconnectWithError(341)=>stream/http/process/error, invalid chunk header
06-19 23:12:48.500  7142  7283 E fb4a.msys: E[N WA]_WCCXMPPStreamDisconnectHandler(344)=>xmpp/disconnect - WCIStreamStateErrorCode: 1, domain: WCIStreamState, subdomain: WCITransportRace: Error Domain=WCIStreamState Code=1 UserInfo=0x2951678440 {MCFErrorDirectUnderlyingErrorKey=0xb4000074825ed8d0 "Error Domain=WCITransportRace Code=1"}
06-19 23:12:48.501 14195 14195 D CompatibilityChangeReporter: Compat change id reported: 237531167; UID 10271; state: DISABLED
06-19 23:12:48.501  1680 13446 I QC2Comp : [avcE_5458] Stats: Pending(3) i/p-done(0) Works: Q: 272/Done 269|Work-Rate: Q(28.0/s Avg=17.3/s) Done(27.973/s Avg=17.156/s)| Stream: 74.62fps 6.8Mbps
06-19 23:12:48.501  1680 13446 I QC2Comp : [avcE_5458] Mem-usage:  [In-2D: 18 bufs 50.625 MB] [2D-Conv-10436: 8 bufs 9.375 MB] [1D-10435: 12 bufs 12.656 MB] [1D-10437: 11 bufs 0.172 MB] | Total: 72.828 MB
06-19 23:12:48.502  7142  7283 E fb4a.msys: E[N WCCConnectionMEM]_WCCConnectionMEMLifecycleEventHandler(2184)=>[INFO] connection/xmpp/lifecycle_event/not-connected, [0.0111s]
06-19 23:12:48.502  7142  7283 E fb4a.msys: E[N WA]_WCCXMPPStreamDoDisconnect(1319)=>xmpp/disconnect - flags: 34
06-19 23:12:48.502  7142  7283 E fb4a.msys: E[N WCCConnectionMEM]_WCCConnectionMEMDisconnectHandler(2282)=>connection/disconnected, handshake failure
06-19 23:12:48.503  7142  7283 E fb4a.msys: E[N WCCConnectionMEM]_WCCConnectionMEMEmitStateChange(3200)=>[INFO] connection/new_state/not-connected [connection_id=129000359, wcc_source=1, wcc_reason=2]
06-19 23:12:48.504  7142  7283 E fb4a.msys: E[C MEMConnectionManager]_MEMConnectionManagerStateChangeHandler(585)=>[Critical] MEMConnectionState updated to ID: 0 with connectionId: 129000359
06-19 23:12:48.512  7142  7283 E fb4a.msys: E[C 1]_MCCLogErrorInternal(331)=>8/374/3970/16386
06-19 23:12:48.512 14195 14195 W OpenGLRenderer: Unknown dataspace 0
06-19 23:12:48.519  2169  2203 I AwareLog: SetThreadToVipGroup:: iawared vipgroup set pid[14195] Success!
06-19 23:12:48.519  7142  7283 E fb4a.msys: E[C 1]_MCCLogErrorInternal(331)=>8/374/3972/2
06-19 23:12:48.521  2169  2203 I AwareLog: SetThreadToVipGroup:: iawared vipgroup set pid[14232] Success!
06-19 23:12:48.521  2361  3223 E RtgSchedIpcFile: setCommandByIoctl not opened
06-19 23:12:48.521  3575  3654 D FloatBallController: operateFloatBall state:removetaskInfo:TaskInfo{userId=0 taskId=897 displayId=0 isRunning=true baseIntent=Intent { act=android.intent.action.MAIN cat=[android.intent.category.LAUNCHER] flg=0x10000000 cmp=com.example.testeableapp.test/androidx.test.core.app.InstrumentationActivityInvoker$EmptyActivity } baseActivity=ComponentInfo{com.example.testeableapp.test/androidx.test.core.app.InstrumentationActivityInvoker$EmptyActivity} topActivity=ComponentInfo{com.example.testeableapp.test/androidx.test.core.app.InstrumentationActivityInvoker$EmptyActivity} origActivity=null realActivity=ComponentInfo{com.example.testeableapp.test/androidx.test.core.app.InstrumentationActivityInvoker$EmptyActivity} numActivities=1 lastActiveTime=739191327 isSupportsHwFreeForm=true appOrientationPolicy=1 affinity=10271:com.example.testeableapp.test freeformPaddingType=0 shouldFreeformSetSurfaceCorner=false supportsHnSplitScreenMultiWindow=true supportsHnTopBotSplitScreenfalse supportsMultiWindow=true resizeMode=1 isResizeable=true minWidth=-1 minHeight=-1 defaultMinSize=220 token=WCT{android.window.IWindowContainerToken$Stub$Proxy@7eeead4} topActivityType=1 pictureInPictureParams=null isAutoRemoveRecents=false shouldDockBigOverlays=false launchIntoPipHostTaskId=-1 lastParentTaskIdBeforePip=-1 displayCutoutSafeInsets=Rect(0, 108 - 0, 0) topActivityInfo=ActivityInfo{3ec47d androidx.test.core.app.InstrumentationActivityInvoker$EmptyActivity} windowMode=1 launchCookies=[] positionInParent=Point(0, 0) parentTaskId=-1 isFocused=true isVisible=true isFreeformEnterPip=false isVisibleRequested=true isSleeping=false topActivityInSizeCompat=false topActivityEligibleForLetterboxEducation= false topActivityLetterboxed= false isFromDoubleTap= false topActivityLetterboxVerticalPosition= -1 topActivityLetterboxHorizontalPosition= -1 topActivityLetterboxWidth=-1 topActivityLetterboxHeight=-1 locusId=null displayAreaFeatureId=1 cameraCompatControlState=hidden targetScaleForVerticalInwardFold=1.0}
06-19 23:12:48.523 14195 14243 I ContentDelivererImpl: isFeatureOpen: false
06-19 23:12:48.524  7142  7283 E fb4a.msys: E[C mem.context]_LogConnectFailure(4788)=>Establishing connection failure reason and flags: disconnect/Doze/-1/reason/2/flags/16386/[-, -, handshake_failure, -, no_bytes_read, -, -, -, -, -, -, -, -, -]
06-19 23:12:48.525  7142  7283 E fb4a.msys: E[C mem.context]_LogConnectFailure(4820)=>[Happy Eyeball] Connect failed with source=1, winner stream ip=157.240.241.37, port=80, dnsResolutionMethod=3, combined_ip_addresses=2a03:2880:f37e:8:face:b00c:0:38d9, 57.144.252.8, 2a03:2880:f31e:8:face:b00c:0:38d9, 57.144.78.8, 2a03:2880:f342:8:face:b00c:0:38d9, 57.144.132.8, 2a03:2880:f36d:8:face:b00c:0:38d9, 57.144.218.8, 2a03:2880:f134:181:face:b00c:0:38d9, 31.13.93.33, 2a03:2880:f361:8:face:b00c:0:38d9, 57.144.194.8, 2a03:2880:f364:8:face:b00c:0:38d9, 57.144.200.8, 2a03:2880:f103:81:face:b00c:0:38d9, 31.13.66.33, 2a03:2880:f31d:8:face:b00c:0:38d9, 57.144.74.8, 2a03:2880:f381:8:face:b00c:0:38d9, 57.145.2.8, 2a03:2880:f10d:81:face:b00c:0:38d9, 31.13.70.33, 2a03:2880:f10d:181:face:b00c:0:38d9, 157.240.11.33, 2a03:2880:f365:8:face:b00c:0:38d9, 57.144.202.8, 2a03:2880:f112:81:face:b00c:0:38d9, 31.13.71.33, 2a03:2880:f112:188:face:b00c:0:38d9, 157.240.241.37, 2a03:2880:f35a:8:face:b00c:0:38d9, 57.144.180.8, 2a03:2880:f332:8:face:b00c:0:38d9, 57.144.22.8, 2a03:2880:f12c:181:face:b00c:0:38d9, 157.240.14.33, 2a03:2880:f351:8:face:b00c:0:38d9, 57.144.162.8, 2a03:2880:f362:8:face:b00c:0:38d9, 57.144.196.8, 2a03:2880:f363:8:face:b00c:0:38d9, 57.144.198.8, 2a03:2880:f101:81:face:b00c:0:38d9, 157.240.3.32, 2a03:2880:f36c:8:face:b00c:0:38d9, 57.144.216.8, 2a03:2880:f131:81:face:b00c:0:38d9, 157.240.22.33, 2a03:2880:f36e:8:face:b00c:0:38d9, 57.144.220.8
06-19 23:12:48.527 14195 14232 I AdrenoGLES-0: QUALCOMM build                   : 72d8b177be, I020fdb6434
06-19 23:12:48.527 14195 14232 I AdrenoGLES-0: Build Date                       : 02/27/24
06-19 23:12:48.527 14195 14232 I AdrenoGLES-0: OpenGL ES Shader Compiler Version: EV031.36.08.28
06-19 23:12:48.527 14195 14232 I AdrenoGLES-0: Local Branch                     :
06-19 23:12:48.527 14195 14232 I AdrenoGLES-0: Remote Branch                    : refs/tags/AU_LINUX_ANDROID_LA.VENDOR.1.0.11.00.00.770.073
06-19 23:12:48.527 14195 14232 I AdrenoGLES-0: Remote Branch                    : NONE
06-19 23:12:48.527 14195 14232 I AdrenoGLES-0: Reconstruct Branch               : NOTHING
06-19 23:12:48.527 14195 14232 I AdrenoGLES-0: Build Config                     : S P 12.1.1 AArch64
06-19 23:12:48.527 14195 14232 I AdrenoGLES-0: Driver Path                      : /vendor/lib64/egl/libGLESv2_adreno.so
06-19 23:12:48.527 14195 14232 I AdrenoGLES-0: Driver Version                   : 0615.84
06-19 23:12:48.531  1666  1838 E ANDR-PERF-OPTSHANDLER: ANDR-PERF-OPTSHANDLER: modify_sysfsnode() 1149: Perflock resource /sys/devices/system/cpu/bus_dcvs/L3/soc:qcom,memlat:l3:prime/min_freq not supported
06-19 23:12:48.531  1666  1838 E ANDR-PERF-RESOURCEQS: ANDR-PERF-RESOURCEQS: RemoveAndApply() 292: Failed to reset optimization here [13, 22]
06-19 23:12:48.531  1666  1838 E ANDR-PERF-OPTSHANDLER: ANDR-PERF-OPTSHANDLER: modify_sysfsnode() 1149: Perflock resource /dev/stune/top-app/schedtune.boost not supported
06-19 23:12:48.531  1666  1838 E ANDR-PERF-RESOURCEQS: ANDR-PERF-RESOURCEQS: RemoveAndApply() 292: Failed to reset optimization here [3, 28]
06-19 23:12:48.531  1666  1838 E ANDR-PERF-OPTSHANDLER: ANDR-PERF-OPTSHANDLER: unsupported() 949: Error: This resource is not supported
06-19 23:12:48.531  1666  1838 E ANDR-PERF-RESOURCEQS: ANDR-PERF-RESOURCEQS: RemoveAndApply() 292: Failed to reset optimization here [11, 0]
06-19 23:12:48.531 14195 14243 D HnContentRecognizerManager: isFeatureEnable: get cache value
06-19 23:12:48.531 14195 14243 I ContentDelivererImpl: isNeedConfig: isReportBlack false isWhitePackage false isGameApp false isFeatureOpen false
06-19 23:12:48.535 14195 14232 I AdrenoGLES-0: PFP: 0x016ee206, ME: 0x00000000
06-19 23:12:48.539  1700  2483 I SurfaceFlinger: createLayer layername: f914a2b com.example.testeableapp.test/androidx.test.core.app.InstrumentationActivityInvoker$EmptyActivity type: Layer address = 0xb400007043c12040
06-19 23:12:48.541  2361  6383 I SurfaceControl: SurfaceControl 0xb4000074e46313b0 f914a2b com.example.testeableapp.test/androidx.test.core.app.InstrumentationActivityInvoker$EmptyActivity#116865
06-19 23:12:48.542  3575  3840 W HwFloatDockBar: FloatBallViewModel callBackRefreshFloatBallIcon recentAppBeans is null or empty!
06-19 23:12:48.545  4183  4572 I Booster_AwareMonitor: [handleUidBoundTop] uid:10270 packageName:com.example.testeableapp className:com.example.testeableapp.MainActivity uidState:4
06-19 23:12:48.546  1696  3169 D AudioPolicyService: getUidState(99642) cacheIter->second.first, return cacheIter->second.second(3)
06-19 23:12:48.546  1696  3169 D AudioPolicyService: getUidState(10046) cacheIter->second.first, return cacheIter->second.second(4)
06-19 23:12:48.546  1696  3169 D AudioPolicyService: getUidState(10046) cacheIter->second.first, return cacheIter->second.second(4)
06-19 23:12:48.546  4183  4498 I Booster_OllieObserver: notify registrants event: EVENT_ACTIVITY_STATE_CHANGED, new ActivityInfo: uid = 10270, packageName = com.example.testeableapp, procState = 3
06-19 23:12:48.546  1696  3169 D AudioPolicyService: getUidState(10270) cacheIter->second.first, return cacheIter->second.second(2)
06-19 23:12:48.547  1696  3169 D AudioPolicyService: getUidState(10046) cacheIter->second.first, return cacheIter->second.second(4)
06-19 23:12:48.546  4183  4498 I NsaPowerConsumptionMonitor: onActivityStateChanged: mIsSpeedTesting:false isTopActivity:true isSpeedTestApk:false
06-19 23:12:48.547  1696  3169 D AudioPolicyService: getUidState(10046) cacheIter->second.first, return cacheIter->second.second(4)
06-19 23:12:48.547  1696  3169 D AudioPolicyService: getUidState(10153) cacheIter->second.first, return cacheIter->second.second(3)
06-19 23:12:48.547  1696  3169 D AudioPolicyService: getUidState(10046) cacheIter->second.first, return cacheIter->second.second(4)
06-19 23:12:48.547  1696  3169 D AudioPolicyService: getUidState(10046) cacheIter->second.first, return cacheIter->second.second(4)
06-19 23:12:48.547  1696  3169 D AudioPolicyService: getUidState(10038) cacheIter->second.first, return cacheIter->second.second(3)
06-19 23:12:48.547  1696  3169 D AudioPolicyService: getUidState(10046) cacheIter->second.first, return cacheIter->second.second(4)
06-19 23:12:48.547  1696  3169 D AudioPolicyService: getUidState(10046) cacheIter->second.first, return cacheIter->second.second(4)
06-19 23:12:48.550  2126  4270 D AGPService: itouch in 'GetDirectDeliverOpt' pkg:com.example.testeableapp.test, enabled:0
06-19 23:12:48.550 14195 14195 D InputEventReceiver: dispatchInputInterval 1000000
06-19 23:12:48.552  4183  4497 I UidCloseNrStateMachine: enter uidStateChanged, ForeGrountApp=com.example.testeableapp, mIsCallOn=false, mIsUsbPlugged=true, openLowPowerSwitch=true, QoeSlowState=false, powerMode=1, isSpeedSensitivityApp=false
06-19 23:12:48.552  4183  4497 D Booster_SelfCureManager: handleMessage: msg.what: 38
06-19 23:12:48.552 14195 14195 I HwForceDarkManager: isSystemInDarkMode isResUiModeYes: true, isDarkMode: true
06-19 23:12:48.552  4183  4497 I HwPacketFilterBypass: handleActivityUidStateChanged uid:10270 -1 foreground:false
06-19 23:12:48.552  4183  4497 I HwPacketFilterBypass: isAllowSendSmartCureToChr false, no exceptions occur, dropCnt:0
06-19 23:12:48.552  4183  4497 E HwPacketFilterBypass: sendRequestToKernel DEL_UID [10270]
06-19 23:12:48.553  1700  1700 I Layer   : [setLayer] [fa39247 Splash Screen com.example.testeableapp.test#116857] setlayer z = 2147483647
06-19 23:12:48.553  4183  4497 E Booster_Jni: NetlinkInitCant:create netlink socket,error:Protocol not supported
06-19 23:12:48.553  4183  4497 E Booster_Jni: sendDataToKernel:socket open fail
06-19 23:12:48.554 14195 14195 I DecorView[]: set decor visibility 0
06-19 23:12:48.555  4183  4497 D SmartDualCardConfig: getAppType,pkgName=com.example.testeableapp,appType=-1
06-19 23:12:48.555  4183  4497 E SmartDualCardConfig: isAppInBlackList false,items==null
06-19 23:12:48.555  4183  4497 I SmartDualCardConfig: isAppInWhiteList false,uid=10270
06-19 23:12:48.556  4183  5365 I Hicom_Monitor: mActivityNotifierEx, className = androidx.test.core.app.InstrumentationActivityInvoker$EmptyActivity
06-19 23:12:48.556  4183  4497 I LowLatencyMode: handleApkInBackground packageName: com.example.testeableapp, foregroundWhiteListApkSet: []
06-19 23:12:48.556  4183  4497 I NetworkQoe: checkAppStatInfoDelay:no app foreground
06-19 23:12:48.556  4183  4497 I NetworkQoe: setNetworkQoeEnable:false,status=32,mNetworkQoeConditions=254
06-19 23:12:48.556  4183 23188 W AppStartupMonitor: activity state:onResume, comp:ComponentInfo{com.example.testeableapp.test/androidx.test.core.app.InstrumentationActivityInvoker$EmptyActivity}
06-19 23:12:48.556  4183  4497 I NetworkQoe: sendCellularQoeCollectStopMsg, actionid = 1026
06-19 23:12:48.556  4183  5365 I Hicom_Monitor: notifyForegroundAppActivityChanged: className:androidx.test.core.app.InstrumentationActivityInvoker$EmptyActivity
06-19 23:12:48.557  2361  2889 I WifiEnhanceMonitor: notifyForegroundActivityChanged
06-19 23:12:48.558  4183 21754 I Booster_AwareMonitor: [activityLifeNotifier]state:onResume pid:14195 uid:10271 ComponentInfo{com.example.testeableapp.test/androidx.test.core.app.InstrumentationActivityInvoker$EmptyActivity}
06-19 23:12:48.558  4183 21754 D Booster_AwareMonitor: addForegroundAppToList,size()=69,uid=10271
06-19 23:12:48.559 14195 14195 D PhoneWindow: onViewRootImplSet activityToken android.os.BinderProxy@6ef5e1b,activityClientRecord ActivityRecord{6797bb8 token=android.os.BinderProxy@6ef5e1b {com.example.testeableapp.test/androidx.test.core.app.InstrumentationActivityInvoker$EmptyActivity}},isHnNavigationHide false isHidePrivateFlag = false
06-19 23:12:48.559 14195 14195 D HwPhoneWindow: onViewRootImplSet activityToken android.os.BinderProxy@6ef5e1b,activityClientRecord ActivityRecord{6797bb8 token=android.os.BinderProxy@6ef5e1b {com.example.testeableapp.test/androidx.test.core.app.InstrumentationActivityInvoker$EmptyActivity}},isHwNavigationHide false
06-19 23:12:48.559 14195 14195 D HiTouch_PressGestureDetector: onAttached:1
06-19 23:12:48.563  2361  5109 D HwConnectivityManagerImpl: startappqoednscollection action =1timer =1000
06-19 23:12:48.563  4183  4498 I Booster_OllieObserver: notify registrants event: EVENT_ACTIVITY_STATE_CHANGED, new ActivityInfo: uid = 10271, packageName = com.example.testeableapp.test, procState = 2
06-19 23:12:48.563  4183  4498 I SpeedTestNotifier: Speed test app is back Activity
06-19 23:12:48.563  4183  4498 I NsaPowerConsumptionMonitor: onActivityStateChanged: mIsSpeedTesting:false isTopActivity:true isSpeedTestApk:false
06-19 23:12:48.563  4183  4498 I UidCloseNrStateMachine: addUidChanged uid: 10271
06-19 23:12:48.564  2361  2361 W HwCameraSceneDetection: uid:10271, componentName:androidx.test.core.app.InstrumentationActivityInvoker$EmptyActivity, flag:onResume
06-19 23:12:48.565  4168  4268 I ApsSceneByActivity: APS: APK: IHwActivityNotifierEx packageName = com.example.testeableapp.test className = androidx.test.core.app.InstrumentationActivityInvoker$EmptyActivity; state = onResume
06-19 23:12:48.565  4168  4268 I ApsSceneByActivity: APS: APK: processActivityChanged: activityName = androidx.test.core.app.InstrumentationActivityInvoker$EmptyActivity
06-19 23:12:48.565  4168  4268 D ApsDynamicCameraFps: APS: APK: handleSpecialCameraState:0
06-19 23:12:48.565  4168  4268 I ApsAGPAdapter: APS: APK: ApsAGPAdapter: ActivityFpsByMode changed and mode = 0
06-19 23:12:48.565  9860  9876 W AWARENESS_AmsRegister: state : onResume comp : ComponentInfo{com.example.testeableapp.test/androidx.test.core.app.InstrumentationActivityInvoker$EmptyActivity} taskId : 897callingPackage:launchMode:-1processUid_act:0
06-19 23:12:48.566  4168  4425 D ApsDynamicCameraFps: APS: APK: handleMessage: msg.what: 0
06-19 23:12:48.566  4168  4425 I ApsAGPAdapter: APS: APK: ApsAGPAdapter: camera changed and mode = 0
06-19 23:12:48.569  4183  4497 E Booster_Jni: NetlinkInitCant:create netlink socket,error:Protocol not supported
06-19 23:12:48.569  4183  4497 E Booster_Jni: sendDataToKernel:socket open fail
06-19 23:12:48.569  1700  2158 I SurfaceFlinger: createLayer layername: com.example.testeableapp.test/androidx.test.core.app.InstrumentationActivityInvoker$EmptyActivity type: Layer address = 0xb400007043ca7570
06-19 23:12:48.570  4183  4497 D SmartDualCardConfig: getAppType,pkgName=com.example.testeableapp,appType=-1
06-19 23:12:48.570  4183  4497 D SmartDualCardConfig: getAppType,pkgName=com.example.testeableapp,appType=-1
06-19 23:12:48.570  4183  4497 E SmartDualCardConfig: isAppInBlackList false,items==null
06-19 23:12:48.570  4183  4497 I SmartDualCardSM: onUidStateUpdate,uid=10270,appName=com.example.testeableapp,state=BACKGROUND
06-19 23:12:48.570  4183  4497 I SmartDualCardConfig: removeAppFromList,after remove,size()=0,uid=10270
06-19 23:12:48.570  4183  4497 D SmartDualCardConfig: getAppType,pkgName=com.example.testeableapp,appType=-1
06-19 23:12:48.570  4183  4497 I SmartDualCardSM: updateAppState mAppState=1
06-19 23:12:48.570  4183  4497 I SmartDualCardChrManager: handleForegroundAppUpdateMsg,mAppState=2,scenes=1,mForegroundAppName=com.example.testeableapp
06-19 23:12:48.570  4183  4497 I NetworkQoeChr: checkForegroundApp timer end com.example.testeableapp.test
06-19 23:12:48.571  4183  4497 I UidCloseNrStateMachine: enter uidStateChanged, ForeGrountApp=com.example.testeableapp.test, mIsCallOn=false, mIsUsbPlugged=true, openLowPowerSwitch=true, QoeSlowState=false, powerMode=1, isSpeedSensitivityApp=false
06-19 23:12:48.571  4183  4497 D KitQoeManager: com.example.testeableapp.test, mForeActivityName androidx.test.core.app.InstrumentationActivityInvoker$EmptyActivity
06-19 23:12:48.571  4183  4497 E Booster_Jni: NetlinkInitCant:create netlink socket,error:Protocol not supported
06-19 23:12:48.571  4183  4497 E Booster_Jni: sendDataToKernel:socket open fail
06-19 23:12:48.571  4183  4497 I NetworkQoe: setNetworkQoeEnable:true,status=32,mNetworkQoeConditions=222
06-19 23:12:48.571  4183  4497 I NetworkQoe: sendCellularQoeCollectStartMsg, actionid = 1025, slotId = 0,pduSessionId = 5,epsBearerId = 5
06-19 23:12:48.573  4183  4497 E Booster_Jni: NetlinkInitCant:create netlink socket,error:Protocol not supported
06-19 23:12:48.573  4183  4497 E Booster_Jni: sendDataToKernel:socket open fail
06-19 23:12:48.573  4183  4497 I NetworkQoe: onAppStateChanged: mForeAppUid=10271, packageName:com.example.testeableapp.test
06-19 23:12:48.573  4183  4497 I NetworkQoeRes: handleAppStateChanged: ActivityUid=10271
06-19 23:12:48.573  4183  4497 D Booster_SelfCureManager: handleMessage: msg.what: 38
06-19 23:12:48.573  4183  4497 I HwPacketFilterBypass: handleActivityUidStateChanged uid:10271 -1 foreground:true
06-19 23:12:48.574  4183  4497 D SmartDualCardConfig: getAppType,pkgName=com.example.testeableapp.test,appType=-1
06-19 23:12:48.574  4183  4497 E SmartDualCardConfig: isAppInBlackList false,items==null
06-19 23:12:48.574  4183  4497 I SmartDualCardConfig: isAppInWhiteList false,uid=10271
06-19 23:12:48.574  4183  4497 I SmartDualCardSM: IdleState:got msg.what=EVENT_APP_MOVE_BACKGROUND
06-19 23:12:48.574  4183  4497 I SmartDualCardSM: startAppBackgroundTimer
06-19 23:12:48.574  4183  4497 D NetworkQoe: handleShortVideoMonitorMsg:app=0
06-19 23:12:48.574  4183  4497 D NetworkQoe: handleVoipCallMonitorMsg: mTopActivity=0
06-19 23:12:48.574  4183  4497 I NetworkQoeConfig: wechatDectectionSwitch=1
06-19 23:12:48.574  4183  4497 I ConnCureController: handleMessage: msg[2]
06-19 23:12:48.574  4183  4497 D SmartDualCardConfig: getAppType,pkgName=com.example.testeableapp.test,appType=-1
06-19 23:12:48.575  4183  4497 D SmartDualCardConfig: getAppType,pkgName=com.example.testeableapp.test,appType=-1
06-19 23:12:48.575  4183  4497 E SmartDualCardConfig: isAppInBlackList false,items==null
06-19 23:12:48.575  4183  4497 I SmartDualCardSM: onUidStateUpdate,uid=10271,appName=com.example.testeableapp.test,state=FOREGROUND
06-19 23:12:48.575  4183  4497 D SmartDualCardConfig: getAppType,pkgName=com.example.testeableapp.test,appType=-1
06-19 23:12:48.575  4183  4497 I SmartDualCardSM: updateAppState mAppState=2
06-19 23:12:48.575  4183  4497 I SmartDualCardConfig: addForegroundAppToList,size()=1,uid=10271
06-19 23:12:48.575  1617 13041 I sensors-hal: handle_sns_std_sensor_event:275, ambient_light_event: ts=739191775302098, lux = 0, raw_adc=160, raw_2=336
06-19 23:12:48.575  4183  4497 I SmartDualCardSM: isNeedMonitorAppQoe return false
06-19 23:12:48.575  4183  4497 I SmartDualCardSM: resetAppQoeState
06-19 23:12:48.576  4183  4497 I SmartDualCardChrManager: handleForegroundAppUpdateMsg,mAppState=1,scenes=2,mForegroundAppName=
06-19 23:12:48.576  4183  4497 I SmartDualCardSM: IdleState:got msg.what=EVENT_SLAVE_TRAFFIC_FREE_APP_BACKGROUND
06-19 23:12:48.576  4183  4497 I SmartDualCardSM: IdleState:got msg.what=EVENT_APP_MOVE_FOREGROUND
06-19 23:12:48.578  2361  3706 I SurfaceControl: SurfaceControl 0xb4000074e460daf0 com.example.testeableapp.test/androidx.test.core.app.InstrumentationActivityInvoker$EmptyActivity#116866
06-19 23:12:48.584  1700  1700 W SurfaceFlingerEx: SetAnimation frame missed, Count:1
06-19 23:12:48.584  1700  1700 W SurfaceFlingerEx: SetAnimation frame missed, Count:1
06-19 23:12:48.585  2361  3706 I SurfaceControl: nativeRelease 0xb4000074e4636dd0 count: 2 name: Surface(name=69fffd0 NavigationBar0)/@0xc4b2e34 - animation-leash of insets_animation#116861
06-19 23:12:48.585  2361  2847 D HwPhoneWindowManager: Transact:setSystemUIColor to status bar service
06-19 23:12:48.585  1700  2483 I SurfaceFlinger: createLayer layername: Surface(name=69fffd0 NavigationBar0)/@0xc4b2e34 - animation-leash of insets_animation type: Layer address = 0xb400007043c5e6a0
06-19 23:12:48.586  2361  3706 I SurfaceControl: SurfaceControl 0xb4000074e459c270 Surface(name=69fffd0 NavigationBar0)/@0xc4b2e34 - animation-leash of insets_animation#116867
06-19 23:12:48.586  2361  3706 I SurfaceControl: nativeRelease 0xb4000074e4631730 count: 2 name: Surface(name=17e14ef StatusBar)/@0x4a2b91e - animation-leash of insets_animation#116862
06-19 23:12:48.587  1700  2158 I SurfaceFlinger: createLayer layername: Surface(name=17e14ef StatusBar)/@0x4a2b91e - animation-leash of insets_animation type: Layer address = 0xb400007043c99730
06-19 23:12:48.588  2361  3706 I SurfaceControl: SurfaceControl 0xb4000074e45bc4f0 Surface(name=17e14ef StatusBar)/@0x4a2b91e - animation-leash of insets_animation#116868
06-19 23:12:48.590  2361  3706 D ZrHung.AppEyeFocusWindow: FocusWindowErrorScene cancelCheckFreezeScreen
06-19 23:12:48.590  2361  3706 D ZrHung.AppEyeTransparentWindow: TransparentWindow mHungConfigStatus = 0,mHungConfigEnable = 1
06-19 23:12:48.591  3575  3575 W StatusBar: Statusbar onSystemBarAttributesChanged appearance = 16 mTransientShown false displayId 0 mDisplayId 0 behavior 1
06-19 23:12:48.591  3575  3575 I StatusBar: updateBarMode mStatusBarMode = 4 barMode 4
06-19 23:12:48.591  3575  3575 D SbStateController: setSystemBarAttributes isFullscreen: false
06-19 23:12:48.591  3575  3575 I HwDependencyFactory: stn is not supported!
06-19 23:12:48.591  3575  3575 I BaseCapsuleStatusBarHelper: mIsShowStatusBar: true, isShowStatusBar: true
06-19 23:12:48.591  2361  3706 I SurfaceControl: nativeRelease 0xb4000074e4622e70 count: 1 name: com.example.testeableapp.test/androidx.test.core.app.InstrumentationActivityInvoker$EmptyActivity#116866
06-19 23:12:48.591  2361  3706 I SurfaceControl: ~SurfaceControl 0xb4000074e4622e70 com.example.testeableapp.test/androidx.test.core.app.InstrumentationActivityInvoker$EmptyActivity#116866
06-19 23:12:48.593 14195 14195 I SurfaceControl: SurfaceControl 0xb4000074e4599db0 com.example.testeableapp.test/androidx.test.core.app.InstrumentationActivityInvoker$EmptyActivity#116866
06-19 23:12:48.593  2361  6404 D HwConnectivityManagerImpl: startappqoednscollection action =0timer =1000
06-19 23:12:48.597 14195 14195 I BufferQueueConsumer: [](id:377300000000,api:0,p:-1,c:14195) connect: controlledByApp=false
06-19 23:12:48.597  1663  6061 E ANDR-PERF-CLIENT: ANDR-PERF-CLIENT: perf_hint_private() 255: Process is Flooding request to PerfService
06-19 23:12:48.597 14195 14195 I BufferQueueCore: BLASTBufferQueue : comm:steableapp.test isTargetApp:0
06-19 23:12:48.598  3575  3661 I HnTransitionAnimationOptimize: AnimTransactionCompletedListener callback.
06-19 23:12:48.598  3575  3661 I HnTransitionAnimationOptimize: local anim onAnimationEnd,leash:Surface(name=Task=896)/@0xd8ab3e3
06-19 23:12:48.598 14195 14195 D RenderService: RCS is disable
06-19 23:12:48.598  1663  3286 E libnav  : CablComputeBacklightLevel(): UpdateType = DifferentSceneUpdate
06-19 23:12:48.598  1700  1889 D FluencyDetector: End fluency detect: APP_TRANSITION_ANIMATION
06-19 23:12:48.598  2126  4270 I AGPService: NotifyAnimationState animationTag: APP_TRANSITION_ANIMATION animationType: 2 state: 0, previous count: 2 type count: 2
06-19 23:12:48.598  2126  4270 E AGPService: SceneEnd: mIsSceneStart invalid
06-19 23:12:48.598  2126  4270 I AGPService: RefreshRateActionHandle 1210, 0
06-19 23:12:48.598  2126  4270 I AGPService: ReleaseAction sceneCode 1210 mVotePool.size 2
06-19 23:12:48.598  2126  4270 I AGPService: DisableActionLoop
06-19 23:12:48.598  3575  3661 I HnTransitionAnimationOptimize: AnimTransactionCompletedListener callback.
06-19 23:12:48.598  2126  4270 I AGPService: PostAction
06-19 23:12:48.598  3575  3661 I HnTransitionAnimationOptimize: local anim onAnimationEnd,leash:Surface(name=Task=897)/@0x5d0012
06-19 23:12:48.598  2126  4270 I AGPService: FilterAction mVotePool.size: 2 priority 2600 sceneCode 2600
06-19 23:12:48.599  1700  2483 D FluencyDetector: End fluency detect: APP_TRANSITION_ANIMATION
06-19 23:12:48.599  2126  4270 I AGPService: FilterAction mVotePool.size: 2 priority 2600 sceneCode 2600
06-19 23:12:48.599  2126  4270 I AGPService: NotifyAnimationState animationTag: APP_TRANSITION_ANIMATION animationType: 2 state: 0, previous count: 1 type count: 1
06-19 23:12:48.599  2126  4270 E AGPService: SceneEnd: mIsSceneStart invalid
06-19 23:12:48.599  2126  4270 I AGPService: RefreshRateActionHandle 1210, 0
06-19 23:12:48.599  2126  4270 I AGPService: PostAction
06-19 23:12:48.599  2126  4270 I AGPService: FilterAction mVotePool.size: 2 priority 2600 sceneCode 2600
06-19 23:12:48.599  2126  4270 I AGPService: FilterAction mVotePool.size: 2 priority 2600 sceneCode 2600
06-19 23:12:48.600  2126  2150 I AGPService: FilterAction mVotePool.size: 2 priority 2600 sceneCode 2600
06-19 23:12:48.600  1700  1891 I SurfaceControl: SurfaceControl 0xb400006f63aecc30 DefaultTaskDisplayArea#9
06-19 23:12:48.600  1700  1891 I SurfaceControl: SurfaceControl 0xb400006f63affd90 DefaultTaskDisplayArea#9
06-19 23:12:48.600  2126  2150 I AGPService: NotifyExtraPolicyInfoToSF fps: 60, skipCount: 0
06-19 23:12:48.600  2126  2150 I AGPService: SendPolicyByAction isGame 0 sceneCode 2600 priority 2600 lightEnabled 0 fpsHold 0 minFps 60 maxFps 60
06-19 23:12:48.600  1700  2158 W ServiceManagerCppClient: Permission failure: android.permission.ROTATE_SURFACE_FLINGER from uid=10271 pid=0
06-19 23:12:48.600  1700  2483 I SurfaceFlinger: setDesiredDisplayModeSpecs pid: 2126 AGP-pid: 2126
06-19 23:12:48.601  1700  2158 D PermissionCache: checking android.permission.ROTATE_SURFACE_FLINGER for uid=10271 => denied (559 us)
06-19 23:12:48.601  1700  2158 W ServiceManagerCppClient: Permission failure: android.permission.INTERNAL_SYSTEM_WINDOW from uid=10271 pid=0
06-19 23:12:48.601  1700  2158 D PermissionCache: checking android.permission.INTERNAL_SYSTEM_WINDOW for uid=10271 => denied (411 us)
06-19 23:12:48.601  3575  3654 I SurfaceControl: ~SurfaceControl 0xb4000074e460ef10 animation-background#116864
06-19 23:12:48.601  3575  3654 I SurfaceControl: ~SurfaceControl 0xb4000074e463d430 Transition Root: Task=897#116859
06-19 23:12:48.601  3575  3654 I SurfaceControl: ~SurfaceControl 0xb4000074e45c82d0 Task=896#116840
06-19 23:12:48.601  3575  3654 I SurfaceControl: ~SurfaceControl 0xb4000074e4608ed0 fa39247 Splash Screen com.example.testeableapp.test#116857
06-19 23:12:48.601  1700  2158 W ServiceManagerCppClient: Permission failure: android.permission.ACCESS_SURFACE_FLINGER from uid=10271 pid=0
06-19 23:12:48.601  3575  3654 I SurfaceControl: ~SurfaceControl 0xb4000074e45e0910 Task=897#116855
06-19 23:12:48.601  1700  2158 D PermissionCache: checking android.permission.ACCESS_SURFACE_FLINGER for uid=10271 => denied (352 us)
06-19 23:12:48.601  3575  3654 I SurfaceControl: ~SurfaceControl 0xb4000074e4630a10 DefaultTaskDisplayArea#9
06-19 23:12:48.601  3575  3654 I SurfaceControl: ~SurfaceControl 0xb4000074e45ee210 DefaultTaskDisplayArea#9
06-19 23:12:48.601  3575  3654 I SurfaceControl: nativeRelease 0xb4000074e45972d0 count: 1 name: Transition Root: Task=897#116859
06-19 23:12:48.602  3575  3654 I SurfaceControl: ~SurfaceControl 0xb4000074e45972d0 Transition Root: Task=897#116859
06-19 23:12:48.602  1700  4460 W ServiceManagerCppClient: Permission failure: android.permission.ACCESS_SURFACE_FLINGER from uid=10271 pid=14195
06-19 23:12:48.602  1700  4460 D PermissionCache: checking android.permission.ACCESS_SURFACE_FLINGER for uid=10271 => denied (375 us)
06-19 23:12:48.602  1700  1889 I SurfaceControl: SurfaceControl 0xb400006f63b13890 Surface(name=69fffd0 NavigationBar0)/@0xc4b2e34 - animation-leash of insets_animation#116867
06-19 23:12:48.602  1700  1889 I SurfaceControl: SurfaceControl 0xb400006f63b0dbd0 Surface(name=17e14ef StatusBar)/@0x4a2b91e - animation-leash of insets_animation#116868
06-19 23:12:48.603  2361  2850 I SurfaceControl: ~SurfaceControl 0xb4000074e4631730 Surface(name=17e14ef StatusBar)/@0x4a2b91e - animation-leash of insets_animation#116862
06-19 23:12:48.603  2361  2850 I SurfaceControl: ~SurfaceControl 0xb4000074e4636dd0 Surface(name=69fffd0 NavigationBar0)/@0xc4b2e34 - animation-leash of insets_animation#116861
06-19 23:12:48.605 14195 14236 I SurfaceControl: SurfaceControl 0xb4000074e459c350 Surface(name=69fffd0 NavigationBar0)/@0xc4b2e34 - animation-leash of insets_animation#116867
06-19 23:12:48.605 14195 14236 I SurfaceControl: SurfaceControl 0xb4000074e459af30 Surface(name=17e14ef StatusBar)/@0x4a2b91e - animation-leash of insets_animation#116868
06-19 23:12:48.605  1700  1889 I SurfaceFlinger: getPhysicalDisplayIdsLocked return displayIds[0]:4630947158184492161, activeId:4630947158184492161
06-19 23:12:48.606  3575  3698 I SurfaceControl: nativeRelease 0xb4000074e4623b90 count: 1 name: Surface(name=69fffd0 NavigationBar0)/@0xc4b2e34 - animation-leash of insets_animation#116861
06-19 23:12:48.606  3575  3698 I SurfaceControl: ~SurfaceControl 0xb4000074e4623b90 Surface(name=69fffd0 NavigationBar0)/@0xc4b2e34 - animation-leash of insets_animation#116861
06-19 23:12:48.607  3575  3698 I SurfaceControl: nativeRelease 0xb4000074e4601450 count: 1 name: Surface(name=17e14ef StatusBar)/@0x4a2b91e - animation-leash of insets_animation#116862
06-19 23:12:48.607  3575  3698 I SurfaceControl: ~SurfaceControl 0xb4000074e4601450 Surface(name=17e14ef StatusBar)/@0x4a2b91e - animation-leash of insets_animation#116862
06-19 23:12:48.607  2361  3706 I SurfaceControl: ~SurfaceControl 0xb4000074e45d4f90 Transition Root: Task=897#116859
06-19 23:12:48.607 14195 14232 I BufferQueueProducer: [VRI[InstrumentationActivityInvoker$EmptyActivity]#0(BLAST Consumer)0](id:377300000000,api:0,p:-1,c:14195) connect: api=1 producerControlledByApp=true
06-19 23:12:48.608 14195 14232 E OpenGLRenderer: Unable to match the desired swap behavior.
06-19 23:12:48.615  4168  5055 I AppFastHibernation: wakeup all fast H for timeout
06-19 23:12:48.616  4168  5055 I AppFastHibernation: fast unF_Z process uid: 10196 pkg: com.facebook.orca
06-19 23:12:48.616  4168  5055 I AppFastHibernation: fast unF_Z process uid: 10043 pkg: com.hihonor.hncloud
06-19 23:12:48.616  4168  5055 I AppFastHibernation: fast unF_Z process uid: 10210 pkg: com.microsoft.office.outlook
06-19 23:12:48.616  4168  5055 I AppFastHibernation: fast unF_Z process uid: 10202 pkg: com.microsoft.office.word
06-19 23:12:48.616  4168  5055 I AppFastHibernation: fast unF_Z process uid: 10189 pkg: com.miui.player
06-19 23:12:48.616  4168  5055 I AppFastHibernation: fast unF_Z process uid: 10183 pkg: com.twitter.android
06-19 23:12:48.617  2361  2850 I SurfaceControl: nativeRelease 0xb4000074e462e710 count: 2 name: 677dd5a ActivityRecordInputSink com.example.testeableapp/.MainActivity#116847
06-19 23:12:48.619  1663  6062 E ANDR-PERF-CLIENT: ANDR-PERF-CLIENT: perf_hint_private() 255: Process is Flooding request to PerfService
06-19 23:12:48.619  2361  2850 I SurfaceControl: ~SurfaceControl 0xb4000074e462e710 677dd5a ActivityRecordInputSink com.example.testeableapp/.MainActivity#116847
06-19 23:12:48.622 13974 14105 I BufferQueueProducer: [VRI[MainActivity]#0(BLAST Consumer)0](id:369600000000,api:1,p:13974,c:13974) disconnect: api 1
06-19 23:12:48.622  1700  1700 I Layer   : [reparent] [animation-background#116864] newParent is null [0xb400007043c49940]
06-19 23:12:48.622  1700  1700 I Layer   : [setLayer] [fa39247 Splash Screen com.example.testeableapp.test#116857] setlayer z = 2147483647
06-19 23:12:48.622  2169  2215 I Pged-IPgedBinderService: ****action is 2, pid num is 7***
06-19 23:12:48.623  2169  2215 I Pged-Freezer: thawPids
06-19 23:12:48.623  1700  1700 I Layer   : [reparent] [Transition Root: Task=897#116859] newParent is null [0xb400007043b75bf0]
06-19 23:12:48.623  2126  2150 I AGPService: FilterAction mVotePool.size: 2 priority 2600 sceneCode 2600
06-19 23:12:48.623  1700  1700 I Layer   : [setLayer] [Task=896#116840] setlayer z = 3
06-19 23:12:48.623  1700  1700 I Layer   : [setLayer] [Task=897#116855] setlayer z = 4
06-19 23:12:48.623  2169  2215 I Pged-CGroup: detach pid ok, pid: 29297, path: Group_1046215439
06-19 23:12:48.623  1700  1700 I Layer   : [setLayer] [fa39247 Splash Screen com.example.testeableapp.test#116857] setlayer z = 2147483647
06-19 23:12:48.623  2169  2215 I Pged-CGroup: detach pid ok, pid: 29589, path: Group_3483924294
06-19 23:12:48.624  1700  1700 I Layer   : [reparent] [Surface(name=69fffd0 NavigationBar0)/@0xc4b2e34 - animation-leash of insets_animation#116861] newParent is null [0xb400007043cc6980]
