06-19 23:12:45.344 13974 14097 I TestRunner: started: botonRealizarPedido_apareceAlAgregarUnItem(com.example.testeableapp.RestaurantOrderTest)
06-19 23:12:45.346 13891 13963 V HnExtFrameworkFactory: successes to get AllImpl object and return....
06-19 23:12:45.347 13795 13952 I Finsky:background: [176] SCH: Scheduling system job Id: 10533, L: 0, D: 17234715, C: false, I: true, N: 2
06-19 23:12:45.352  1629  1831 D vendor.honor.hardware.aoservice@1.0-service: [AO_SVC] (reopen_timer_handler:50):enter reopen handler
06-19 23:12:45.365 13795 14069 I Finsky:background: [205] SCH: Canceling job 3-37670
06-19 23:12:45.366 13795 14069 I Finsky:background: [205] WM::SCH: Logging work end for 3-37670
06-19 23:12:45.369 13795 13981 I Finsky:background: [177] SCH: no pending jobs to schedule.
06-19 23:12:45.376 13795 14069 I Finsky:background: [205] SCH: Canceling job 3-37672
06-19 23:12:45.377 13795 14069 I Finsky:background: [205] WM::SCH: Logging work end for 3-37672
06-19 23:12:45.381 13795 13989 I Finsky:background: [182] SCH: no pending jobs to schedule.
06-19 23:12:45.388 13795 14069 I Finsky:background: [205] SCH: Canceling job 3-37673
06-19 23:12:45.388 13795 14069 I Finsky:background: [205] WM::SCH: Logging work end for 3-37673
06-19 23:12:45.392 13795 13988 I Finsky:background: [181] SCH: Scheduling phonesky job Id: 3-37677, CT: 1781930811786, Constraints: [{ L: 7988269, D: 18788269, C: CHARGING_NONE, I: IDLE_REQUIRED, N: NET_UNMETERED, B: BATTERY_ANY }]
06-19 23:12:45.408 13795 13981 I Finsky:background: [177] SCH: Scheduling 1 system job(s)
06-19 23:12:45.416 13795 13981 I Finsky:background: [177] SCH: Scheduling system job Id: 10535, L: 6434645, D: 17234645, C: false, I: true, N: 2
06-19 23:12:45.417  4617 10138 I HnMSDPMovementManager: getCurrentMovement type 0
06-19 23:12:45.420  2361 13798 I SecurityProfileDB: Write database file end
06-19 23:12:45.420  1617 13041 I sensors-hal: handle_sns_std_sensor_event:275, ambient_light_event: ts=739188621295535, lux = 0, raw_adc=176, raw_2=288
06-19 23:12:45.452  1700  1985 I Scheduler: idleTimerCallback timer change to TimerState: Reset
06-19 23:12:45.452 13795 14069 I Finsky:background: [205] SCH: Canceling job 3-37674
06-19 23:12:45.452 13795 14069 I Finsky:background: [205] WM::SCH: Logging work end for 3-37674
06-19 23:12:45.460  1700  1700 I Scheduler: applyPolicy: scored layer size: 0
06-19 23:12:45.462 13795 13988 I Finsky:background: [181] SCH: no pending jobs to schedule.
06-19 23:12:45.463  1700  1700 I CompositionEngine: [applyDeviceCompositionTypeChange] layer [StatusBar#87] apply to client compose
06-19 23:12:45.463  1700  1700 I CompositionEngine: [applyDeviceCompositionTypeChange] layer [NavigationBar0#83] apply to client compose
06-19 23:12:45.463  1700  1700 I CompositionEngine: [applyDeviceCompositionTypeChange] layer [ScreenRecorderTimer#116816] apply to client compose
06-19 23:12:45.465 13974 14097 I Tracing : Tracer added: class androidx.test.platform.tracing.AndroidXTracer
06-19 23:12:45.474 13795 14069 I Finsky:background: [205] SCH: Canceling job 3-37675
06-19 23:12:45.475 13795 14069 I Finsky:background: [205] WM::SCH: Logging work end for 3-37675
06-19 23:12:45.479 13795 13981 I Finsky:background: [177] SCH: no pending jobs to schedule.
06-19 23:12:45.482 13974 13974 I le.testeableapp: hiddenapi: Accessing hidden method Landroid/os/MessageQueue;->next()Landroid/os/Message; (runtime_flags=0, domain=platform, api=unsupported) from Landroidx/test/espresso/base/TestLooperManagerCompat; (domain=app, TargetSdkVersion=36) using reflection: allowed
06-19 23:12:45.482 13974 13974 I le.testeableapp: hiddenapi: Accessing hidden field Landroid/os/MessageQueue;->mMessages:Landroid/os/Message; (runtime_flags=0, domain=platform, api=unsupported) from Landroidx/test/espresso/base/TestLooperManagerCompat; (domain=app, TargetSdkVersion=36) using reflection: allowed
06-19 23:12:45.482 13974 13974 I le.testeableapp: hiddenapi: Accessing hidden method Landroid/os/Message;->recycleUnchecked()V (runtime_flags=0, domain=platform, api=unsupported) from Landroidx/test/espresso/base/TestLooperManagerCompat; (domain=app, TargetSdkVersion=36) using reflection: allowed
06-19 23:12:45.483 13974 14097 D IdlingRegistry: Registering idling resources: [androidx.compose.ui.test.EspressoLink@5b8b030]
06-19 23:12:45.485 13795 14069 I Finsky:background: [205] SCH: Canceling job 3-37676
06-19 23:12:45.485 13795 14069 I Finsky:background: [205] WM::SCH: Logging work end for 3-37676
06-19 23:12:45.488 13795 13952 I Finsky:background: [176] SCH: Scheduling phonesky job Id: 3-37678, CT: 1781930811786, Constraints: [{ L: 0, D: 86400000, C: CHARGING_REQUIRED, I: IDLE_REQUIRED, N: NET_UNMETERED, B: BATTERY_ANY }]
06-19 23:12:45.499 13795 13988 I Finsky:background: [181] SCH: Scheduling 1 system job(s)
06-19 23:12:45.501 13795 13988 I Finsky:background: [181] SCH: Scheduling system job Id: 10536, L: 0, D: 84846286, C: true, I: true, N: 2
06-19 23:12:45.504 13974 14097 W Settings: Setting always_finish_activities has moved from android.provider.Settings.System to android.provider.Settings.Global, returning read-only value.
06-19 23:12:45.511  1700  1700 I CompositionEngine: [applyDeviceCompositionTypeChange] layer [Wallpaper BBQ wrapper#64] apply to client compose
06-19 23:12:45.511  1700  1700 I CompositionEngine: [applyDeviceCompositionTypeChange] layer [com.hihonor.android.launcher/com.hihonor.android.launcher.unihome.UniHomeLauncher#116794] apply to client compose
06-19 23:12:45.514 13974 14097 D HwFrameworkSecurityPartsFactory: HwFrameworkSecurityPartsFactory in.
06-19 23:12:45.515 13974 14097 I HwFrameworkSecurityPartsFactory: add HwFrameworkSecurityPartsFactory to memory.
06-19 23:12:45.516 13974 14097 I FactoryLoader: loadFactory() ClassNotFoundException !
06-19 23:12:45.519  2361  6383 I HwStartWindowRecord: windowModeChange is ing pkg: com.example.testeableappintentIntent { act=android.intent.action.MAIN cat=[android.intent.category.LAUNCHER] flg=0x10008000 cmp=com.example.testeableapp/.MainActivity }
06-19 23:12:45.519  2361  6383 E ResMng NATIVE_MSG_FILTER: Fail to get hwrme service
06-19 23:12:45.521  2361  6383 I PackageManager: generatePackageInfo error, user not exists:128
06-19 23:12:45.521  1666  1838 E ANDR-PERF-RESOURCEQS: ANDR-PERF-RESOURCEQS: AddAndApply() 125: Resource with major=11, minor=0 not supported
06-19 23:12:45.522  1666  1838 E ANDR-PERF-OPTSHANDLER: ANDR-PERF-OPTSHANDLER: modify_sysfsnode() 1149: Perflock resource /dev/stune/top-app/schedtune.boost not supported
06-19 23:12:45.522  1666  1838 E ANDR-PERF-RESOURCEQS: ANDR-PERF-RESOURCEQS: AddAndApply() 167: Failed to apply optimization [3, 28]
06-19 23:12:45.528  1666  1838 E ANDR-PERF-OPTSHANDLER: ANDR-PERF-OPTSHANDLER: modify_sysfsnode() 1149: Perflock resource /sys/devices/system/cpu/bus_dcvs/L3/soc:qcom,memlat:l3:prime/min_freq not supported
06-19 23:12:45.528  1666  1838 E ANDR-PERF-RESOURCEQS: ANDR-PERF-RESOURCEQS: AddAndApply() 167: Failed to apply optimization [13, 22]
06-19 23:12:45.531 19656 19656 E afehal_info: ioctrl_get_frame:[1781932365262][T:1781932365.531924]ioctrl_get_frame 144:ioctrl_get_frame err ret = -1
06-19 23:12:45.532 19656 19656 E afehal_info: get_ioctr_frame:[1781932365262][T:1781932365.532032]get_ioctr_frame 626:ioctrl_get_frame error return NULL
06-19 23:12:45.532 19656 19656 E aptouch_daemon: update_frame, thp_afe_get_frame return nullptr
06-19 23:12:45.533  2361  3223 E RtgSchedIpcFile: setCommandByIoctl not opened
06-19 23:12:45.535  1700  1891 I SurfaceFlinger: createLayer layername: Task=896 type: Layer address = 0xb400007043c42a20
06-19 23:12:45.535  2361  6383 I SurfaceControl: SurfaceControl 0xb4000074e45c6c10 Task=896#116840
06-19 23:12:45.537  2361  2889 I WifiEnhanceMonitor: notifyForegroundAppChanged
06-19 23:12:45.537  2361  2889 I ScanSceneMonitor: cacheForegroundApkName: com.hihonor.android.launcher
06-19 23:12:45.538 13974 13974 E RtgSchedIpcFile: RtgSchedIpcFile xxx failed to open /proc/13974/rtg
06-19 23:12:45.538 13974 13974 E RtgSchedIpcFile: RtgSchedIpcFile xxx failed to open /proc/rtg_gki/ioctl.
06-19 23:12:45.538 13974 13974 I RmeSchedManager: init Rme, version is: v1.0
06-19 23:12:45.538 13974 13974 E RtgSchedIpcFile: RtgSchedIpcFile xxx failed to open /proc/13974/rtg
06-19 23:12:45.538 13974 13974 E RtgSchedIpcFile: RtgSchedIpcFile xxx failed to open /proc/rtg_gki/ioctl.
06-19 23:12:45.538 13974 13974 I RmeSchedManager: init Rme, version is: v1.0
06-19 23:12:45.538 13974 13974 E RtgSchedIpcFile: setCommandByIoctl not opened
06-19 23:12:45.538  4183  4572 I Hicom_Monitor: mAppSwitchNotifierEx, uid = 10095, packageName = com.hihonor.android.launcher, classNamecom.hihonor.android.launcher.unihome.UniHomeLauncher
06-19 23:12:45.538  4183  4572 I Hicom_Monitor: notifyForegroundAppChanged: pkg:com.hihonor.android.launcher
06-19 23:12:45.538  1700  1891 I SurfaceFlinger: createLayer layername: ActivityRecord{3fd9905 u0 com.example.testeableapp/.MainActivity t896 mVisible=false mOccludesParent=true mode=fullscreen boundsRect(0, 0 - 1080, 2412)} type: Layer address = 0xb400007043c50860
06-19 23:12:45.539  9860  9876 W AWARENESS_AmsRegister: app switch from : com.example.testeableapp to com.hihonor.android.launcher as ComponentInfo{com.hihonor.android.launcher/com.hihonor.android.launcher.unihome.UniHomeLauncher} taskId : 351  label:callingPackage:com.example.testeableapplaunchMode:-1processUid:0
06-19 23:12:45.539  9860  9876 I AWARENESS_AppLifeCycleAbility: app exit : com.example.testeableapp act : ComponentInfo{com.example.testeableapp/com.example.testeableapp.MainActivity} taskId : 895
06-19 23:12:45.539  9860  9876 I AWARENESS_AppLifeCycleAbility: begin publishAppExitData
06-19 23:12:45.539  2126  4270 I AGPService: Iris-info: get config of com.hihonor.android.launcher
06-19 23:12:45.539  9860  9876 W AWARENESS_AppLifeCycleAbility: BlackMap is empty
06-19 23:12:45.539  9860  9876 I AWARENESS_AppLifeCycleAbility: activity exit not published, to publish
06-19 23:12:45.539  9860  9876 W AWARENESS_AppLifeCycleAbility: whiteMap is empty
06-19 23:12:45.539  9860  9876 W AWARENESS_AppLifeCycleAbility: BlackMap is empty
06-19 23:12:45.539  9860  9876 I AWARENESS_AppLifeCycleAbility: app enter : com.hihonor.android.launcher act : ComponentInfo{com.hihonor.android.launcher/com.hihonor.android.launcher.unihome.UniHomeLauncher} taskId : 351
06-19 23:12:45.539  9860  9876 I AWARENESS_AppLifeCycleAbility: begin publishAppEnterData
06-19 23:12:45.539 28791 28791 E RtgSchedIpcFile: RtgSchedIpcFile xxx failed to open /proc/28791/rtg
06-19 23:12:45.539 28791 28791 E RtgSchedIpcFile: RtgSchedIpcFile xxx failed to open /proc/rtg_gki/ioctl.
06-19 23:12:45.539 28791 28791 I RmeSchedManager: init Rme, version is: v1.0
06-19 23:12:45.539 28791 28791 E RtgSchedIpcFile: setCommandByIoctl not opened
06-19 23:12:45.539  2361  6383 I SurfaceControl: SurfaceControl 0xb4000074e45e80f0 ActivityRecord{3fd9905 u0 com.example.testeableapp/.MainActivity t896 mVisible=false mOccludesParent=true mode=fullscreen boundsRect(0, 0 - 1080, 2412)}#116841
06-19 23:12:45.539  4183  4572 I Hicom_Monitor: notifyForegroundAppActivityChanged: className:com.hihonor.android.launcher.unihome.UniHomeLauncher
06-19 23:12:45.539  4183  4887 W Hicom_XEngineProc: handleForegroundAppChanged. Feature is not enable.
06-19 23:12:45.539 13795 14069 I Finsky:background: [205] SCH: Canceling job 3-37677
06-19 23:12:45.540 13795 14069 I Finsky:background: [205] WM::SCH: Logging work end for 3-37677
06-19 23:12:45.540  2130  3230 I dubaid  : [DisplayHandler.cpp] OnAppFocusChangedMessage# App focus switch from com.example.testeableapp to com.hihonor.android.launcher
06-19 23:12:45.540 13795 13989 I Finsky:background: [182] SCH: no pending jobs to schedule.
06-19 23:12:45.542  9860  9876 W AWARENESS_AppLifeCycleAbility: BlackMap is empty
06-19 23:12:45.542  9860 22633 I AWARENESS_TaskScheduler: unsubscribe {dataId=8005, mode=0,params=[time]} from TimedAppFence,key=AppRecoAssembler_PredictSolutionTrigger_TimedAppFence_APP_STARTUP_NONE
06-19 23:12:45.543  9860  9876 W AWARENESS_AppLifeCycleAbility: whiteMap is empty
06-19 23:12:45.543  9860  9876 W AWARENESS_AppLifeCycleAbility: BlackMap is empty
06-19 23:12:45.543  9860 22633 I AWARENESS_TimeAbility: TimeAbility onUnsubscribe
06-19 23:12:45.543  9860 22633 I AWARENESS_TimeManager: cancel triggerTime: 1781932366136 for AppRecoAssembler_PredictSolutionTrigger_TimedAppFence_APP_STARTUP_NONE
06-19 23:12:45.546 13795 14069 I Finsky:background: [205] SCH: Canceling job 3-37678
06-19 23:12:45.546 13795 14069 I Finsky:background: [205] WM::SCH: Logging work end for 3-37678
06-19 23:12:45.549  7142  7283 E fb4a.msys: E[N WCCConnectionMEM]_WCCConnectionMEMEmitStateChange(3200)=>[INFO] connection/new_state/connecting [connection_id=129001526, wcc_source=1, wcc_reason=2]
06-19 23:12:45.550  7142  7283 E fb4a.msys: E[C MEMConnectionManager]_MEMConnectionManagerStateChangeHandler(585)=>[Critical] MEMConnectionState updated to ID: 1 with connectionId: 129001526
06-19 23:12:45.551 28791 28791 I HnAppRec_14.1.0.50YOYOCardManager: onActivityPaused UniHomeLauncher
06-19 23:12:45.551 28791 28791 W HnLauncher: YOYOCardExpoTimeMgr empty expo list
06-19 23:12:45.552 28791 28791 W HnLauncher: SetShortcutPopWindowHelper removePopup, popupContainerWithArrow is null
06-19 23:12:45.552 28791 28791 W HnLauncher: SetShortcutPopWindowHelper removePopup, popupContainerWithArrow is null
06-19 23:12:45.554  4168  4848 I ScenarioService: app focus change from: com.example.testeableapp to:com.hihonor.android.launcher
06-19 23:12:45.554  4168  4848 I ScenarioService: add focus on app:com.hihonor.android.launcher to visiblePkgs
06-19 23:12:45.557  7142  7283 E fb4a.msys: E[N WCCConnectionMEM]_WCCConnectionMEMDoConnectWithAuthKeys(1546)=>[INFO] connection/connect/start/[host=chat-e2ee-mini.facebook.com port=5222]/[57.144.252.8:5222]/socketAddressCount=1
06-19 23:12:45.558  2361  5278 I HiView.HiEvent: Flatten done:990028995
06-19 23:12:45.558  2361  5278 I hievent_jni: Write to dev len:78
06-19 23:12:45.560  1700  1700 I BpBinder: onLastStrongRef automatically unlinking death recipients:
06-19 23:12:45.562  2361  6383 D ZrHung.AppEyeFocusWindow: FocusWindowErrorScene CheckFreezeScreen
06-19 23:12:45.562  2361  6383 D ZrHung.AppEyeTransparentWindow: TransparentWindow cancelCheckFreezeScreen
06-19 23:12:45.562  7142  7283 E fb4a.msys: E[N WCCConnectionMEM]_WCCConnectionMEMLifecycleEventHandler(2176)=>[INFO] connection/xmpp/lifecycle_event/will-connect
06-19 23:12:45.563  7142  7283 E fb4a.msys: E[A WA]WCCHandshakeCreate(191)=>handshake/create, pq mode:0
06-19 23:12:45.563  2361  5278 I hievent_jni: hievent_writer_write finish
06-19 23:12:45.565 13974 13974 I OpenGLRenderer: RenderCache taget:com.example.testeableapp, enableRenderCache: 0
06-19 23:12:45.565 13974 13974 I OpenGLRenderer: No RenderCache config, try to find property.
06-19 23:12:45.567 13795 13952 I Finsky:background: [176] SCH: no pending jobs to schedule.
06-19 23:12:45.569  2169  2203 I AwareLog: SetThreadToVipGroup:: iawared vipgroup set pid[13974] Success!
06-19 23:12:45.569  2169  2203 D AwareLog: iawared: WorkingsetProcessCommand subCmd = 357, userId=10270, pid=13821, com.example.testeableapp
06-19 23:12:45.569  2169  2203 D AwareLog: iawared: WorkingsetCheckCrashed maybe crashed!
06-19 23:12:45.569  2169  2203 E AwareLog: iawared: WorkingsetRemoveCgroupAll realpath failed! err = 2
06-19 23:12:45.569  2169  2203 E AwareLog: iawared: WorkingsetChangePropertyContent realpath failed! err = 2
06-19 23:12:45.569  2169  2203 E AwareLog: iawared: WorkingsetChangeState ABORT failed!
06-19 23:12:45.569  2169  2203 E AwareLog: iawared: WorkingsetRemoveCgroupAll realpath failed! err = 2
06-19 23:12:45.569  2169  2203 E AwareLog: iawared: WorkingsetChangePropertyContent realpath failed! err = 2
06-19 23:12:45.569  2169  2203 E AwareLog: iawared: WorkingsetChangeState ABORT failed!
06-19 23:12:45.570  1700  4460 I SurfaceFlinger: getPhysicalDisplayIdsLocked return displayIds[0]:4630947158184492161, activeId:4630947158184492161
06-19 23:12:45.576  4168  5065 I AppFastHibernation: rev F_Z exception for visible pkg: com.example.testeableapp
06-19 23:12:45.577  4168  4848 D ScenarioService: front pkg : com.example.testeableapp launcher: false
06-19 23:12:45.577  4168  4848 D ScenarioService: new above launcher front pkgs: [com.example.testeableapp]
06-19 23:12:45.577  4168  4848 I AppsUsage: scnOff:false fgAPP:com.example.testeableapp
06-19 23:12:45.580  9860 22633 I AWARENESS_TimeManager: time list is cleared
06-19 23:12:45.580  9860 22633 W AWARENESS_TimeManager:  list : []
06-19 23:12:45.580  9860 22633 W AWARENESS_TimeManager:  firstTriggerTime : -9223372036854775808
06-19 23:12:45.580  9860 22633 W AWARENESS_TimeManager: is empty, ignore
06-19 23:12:45.580  9860 22633 I AWARENESS_TaskScheduler: reference count is not zero : 89, ignore release ability,id=time_ability
06-19 23:12:45.580  9860 22633 W AWARENESS_TimedAppFence: contained in blackList, ignore subscribe
06-19 23:12:45.581  1700  1700 I CompositionEngine: [applyDeviceCompositionTypeChange] layer [Wallpaper BBQ wrapper#64] apply to client compose
06-19 23:12:45.581  1700  1700 I CompositionEngine: [applyDeviceCompositionTypeChange] layer [com.hihonor.android.launcher/com.hihonor.android.launcher.unihome.UniHomeLauncher#116794] apply to client compose
06-19 23:12:45.581  1700  1700 I CompositionEngine: [applyDeviceCompositionTypeChange] layer [StatusBar#87] apply to client compose
06-19 23:12:45.581  1700  1700 I CompositionEngine: [applyDeviceCompositionTypeChange] layer [NavigationBar0#83] apply to client compose
06-19 23:12:45.581  4168  5065 D MediaNetCtrl: handleAppFgchanged, pkg is: com.example.testeableapp policy is: 0
06-19 23:12:45.581  4168  5065 I PG_ash  : front pkg : com.example.testeableapp
06-19 23:12:45.583  4168  5140 I PGServer: report state:10010 event type:2 pid:0 uid:0 pkg:com.hihonor.android.launcher to pid: 2361
06-19 23:12:45.583  4168  5140 I PGServer: report state:10010 event type:2 pid:0 uid:0 pkg:com.hihonor.android.launcher to pid: 4183
06-19 23:12:45.583  4168  5140 I PGServer: report state:10010 event type:2 pid:0 uid:0 pkg:com.hihonor.android.launcher to pid: 4168
06-19 23:12:45.583  4168  5140 I PGServer: report state:10000 event type:1 pid:0 uid:0 pkg:com.example.testeableapp to pid: 2361
06-19 23:12:45.583  4168  5140 I PGServer: report state:10000 event type:1 pid:0 uid:0 pkg:com.example.testeableapp to pid: 4183
06-19 23:12:45.583  4168  5140 I PGServer: report state:10000 event type:1 pid:0 uid:0 pkg:com.example.testeableapp to pid: 4168
06-19 23:12:45.584  4183  4943 E SmartNetworkManager: handleForegroundAppChanged pkgName is null
06-19 23:12:45.586  1617 13041 I sensors-hal: handle_sns_std_sensor_event:275, ambient_light_event: ts=739188787300796, lux = 0, raw_adc=176, raw_2=320
06-19 23:12:45.588  4168 18065 I PGServer: checkPkgType. calling pkg: android
06-19 23:12:45.589  4168 18065 I PGServer: checkPkgType. calling pkg: android
06-19 23:12:45.592  2361  2889 I HwPhoneWindowManager: currentFullScreenTaskPackageNamecom.example.testeableapp
06-19 23:12:45.594  2361  2849 W system_server: Failed to UpdateQosForCgroupInner, tid=0, policy=10
06-19 23:12:45.596  4168 18065 I PGServer: android calls fast HApps
06-19 23:12:45.596  4168 18065 I AppFastHibernation: fast H duration: 3000 reason: start activity
06-19 23:12:45.596  4168 18065 I AppFastHibernation: call fast hibernation app:
06-19 23:12:45.596  4168 18065 I AppFastHibernation:     AppInfo {Uid:10196 Pkg:com.facebook.orca Pids:[29297]}
06-19 23:12:45.596  4168 18065 I AppFastHibernation:     AppInfo {Uid:10023 Pkg:com.hihonor.appmarket Pids:[25324]}
06-19 23:12:45.596  4168 18065 I AppFastHibernation:     AppInfo {Uid:10043 Pkg:com.hihonor.hncloud Pids:[29589]}
06-19 23:12:45.596  4168 18065 I AppFastHibernation:     AppInfo {Uid:10210 Pkg:com.microsoft.office.outlook Pids:[17560]}
06-19 23:12:45.596  4168 18065 I AppFastHibernation:     AppInfo {Uid:10202 Pkg:com.microsoft.office.word Pids:[12256]}
06-19 23:12:45.596  4168 18065 I AppFastHibernation:     AppInfo {Uid:10189 Pkg:com.miui.player Pids:[18308]}
06-19 23:12:45.596  4168 18065 I AppFastHibernation:     AppInfo {Uid:10183 Pkg:com.twitter.android Pids:[27960]}
06-19 23:12:45.596  4168 18065 I AppFastHibernation: fastHibernation: the pkg: com.hihonor.appmarket keep alive not F_Z
06-19 23:12:45.596  1700  1700 I CompositionEngine: [applyDeviceCompositionTypeChange] layer [ScreenRecorderTimer#116816] apply to client compose
06-19 23:12:45.597  2126  4270 E AGPService: FrameRateManager: iaware strange app type: -1
06-19 23:12:45.597 13974 14108 E GamesAware: IsInSupportList 'com.example.testeableapp' is not a game.
06-19 23:12:45.597  4168  4848 I ScenarioService: app focus change from: com.hihonor.android.launcher to:com.example.testeableapp
06-19 23:12:45.598 13974 14108 I iGraphicsLoader: [~]A_pPipchG_giv{W$pipch$g_giv{$71<5;<40MF~]
06-19 23:12:45.598 13974 14108 I iGraphicsLoader: [~]44644<4eW$tj>$eig*_|cgth_*p_up_cfh_ctt($t>$35;10~]
06-19 23:12:45.598 13974 14108 I le.testeableapp: HwCustType is 0
06-19 23:12:45.598 13974 14108 E le.testeableapp: open file error
06-19 23:12:45.598 13974 14108 I le.testeableapp: no cota live update cust policy found
06-19 23:12:45.598 13974 14108 I le.testeableapp: GetCfgDirRealPolicyValue: custPolicyDirs: /system/magic/base:/system/magic/oversea:/system/magic/oversea_honor:/system/magic/lite:/vendor/etc:/odm/etc:/odm/hn_odm/CLK-L33:/product_h/etc:/product_h/region_comm/oversea:/preas/oversea:/product_h/hn_oem/CLK-L33:/preload/CLK-L33/def/la:/cust/global:/cust/def/la:/version/cust/def/la:/product_h/special_cust/CLK-L33/def/la:/version/special_cust/CLK-L33/def/la:/cust/cotalite:/cust/ecota
06-19 23:12:45.598 28791 28791 I HnAppRec_14.1.0.50AnimatorHandlerV2: screenId: [1]
06-19 23:12:45.599 28791 28791 W HnLauncher: ExitAppAnimationMananger getAnimationInfoMyself, mAnimationInfo = AnimationInfo{mCellX=119, mCellY=587, mInfo={ShortcutInfo: title: Restaurante El Sabor, component: ComponentInfo{com.example.testeableapp/com.example.testeableapp.MainActivity}}, mShortcut={ShortcutInfo: title: Restaurante El Sabor, component: ComponentInfo{com.example.testeableapp/com.example.testeableapp.MainActivity}}, mView=com.hihonor.android.launcher.BubbleTextView{298e102 VFED..CL. ........ 15,408-225,696 #9c010001}, BubbleTextView: {ShortcutInfo: title: Restaurante El Sabor, component: ComponentInfo{com.example.testeableapp/com.example.testeableapp.MainActivity}}}
06-19 23:12:45.599 13974 14108 I iGraphicsLoader: [~]44544<4eW$ji$utp$ctt>$eig*_|cgth_*p_up_cfh_ctt~]
06-19 23:12:45.599 28791 28791 W HnLauncher: RotationHelper hideAdjacentScreen, launcher is not transposed. RotationMode = com.hihonor.android.launcher.graphics.RotationMode$1{1b3ecc8 surfaceRotation = 0.0,isTransposed = false}
06-19 23:12:45.600  4168  5055 I AppFastHibernation: fast hibernate app:
06-19 23:12:45.600  4168  5055 I AppFastHibernation:     AppInfo {Uid:10196 Pkg:com.facebook.orca Pids:[29297]}
06-19 23:12:45.600  4168  5055 I AppFastHibernation:     AppInfo {Uid:10043 Pkg:com.hihonor.hncloud Pids:[29589]}
06-19 23:12:45.601  4168  5055 I AppFastHibernation:     AppInfo {Uid:10210 Pkg:com.microsoft.office.outlook Pids:[17560]}
06-19 23:12:45.601  4168  5055 I AppFastHibernation:     AppInfo {Uid:10202 Pkg:com.microsoft.office.word Pids:[12256]}
06-19 23:12:45.601  4168  5055 I AppFastHibernation:     AppInfo {Uid:10189 Pkg:com.miui.player Pids:[18308]}
06-19 23:12:45.601  4168  5055 I AppFastHibernation:     AppInfo {Uid:10183 Pkg:com.twitter.android Pids:[27960]}
06-19 23:12:45.601  4168  5055 I AppFastHibernation: fast F_Z process uid: 10196 pkg: com.facebook.orca pids: [29297]
06-19 23:12:45.601  4168  5055 I AppFastHibernation: fast F_Z process uid: 10043 pkg: com.hihonor.hncloud pids: [29589]
06-19 23:12:45.601  4168  5055 I AppFastHibernation: fast F_Z process uid: 10210 pkg: com.microsoft.office.outlook pids: [17560]
06-19 23:12:45.601  4168  5055 I AppFastHibernation: fast F_Z process uid: 10202 pkg: com.microsoft.office.word pids: [12256]
06-19 23:12:45.601  4168  5055 I AppFastHibernation: fast F_Z process uid: 10189 pkg: com.miui.player pids: [18308]
06-19 23:12:45.601  4168  5055 I AppFastHibernation: fast F_Z process uid: 10183 pkg: com.twitter.android pids: [27960]
06-19 23:12:45.601  2169  2215 I Pged-IPgedBinderService: ****action is 1, pid num is 7***
06-19 23:12:45.601  2169  2215 I Pged-Freezer: freezePids
06-19 23:12:45.602 13974 13974 I Resources: updateConfiguration, style is 0
06-19 23:12:45.604  2361  3480 D HwConnectivityManagerImpl: getNetworkPolicyFlag flagStr null
06-19 23:12:45.605  2169  2215 I Pged-CGroup: attach pid ok, pid: 29297, path: Group_1046215439
06-19 23:12:45.606  2169  2215 I Pged-CGroup: attach pid ok, pid: 29589, path: Group_3483924294
06-19 23:12:45.607  2169  2215 I Pged-CGroup: attach pid ok, pid: 17560, path: Group_0855338853
06-19 23:12:45.607  2169  2215 I Pged-CGroup: attach pid ok, pid: 12256, path: Group_1375561588
06-19 23:12:45.608  2169  2215 I Pged-CGroup: attach pid ok, pid: 18308, path: Group_2205990802
06-19 23:12:45.610  2169  2215 I Pged-CGroup: attach pid ok, pid: 27960, path: Group_3053018818
06-19 23:12:45.611  4183  4572 W AppStartupMonitor: activity state:onPause, comp:ComponentInfo{com.hihonor.android.launcher/com.hihonor.android.launcher.unihome.UniHomeLauncher}
06-19 23:12:45.611  4183  4572 I AppStartupMonitor: app startup from desktop
06-19 23:12:45.612  4183 23188 I Booster_AwareMonitor: [activityLifeNotifier]state:onPause pid:28791 uid:10095 ComponentInfo{com.hihonor.android.launcher/com.hihonor.android.launcher.unihome.UniHomeLauncher}
06-19 23:12:45.612  2361  2361 W HwCameraSceneDetection: uid:10095, componentName:com.hihonor.android.launcher.unihome.UniHomeLauncher, flag:onPause
06-19 23:12:45.612  9860  9876 W AWARENESS_AmsRegister: state : onPause comp : ComponentInfo{com.hihonor.android.launcher/com.hihonor.android.launcher.unihome.UniHomeLauncher} taskId : 351callingPackage:launchMode:-1processUid_act:0
06-19 23:12:45.612  9860  9876 I AWARENESS_AppLifeCycleAbility: activity exit : ComponentInfo{com.hihonor.android.launcher/com.hihonor.android.launcher.unihome.UniHomeLauncher}
06-19 23:12:45.612  9860  9876 W AWARENESS_AppLifeCycleAbility: whiteMap is empty
06-19 23:12:45.612  2361  3480 I HwConnectivityManagerImpl: onDnsEventAction,uid:10182,returnCode:0, latencyMs:8, netId:438, DnsCount:72, FailCount:0, mWifiNetId:437, StatEnum:0
06-19 23:12:45.612  9860  9876 W AWARENESS_AppLifeCycleAbility: BlackMap is empty
06-19 23:12:45.612  9860  9876 W AWARENESS_AmsRegister: state : onResume_begin comp : ComponentInfo{com.example.testeableapp/com.example.testeableapp.MainActivity} taskId : 896callingPackage:com.example.testeableapplaunchMode:-1processUid_act:0
06-19 23:12:45.614  4168  5055 D PgedBinderAdapter: F_Z ok, pid: [29297, 29589, 17560, 12256, 18308, 27960]
06-19 23:12:45.616  1700  1700 I CompositionEngine: [applyDeviceCompositionTypeChange] layer [Wallpaper BBQ wrapper#64] apply to client compose
06-19 23:12:45.616  1700  1700 I CompositionEngine: [applyDeviceCompositionTypeChange] layer [com.hihonor.android.launcher/com.hihonor.android.launcher.unihome.UniHomeLauncher#116794] apply to client compose
06-19 23:12:45.617  1700  2158 I SurfaceFlinger: createLayer layername: 61ef880 Splash Screen com.example.testeableapp type: Layer address = 0xb400007043bbb330
06-19 23:12:45.621  2361  3669 I SurfaceControl: SurfaceControl 0xb4000074e45b6830 61ef880 Splash Screen com.example.testeableapp#116842
06-19 23:12:45.621  2361  3669 I SurfaceControl: setRelativeLayer sc:Surface(name=ImeContainer)/@0xd02ae8a,  relativeTo:Surface(name=ActivityRecord{1979841 u0 com.hihonor.android.launcher/.unihome.UniHomeLauncher t351 mVisible=false mOccludesParent=true mode=fullscreen boundsRect(0, 0 - 1080, 2412)})/@0x1c37359,  z:1
06-19 23:12:45.624  3575  3698 D InputEventReceiver: dispatchInputInterval 1000000
06-19 23:12:45.624  1700  4460 I SurfaceControl: SurfaceControl 0xb400006f63b27710 ActivityRecord{1979841 u0 com.hihonor.android.launcher/.unihome.UniHomeLauncher t351 mVisible=false mOccludesParent=true mode=fullscreen boundsRect(0, 0 - 1080, 2412)}#45307
06-19 23:12:45.625  2361  2889 I WifiEnhanceMonitor: notifyForegroundAppChanged
06-19 23:12:45.625  2361  2889 I ScanSceneMonitor: cacheForegroundApkName: com.example.testeableapp
06-19 23:12:45.626  1700  1700 I Layer   : [setRelativeLayer] [ImeContainer#12] setRelativeLayer z = 1, relativeZ = 1
06-19 23:12:45.626  1700  1700 I Layer   : [setLayer] [61ef880 Splash Screen com.example.testeableapp#116842] setlayer z = 2147483647
06-19 23:12:45.627  2361  5278 E AdvancedKiller: AkUpdateModel Model not init
06-19 23:12:45.627  1700  1700 I SurfaceControl: ~SurfaceControl 0xb400006f63b27710 ActivityRecord{1979841 u0 com.hihonor.android.launcher/.unihome.UniHomeLauncher t351 mVisible=false mOccludesParent=true mode=fullscreen boundsRect(0, 0 - 1080, 2412)}#45307
06-19 23:12:45.628  3575  3575 E NotificationShadeWindowController: applyWindowBlur: 0.0
06-19 23:12:45.628  3575  3575 E NotificationShadeWindowController: SurfaceControl Not Released.
06-19 23:12:45.628  3575  3575 E NotificationShadeWindowController: applyVisibility: false, false, mNotificationShadeView.alpha=1.0, forceHideForBiometricsUnlock=false
06-19 23:12:45.628  3575  3575 D NotificationShadeWindowView: setVisibility =  4
06-19 23:12:45.629  2169  2203 I AwareLog: SetThreadToVipGroup:: iawared vipgroup set pid[13974] Success!
06-19 23:12:45.629  2169  2203 E AwareLog: SetThreadToVipGroup:: iawared vipgroup set pid[0] FAILED-NOT-TOP-APP!
06-19 23:12:45.631  1696  3169 D AudioPolicyService: getUidState(10270) cacheIter->second.first, return cacheIter->second.second(4)
06-19 23:12:45.631  2361  5312 W RMS.ExitCatch: ExitCatch file notexist /proc/13974/unexpected_die_catch
06-19 23:12:45.632  2361  5312 W RMS.ExitCatch: now ExitCatch is enable in pid =13974 ret = false
06-19 23:12:45.632  1696  3169 D AudioPolicyService: getUidState(10046) cacheIter->second.first, return cacheIter->second.second(4)
06-19 23:12:45.632  1696  3169 D AudioPolicyService: getUidState(10046) cacheIter->second.first, return cacheIter->second.second(4)
06-19 23:12:45.633  4183  4887 I Hicom_Monitor: notifyAppStarted: uid = 10270
06-19 23:12:45.633  4183  4887 I UctpAppMonitor: handleAppStarted: pkgName is com.example.testeableapp mIsNeedToOpen is false
06-19 23:12:45.634  1533  2376 E netd    : send_msg_to_kernel:send_msg_to_kernel failure. socket=-1
06-19 23:12:45.635  2126  4270 I AGPService: Iris-info: get config of com.example.testeableapp
06-19 23:12:45.635 13974 13974 D LifecycleMonitor: Lifecycle status change: com.example.testeableapp.MainActivity@408978c in: PRE_ON_CREATE
06-19 23:12:45.636 13974 13974 V ActivityScenario: Activity lifecycle changed event received but ignored because the reported transition was not ON_CREATE while the last known transition was PRE_ON_CREATE
06-19 23:12:45.639  2361  5278 I system_server: SWAP_CPU: get cpu number = 8
06-19 23:12:45.640  4183  4572 I Hicom_Monitor: mAppSwitchNotifierEx, uid = 10270, packageName = com.example.testeableapp, classNamecom.example.testeableapp.MainActivity
06-19 23:12:45.640  4183  4572 I Hicom_Monitor: notifyForegroundAppChanged: pkg:com.example.testeableapp
06-19 23:12:45.640  4183  4572 I Hicom_Monitor: notifyForegroundAppActivityChanged: className:com.example.testeableapp.MainActivity
06-19 23:12:45.641  4183  4887 W Hicom_XEngineProc: handleForegroundAppChanged. Feature is not enable.
06-19 23:12:45.641  2361  2889 I HwPhoneWindowManager: currentFullScreenTaskPackageNamecom.example.testeableapp
06-19 23:12:45.642  2361  3669 I InputDispatcher: Focus left window: 7f166e0 com.hihonor.android.launcher/com.hihonor.android.launcher.unihome.UniHomeLauncher (server) in display 0
06-19 23:12:45.642  2361  3669 I InputDispatcher: onFocusChangedLocked receiveTime step 1 :350778730ms receiveTime step 2 :350778730ms receiveTime step 3 :0ms
06-19 23:12:45.643  3575  3575 D OverviewProxyService: keyguardShowing: false keyguardOccluded: false keyguardGoingAway: false bouncerShowing: false isDozing: false
06-19 23:12:45.643  1696  3169 D AudioPolicyService: getUidState(10070) cacheIter->second.first, return cacheIter->second.second(0)
06-19 23:12:45.643  3575  3575 D SysUiState: SysUiState changed: old=268435456 new=268435456
06-19 23:12:45.643  3575  3575 W ForegroundObserver:  onForegroundProgress change packageName:[com.example.testeableapp]isForeground:true
06-19 23:12:45.647  2126  4270 D ITouchService: itouch currentPackageName = com.example.testeableapp
06-19 23:12:45.647  2126  4270 D ITouchService: itouch appType=-1 appState=1 gameMode=1
06-19 23:12:45.647  2126  4270 D ITouchService: itouchReaderMonitor empty
06-19 23:12:45.647  2126  4270 D ITouchService: g_itouch_reader_monitor Monitor::IsReaderMonitorEnable()=0
06-19 23:12:45.647  2126  4270 D ITouchService: itouch getCurrentParmID tempPkg=com.example.xxx
06-19 23:12:45.647  2126  4270 D ITouchService: itouch:app com.example.testeableapp is  not game app
06-19 23:12:45.647  2126  4270 D ITouchService: itouch:app com.example.testeableapp is  not in StylusPenList
06-19 23:12:45.647  2126  4270 D ITouchService: itouch:styluspen_switch is disable
06-19 23:12:45.647  2126  4270 D ITouchService: itouch:currentAppTypeName =|UNKNOWN|
06-19 23:12:45.647  1700  2483 I SurfaceFlinger: createLayer layername: Splash Screen com.example.testeableapp type: Layer address = 0xb400007043c73400
06-19 23:12:45.648  2126  4270 W ITouchService: itouch DirectDeliverManager:checkDirectDeliverState game list is empty & not support TouchEnhance.
06-19 23:12:45.648  2126  4270 I IPCThreadState: oneway function results for code 11 on binder at 0xb40000722b9548c0 will be dropped but finished with status UNKNOWN_TRANSACTION
06-19 23:12:45.648  2361  4609 I SurfaceControl: SurfaceControl 0xb4000074e46248b0 Splash Screen com.example.testeableapp#116843
06-19 23:12:45.649  2361  5278 I system_server: SWAP_CPU: set affinity to 4-7 success
06-19 23:12:45.650 13795 14045 I Finsky:background: [194] IQ: Creating job 37679, for (REQ_DEVICE_IDLE, REQ_GEARHEAD_PROJECTION_OFF, MIN_BATTERY=20, SHOULD_APPLY_BUDGET=true, IGNORE_HOLDOFF=true, NETWORK=ANY, PROVISIONING_STATE=PROVISIONED, BACKUP_MANAGER_STATE=BACKUP_READY, AUTHENTICATION_REQUIRED)
06-19 23:12:45.651  2361  5278 I system_server: SWAP_CPU: get cpu number = 8
06-19 23:12:45.651  2361  5278 I system_server: SWAP_CPU: set affinity to 0-7 success
06-19 23:12:45.651 13795 14045 I Finsky:background: [194] IQ: Creating job 37680, for (REQ_DEVICE_IDLE, REQ_GEARHEAD_PROJECTION_OFF, MIN_BATTERY=20, SHOULD_APPLY_BUDGET=true, NETWORK=ANY, PROVISIONING_STATE=PROVISIONED, BACKUP_MANAGER_STATE=BACKUP_READY, AUTHENTICATION_REQUIRED)
06-19 23:12:45.653 13795 14045 I Finsky:background: [194] IQ: Creating job 37681, for (REQ_DEVICE_IDLE, REQ_GEARHEAD_PROJECTION_OFF, MIN_BATTERY=20, SHOULD_APPLY_BUDGET=true, NETWORK=UNMETERED, PROVISIONING_STATE=PROVISIONED, BACKUP_MANAGER_STATE=BACKUP_READY, AUTHENTICATION_REQUIRED)
06-19 23:12:45.653 13795 14045 I Finsky:background: [194] IQ: Creating job 37682, for (REQ_CHARGING, REQ_DEVICE_IDLE, REQ_GEARHEAD_PROJECTION_OFF, IGNORE_HOLDOFF=true, NETWORK=UNMETERED, PROVISIONING_STATE=PROVISIONED, BACKUP_MANAGER_STATE=BACKUP_READY, AUTHENTICATION_REQUIRED, PROCESS_IMPORTANCE_THRESHOLD=125)
06-19 23:12:45.654 13795 14045 I Finsky:background: [194] IQ: Creating job 37683, for (REQ_CHARGING, REQ_DEVICE_IDLE, REQ_GEARHEAD_PROJECTION_OFF, IGNORE_HOLDOFF=true, NETWORK=UNMETERED, PROVISIONING_STATE=PROVISIONED, BACKUP_MANAGER_STATE=BACKUP_READY, AUTHENTICATION_REQUIRED)
06-19 23:12:45.654 13795 14045 I Finsky:background: [194] IQ: Creating job 37684, for (REQ_CHARGING, REQ_GEARHEAD_PROJECTION_OFF, NETWORK=ANY, PROVISIONING_STATE=PROVISIONED, BACKUP_MANAGER_STATE=BACKUP_READY, AUTHENTICATION_REQUIRED, PROCESS_IMPORTANCE_THRESHOLD=125)
06-19 23:12:45.655 13795 14045 I Finsky:background: [194] IQ: Creating job 37685, for (REQ_DEVICE_IDLE, REQ_GEARHEAD_PROJECTION_OFF, MIN_BATTERY=20, SHOULD_APPLY_BUDGET=true, IGNORE_HOLDOFF=true, NETWORK=UNMETERED, PROVISIONING_STATE=PROVISIONED, BACKUP_MANAGER_STATE=BACKUP_READY, AUTHENTICATION_REQUIRED)
06-19 23:12:45.655 13795 14045 I Finsky:background: [194] IQ: Creating job 37686, for (REQ_CHARGING, REQ_GEARHEAD_PROJECTION_OFF, NETWORK=UNMETERED, PROVISIONING_STATE=PROVISIONED, BACKUP_MANAGER_STATE=BACKUP_READY, AUTHENTICATION_REQUIRED, PROCESS_IMPORTANCE_THRESHOLD=125)
06-19 23:12:45.656 13795 14045 I Finsky:background: [194] IQ: Creating job 37687, for (REQ_CHARGING, REQ_DEVICE_IDLE, REQ_GEARHEAD_PROJECTION_OFF, IGNORE_HOLDOFF=true, NETWORK=ANY, PROVISIONING_STATE=PROVISIONED, BACKUP_MANAGER_STATE=BACKUP_READY, AUTHENTICATION_REQUIRED, PROCESS_IMPORTANCE_THRESHOLD=125)
06-19 23:12:45.657  1700  1700 I CompositionEngine: [applyDeviceCompositionTypeChange] layer [Wallpaper BBQ wrapper#64] apply to client compose
06-19 23:12:45.657  1700  1700 I CompositionEngine: [applyDeviceCompositionTypeChange] layer [com.hihonor.android.launcher/com.hihonor.android.launcher.unihome.UniHomeLauncher#116794] apply to client compose
06-19 23:12:45.657 13795 14045 I Finsky:background: [194] IQ: Creating job 37688, for (REQ_GEARHEAD_PROJECTION_OFF, MIN_BATTERY=20, SHOULD_APPLY_BUDGET=true, IGNORE_HOLDOFF=true, NETWORK=UNMETERED, PROVISIONING_STATE=PROVISIONED, BACKUP_MANAGER_STATE=BACKUP_READY, AUTHENTICATION_REQUIRED)
06-19 23:12:45.657 13795 14045 I Finsky:background: [194] IQ: Creating job 37689, for (REQ_CHARGING, REQ_GEARHEAD_PROJECTION_OFF, IGNORE_HOLDOFF=true, NETWORK=UNMETERED, PROVISIONING_STATE=PROVISIONED, BACKUP_MANAGER_STATE=BACKUP_READY, AUTHENTICATION_REQUIRED, PROCESS_IMPORTANCE_THRESHOLD=125)
06-19 23:12:45.658 13795 14045 I Finsky:background: [194] IQ: Creating job 37690, for (REQ_GEARHEAD_PROJECTION_OFF, MIN_BATTERY=20, SHOULD_APPLY_BUDGET=true, NETWORK=UNMETERED, PROVISIONING_STATE=PROVISIONED, BACKUP_MANAGER_STATE=BACKUP_READY, AUTHENTICATION_REQUIRED)
06-19 23:12:45.658 13795 14045 I Finsky:background: [194] IQ: Creating job 37691, for (REQ_CHARGING, REQ_GEARHEAD_PROJECTION_OFF, NETWORK=UNMETERED, PROVISIONING_STATE=PROVISIONED, BACKUP_MANAGER_STATE=BACKUP_READY, AUTHENTICATION_REQUIRED)
06-19 23:12:45.662  9860  9876 W AWARENESS_AmsRegister: app switch from : com.hihonor.android.launcher to com.example.testeableapp as ComponentInfo{com.example.testeableapp/com.example.testeableapp.MainActivity} taskId : 896  label:callingPackage:launchMode:-1processUid:0
06-19 23:12:45.662  4442  4902 E HSC_BG_MaliciousDBHelper: list is empty
06-19 23:12:45.662  9860  9876 I AWARENESS_AppLifeCycleAbility: app exit : com.hihonor.android.launcher act : ComponentInfo{placeHolder/placeHolder} taskId : 351
06-19 23:12:45.662  9860  9876 I AWARENESS_AppLifeCycleAbility: begin publishAppExitData
06-19 23:12:45.662  4442  4902 E HSC_BG_SecurityThreatsService: notifyRiskAppWhenStartUp optional is present.
06-19 23:12:45.662  9860  9876 W AWARENESS_AppLifeCycleAbility: BlackMap is empty
06-19 23:12:45.647  1696  3169 D AudioPolicyService: getUidState(10046) cacheIter->second.first, return cacheIter->second.second(4)
06-19 23:12:45.662  9860  9876 I AWARENESS_AppLifeCycleAbility: app enter : com.example.testeableapp act : ComponentInfo{com.example.testeableapp/com.example.testeableapp.MainActivity} taskId : 896
06-19 23:12:45.662  9860  9876 I AWARENESS_AppLifeCycleAbility: begin publishAppEnterData
06-19 23:12:45.662  1696  3169 D AudioPolicyService: getUidState(10046) cacheIter->second.first, return cacheIter->second.second(4)
06-19 23:12:45.662  9860  9876 W AWARENESS_AppLifeCycleAbility: BlackMap is empty
06-19 23:12:45.663  9860  9876 W AWARENESS_AppLifeCycleAbility: whiteMap is empty
06-19 23:12:45.663  9860  9876 W AWARENESS_AppLifeCycleAbility: BlackMap is empty
06-19 23:12:45.664  9860 22861 I AWARENESS_TimedAppFence: enter : com.example.testeableapp to replace : com.example.testeableapp
06-19 23:12:45.664  9860 22861 I AWARENESS_TaskScheduler: subscribe {dataId=8005, mode=0,params=[time]} from TimedAppFence,key=AppRecoAssembler_PredictSolutionTrigger_TimedAppFence_APP_STARTUP_NONE
06-19 23:12:45.664  9860 22861 I AWARENESS_TimeAbility: TimeAbility onSubscribe
06-19 23:12:45.664  9860 22861 I AWARENESS_TimeManager: setNext triggerTime: 1781932370664 for AppRecoAssembler_PredictSolutionTrigger_TimedAppFence_APP_STARTUP_NONE
06-19 23:12:45.665  2361  4609 I SurfaceControl: nativeRelease 0xb4000074e460daf0 count: 1 name: Splash Screen com.example.testeableapp#116843
06-19 23:12:45.665  2361  4609 I SurfaceControl: ~SurfaceControl 0xb4000074e460daf0 Splash Screen com.example.testeableapp#116843
06-19 23:12:45.666  3575  3698 I SurfaceControl: SurfaceControl 0xb4000074e45ff930 Splash Screen com.example.testeableapp#116843
06-19 23:12:45.667  9860 22861 I AWARENESS_TimeManager: reset trigger time to: 1781932370664 current time is : 1781932365667
06-19 23:12:45.669  2169  2203 I AwareLog: SetThreadToVipGroup:: iawared vipgroup set pid[3575] Success!
06-19 23:12:45.670  2169  2203 I AwareLog: SetThreadToVipGroup:: iawared vipgroup set pid[3712] Success!
06-19 23:12:45.670  3575  3698 I BufferQueueConsumer: [](id:df7000016d5,api:0,p:-1,c:3575) connect: controlledByApp=false
06-19 23:12:45.670  2169  2203 I AwareLog: SetThreadToVipGroup:: iawared vipgroup set pid[3747] Success!
06-19 23:12:45.671  2169  2203 I AwareLog: SetThreadToVipGroup:: iawared vipgroup set pid[3748] Success!
06-19 23:12:45.671  2169  2203 I AwareLog: SetThreadToVipGroup:: iawared vipgroup set pid[5250] Success!
06-19 23:12:45.672  2169  2203 I AwareLog: SetThreadToVipGroup:: iawared vipgroup set pid[3698] Success!
06-19 23:12:45.672  9860 22861 W AWARENESS_TimeManager:  list : [1781932370664]
06-19 23:12:45.672  9860 22861 W AWARENESS_TimeManager:  firstTriggerTime : 1781932370664
06-19 23:12:45.672  9860 22861 W AWARENESS_TimeManager: should not trigger because first trigger time is : 1781932370664
06-19 23:12:45.672  3575  3712 I BufferQueueProducer: [VRI[testeableapp]#5833(BLAST Consumer)5833](id:df7000016d5,api:0,p:-1,c:3575) connect: api=1 producerControlledByApp=true
06-19 23:12:45.672  3575  3712 E OpenGLRenderer: Unable to match the desired swap behavior.
06-19 23:12:45.673  2361  5109 I InputDispatcher: setFocusedWindow receiveTime step 1 :350778762ms receiveTime step 2 :350778762ms receiveTime step 3 :0ms
06-19 23:12:45.677  7142 26279 E fb4a.msys: E[N mccw.liger]onConnectError(587)=>connect/error - address: 57.144.252.8, port: 5222, ex: folly::AsyncSocketException: AsyncSocketException: connect failed, type = Socket not open, errno = 111 (Connection refused)
06-19 23:12:45.677 10112 10112 I bzak    : onPause
06-19 23:12:45.678 10112 10112 W dpam    : measuring already stopped.
06-19 23:12:45.679  2126  4270 D ITouchService: GetTpService itouch has already get tp service.
06-19 23:12:45.680  1657  1657 I TS_Service: hwTsRunCommand
06-19 23:12:45.680  1657  1657 E TS_HAL  : honor_tp_run_command: call
06-19 23:12:45.682 19656 19689 I aptouch_daemon: begin, cmd[0], flag[16]
06-19 23:12:45.682 19656 19689 I aptouch_daemon: Excute:59: cmd=power_time, param=
06-19 23:12:45.682 19656 19689 I aptouch_daemon: get_cmd, power_time
06-19 23:12:45.682 19656 19689 I aptouch_daemon: excute_cmd_end, cmd: power_time.
06-19 23:12:45.682 19656 19689 I aptouch_daemon: Excute:63: m_result=Active=30278970 Idle=0
06-19 23:12:45.682  1696 13468 I asd_out_fwk: L = [0], R = [0], continus 25 times, Device = 0x80000100, mode = normal recording
06-19 23:12:45.682  1657  1657 I aptouch_daemon, [aptouch_interface_client]: ret = Active=30278970 Idle=0
06-19 23:12:45.683  2126  4270 D ITouchService: GetHTpActiveIdleTime success ret 0 outStr Active=30278970 Idle=0
06-19 23:12:45.683  2130  3230 I dubaid  : [DisplayHandler.cpp] OnAppFocusChangedMessage# App focus switch from com.hihonor.android.launcher to com.example.testeableapp
06-19 23:12:45.685  7142  7283 E fb4a.msys: E[N 1283]errorHandlerDispatched(198)=>262/1283/3347/-1
06-19 23:12:45.686  1660  1800 E DMABUFHEAPS: DmabufAlloc size=10592256 openTime=0 allocTime=12
06-19 23:12:45.688 13795 14045 I Finsky:background: [194] IQ: Creating job 37692, for (REQ_DEVICE_IDLE, REQ_GEARHEAD_PROJECTION_OFF, MIN_BATTERY=20, SHOULD_APPLY_BUDGET=true, NETWORK=UNMETERED, PROVISIONING_STATE=PROVISIONED, BACKUP_MANAGER_STATE=BACKUP_READY, TIME=[2026-06-20T07:00:00Z-2026-06-20T10:00:00Z], AUTHENTICATION_REQUIRED)
06-19 23:12:45.690 13795 14045 I Finsky:background: [194] IQ: Creating job 37693, for (REQ_CHARGING, REQ_DEVICE_IDLE, REQ_GEARHEAD_PROJECTION_OFF, NETWORK=ANY, PROVISIONING_STATE=PROVISIONED, BACKUP_MANAGER_STATE=BACKUP_READY, AUTHENTICATION_REQUIRED)
06-19 23:12:45.691  3575  3698 I HwViewRootImpl: removeInvalidNode all the node in jank list is out of time
06-19 23:12:45.692 13795 14045 I Finsky:background: [194] IQ: Creating job 37694, for (REQ_DEVICE_IDLE, REQ_GEARHEAD_PROJECTION_OFF, MIN_BATTERY=20, SHOULD_APPLY_BUDGET=true, NETWORK=ANY, PROVISIONING_STATE=PROVISIONED, BACKUP_MANAGER_STATE=BACKUP_READY, TIME=[2026-06-20T07:00:00Z-2026-06-20T10:00:00Z], AUTHENTICATION_REQUIRED)
06-19 23:12:45.692  7142  7283 E fb4a.msys: E[N MCCWCITransportRaceImpl]_TransportStreamDisconnectHandler(1118)=>All transports failed
06-19 23:12:45.693  7142  7283 E fb4a.msys: E[N MCCWCITransportRaceImpl]_LogRaceFail(229)=>Race FAILED: socketFailedToConnect=true, errorCode=2, total=129.4ms, dgw=125.9ms, liger=116.1ms
06-19 23:12:45.693  7142  7258 E fb4a.msys: E[N dgw]operator()(129)=>TunnelRetriableNetworkLayer_removeRequest pendingRequest not found
06-19 23:12:45.698  1700  1891 I SurfaceFlinger: createLayer layername: Transition Root: Task=896 type: Layer address = 0xb400007043cc6980
06-19 23:12:45.700  2361  2850 I SurfaceControl: SurfaceControl 0xb4000074e4628190 Transition Root: Task=896#116844
06-19 23:12:45.701 13795 14045 I Finsky:background: [194] IQ: Creating job 37695, for (REQ_DEVICE_IDLE, REQ_GEARHEAD_PROJECTION_OFF, NETWORK=UNMETERED, PROVISIONING_STATE=PROVISIONED, BACKUP_MANAGER_STATE=BACKUP_READY, AUTHENTICATION_REQUIRED, PROCESS_IMPORTANCE_THRESHOLD=125)
06-19 23:12:45.702 13795 14045 I Finsky:background: [194] IQ: Creating job 37696, for (REQ_CHARGING, REQ_GEARHEAD_PROJECTION_OFF, IGNORE_HOLDOFF=true, NETWORK=UNMETERED, PROVISIONING_STATE=PROVISIONED, BACKUP_MANAGER_STATE=BACKUP_READY, AUTHENTICATION_REQUIRED)
06-19 23:12:45.702 13795 14045 I Finsky:background: [194] IQ: Creating job 37697, for (REQ_CHARGING, REQ_GEARHEAD_PROJECTION_OFF, IGNORE_HOLDOFF=true, NETWORK=ANY, PROVISIONING_STATE=PROVISIONED, BACKUP_MANAGER_STATE=BACKUP_READY, AUTHENTICATION_REQUIRED, PROCESS_IMPORTANCE_THRESHOLD=125)
06-19 23:12:45.703 13795 14045 I Finsky:background: [194] IQ: Creating job 37698, for (REQ_CHARGING, REQ_DEVICE_IDLE, REQ_GEARHEAD_PROJECTION_OFF, NETWORK=UNMETERED, PROVISIONING_STATE=PROVISIONED, BACKUP_MANAGER_STATE=BACKUP_READY, AUTHENTICATION_REQUIRED, PROCESS_IMPORTANCE_THRESHOLD=125)
06-19 23:12:45.703 13795 14045 I Finsky:background: [194] IQ: Creating job 37699, for (REQ_DEVICE_IDLE, REQ_GEARHEAD_PROJECTION_OFF, MIN_BATTERY=20, SHOULD_APPLY_BUDGET=true, IGNORE_HOLDOFF=true, NETWORK=UNMETERED, PROVISIONING_STATE=PROVISIONED, BACKUP_MANAGER_STATE=BACKUP_READY, TIME=[2026-06-20T07:00:00Z-2026-06-20T10:00:00Z], AUTHENTICATION_REQUIRED)
06-19 23:12:45.704 13795 14045 I Finsky:background: [194] IQ: Creating job 37700, for (REQ_CHARGING, REQ_DEVICE_IDLE, REQ_GEARHEAD_PROJECTION_OFF, NETWORK=UNMETERED, PROVISIONING_STATE=PROVISIONED, BACKUP_MANAGER_STATE=BACKUP_READY, AUTHENTICATION_REQUIRED)
06-19 23:12:45.704 13795 14045 I Finsky:background: [194] IQ: Bulk scheduling created jobs
06-19 23:12:45.704  2361  2850 I SurfaceControl: setWindowCrop sc Surface(name=Task=350)/@0x8096e8f width 0 height 0 callers com.android.server.wm.Transition.buildFinishTransaction:1096 com.android.server.wm.Transition.onTransactionReady:2167 com.android.server.wm.BLASTSyncEngine$SyncGroup.finishNow:388 com.android.server.wm.BLASTSyncEngine$SyncGroup.tryFinish:258
06-19 23:12:45.704  2361  2850 I SurfaceControl: setWindowCrop sc Surface(name=Task=350)/@0x8096e8f width -1 height -1 callers com.android.server.wm.Transition.buildFinishTransaction:1109 com.android.server.wm.Transition.onTransactionReady:2167 com.android.server.wm.BLASTSyncEngine$SyncGroup.finishNow:388 com.android.server.wm.BLASTSyncEngine$SyncGroup.tryFinish:258
06-19 23:12:45.704  2361  2850 I SurfaceControl: setWindowCrop sc Surface(name=Task=896)/@0xce80829 width 0 height 0 callers com.android.server.wm.Transition.buildFinishTransaction:1096 com.android.server.wm.Transition.onTransactionReady:2167 com.android.server.wm.BLASTSyncEngine$SyncGroup.finishNow:388 com.android.server.wm.BLASTSyncEngine$SyncGroup.tryFinish:258
06-19 23:12:45.705  2361  2850 I SurfaceControl: setWindowCrop sc Surface(name=Task=896)/@0xce80829 width -1 height -1 callers com.android.server.wm.Transition.buildFinishTransaction:1109 com.android.server.wm.Transition.onTransactionReady:2167 com.android.server.wm.BLASTSyncEngine$SyncGroup.finishNow:388 com.android.server.wm.BLASTSyncEngine$SyncGroup.tryFinish:258
06-19 23:12:45.706  2361  2850 I SurfaceControl: nativeRelease 0xb4000074e4628190 count: 5 name: Transition Root: Task=896#116844
06-19 23:12:45.706  3575  5037 I SurfaceControl: SurfaceControl 0xb4000074e45b8cf0 Task=896#116840
06-19 23:12:45.706 13795 14045 I Finsky:background: [194] SCH: Received scheduling request: Id: 3-37679, Constraints: [{ L: 0, D: 86400000, C: CHARGING_NONE, I: IDLE_REQUIRED, N: NET_ANY, B: BATTERY_ANY }]
06-19 23:12:45.706  3575  5037 I SurfaceControl: SurfaceControl 0xb4000074e463e4d0 Task=350#45305
06-19 23:12:45.707  3575  5037 I SurfaceControl: SurfaceControl 0xb4000074e45f1d90 DefaultTaskDisplayArea#9
