06-19 23:12:56.027 13974 14097 I TestRunner: started: tituloDeLaApp_esVisible(com.example.testeableapp.RestaurantOrderTest)
06-19 23:12:56.027  2361  2850 I SurfaceControl: ~SurfaceControl 0xb4000074e4626f30 ActivityRecord{412e79d u0 com.example.testeableapp/.MainActivity t902 mVisible=false mOccludesParent=true mode=fullscreen boundsRect(0, 0 - 1080, 2412)}#116980
06-19 23:12:56.027  2361  2850 I SurfaceControl: ~SurfaceControl 0xb4000074e462c250 Task=902#117033
06-19 23:12:56.028 10312 10461 I ahti    : (REDACTED) %s was not found: %s
06-19 23:12:56.034  1700  1700 I Layer   : [reparent] [ActivityRecord{412e79d u0 com.example.testeableapp/.MainActivity t902 mVisible=false mOccludesParent=true mode=fullscreen boundsRect(0, 0 - 1080, 2412)}#116980] newParent is null [0xb400007043cc31f0]
06-19 23:12:56.034  1700  1700 I Layer   : [reparent] [Task=902#116979] newParent is null [0xb400007043c655c0]
06-19 23:12:56.034  1700  1700 I Layer   : [setLayer] [Task=902#117033] setlayer z = 3
06-19 23:12:56.034  1700  1700 I Layer   : [reparent] [Task=902#117033] newParent is null [0xb400007043c07990]
06-19 23:12:56.042 13974 14097 D IdlingRegistry: Registering idling resources: [androidx.compose.ui.test.EspressoLink@d8fdfd9]
06-19 23:12:56.042  4168  4848 I PG_DBS_MAIN: exit PIP mode, FgAPP:com.hihonor.android.launcher BgAPP:com.hihonor.android.launcher
06-19 23:12:56.044  1650  3263 I ssc_motion: EventCb: msgId=1028
06-19 23:12:56.044  1617 13041 I sensors-hal: handle_sns_std_sensor_event:275, ambient_light_event: ts=739199245288296, lux = 2, raw_adc=368, raw_2=656
06-19 23:12:56.044  1650  3263 I ssc_motion: ExtstepHandleEvent: cur_ts=1781932376begin_ts=1781932376curDataTime=739199245649556 lastDataTime=739199256324139
06-19 23:12:56.044  1650  3263 I ssc_motion: ExtstepHandleEvent: motionValue[5] :37241, g_motion_reset_total_step is 0 g_motion_reset_num is 0
06-19 23:12:56.044  1650  3263 I ssc_motion: ExtstepHandleEvent: motionValue[15] :0
06-19 23:12:56.044  1650  3263 I ssc_motion: ExtstepHandleEvent: motionValue[16] :0
06-19 23:12:56.044  1650  3263 I ssc_motion: ExtstepHandleEvent: motionValue[17] :0
06-19 23:12:56.044  1650  3263 I ssc_motion: ExtstepHandleEvent: motionValue[18] :0
06-19 23:12:56.045  1650  3258 I ssc_motion: MotionEventsPoll: end eventLen=19
06-19 23:12:56.045  1650  3258 I motion@1.0-service: ActMotionCb motionClientVector.size = 0
06-19 23:12:56.045  1650  3258 I motion@1.0-service: ActMotionCb out
06-19 23:12:56.045  1700  1700 I Layer   : ~Layer layername: Task=902#117033 address = 0xb400007043c07990
06-19 23:12:56.045  1700  1700 I SurfaceFlinger: [onLayerDestroyed] [Task=902#117033] address:0xb400007043c07990 has destroyed
06-19 23:12:56.045  1700  1700 I Layer   : ~Layer layername: ActivityRecord{412e79d u0 com.example.testeableapp/.MainActivity t902 mVisible=false mOccludesParent=true mode=fullscreen boundsRect(0, 0 - 1080, 2412)}#116980 address = 0xb400007043cc31f0
06-19 23:12:56.045  1700  1700 I SurfaceFlinger: [onLayerDestroyed] [ActivityRecord{412e79d u0 com.example.testeableapp/.MainActivity t902 mVisible=false mOccludesParent=true mode=fullscreen boundsRect(0, 0 - 1080, 2412)}#116980] address:0xb400007043cc31f0 has destroyed
06-19 23:12:56.046  4168  4848 I AppManager: dependence has been existed:10312 -> 10958
06-19 23:12:56.046 13974 14097 W Settings: Setting always_finish_activities has moved from android.provider.Settings.System to android.provider.Settings.Global, returning read-only value.
06-19 23:12:56.049  7142  7283 E fb4a.msys: E[N 1283]errorHandlerDispatched(198)=>262/1283/3347/-1
06-19 23:12:56.050  7142  7258 E fb4a.msys: E[N dgw]operator()(129)=>TunnelRetriableNetworkLayer_removeRequest pendingRequest not found
06-19 23:12:56.055  7142  7283 E fb4a.msys: E[N MCCWCITransportRaceImpl]_TransportStreamDisconnectHandler(1118)=>All transports failed
06-19 23:12:56.055  7142  7283 E fb4a.msys: E[N MCCWCITransportRaceImpl]_LogRaceFail(229)=>Race FAILED: socketFailedToConnect=true, errorCode=2, total=85.6ms, dgw=85.3ms, liger=26.1ms
06-19 23:12:56.062  1617  5059 I sensors-hal: handle_sns_client_event:104, SNS_PEDOMETER_MSGID_SNS_STEP_EVENT: events.push_back success
06-19 23:12:56.064  1617  5059 I sensors-hal: handle_sns_client_event:106, step_count_event: last = 37241, cur = 37241, reset = 0
06-19 23:12:56.064  1617  5059 I sensors-hal: handle_sns_client_event:112, step_detect_event: ts=739199245802358 count 37241 first 37220 update 37241 current 37190 reset 0 num 1
06-19 23:12:56.065  2361  3681 I HwStartWindowRecord: windowModeChange is ing pkg: com.example.testeableappintentIntent { act=android.intent.action.MAIN cat=[android.intent.category.LAUNCHER] flg=0x10008000 cmp=com.example.testeableapp/.MainActivity }
06-19 23:12:56.066  4168  4168 I SensorManager: dumpSensorEvent info {sensor name : honor_step_count  Non-wakeup, Listener is: com.hihonor.powergenie.core.contextaware.UserStateManager$3@81a9220, handle is: 191}
06-19 23:12:56.066  2361  3681 E ResMng NATIVE_MSG_FILTER: Fail to get hwrme service
06-19 23:12:56.069  2361  3681 I PackageManager: generatePackageInfo error, user not exists:128
06-19 23:12:56.070 10312 10357 I arop    : (REDACTED) #TRIGGER_TYPE type is: %s
06-19 23:12:56.070 10312 10357 I arop    : (REDACTED) #TRIGGER_TYPE islockscreen is: %s
06-19 23:12:56.080  1700  1889 I SurfaceFlinger: createLayer layername: Task=904 type: Layer address = 0xb400007043c6fc70
06-19 23:12:56.080 10312 10368 I aznp    : Live eligibility: Not available yet.
06-19 23:12:56.081  2361  3480 D HwConnectivityManagerImpl: getNetworkPolicyFlag flagStr null
06-19 23:12:56.081  2361  3681 I SurfaceControl: SurfaceControl 0xb4000074e45c50f0 Task=904#117034
06-19 23:12:56.084  2361  3480 I HwConnectivityManagerImpl: onDnsEventAction,uid:10182,returnCode:0, latencyMs:2, netId:438, DnsCount:9, FailCount:0, mWifiNetId:437, StatEnum:0
06-19 23:12:56.087 10312 10361 I aqkp    : #shouldTriggerSafeguardsForAssistantDisabled passed
06-19 23:12:56.088  1700  4460 I SurfaceFlinger: createLayer layername: ActivityRecord{d070559 u0 com.example.testeableapp/.MainActivity t904 mVisible=false mOccludesParent=true mode=fullscreen boundsRect(0, 0 - 1080, 2412)} type: Layer address = 0xb400007043ccd8a0
06-19 23:12:56.090  7142  7282 E fb4a.msys: E[N mns:DGWClient]_OnResolverSuccess(335)=>Cache refresh succeeded with system DNS resolver. IP count: 1
06-19 23:12:56.090  2361  3681 I SurfaceControl: SurfaceControl 0xb4000074e45c11f0 ActivityRecord{d070559 u0 com.example.testeableapp/.MainActivity t904 mVisible=false mOccludesParent=true mode=fullscreen boundsRect(0, 0 - 1080, 2412)}#117035
06-19 23:12:56.096  1011  1021 I android.system.suspend-service: incSuspendCounter++ success,name:PowerManagerService.WakeLocks mUseSuspendCounter:1 mSuspendCounter:2: Success
06-19 23:12:56.097  4183 23188 I Booster_AwareMonitor: [activityLifeNotifier]state:onPause pid:28791 uid:10095 ComponentInfo{com.hihonor.android.launcher/com.hihonor.android.launcher.unihome.UniHomeLauncher}
06-19 23:12:56.098  2361  3681 I power   : acquire wakelock: PowerManagerService.WakeLocks
06-19 23:12:56.098 10312 10366 I ahpl    : (REDACTED) #FCF: Managed profile check status : %s
06-19 23:12:56.098  2361  3681 E PowerLogWrite: write new power event, from uid:1000,tag:160,msg:10270|1|-2|*launch*
06-19 23:12:56.098  7142 26279 E fb4a.msys: E[N mccw.liger]onConnectError(587)=>connect/error - address: 57.144.216.8, port: 5222, ex: folly::AsyncSocketException: AsyncSocketException: connect failed, type = Socket not open, errno = 111 (Connection refused)
06-19 23:12:56.098 10312 10366 I ahtw    : Robin eligibility: Device is eligible.
06-19 23:12:56.098 10312 10366 I arop    : (REDACTED) #TRIGGER_TYPE type is: %s
06-19 23:12:56.098 10312 10366 I arop    : (REDACTED) #TRIGGER_TYPE islockscreen is: %s
06-19 23:12:56.099  4183 21754 W AppStartupMonitor: activity state:onPause, comp:ComponentInfo{com.hihonor.android.launcher/com.hihonor.android.launcher.unihome.UniHomeLauncher}
06-19 23:12:56.099  4183 21754 I AppStartupMonitor: app startup from desktop
06-19 23:12:56.099 10312 10366 I bikk    : (REDACTED) Notebooks eligible: %s
06-19 23:12:56.100 10312 10366 I ajzb    : #bnb# Permission status: Not eligible for Bonobo
06-19 23:12:56.103  9860  9880 W AWARENESS_AmsRegister: state : onPause comp : ComponentInfo{com.hihonor.android.launcher/com.hihonor.android.launcher.unihome.UniHomeLauncher} taskId : 351callingPackage:launchMode:-1processUid_act:0
06-19 23:12:56.103  9860  9880 I AWARENESS_AppLifeCycleAbility: activity exit : ComponentInfo{com.hihonor.android.launcher/com.hihonor.android.launcher.unihome.UniHomeLauncher}
06-19 23:12:56.103  9860  9880 W AWARENESS_AppLifeCycleAbility: whiteMap is empty
06-19 23:12:56.103  9860  9880 W AWARENESS_AppLifeCycleAbility: BlackMap is empty
06-19 23:12:56.104 10312 10366 I ahti    : (REDACTED) %s was not found: %s
06-19 23:12:56.104  2361  2361 W HwCameraSceneDetection: uid:10095, componentName:com.hihonor.android.launcher.unihome.UniHomeLauncher, flag:onPause
06-19 23:12:56.107  1637  1637 D HW_DISPLAY_TEST: display_get_fps: Get FPS successful
06-19 23:12:56.107  1637  1637 E HW_DISPLAY_TEST: get_active_panel: panel index: 0
06-19 23:12:56.108  1637  1637 D HW_DISPLAY_TEST: display_get_fps: open file /sys/class/graphics/fb0/lcd_fps_scence:0:current_fps:90;default_fps:90;support_fps_list:90,60,50,48,30;current_index:0
06-19 23:12:56.108  1637  1637 D HW_DISPLAY_TEST:  success
06-19 23:12:56.109 28791 28791 I HnAppRec_14.1.0.50YOYOCardManager: onActivityPaused UniHomeLauncher
06-19 23:12:56.109 28791 28791 W HnLauncher: YOYOCardExpoTimeMgr empty expo list
06-19 23:12:56.109  2126  2154 I AGPService: FilterAction mVotePool.size: 3 priority 2900 sceneCode 2900
06-19 23:12:56.109 28791 28791 W HnLauncher: SetShortcutPopWindowHelper removePopup, popupContainerWithArrow is null
06-19 23:12:56.109 28791 28791 W HnLauncher: SetShortcutPopWindowHelper removePopup, popupContainerWithArrow is null
06-19 23:12:56.112  1700  1700 I Layer   : [setLayer] [722d8d7 Splash Screen com.example.testeableapp.test#116999] setlayer z = 2147483647
06-19 23:12:56.117  9860  9880 W AWARENESS_AmsRegister: state : onResume_begin comp : ComponentInfo{com.example.testeableapp/com.example.testeableapp.MainActivity} taskId : 904callingPackage:com.example.testeableapplaunchMode:-1processUid_act:0
06-19 23:12:56.120  2361  3678 I SurfaceControl: setRelativeLayer sc:Surface(name=ImeContainer)/@0xd02ae8a,  relativeTo:Surface(name=ActivityRecord{1979841 u0 com.hihonor.android.launcher/.unihome.UniHomeLauncher t351 mVisible=false mOccludesParent=true mode=fullscreen boundsRect(0, 0 - 1080, 2412)})/@0x1c37359,  z:1
06-19 23:12:56.120  2361  3678 I SurfaceControl: setRelativeLayer sc:Surface(name=ImeContainer)/@0xd02ae8a,  relativeTo:Surface(name=ImePlaceholder:13:14)/@0x40e8cfb,  z:1
06-19 23:12:56.120  2361  2889 I WifiEnhanceMonitor: notifyForegroundAppChanged
06-19 23:12:56.120  2361  2889 I ScanSceneMonitor: cacheForegroundApkName: com.example.testeableapp
06-19 23:12:56.121  2126 13579 I AGPService: Iris-info: get config of com.example.testeableapp
06-19 23:12:56.121  2361  3678 D ZrHung.AppEyeFocusWindow: FocusWindowErrorScene CheckFreezeScreen
06-19 23:12:56.121  2361  3678 D ZrHung.AppEyeTransparentWindow: TransparentWindow cancelCheckFreezeScreen
06-19 23:12:56.122  9860  9880 W AWARENESS_AmsRegister: app switch from : com.hihonor.android.launcher to com.example.testeableapp as ComponentInfo{com.example.testeableapp/com.example.testeableapp.MainActivity} taskId : 904  label:callingPackage:com.example.testeableapplaunchMode:-1processUid:0
06-19 23:12:56.122  2361  5278 E AdvancedKiller: AkUpdateModel Model not init
06-19 23:12:56.122  9860  9880 I AWARENESS_AppLifeCycleAbility: app exit : com.hihonor.android.launcher act : ComponentInfo{placeHolder/placeHolder} taskId : 351
06-19 23:12:56.122  9860  9880 I AWARENESS_AppLifeCycleAbility: begin publishAppExitData
06-19 23:12:56.122  9860  9880 W AWARENESS_AppLifeCycleAbility: BlackMap is empty
06-19 23:12:56.122  9860  9880 I AWARENESS_AppLifeCycleAbility: app enter : com.example.testeableapp act : ComponentInfo{com.example.testeableapp/com.example.testeableapp.MainActivity} taskId : 904
06-19 23:12:56.122  9860  9880 I AWARENESS_AppLifeCycleAbility: begin publishAppEnterData
06-19 23:12:56.123  9860  9880 W AWARENESS_AppLifeCycleAbility: BlackMap is empty
06-19 23:12:56.123  9860  9880 W AWARENESS_AppLifeCycleAbility: whiteMap is empty
06-19 23:12:56.123  9860  9880 W AWARENESS_AppLifeCycleAbility: BlackMap is empty
06-19 23:12:56.123  9860 23042 I AWARENESS_TimedAppFence: enter : com.example.testeableapp to replace : com.example.testeableapp.test
06-19 23:12:56.123  9860 23042 I AWARENESS_TaskScheduler: subscribe {dataId=8005, mode=0,params=[time]} from TimedAppFence,key=AppRecoAssembler_PredictSolutionTrigger_TimedAppFence_APP_STARTUP_NONE
06-19 23:12:56.123  9860 23042 I AWARENESS_TimeAbility: TimeAbility onSubscribe
06-19 23:12:56.123  9860 23042 I AWARENESS_TimeManager: setNext triggerTime: 1781932381123 for AppRecoAssembler_PredictSolutionTrigger_TimedAppFence_APP_STARTUP_NONE
06-19 23:12:56.124  7142  7283 E fb4a.msys: E[N 1283]errorHandlerDispatched(198)=>262/1283/3347/-1
06-19 23:12:56.125  7142  7258 E fb4a.msys: E[N dgw]operator()(129)=>TunnelRetriableNetworkLayer_removeRequest pendingRequest not found
06-19 23:12:56.125  7142  7283 E fb4a.msys: E[N MCCWCITransportRaceImpl]_TransportStreamDisconnectHandler(1118)=>All transports failed
06-19 23:12:56.125  7142  7283 E fb4a.msys: E[N MCCWCITransportRaceImpl]_LogRaceFail(229)=>Race FAILED: socketFailedToConnect=true, errorCode=2, total=69.8ms, dgw=69.6ms, liger=43.3ms
06-19 23:12:56.128  4183 23188 I Hicom_Monitor: mAppSwitchNotifierEx, uid = 10270, packageName = com.example.testeableapp, classNamecom.example.testeableapp.MainActivity
06-19 23:12:56.128  4183 23188 I Hicom_Monitor: notifyForegroundAppChanged: pkg:com.example.testeableapp
06-19 23:12:56.129  4183 23188 I Hicom_Monitor: notifyForegroundAppActivityChanged: className:com.example.testeableapp.MainActivity
06-19 23:12:56.129  4183  4887 W Hicom_XEngineProc: handleForegroundAppChanged. Feature is not enable.
06-19 23:12:56.131  1700  1889 I SurfaceControl: SurfaceControl 0xb400006f63b2af10 ImePlaceholder:13:14#11
06-19 23:12:56.131  1700  1889 I SurfaceControl: SurfaceControl 0xb400006f63b20470 ImePlaceholder:13:14#11
06-19 23:12:56.134  2361  2889 I HwPhoneWindowManager: currentFullScreenTaskPackageNamecom.example.testeableapp
06-19 23:12:56.134  2361  5278 I system_server: SWAP_CPU: get cpu number = 8
06-19 23:12:56.134  1700  1700 I Layer   : [setRelativeLayer] [ImeContainer#12] setRelativeLayer z = 1, relativeZ = 1
06-19 23:12:56.134  1700  1700 I Layer   : [setLayer] [722d8d7 Splash Screen com.example.testeableapp.test#116999] setlayer z = 2147483647
06-19 23:12:56.135  1700  1700 I SurfaceControl: ~SurfaceControl 0xb400006f63b20470 ImePlaceholder:13:14#11
06-19 23:12:56.135  1700  1700 I SurfaceControl: ~SurfaceControl 0xb400006f63b2af10 ImePlaceholder:13:14#11
06-19 23:12:56.135  4168  5065 I AppFastHibernation: rev F_Z exception for visible pkg: com.example.testeableapp
06-19 23:12:56.141  1696 10605 D AudioPolicyService: getUidState(10270) cacheIter->second.first, return cacheIter->second.second(4)
06-19 23:12:56.144  2361  5312 W RMS.ExitCatch: ExitCatch file notexist /proc/13974/unexpected_die_catch
06-19 23:12:56.144  2361  5312 W RMS.ExitCatch: now ExitCatch is enable in pid =13974 ret = false
06-19 23:12:56.146  4442  4902 E HSC_BG_MaliciousDBHelper: list is empty
06-19 23:12:56.146  4442  4902 E HSC_BG_SecurityThreatsService: notifyRiskAppWhenStartUp optional is present.
06-19 23:12:56.147  2361  3223 E RtgSchedIpcFile: setCommandByIoctl not opened
06-19 23:12:56.149  2361  3167 I InputDispatcher: Focus left window: 7f166e0 com.hihonor.android.launcher/com.hihonor.android.launcher.unihome.UniHomeLauncher (server) in display 0
06-19 23:12:56.149  2361  3167 I InputDispatcher: onFocusChangedLocked receiveTime step 1 :350789238ms receiveTime step 2 :350789238ms receiveTime step 3 :0ms
06-19 23:12:56.149  1533  2376 E netd    : send_msg_to_kernel:send_msg_to_kernel failure. socket=-1
06-19 23:12:56.149  2361  6379 I InputDispatcher: setFocusedWindow receiveTime step 1 :350789238ms receiveTime step 2 :350789238ms receiveTime step 3 :0ms
06-19 23:12:56.150  1700  1976 I Scheduler: touchTimerCallback timer change to TimerState: Expired
06-19 23:12:56.151 13974 13974 D LifecycleMonitor: Lifecycle status change: com.example.testeableapp.MainActivity@35e9002 in: PRE_ON_CREATE
06-19 23:12:56.151 13974 13974 V ActivityScenario: Activity lifecycle changed event received but ignored because the reported transition was not ON_CREATE while the last known transition was PRE_ON_CREATE
06-19 23:12:56.153  9860 23042 I AWARENESS_TimeManager: reset trigger time to: 1781932381123 current time is : 1781932376153
06-19 23:12:56.154  2126 13579 D ITouchService: GetTpService itouch has already get tp service.
06-19 23:12:56.154  1657  1657 I TS_Service: hwTsRunCommand
06-19 23:12:56.154  1657  1657 E TS_HAL  : honor_tp_run_command: call
06-19 23:12:56.155 28791 28791 E RtgSchedIpcFile: RtgSchedIpcFile xxx failed to open /proc/28791/rtg
06-19 23:12:56.155 28791 28791 E RtgSchedIpcFile: RtgSchedIpcFile xxx failed to open /proc/rtg_gki/ioctl.
06-19 23:12:56.155 28791 28791 I RmeSchedManager: init Rme, version is: v1.0
06-19 23:12:56.155 28791 28791 E RtgSchedIpcFile: setCommandByIoctl not opened
06-19 23:12:56.156  4168  4848 D ScenarioService: front pkg : com.example.testeableapp launcher: false
06-19 23:12:56.156  4168  4848 D ScenarioService: new above launcher front pkgs: [com.example.testeableapp]
06-19 23:12:56.156  4168  4848 I AppsUsage: scnOff:false fgAPP:com.example.testeableapp
06-19 23:12:56.157  2126  6007 D ITouchService: itouch currentPackageName = com.example.testeableapp
06-19 23:12:56.157  2126  6007 D ITouchService: itouch appType=-1 appState=1 gameMode=1
06-19 23:12:56.157  2126  6007 D ITouchService: itouchReaderMonitor empty
06-19 23:12:56.157  2126  6007 D ITouchService: g_itouch_reader_monitor Monitor::IsReaderMonitorEnable()=0
06-19 23:12:56.157  2126  6007 D ITouchService: itouch getCurrentParmID tempPkg=com.example.xxx
06-19 23:12:56.157  2126  6007 D ITouchService: itouch:app com.example.testeableapp is  not game app
06-19 23:12:56.157  2126  6007 D ITouchService: itouch:app com.example.testeableapp is  not in StylusPenList
06-19 23:12:56.157  2126  6007 D ITouchService: itouch:styluspen_switch is disable
06-19 23:12:56.157  2126  6007 D ITouchService: itouch:currentAppTypeName =|UNKNOWN|
06-19 23:12:56.157  2361  5278 I system_server: SWAP_CPU: set affinity to 4-7 success
06-19 23:12:56.158  2126  6007 W ITouchService: itouch DirectDeliverManager:checkDirectDeliverState game list is empty & not support TouchEnhance.
06-19 23:12:56.158  2126  6007 I IPCThreadState: oneway function results for code 11 on binder at 0xb40000722b9548c0 will be dropped but finished with status UNKNOWN_TRANSACTION
06-19 23:12:56.158  4168  5065 D MediaNetCtrl: handleAppFgchanged, pkg is: com.example.testeableapp policy is: 0
06-19 23:12:56.158  4168  5065 I PG_ash  : front pkg : com.example.testeableapp
06-19 23:12:56.158  4168  5140 I PGServer: report state:10010 event type:2 pid:0 uid:0 pkg:com.hihonor.android.launcher to pid: 2361
06-19 23:12:56.158  4168  5140 I PGServer: report state:10010 event type:2 pid:0 uid:0 pkg:com.hihonor.android.launcher to pid: 4183
06-19 23:12:56.159  3575  3575 W ForegroundObserver:  onForegroundProgress change packageName:[com.example.testeableapp]isForeground:true
06-19 23:12:56.159  4168  5140 I PGServer: report state:10010 event type:2 pid:0 uid:0 pkg:com.hihonor.android.launcher to pid: 4168
06-19 23:12:56.159  4168  5140 I PGServer: report state:10000 event type:1 pid:0 uid:0 pkg:com.example.testeableapp to pid: 2361
06-19 23:12:56.160  4168  5140 I PGServer: report state:10000 event type:1 pid:0 uid:0 pkg:com.example.testeableapp to pid: 4183
06-19 23:12:56.160  4168 27551 I PGServer: checkPkgType. calling pkg: android
06-19 23:12:56.160  4168  5140 I PGServer: report state:10000 event type:1 pid:0 uid:0 pkg:com.example.testeableapp to pid: 4168
06-19 23:12:56.160  4168 27551 I PGServer: checkPkgType. calling pkg: android
06-19 23:12:56.162  2361  5278 I system_server: SWAP_CPU: get cpu number = 8
06-19 23:12:56.162  2361  5278 I system_server: SWAP_CPU: set affinity to 0-7 success
06-19 23:12:56.162  4183  4943 E SmartNetworkManager: handleForegroundAppChanged pkgName is null
06-19 23:12:56.162  1700  1891 I SurfaceFlinger: createLayer layername: a4f01f7 Splash Screen com.example.testeableapp type: Layer address = 0xb400007043c68d50
06-19 23:12:56.164  2361  3681 I SurfaceControl: SurfaceControl 0xb4000074e45c66d0 a4f01f7 Splash Screen com.example.testeableapp#117036
06-19 23:12:56.166  3575  3698 D InputEventReceiver: dispatchInputInterval 1000000
06-19 23:12:56.167  9860 23042 W AWARENESS_TimeManager:  list : [1781932381123]
06-19 23:12:56.167  3575  3575 E NotificationShadeWindowController: applyWindowBlur: 0.0
06-19 23:12:56.167  3575  3575 E NotificationShadeWindowController: SurfaceControl Not Released.
06-19 23:12:56.167  3575  3575 E NotificationShadeWindowController: applyVisibility: false, false, mNotificationShadeView.alpha=1.0, forceHideForBiometricsUnlock=false
06-19 23:12:56.167  3575  3575 D NotificationShadeWindowView: setVisibility =  4
06-19 23:12:56.168  4168  4848 I ScenarioService: app focus change from: com.hihonor.android.launcher to:com.example.testeableapp
06-19 23:12:56.168  4168  4848 I ScenarioService: add focus on app:com.example.testeableapp to visiblePkgs
06-19 23:12:56.169  3575  3575 D OverviewProxyService: keyguardShowing: false keyguardOccluded: false keyguardGoingAway: false bouncerShowing: false isDozing: false
06-19 23:12:56.169  3575  3575 D SysUiState: SysUiState changed: old=268435456 new=268435456
06-19 23:12:56.176  1696 10605 D AudioPolicyService: getUidState(10070) cacheIter->second.first, return cacheIter->second.second(0)
06-19 23:12:56.176  9860 23042 W AWARENESS_TimeManager:  firstTriggerTime : 1781932381123
06-19 23:12:56.177  9860 23042 W AWARENESS_TimeManager: should not trigger because first trigger time is : 1781932381123
06-19 23:12:56.179  1700  1700 I Layer   : [setLayer] [722d8d7 Splash Screen com.example.testeableapp.test#116999] setlayer z = 2147483647
06-19 23:12:56.179  1700  1700 I Layer   : [setLayer] [a4f01f7 Splash Screen com.example.testeableapp#117036] setlayer z = 2147483647
06-19 23:12:56.180  7142 26279 E fb4a.msys: E[N mccw.liger]onConnectError(587)=>connect/error - address: 31.13.70.33, port: 5222, ex: folly::AsyncSocketException: AsyncSocketException: connect failed, type = Socket not open, errno = 111 (Connection refused)
06-19 23:12:56.180  1700  4460 I SurfaceFlinger: createLayer layername: Splash Screen com.example.testeableapp type: Layer address = 0xb400007043c12040
06-19 23:12:56.181  2361  3945 I SurfaceControl: SurfaceControl 0xb4000074e4636dd0 Splash Screen com.example.testeableapp#117037
06-19 23:12:56.183 13974 13974 D LifecycleMonitor: Lifecycle status change: com.example.testeableapp.MainActivity@35e9002 in: CREATED
06-19 23:12:56.183 13974 13974 V ActivityScenario: Update currentActivityStage to CREATED, currentActivity=com.example.testeableapp.MainActivity@35e9002
06-19 23:12:56.186 13974 13974 D LifecycleMonitor: Lifecycle status change: com.example.testeableapp.MainActivity@35e9002 in: STARTED
06-19 23:12:56.186 13974 13974 V ActivityScenario: Update currentActivityStage to STARTED, currentActivity=com.example.testeableapp.MainActivity@35e9002
06-19 23:12:56.187 19656 19656 E afehal_info: ioctrl_get_frame:[1781932375915][T:1781932376.187760]ioctrl_get_frame 144:ioctrl_get_frame err ret = -1
06-19 23:12:56.188 19656 19656 E afehal_info: get_ioctr_frame:[1781932375915][T:1781932376.187979]get_ioctr_frame 626:ioctrl_get_frame error return NULL
06-19 23:12:56.188 19656 19656 E aptouch_daemon: update_frame, thp_afe_get_frame return nullptr
06-19 23:12:56.188 13974 13974 D LifecycleMonitor: Lifecycle status change: com.example.testeableapp.MainActivity@35e9002 in: RESUMED
06-19 23:12:56.188 13974 13974 V ActivityScenario: Update currentActivityStage to RESUMED, currentActivity=com.example.testeableapp.MainActivity@35e9002
06-19 23:12:56.188  2361  3945 I SurfaceControl: nativeRelease 0xb4000074e46453f0 count: 1 name: Splash Screen com.example.testeableapp#117037
06-19 23:12:56.189  2361  3945 I SurfaceControl: ~SurfaceControl 0xb4000074e46453f0 Splash Screen com.example.testeableapp#117037
06-19 23:12:56.189 13974 13974 I DecorView[]: set decor visibility 4
06-19 23:12:56.193  3575  3698 I SurfaceControl: SurfaceControl 0xb4000074e45fb410 Splash Screen com.example.testeableapp#117037
06-19 23:12:56.193  4168  5147 I PGServer: getTopFrontApp. calling pkg: android
06-19 23:12:56.194  3575  3698 I BufferQueueConsumer: [](id:df7000016dd,api:0,p:-1,c:3575) connect: controlledByApp=false
06-19 23:12:56.195 13974 14118 D HnContentRecognizerManager: isContentRecognizerEnable: the package is not enabled
06-19 23:12:56.198  2126  6007 I AGPService: NotifyAnimationState animationTag: ICON_BACK_ANIMATION animationType: 0 state: 0, previous count: 1 type count: 1
06-19 23:12:56.198  1700  2483 D FluencyDetector: End fluency detect: ICON_BACK_ANIMATION
06-19 23:12:56.198 28791 28791 E HnLauncher: DeskVisibleListenMgr onVisible
06-19 23:12:56.198  2126  6007 I AGPService: ReleaseAction sceneCode 2900 mVotePool.size 2
06-19 23:12:56.198  2126  6007 I AGPService: DisableActionLoop
06-19 23:12:56.198 28791 28791 W HnLauncher: YOYOCardExpoTimeMgr not yoyo card
06-19 23:12:56.198 13974 14118 I ContentDelivererImpl: isFeatureOpen: false
06-19 23:12:56.198 28791 28791 D HnAppRec_14.1.0.50ICardOperateImpl: getJsCardsInPage
06-19 23:12:56.198 13974 14118 D HnContentRecognizerManager: isFeatureEnable: get cache value
06-19 23:12:56.198  2126  6007 I AGPService: RefreshRateActionHandle 1210, 0
06-19 23:12:56.198  2126  6007 I AGPService: ReleaseAction sceneCode 1210 mVotePool.size 1
06-19 23:12:56.198 13974 14118 I ContentDelivererImpl: isNeedConfig: isReportBlack false isWhitePackage false isGameApp false isFeatureOpen false
06-19 23:12:56.198  2126  6007 I AGPService: DisableActionLoop
06-19 23:12:56.198  2126  6007 I AGPService: PostAction
06-19 23:12:56.198 28791 28791 E HnLauncher: LauncherAnimationListener setAnimating: manager isn`t instanceof CircularUnlockAnimationManager
06-19 23:12:56.198  2126  6007 I AGPService: FilterAction mVotePool.size: 1 priority 1000 sceneCode 1000
06-19 23:12:56.198 28791 28791 I SurfaceControl: nativeRelease 0xb4000074e45f8f50 count: 1 name: Transition Root: Task=350#117021
06-19 23:12:56.198 28791 28791 I SurfaceControl: ~SurfaceControl 0xb4000074e45f8f50 Transition Root: Task=350#117021
06-19 23:12:56.198  2126  6007 I AGPService: FilterAction mVotePool.size: 1 priority 1000 sceneCode 1000
06-19 23:12:56.198 28791 28791 I SurfaceControl: nativeRelease 0xb4000074e45f2b90 count: 1 name: WallpaperWindowToken{42fa48d token=android.os.Binder@f360124}#61
06-19 23:12:56.198 28791 28791 I SurfaceControl: ~SurfaceControl 0xb4000074e45f2b90 WallpaperWindowToken{42fa48d token=android.os.Binder@f360124}#61
06-19 23:12:56.198 28791 28791 I SurfaceControl: nativeRelease 0xb4000074e45e90b0 count: 1 name: Task=903#116997
06-19 23:12:56.198 28791 28791 I SurfaceControl: ~SurfaceControl 0xb4000074e45e90b0 Task=903#116997
06-19 23:12:56.198 28791 28791 I SurfaceControl: nativeRelease 0xb4000074e459a670 count: 1 name: Task=350#45305
06-19 23:12:56.199 28791 28791 I SurfaceControl: ~SurfaceControl 0xb4000074e459a670 Task=350#45305
06-19 23:12:56.199 28791 28823 I HnAppRec_14.1.0.50YOYOCardManager: onResume mIsWorkspaceLoaded:true
06-19 23:12:56.199  2126  2150 I AGPService: FilterAction mVotePool.size: 1 priority 1000 sceneCode 1000
06-19 23:12:56.199  2126  2150 I AGPService: NotifyExtraPolicyInfoToSF fps: 60, skipCount: 0
06-19 23:12:56.199  2126  2150 I AGPService: SendPolicyByAction isGame 0 sceneCode 1000 priority 1000 lightEnabled 0 fpsHold 0 minFps 60 maxFps 90
06-19 23:12:56.199  1700  1889 I SurfaceFlinger: setDesiredDisplayModeSpecs pid: 2126 AGP-pid: 2126
06-19 23:12:56.200  1700  1700 I RefreshRateSelector: Display 4630947158184492161 policy changed
06-19 23:12:56.200  1700  1700 I RefreshRateSelector: Previous: {defaultModeId=0, allowGroupSwitching=false, primaryRanges={physical=[90.00 Hz, 90.00 Hz], render=[90.00 Hz, 90.00 Hz]}, appRequestRanges={physical=[90.00 Hz, 90.00 Hz], render=[90.00 Hz, 90.00 Hz]}}
06-19 23:12:56.200  1700  1700 I RefreshRateSelector: Current:  DisplayManagerPolicy{defaultModeId=1, allowGroupSwitching=false, primaryRanges={physical=[60.00 Hz, 90.00 Hz], render=[60.00 Hz, 90.00 Hz]}, appRequestRanges={physical=[60.00 Hz, 90.00 Hz], render=[60.00 Hz, 90.00 Hz]}}
06-19 23:12:56.200  1700  1700 I RefreshRateSelector: 0 mode changes were performed under the previous policy
06-19 23:12:56.200  1700  1700 I SurfaceFlinger: Switching to Scheduler preferred mode 0 (90.00 Hz)
06-19 23:12:56.200  1700  1700 I SurfaceFlinger: setContentFps (90)
06-19 23:12:56.200  3575  3712 I BufferQueueProducer: [VRI[testeableapp]#5841(BLAST Consumer)5841](id:df7000016dd,api:0,p:-1,c:3575) connect: api=1 producerControlledByApp=true
06-19 23:12:56.200  1700  1700 W ComposerExtn: DisplayExtnImpl::SetActiveConfig: HWC Display 0 is not registered!
06-19 23:12:56.200  3575  3712 E OpenGLRenderer: Unable to match the desired swap behavior.
06-19 23:12:56.200  1700  4460 I SurfaceControl: SurfaceControl 0xb400006f63b1acf0 DefaultTaskDisplayArea#9
06-19 23:12:56.200  1700  4460 I SurfaceControl: SurfaceControl 0xb400006f63b21270 DefaultTaskDisplayArea#9
06-19 23:12:56.200  1700  4460 I SurfaceControl: SurfaceControl 0xb400006f63b27710 Leaf:0:1#8
06-19 23:12:56.200  1700  1891 I SurfaceFlinger: createLayer layername: ab13ffc com.example.testeableapp/com.example.testeableapp.MainActivity type: Layer address = 0xb400007043c26da0
06-19 23:12:56.201  3575  3654 I SurfaceControl: ~SurfaceControl 0xb4000074e45f5bb0 Transition Root: Task=350#117021
06-19 23:12:56.201  3575  3654 I SurfaceControl: ~SurfaceControl 0xb4000074e4617790 722d8d7 Splash Screen com.example.testeableapp.test#116999
06-19 23:12:56.201  3575  3654 I SurfaceControl: ~SurfaceControl 0xb4000074e45f75f0 WallpaperWindowToken{42fa48d token=android.os.Binder@f360124}#61
06-19 23:12:56.201  3575  3654 I SurfaceControl: ~SurfaceControl 0xb4000074e45d6110 Task=350#45305
06-19 23:12:56.201  3575  3654 I SurfaceControl: ~SurfaceControl 0xb4000074e45a21d0 Task=903#116997
06-19 23:12:56.201  3575  3654 I SurfaceControl: ~SurfaceControl 0xb4000074e4641870 DefaultTaskDisplayArea#9
06-19 23:12:56.201  3575  3654 I SurfaceControl: ~SurfaceControl 0xb4000074e46105d0 DefaultTaskDisplayArea#9
06-19 23:12:56.201  3575  3654 I SurfaceControl: ~SurfaceControl 0xb4000074e45d53f0 Leaf:0:1#8
06-19 23:12:56.201  3575  3654 I SurfaceControl: nativeRelease 0xb4000074e4601c30 count: 1 name: Transition Root: Task=350#117021
06-19 23:12:56.201  3575  3654 I SurfaceControl: ~SurfaceControl 0xb4000074e4601c30 Transition Root: Task=350#117021
06-19 23:12:56.202  1700  1700 I Layer   : [reparent] [Transition Root: Task=350#117021] newParent is null [0xb400007043c99730]
06-19 23:12:56.202 28791 28823 E HnAppRec_14.1.0.50YOYOCardManager: getRecommendApps no card
06-19 23:12:56.202 28791 28823 W HnAppRec_14.1.0.50YOYOCardExpoTimeMgr: not yoyo card
06-19 23:12:56.202 28791 28823 I HnAppRec_14.1.0.50YOYOCardClient: onResume
06-19 23:12:56.202 28791 28823 I HnAppRec_14.1.0.50YOYOCardManager: reset all card state
06-19 23:12:56.202  1700  1700 I Layer   : [setLayer] [Task=903#116997] setlayer z = 4
06-19 23:12:56.202  1700  1700 I Layer   : [setLayer] [722d8d7 Splash Screen com.example.testeableapp.test#116999] setlayer z = 2147483647
06-19 23:12:56.204  1700  1700 I SurfaceControl: ~SurfaceControl 0xb400006f63b27710 Leaf:0:1#8
06-19 23:12:56.204  1700  1700 I SurfaceControl: ~SurfaceControl 0xb400006f63b21270 DefaultTaskDisplayArea#9
06-19 23:12:56.204  1700  1700 I SurfaceControl: ~SurfaceControl 0xb400006f63b1acf0 DefaultTaskDisplayArea#9
06-19 23:12:56.204  1663  3286 E libnav  : CablComputeBacklightLevel(): UpdateType = DifferentSceneUpdate
06-19 23:12:56.205 10312 10461 I apss    : (REDACTED) current query: %s
06-19 23:12:56.206 19656 19689 I aptouch_daemon: begin, cmd[0], flag[16]
06-19 23:12:56.206 19656 19689 I aptouch_daemon: Excute:59: cmd=power_time, param=
06-19 23:12:56.207 19656 19689 I aptouch_daemon: get_cmd, power_time
06-19 23:12:56.207 19656 19689 I aptouch_daemon: excute_cmd_end, cmd: power_time.
06-19 23:12:56.207 19656 19689 I aptouch_daemon: Excute:63: m_result=Active=30279978 Idle=0
06-19 23:12:56.207  1657  1657 I aptouch_daemon, [aptouch_interface_client]: ret = Active=30279978 Idle=0
06-19 23:12:56.208  2126 13579 D ITouchService: GetHTpActiveIdleTime success ret 0 outStr Active=30279978 Idle=0
06-19 23:12:56.209  2130  3230 I dubaid  : [DisplayHandler.cpp] OnAppFocusChangedMessage# App focus switch from com.hihonor.android.launcher to com.example.testeableapp
06-19 23:12:56.209  2361  3674 I SurfaceControl: SurfaceControl 0xb4000074e45c1ab0 ab13ffc com.example.testeableapp/com.example.testeableapp.MainActivity#117038
06-19 23:12:56.211  1617 13041 I sensors-hal: handle_sns_std_sensor_event:275, ambient_light_event: ts=739199411297931, lux = 2, raw_adc=496, raw_2=848
06-19 23:12:56.211 10112 10112 I bzak    : onPause
06-19 23:12:56.212 10112 10112 W dpam    : measuring already stopped.
06-19 23:12:56.214 13974 13974 D InputEventReceiver: dispatchInputInterval 1000000
06-19 23:12:56.214 13974 13974 I HwForceDarkManager: isSystemInDarkMode isResUiModeYes: true, isDarkMode: true
06-19 23:12:56.215 13974 13974 I DecorView[]: set decor visibility 0
06-19 23:12:56.220 13974 13974 D PhoneWindow: onViewRootImplSet activityToken android.os.BinderProxy@a15a095,activityClientRecord ActivityRecord{a60f5aa token=android.os.BinderProxy@a15a095 {com.example.testeableapp/com.example.testeableapp.MainActivity}},isHnNavigationHide false isHidePrivateFlag = false
06-19 23:12:56.220 13974 13974 D HwPhoneWindow: onViewRootImplSet activityToken android.os.BinderProxy@a15a095,activityClientRecord ActivityRecord{a60f5aa token=android.os.BinderProxy@a15a095 {com.example.testeableapp/com.example.testeableapp.MainActivity}},isHwNavigationHide false
06-19 23:12:56.220 13974 13974 D HiTouch_PressGestureDetector: onAttached:1
06-19 23:12:56.222  2361  3681 I SurfaceControl: ~SurfaceControl 0xb4000074e4633250 Transition Root: Task=350#117021
06-19 23:12:56.224  1660  5028 E DMABUFHEAPS: DmabufAlloc size=10592256 openTime=0 allocTime=13
06-19 23:12:56.225  3575  3575 E NotificationShadeWindowController: applyWindowBlur: 0.0
06-19 23:12:56.225  3575  3575 E NotificationShadeWindowController: SurfaceControl Not Released.
06-19 23:12:56.226  3575  3575 E NotificationShadeWindowController: applyVisibility: false, false, mNotificationShadeView.alpha=1.0, forceHideForBiometricsUnlock=false
06-19 23:12:56.226  3575  3575 D NotificationShadeWindowView: setVisibility =  4
06-19 23:12:56.227  3575  3712 I BufferQueueProducer: [VRI[test]#5840(BLAST Consumer)5840](id:df7000016dc,api:1,p:3575,c:3575) disconnect: api 1
06-19 23:12:56.227  3575  3575 D OverviewProxyService: keyguardShowing: false keyguardOccluded: false keyguardGoingAway: false bouncerShowing: false isDozing: false
06-19 23:12:56.228  3575  3575 D SysUiState: SysUiState changed: old=268435456 new=268435456
06-19 23:12:56.228 14195 14201 I steableapp.test: Compiler allocated 6361KB to compile void android.view.ViewRootImpl.performTraversals()
06-19 23:12:56.230  4183 21754 I Hicom_Monitor: mActivityNotifierEx, className = com.example.testeableapp.MainActivity
06-19 23:12:56.230  4183 21754 I Hicom_Monitor: notifyForegroundAppActivityChanged: className:com.example.testeableapp.MainActivity
06-19 23:12:56.230  4183 23188 W AppStartupMonitor: activity state:onResume, comp:ComponentInfo{com.example.testeableapp/com.example.testeableapp.MainActivity}
06-19 23:12:56.230  2361  2889 I WifiEnhanceMonitor: notifyForegroundActivityChanged
06-19 23:12:56.230  2361  2850 I SurfaceControl: nativeRelease 0xb4000074e462bd10 count: 2 name: 93f6d39 ActivityRecordInputSink com.example.testeableapp.test/androidx.test.core.app.InstrumentationActivityInvoker$EmptyActivity#117007
06-19 23:12:56.230  2361  2361 W HwCameraSceneDetection: uid:10270, componentName:com.example.testeableapp.MainActivity, flag:onResume
06-19 23:12:56.232  2361  2850 I SurfaceControl: ~SurfaceControl 0xb4000074e462bd10 93f6d39 ActivityRecordInputSink com.example.testeableapp.test/androidx.test.core.app.InstrumentationActivityInvoker$EmptyActivity#117007
06-19 23:12:56.232  7142  7283 E fb4a.msys: E[N 1283]errorHandlerDispatched(198)=>262/1283/3347/-1
06-19 23:12:56.234  7142  7258 E fb4a.msys: E[N dgw]operator()(129)=>TunnelRetriableNetworkLayer_removeRequest pendingRequest not found
06-19 23:12:56.235  1700  1700 I Layer   : [reparent] [Transition Root: Task=350#117021] newParent is null [0xb400007043c99730]
06-19 23:12:56.235  1700  1700 I SurfaceFlinger: [Splash Screen com.example.testeableapp.test#117002] apply visible 0
06-19 23:12:56.235  7142  7283 E fb4a.msys: E[N MCCWCITransportRaceImpl]_TransportStreamDisconnectHandler(1118)=>All transports failed
06-19 23:12:56.235  1700  1700 I Layer   : [reparent] [93f6d39 ActivityRecordInputSink com.example.testeableapp.test/androidx.test.core.app.InstrumentationActivityInvoker$EmptyActivity#117007] newParent is null [0xb400007043bfd2e0]
06-19 23:12:56.235  1700  1700 I SurfaceFlinger: [com.example.testeableapp.test/androidx.test.core.app.InstrumentationActivityInvoker$EmptyActivity#117011] apply visible 0
06-19 23:12:56.236  7142  7283 E fb4a.msys: E[N MCCWCITransportRaceImpl]_LogRaceFail(229)=>Race FAILED: socketFailedToConnect=true, errorCode=2, total=110.0ms, dgw=108.9ms, liger=57.1ms
06-19 23:12:56.236  2338  2596 I ScreemCommon: <LOGMGR> <IsForbidenPackage> [source package:com.example.testeableapp#ICON_BACK_ANIMATION, forbiden packages:, com.hihonor.superapp.pre, com.hihonor.voicedemo, com.qihoo.camera, com.ss.android.lark.honorelink]
06-19 23:12:56.236  2338  2596 E ScreemCommon: <LOGMGR> <SetLogFilterReason> [not the beta version, no need to capture log]
06-19 23:12:56.237  2338  2596 E ScreemCommon: ERROR: func: GetPsiInfo, open file node: /dev/cpuctl/vip/cpu.pressure failed errno=2
06-19 23:12:56.237  2338  2596 E ScreemCommon: ERROR: func: GetPsiInfo, open file node: /dev/cpuctl/vip/memory.pressure failed errno=2
06-19 23:12:56.237  2338  2596 E ScreemCommon: ERROR: func: GetPsiInfo, open file node: /dev/cpuctl/vip/io.pressure failed errno=2
06-19 23:12:56.237  2338  2596 E ScreemCommon: ERROR: func: GetPsiInfo, open file node: /dev/cpuctl/top-app/cpu.pressure failed errno=2
06-19 23:12:56.237  2338  2596 E ScreemCommon: ERROR: func: GetPsiInfo, open file node: /dev/cpuctl/top-app/memory.pressure failed errno=2
06-19 23:12:56.237  2338  2596 E ScreemCommon: ERROR: func: GetPsiInfo, open file node: /dev/cpuctl/top-app/io.pressure failed errno=2
06-19 23:12:56.237  2338  2596 I ScreemCommon: <LOGMGR> <CompletePm> [case:ANIMATION_JANK_FRAME id:25 type:1 Level:1 filter:0]
06-19 23:12:56.237  2338  2596 I ScreemCommon: <LOGMGR> <ReportSysTraceCheck> [ReportSysTraceCheck: check if can report with trace done, canReportSysTrace is 0]
06-19 23:12:56.237 14195 14232 I BufferQueueProducer: [VRI[InstrumentationActivityInvoker$EmptyActivity]#3(BLAST Consumer)3](id:377300000003,api:1,p:14195,c:14195) disconnect: api 1
06-19 23:12:56.239  1700  2158 I SurfaceFlinger: createLayer layername: Transition Root: Task=904 type: Layer address = 0xb400007043c31450
06-19 23:12:56.240  2361  2850 I SurfaceControl: SurfaceControl 0xb4000074e462bd10 Transition Root: Task=904#117039
06-19 23:12:56.243  2361  2850 I SurfaceControl: setWindowCrop sc Surface(name=Task=350)/@0x8096e8f width 0 height 0 callers com.android.server.wm.Transition.buildFinishTransaction:1096 com.android.server.wm.Transition.onTransactionReady:2167 com.android.server.wm.BLASTSyncEngine$SyncGroup.finishNow:388 com.android.server.wm.BLASTSyncEngine$SyncGroup.tryFinish:258
06-19 23:12:56.243  2361  2850 I SurfaceControl: setWindowCrop sc Surface(name=Task=350)/@0x8096e8f width -1 height -1 callers com.android.server.wm.Transition.buildFinishTransaction:1109 com.android.server.wm.Transition.onTransactionReady:2167 com.android.server.wm.BLASTSyncEngine$SyncGroup.finishNow:388 com.android.server.wm.BLASTSyncEngine$SyncGroup.tryFinish:258
06-19 23:12:56.243  4168  4268 I ApsSceneByActivity: APS: APK: IHwActivityNotifierEx packageName = com.example.testeableapp className = com.example.testeableapp.MainActivity; state = onResume
06-19 23:12:56.243  2361  2850 I SurfaceControl: setWindowCrop sc Surface(name=Task=904)/@0x53f9294 width 0 height 0 callers com.android.server.wm.Transition.buildFinishTransaction:1096 com.android.server.wm.Transition.onTransactionReady:2167 com.android.server.wm.BLASTSyncEngine$SyncGroup.finishNow:388 com.android.server.wm.BLASTSyncEngine$SyncGroup.tryFinish:258
06-19 23:12:56.243  4168  4268 I ApsSceneByActivity: APS: APK: processActivityChanged: activityName = com.example.testeableapp.MainActivity
06-19 23:12:56.243  2361  2850 I SurfaceControl: setWindowCrop sc Surface(name=Task=904)/@0x53f9294 width -1 height -1 callers com.android.server.wm.Transition.buildFinishTransaction:1109 com.android.server.wm.Transition.onTransactionReady:2167 com.android.server.wm.BLASTSyncEngine$SyncGroup.finishNow:388 com.android.server.wm.BLASTSyncEngine$SyncGroup.tryFinish:258
06-19 23:12:56.243  4168  4268 D ApsDynamicCameraFps: APS: APK: handleSpecialCameraState:0
06-19 23:12:56.243  4168  4268 I ApsAGPAdapter: APS: APK: ApsAGPAdapter: ActivityFpsByMode changed and mode = 0
06-19 23:12:56.243  9860  9880 W AWARENESS_AmsRegister: state : onResume comp : ComponentInfo{com.example.testeableapp/com.example.testeableapp.MainActivity} taskId : 904callingPackage:launchMode:-1processUid_act:0
06-19 23:12:56.244  4168  4425 D ApsDynamicCameraFps: APS: APK: handleMessage: msg.what: 0
06-19 23:12:56.244  4168  4425 I ApsAGPAdapter: APS: APK: ApsAGPAdapter: camera changed and mode = 0
06-19 23:12:56.244  2361  2850 I SurfaceControl: nativeRelease 0xb4000074e462bd10 count: 5 name: Transition Root: Task=904#117039
06-19 23:12:56.245  3575 11233 I SurfaceControl: SurfaceControl 0xb4000074e4601c30 Task=904#117034
06-19 23:12:56.245  3575 11233 I SurfaceControl: SurfaceControl 0xb4000074e45d53f0 Task=350#45305
06-19 23:12:56.245  3575 11233 I SurfaceControl: SurfaceControl 0xb4000074e46105d0 DefaultTaskDisplayArea#9
06-19 23:12:56.245  1696 10605 D AudioPolicyService: getUidState(10070) cacheIter->second.first, return cacheIter->second.second(1)
06-19 23:12:56.245  3575 11233 I SurfaceControl: SurfaceControl 0xb4000074e4641870 Transition Root: Task=904#117039
06-19 23:12:56.245  3575 11233 I SurfaceControl: SurfaceControl 0xb4000074e45a21d0 ActivityRecord{d070559 u0 com.example.testeableapp/.MainActivity t904 mVisible=false mOccludesParent=true mode=fullscreen boundsRect(0, 0 - 1080, 2412)}#117035
06-19 23:12:56.245  3575 11233 I SurfaceControl: SurfaceControl 0xb4000074e45d6110 722d8d7 Splash Screen com.example.testeableapp.test#116999
06-19 23:12:56.245  3575 11233 I SurfaceControl: SurfaceControl 0xb4000074e45f75f0 Splash Screen com.example.testeableapp#117037
06-19 23:12:56.246  3575 11233 I SurfaceControl: SurfaceControl 0xb4000074e4617790 ab13ffc com.example.testeableapp/com.example.testeableapp.MainActivity#117038
06-19 23:12:56.246  3575 11233 I SurfaceControl: SurfaceControl 0xb4000074e45f5bb0 Task=904#117034
06-19 23:12:56.246  3575 11233 I SurfaceControl: SurfaceControl 0xb4000074e45cbbb0 Transition Root: Task=904#117039
06-19 23:12:56.246  3575 11233 I SurfaceControl: SurfaceControl 0xb4000074e45f5210 a4f01f7 Splash Screen com.example.testeableapp#117036
06-19 23:12:56.246  3575 11233 I SurfaceControl: SurfaceControl 0xb4000074e4609db0 Transition Root: Task=904#117039
06-19 23:12:56.246  3575 11233 I SurfaceControl: SurfaceControl 0xb4000074e4631d50 722d8d7 Splash Screen com.example.testeableapp.test#116999
06-19 23:12:56.246  3575 11233 I SurfaceControl: SurfaceControl 0xb4000074e45a97f0 a4f01f7 Splash Screen com.example.testeableapp#117036
06-19 23:12:56.246  1700  1700 I Layer   : ~Layer layername: 93f6d39 ActivityRecordInputSink com.example.testeableapp.test/androidx.test.core.app.InstrumentationActivityInvoker$EmptyActivity#117007 address = 0xb400007043bfd2e0
06-19 23:12:56.246  3575 11233 I SurfaceControl: SurfaceControl 0xb4000074e45beef0 Task=904#117034
06-19 23:12:56.246  1700  1700 I SurfaceFlinger: [onLayerDestroyed] [93f6d39 ActivityRecordInputSink com.example.testeableapp.test/androidx.test.core.app.InstrumentationActivityInvoker$EmptyActivity#117007] address:0xb400007043bfd2e0 has destroyed
06-19 23:12:56.246  3575 11233 I SurfaceControl: SurfaceControl 0xb4000074e45d5f50 Task=350#45305
06-19 23:12:56.246  3575 11233 I SurfaceControl: SurfaceControl 0xb4000074e45fcd70 DefaultTaskDisplayArea#9
06-19 23:12:56.246  1700  1700 I Layer   : ~Layer layername: Transition Root: Task=350#117021 address = 0xb400007043c99730
06-19 23:12:56.246  3575 11233 I SurfaceControl: SurfaceControl 0xb4000074e459e8f0 DefaultTaskDisplayArea#9
06-19 23:12:56.246  1700  1700 I SurfaceFlinger: [onLayerDestroyed] [Transition Root: Task=350#117021] address:0xb400007043c99730 has destroyed
06-19 23:12:56.246  2361  2850 I SurfaceControl: nativeRelease 0xb4000074e4623490 count: 2 name: Surface(name=69fffd0 NavigationBar0)/@0xc4b2e34 - animation-leash of insets_animation#117018
06-19 23:12:56.247  1700  2483 I SurfaceFlinger: createLayer layername: Surface(name=69fffd0 NavigationBar0)/@0xc4b2e34 - animation-leash of insets_animation type: Layer address = 0xb400007043c99730
06-19 23:12:56.247  3575  3654 I HnMwAnimTransition: play the default animation if there is no MagicWindow
06-19 23:12:56.247  3575  3654 I PipTransition: call startAnimation type:1, mInFixedRotation:false, mEndFixedRotation:-1, currentPipTaskChange:null
06-19 23:12:56.247  3575  3654 I PipTransition: isEnteringPip false
06-19 23:12:56.248  2361  2850 I SurfaceControl: SurfaceControl 0xb4000074e462c250 Surface(name=69fffd0 NavigationBar0)/@0xc4b2e34 - animation-leash of insets_animation#117040
06-19 23:12:56.248  2361  2850 I SurfaceControl: nativeRelease 0xb4000074e45d06f0 count: 2 name: Surface(name=17e14ef StatusBar)/@0x4a2b91e - animation-leash of insets_animation#117019
06-19 23:12:56.251  1663  6059 E ANDR-PERF-CLIENT: ANDR-PERF-CLIENT: perf_hint_private() 255: Process is Flooding request to PerfService
06-19 23:12:56.253  1660  1660 E DMABUFHEAPS: DmabufAlloc size=10592256 openTime=1 allocTime=27
06-19 23:12:56.255  1700  1891 I SurfaceFlinger: createLayer layername: Surface(name=17e14ef StatusBar)/@0x4a2b91e - animation-leash of insets_animation type: Layer address = 0xb400007043cc31f0
06-19 23:12:56.259  1663  6061 E ANDR-PERF-CLIENT: ANDR-PERF-CLIENT: perf_hint_private() 255: Process is Flooding request to PerfService
06-19 23:12:56.259  2361  2850 I SurfaceControl: SurfaceControl 0xb4000074e45c67b0 Surface(name=17e14ef StatusBar)/@0x4a2b91e - animation-leash of insets_animation#117041
06-19 23:12:56.260 19656 19656 E afehal_info: tp_check_scan_rate_scan_freq:[1781932376260][T:1781932376.260268]tp_check_scan_rate_scan_freq 495:invalued_scan_rate_or_freq = true scan_rate = 240
06-19 23:12:56.260 19656 19656 E afehal_info: tp_check_scan_rate_scan_freq:[1781932376260][T:1781932376.260346]tp_check_scan_rate_scan_freq 505:invalued_scan_rate_or_freq = true scan_freq = 103
06-19 23:12:56.260 19656 19656 E afehal_info: vendor_parse_ioctrl_frame:[1781932376260][T:1781932376.260383]vendor_parse_ioctrl_frame 1026:get scan_rate = 240
06-19 23:12:56.260 19656 19656 E afehal_info: tp_check_scan_rate_scan_freq:[1781932376260][T:1781932376.260407]tp_check_scan_rate_scan_freq 495:invalued_scan_rate_or_freq = true scan_rate = 240
06-19 23:12:56.260 19656 19656 E afehal_info: tp_check_scan_rate_scan_freq:[1781932376260][T:1781932376.260426]tp_check_scan_rate_scan_freq 505:invalued_scan_rate_or_freq = true scan_freq = 103
06-19 23:12:56.264  1660  1800 E DMABUFHEAPS: DmabufAlloc size=10592256 openTime=0 allocTime=11
06-19 23:12:56.265  1700  2158 I SurfaceFlinger: createLayer layername: b74951e ActivityRecordInputSink com.example.testeableapp/.MainActivity type: Layer address = 0xb400007043c07990
06-19 23:12:56.266  2361  2850 I SurfaceControl: SurfaceControl 0xb4000074e45c18f0 b74951e ActivityRecordInputSink com.example.testeableapp/.MainActivity#117042
06-19 23:12:56.267  3575  3654 D HnTransitionAnimation: load animation resource id 20a0051
06-19 23:12:56.267  1700  1889 I SurfaceControl: SurfaceControl 0xb400006f63b0d690 Surface(name=69fffd0 NavigationBar0)/@0xc4b2e34 - animation-leash of insets_animation#117040
06-19 23:12:56.267  1700  1889 I SurfaceControl: SurfaceControl 0xb400006f63b28b30 Surface(name=17e14ef StatusBar)/@0x4a2b91e - animation-leash of insets_animation#117041
06-19 23:12:56.267  2361  2850 I SurfaceControl: ~SurfaceControl 0xb4000074e45d06f0 Surface(name=17e14ef StatusBar)/@0x4a2b91e - animation-leash of insets_animation#117019
06-19 23:12:56.267  2361  2850 I SurfaceControl: ~SurfaceControl 0xb4000074e4623490 Surface(name=69fffd0 NavigationBar0)/@0xc4b2e34 - animation-leash of insets_animation#117018
06-19 23:12:56.268  3575  3654 D HnTransitionAnimationOptimize: local_anim_config true NATIVE_ANIM_CONFIG true
06-19 23:12:56.268  3575  3654 D HnTransitionAnimationOptimize: launch/back/home Animation. animate in native
