06-19 23:12:57.643  2126  2167 D AGPService: GFrsStatusControl:: report : code is  0, state is com.hihonor.android.launcher.special, not match Event
06-19 23:12:57.643  2126  2167 I AGPService: reportSysState: stateValue 0, com.hihonor.android.launcher.special
06-19 23:12:57.644  2126  6007 D ITouchService: GameSceneManager: game scene not changed, set game mode returned
06-19 23:12:57.644  2126  6007 I ITouchService: GameXsyncManager:OnGameInfoRecevied p com.hihonor.android.launcher
06-19 23:12:57.644  2126  6007 W ITouchService: itouch GameXsyncManager:checkGameXsyncState game list is empty.
06-19 23:12:57.644  2126  6007 D AGPService: : [OnGamePkgInfoReceived]: GameUltraEngineService
06-19 23:12:57.644  2126  6007 I AGPService: GUEStateManager:OnGamePkgInfoReceived  pkgName is : com.hihonor.android.launcher , status is 0
06-19 23:12:57.644  1700  1700 I Layer   : [setLayer] [Surface(name=Task=350)/@0x41c768e_transition-leash#117078] setlayer z = 3
06-19 23:12:57.644  2126  6007 I AGPService: BasePlugin::updateSysState  com.hihonor.android.launcher&0, code is 6
06-19 23:12:57.644  2126  6007 D AGPService: State:: Set State is 6, com.hihonor.android.launcher&0
06-19 23:12:57.644  2126  6007 I AGPService: BasePlugin::updateSysState Same State
06-19 23:12:57.644  2126  6007 I AGPService: RefreshRateActionHandle 1000, 1
06-19 23:12:57.644  2126  6007 I AGPService: RefreshRateActionHandle currAppStrategy name 9, lightLimit 0, minFps 60, maxFps 90 refreshMinFps 60
06-19 23:12:57.644  2126  6007 I AGPService: AddAciton sceneCode 1000
06-19 23:12:57.644  2126  6007 I AGPService: DisableActionLoop
06-19 23:12:57.644  1700  1700 I SurfaceFlinger: [com.hihonor.android.launcher/com.hihonor.android.launcher.unihome.UniHomeLauncher#117071] apply visible 1
06-19 23:12:57.644  1700  1700 I Layer   : [setLayer] [ab36a05 Splash Screen com.example.testeableapp.test#117053] setlayer z = 2147483647
06-19 23:12:57.644  1700  1700 I Layer   : [setLayer] [Surface(name=Task=905)/@0x4b622bc_transition-leash#117079] setlayer z = 8
06-19 23:12:57.644  2126  6007 I AGPService: PostAction
06-19 23:12:57.644  2126  6007 I AGPService: FilterAction mVotePool.size: 1 priority 1000 sceneCode 1000
06-19 23:12:57.645  1700  1700 I SurfaceControl: ~SurfaceControl 0xb400006f63b096b0 Transition Root: Task=350#117075
06-19 23:12:57.645  1700  1700 I SurfaceControl: ~SurfaceControl 0xb400006f63b27710 Surface(name=Task=350)/@0x41c768e_transition-leash#117078
06-19 23:12:57.645  1700  1700 I SurfaceControl: ~SurfaceControl 0xb400006f63b1add0 Surface(name=Task=905)/@0x4b622bc_transition-leash#117079
06-19 23:12:57.645  1700  1700 I SurfaceControl: ~SurfaceControl 0xb400006f63affd90 Transition Root: Task=350#117075
06-19 23:12:57.645  1700  1700 I SurfaceControl: ~SurfaceControl 0xb400006f63afec10 Surface(name=WallpaperWindowToken{42fa48d token=android.os.Binder@f360124})/@0x66d6d9a_transition-leash#117080
06-19 23:12:57.645  1700  1700 I SurfaceControl: ~SurfaceControl 0xb400006f63b23e30 Transition Root: Task=350#117075
06-19 23:12:57.645  2126  2150 I AGPService: FilterAction mVotePool.size: 1 priority 1000 sceneCode 1000
06-19 23:12:57.645  2126  2150 I AGPService: NotifyExtraPolicyInfoToSF fps: 60, skipCount: 0
06-19 23:12:57.645  2126  2150 I AGPService: SendPolicyByAction isGame 0 sceneCode 1000 priority 1000 lightEnabled 0 fpsHold 0 minFps 60 maxFps 90
06-19 23:12:57.645  1700  2158 I SurfaceFlinger: setDesiredDisplayModeSpecs pid: 2126 AGP-pid: 2126
06-19 23:12:57.646  2361  5946 I SurfaceControl: ~SurfaceControl 0xb4000074e46429f0 com.hihonor.android.launcher/com.hihonor.android.launcher.unihome.UniHomeLauncher#117071
06-19 23:12:57.648  1700  1700 I CompositionEngine: [applyDeviceCompositionTypeChange] layer [com.hihonor.android.launcher/com.hihonor.android.launcher.unihome.UniHomeLauncher#117071] apply to client compose
06-19 23:12:57.650  2126  6007 D ITouchService: OneFrame: currPkgName1:com.example.testeableapp currPkgNampAps:com.hihonor.android.launcher.special
06-19 23:12:57.650  2126  6007 I AGPService: GpuPolicyManager: m_currentPkgName - com.hihonor.android.launcher.special
06-19 23:12:57.650  2126  6007 I AGPService: NotifyAnimationState animationTag: ICON_BACK_ANIMATION animationType: 0 state: 1, previous count: 0 type count: 0
06-19 23:12:57.650  2126  6007 I AGPService: CheckSceneRestrict type: ffff, mSceneRestrictFlag 0
06-19 23:12:57.650  2126  6007 I AGPService: RefreshRateActionHandle 1210, 1
06-19 23:12:57.650  2126  6007 I AGPService: RefreshRateActionHandle currAppStrategy name 3, lightLimit 0, minFps 90, maxFps 90 refreshMinFps 60
06-19 23:12:57.650  2126  6007 I AGPService: AddAciton sceneCode 1210
06-19 23:12:57.650  2126  6007 I AGPService: DisableActionLoop
06-19 23:12:57.654  2361  5946 I InputDispatcher: Focus entered window: 7f166e0 com.hihonor.android.launcher/com.hihonor.android.launcher.unihome.UniHomeLauncher (server) in display 0
06-19 23:12:57.654  1700  1700 I SurfaceFlinger: [GoogleDiscoverWindow#117074] apply visible 1
06-19 23:12:57.655  2361  5946 I InputDispatcher: onFocusChangedLocked receiveTime step 1 :350790743ms receiveTime step 2 :0ms receiveTime step 3 :350790743ms
06-19 23:12:57.658  7142  7283 E fb4a.msys: E[N WCCConnectionMEM]_WCCConnectionMEMEmitStateChange(3200)=>[INFO] connection/new_state/connecting [connection_id=129001535, wcc_source=1, wcc_reason=2]
06-19 23:12:57.659  7142  7283 E fb4a.msys: E[C MEMConnectionManager]_MEMConnectionManagerStateChangeHandler(585)=>[Critical] MEMConnectionState updated to ID: 1 with connectionId: 129001535
06-19 23:12:57.663  7142  7283 E fb4a.msys: E[N WCCConnectionMEM]_WCCConnectionMEMDoConnectWithAuthKeys(1466)=>connection/do_connect/warning, Exhausted connection sequence and failed to find a non-null config
06-19 23:12:57.663  7142  7283 E fb4a.msys: E[N WCCConnectionMEM]_WCCConnectionMEMEmitStateChange(3200)=>[INFO] connection/new_state/not-connected [connection_id=-1, wcc_source=1, wcc_reason=2]
06-19 23:12:57.663 28791 28791 V ImeFocusController: onWindowFocus: DecorView@ff32837[UniHomeLauncher] softInputMode=STATE_ALWAYS_HIDDEN|ADJUST_PAN|IS_FORWARD_NAVIGATION
06-19 23:12:57.663 28791 28791 D InputMethodManager: onViewFocusChangedInternal, view=DecorView@ff32837[UniHomeLauncher],focus=false,windowFocus=true,window=android.view.ViewRootImpl$W@f61f7fa,displayId=0,temporaryDetach=false,hasImeFocus=true
06-19 23:12:57.663 28791 28791 V InputMethodManager: Restarting due to mRestartOnNextWindowFocus as true
06-19 23:12:57.663 28791 28791 V InputMethodManager: checkFocus: view=null next=DecorView@ff32837[UniHomeLauncher] force=true package=<none>
06-19 23:12:57.663 28791 28791 W InputMethodManager: startInputReason = 1
06-19 23:12:57.663 28791 28791 V InputMethodManager: Starting input: editorInfo=android.view.inputmethod.EditorInfo@280aac0 ic=null
06-19 23:12:57.663 28791 28791 V InputMethodManager: START INPUT: view=DecorView@ff32837[UniHomeLauncher],focus=false,windowFocus=true,window=android.view.ViewRootImpl$W@f61f7fa,displayId=0,temporaryDetach=false,hasImeFocus=true ic=null editorInfo=android.view.inputmethod.EditorInfo@280aac0 startInputFlags=VIEW_HAS_FOCUS|INITIAL_CONNECTION
06-19 23:12:57.664  7142  7283 E fb4a.msys: E[C MEMConnectionManager]_MEMConnectionManagerStateChangeHandler(585)=>[Critical] MEMConnectionState updated to ID: 0 with connectionId: -1
06-19 23:12:57.664  2361  3681 I ImeTracker: com.hihonor.android.launcher:1f292a6a: onRequestHide at ORIGIN_SERVER_HIDE_INPUT reason HIDE_ALWAYS_HIDDEN_STATE
06-19 23:12:57.664  2361  3681 I ImeTracker: com.hihonor.android.launcher:1f292a6a: onCancelled at PHASE_SERVER_SHOULD_HIDE
06-19 23:12:57.665 17346 17346 V InputMethod: unbindInput(): binding=InputBinding{android.os.BinderProxy@43241aa / uid 10271 / pid 14195} ic=RemoteInputConnection{idHash=#ce3f19b}
06-19 23:12:57.666 14195 14195 I InputMethodManager: handleMessage: MSG_SET_ACTIVE false, was true
06-19 23:12:57.666  7142  7283 E fb4a.msys: E[C 1]_MCCLogErrorInternal(331)=>8/374/3970/1024
06-19 23:12:57.666 14195 14195 I InputMethodManager: handleMessage: MSG_UNBIND 10595 reason=SWITCH_CLIENT
06-19 23:12:57.667 14195 14195 V InputMethodManager: Clearing all accessibility bindings
06-19 23:12:57.667 14195 14195 V InputMethodManager: Clearing binding!
06-19 23:12:57.667  7142  7283 E fb4a.msys: E[C 1]_MCCLogErrorInternal(331)=>8/374/3972/2
06-19 23:12:57.667  7142  7283 E fb4a.msys: E[C mem.context]_LogConnectFailure(4788)=>Establishing connection failure reason and flags: disconnect/Doze/-1/reason/2/flags/1024/[-, -, -, -, -, -, configs_exhausted, -, -, -, -, -, -, -]
06-19 23:12:57.668  7142  7283 E fb4a.msys: E[C mem.context]_LogConnectFailure(4820)=>[Happy Eyeball] Connect failed with source=1, winner stream ip=157.240.22.33, port=80, dnsResolutionMethod=3, combined_ip_addresses=2a03:2880:f37e:8:face:b00c:0:38d9, 57.144.252.8, 2a03:2880:f31e:8:face:b00c:0:38d9, 57.144.78.8, 2a03:2880:f342:8:face:b00c:0:38d9, 57.144.132.8, 2a03:2880:f36d:8:face:b00c:0:38d9, 57.144.218.8, 2a03:2880:f134:181:face:b00c:0:38d9, 31.13.93.33, 2a03:2880:f361:8:face:b00c:0:38d9, 57.144.194.8, 2a03:2880:f364:8:face:b00c:0:38d9, 57.144.200.8, 2a03:2880:f103:81:face:b00c:0:38d9, 31.13.66.33, 2a03:2880:f31d:8:face:b00c:0:38d9, 57.144.74.8, 2a03:2880:f381:8:face:b00c:0:38d9, 57.145.2.8, 2a03:2880:f10d:81:face:b00c:0:38d9, 31.13.70.33, 2a03:2880:f10d:181:face:b00c:0:38d9, 157.240.11.33, 2a03:2880:f365:8:face:b00c:0:38d9, 57.144.202.8, 2a03:2880:f112:81:face:b00c:0:38d9, 31.13.71.33, 2a03:2880:f112:188:face:b00c:0:38d9, 157.240.241.37, 2a03:2880:f35a:8:face:b00c:0:38d9, 57.144.180.8, 2a03:2880:f332:8:face:b00c:0:38d9, 57.144.22.8, 2a03:2880:f12c:181:face:b00c:0:38d9, 157.240.14.33, 2a03:2880:f351:8:face:b00c:0:38d9, 57.144.162.8, 2a03:2880:f362:8:face:b00c:0:38d9, 57.144.196.8, 2a03:2880:f363:8:face:b00c:0:38d9, 57.144.198.8, 2a03:2880:f101:81:face:b00c:0:38d9, 157.240.3.32, 2a03:2880:f36c:8:face:b00c:0:38d9, 57.144.216.8, 2a03:2880:f131:81:face:b00c:0:38d9, 157.240.22.33, 2a03:2880:f36e:8:face:b00c:0:38d9, 57.144.220.8
06-19 23:12:57.669  3575  3575 E NotificationShadeWindowController: applyWindowBlur: 0.0
06-19 23:12:57.669  3575  3575 E NotificationShadeWindowController: SurfaceControl Not Released.
06-19 23:12:57.669  3575  3575 E NotificationShadeWindowController: applyVisibility: false, false, mNotificationShadeView.alpha=1.0, forceHideForBiometricsUnlock=false
06-19 23:12:57.669  3575  3575 D NotificationShadeWindowView: setVisibility =  4
06-19 23:12:57.669  3575  3575 D OverviewProxyService: keyguardShowing: false keyguardOccluded: false keyguardGoingAway: false bouncerShowing: false isDozing: false
06-19 23:12:57.669  3575  3575 D SysUiState: SysUiState changed: old=268435456 new=268435456
06-19 23:12:57.670 28791 28791 I InputMethodManager: Starting input: Bind result=InputBindResult{result=SUCCESS_WAITING_IME_SESSION method=null id=com.touchtype.swiftkey/com.touchtype.KeyboardService sequence=10596 virtualDisplayToScreenMatrix=null isInputMethodSuppressingSpellChecker=false}
06-19 23:12:57.670 17346 17346 D InputEventReceiver: dispatchInputInterval 1000000
06-19 23:12:57.673  2126  6007 I AGPService: PostAction
06-19 23:12:57.673 17346 17346 V InputMethod: bindInput(): binding=InputBinding{android.os.BinderProxy@31dc2cc / uid 10095 / pid 28791} ic=RemoteInputConnection{idHash=#24ace76}
06-19 23:12:57.673  4168  5067 D SrManager: front pkgs: [com.hihonor.android.launcher]
06-19 23:12:57.673  2126  6007 I AGPService: FilterAction mVotePool.size: 2 priority 1210 sceneCode 1210
06-19 23:12:57.673  2126  6007 I AGPService: FilterAction mVotePool.size: 2 priority 1210 sceneCode 1210
06-19 23:12:57.674 17346 17346 V InputMethod: startInput(): editor=android.view.inputmethod.EditorInfo@a060c77
06-19 23:12:57.674 17346 17346 V InputMethodService: CALL: doFinishInput
06-19 23:12:57.674 17346 17346 D InlineSuggestionSessionController: notifyOnFinishInput
06-19 23:12:57.674 17346 17346 V InputMethodService: CALL: onFinishInput
06-19 23:12:57.675 28791 28791 I InputMethodManager: handleMessage: MSG_SET_ACTIVE true, was false
06-19 23:12:57.675 28791 28791 I InputMethodManager: handleMessage: MSG_BIND 10596,com.touchtype.swiftkey/com.touchtype.KeyboardService
06-19 23:12:57.675 28791 28791 W InputMethodManager: startInputReason = 6
06-19 23:12:57.675 28791 28791 V InputMethodManager: Starting input: editorInfo=android.view.inputmethod.EditorInfo@54f63f9 ic=null
06-19 23:12:57.675 17346 17346 D InlineSuggestionSessionController: notifyOnStartInput: com.hihonor.android.launcher, 0
06-19 23:12:57.675 28791 28791 V InputMethodManager: Starting input: finished by someone else. view=DecorView@ff32837[UniHomeLauncher],focus=false,windowFocus=true,window=android.view.ViewRootImpl$W@f61f7fa,displayId=0,temporaryDetach=false,hasImeFocus=true servedView=DecorView@ff32837[UniHomeLauncher],focus=false,windowFocus=true,window=android.view.ViewRootImpl$W@f61f7fa,displayId=0,temporaryDetach=false,hasImeFocus=true mServedConnecting=false
06-19 23:12:57.675 17346 17346 V InputMethodService: CALL: onStartInput
06-19 23:12:57.675  2126  2150 I AGPService: FilterAction mVotePool.size: 2 priority 1210 sceneCode 1210
06-19 23:12:57.676  2361  5946 I SurfaceControl: nativeRelease 0xb4000074e46293f0 count: 2 name: Surface(name=559ceab InputMethod)/@0x9d6dd52 - animation-leash of insets_animation#117069
06-19 23:12:57.677  3575  3712 I BufferQueueProducer: [VRI[test]#5842(BLAST Consumer)5842](id:df7000016de,api:1,p:3575,c:3575) disconnect: api 1
06-19 23:12:57.677  1700  1891 I SurfaceFlinger: createLayer layername: Surface(name=559ceab InputMethod)/@0x9d6dd52 - animation-leash of insets_animation type: Layer address = 0xb400007043bd3820
06-19 23:12:57.680  2361  3480 D HwConnectivityManagerImpl: getNetworkPolicyFlag flagStr null
06-19 23:12:57.681  2361  5946 I SurfaceControl: SurfaceControl 0xb4000074e45c8810 Surface(name=559ceab InputMethod)/@0x9d6dd52 - animation-leash of insets_animation#117081
06-19 23:12:57.682  2361  3480 I HwConnectivityManagerImpl: onDnsEventAction,uid:1073,returnCode:0, latencyMs:0, netId:438, DnsCount:16, FailCount:0, mWifiNetId:437, StatEnum:0
06-19 23:12:57.682 17346 17346 W c0      : onStartInput event aborted
06-19 23:12:57.682 17346 17346 W c0      : fc0.z: could not obtain extracted text
06-19 23:12:57.682 17346 17346 W c0      : 	at fc0.w0.H(Unknown Source:329)
06-19 23:12:57.682 17346 17346 W c0      : 	at m70.y.g(Unknown Source:285)
06-19 23:12:57.682 17346 17346 W c0      : 	at m70.f3.g(Unknown Source:4)
06-19 23:12:57.682 17346 17346 W c0      : 	at com.touchtype.KeyboardService.onStartInput(Unknown Source:11)
06-19 23:12:57.682 17346 17346 W c0      : 	at android.inputmethodservice.InputMethodService.doStartInput(InputMethodService.java:3643)
06-19 23:12:57.682 17346 17346 W c0      : 	at android.inputmethodservice.InputMethodService$InputMethodImpl.startInput(InputMethodService.java:1097)
06-19 23:12:57.682 17346 17346 W c0      : 	at android.inputmethodservice.InputMethodService$InputMethodImpl.dispatchStartInput(InputMethodService.java:1126)
06-19 23:12:57.682 17346 17346 W c0      : 	at android.inputmethodservice.IInputMethodWrapper.executeMessage(IInputMethodWrapper.java:197)
06-19 23:12:57.682 17346 17346 W c0      : 	at com.android.internal.os.HandlerCaller$MyHandler.handleMessage(HandlerCaller.java:44)
06-19 23:12:57.682 17346 17346 W c0      : 	at android.os.Handler.dispatchMessage(Handler.java:117)
06-19 23:12:57.682 17346 17346 W c0      : 	at android.os.Looper.loopOnce(Looper.java:210)
06-19 23:12:57.682 17346 17346 W c0      : 	at android.os.Looper.loop(Looper.java:302)
06-19 23:12:57.682 17346 17346 W c0      : 	at android.app.ActivityThread.main(ActivityThread.java:9713)
06-19 23:12:57.682 17346 17346 W c0      : 	at java.lang.reflect.Method.invoke(Native Method)
06-19 23:12:57.682 17346 17346 W c0      : 	at com.android.internal.os.RuntimeInit$MethodAndArgsCaller.run(RuntimeInit.java:601)
06-19 23:12:57.682 17346 17346 W c0      : 	at com.android.internal.os.ZygoteInit.main(ZygoteInit.java:1062)
06-19 23:12:57.684  2361  5946 I SurfaceControl: setRelativeLayer sc:Surface(name=ImeContainer)/@0xd02ae8a,  relativeTo:Surface(name=7f166e0 com.hihonor.android.launcher/com.hihonor.android.launcher.unihome.UniHomeLauncher)/@0x1ccd4ae,  z:1
06-19 23:12:57.686  2361  3480 D HwConnectivityManagerImpl: getNetworkPolicyFlag flagStr null
06-19 23:12:57.687  1700  1891 I SurfaceControl: SurfaceControl 0xb400006f63b1d530 7f166e0 com.hihonor.android.launcher/com.hihonor.android.launcher.unihome.UniHomeLauncher#45309
06-19 23:12:57.687  1700  1891 I SurfaceControl: SurfaceControl 0xb400006f63b1add0 ActivityRecord{1979841 u0 com.hihonor.android.launcher/.unihome.UniHomeLauncher t351 mVisible=false mOccludesParent=true mode=fullscreen boundsRect(0, 0 - 1080, 2412)}#45307
06-19 23:12:57.687  1700  1891 I SurfaceControl: SurfaceControl 0xb400006f63b27710 Surface(name=559ceab InputMethod)/@0x9d6dd52 - animation-leash of insets_animation#117081
06-19 23:12:57.687  1663  6063 E ANDR-PERF-CLIENT: ANDR-PERF-CLIENT: perf_hint_private() 255: Process is Flooding request to PerfService
06-19 23:12:57.687  2361  3480 I HwConnectivityManagerImpl: onDnsEventAction,uid:1073,returnCode:0, latencyMs:0, netId:438, DnsCount:17, FailCount:0, mWifiNetId:437, StatEnum:0
06-19 23:12:57.687  2126  2150 I AGPService: NotifyExtraPolicyInfoToSF fps: 60, skipCount: 0
06-19 23:12:57.687  2126  2150 I AGPService: SendPolicyByAction isGame 0 sceneCode 1210 priority 1210 lightEnabled 0 fpsHold 0 minFps 90 maxFps 90
06-19 23:12:57.687  2361  2850 I SurfaceControl: ~SurfaceControl 0xb4000074e46293f0 Surface(name=559ceab InputMethod)/@0x9d6dd52 - animation-leash of insets_animation#117069
06-19 23:12:57.687  1700  2158 I SurfaceFlinger: setDesiredDisplayModeSpecs pid: 2126 AGP-pid: 2126
06-19 23:12:57.687  1700  1700 I RefreshRateSelector: Display 4630947158184492161 policy changed
06-19 23:12:57.687  1700  1700 I RefreshRateSelector: Previous: {defaultModeId=1, allowGroupSwitching=false, primaryRanges={physical=[60.00 Hz, 90.00 Hz], render=[60.00 Hz, 90.00 Hz]}, appRequestRanges={physical=[60.00 Hz, 90.00 Hz], render=[60.00 Hz, 90.00 Hz]}}
06-19 23:12:57.687  1700  1700 I RefreshRateSelector: Current:  DisplayManagerPolicy{defaultModeId=0, allowGroupSwitching=false, primaryRanges={physical=[90.00 Hz, 90.00 Hz], render=[90.00 Hz, 90.00 Hz]}, appRequestRanges={physical=[90.00 Hz, 90.00 Hz], render=[90.00 Hz, 90.00 Hz]}}
06-19 23:12:57.687  1700  1700 I RefreshRateSelector: 0 mode changes were performed under the previous policy
06-19 23:12:57.688  1700  1700 I SurfaceFlinger: Switching to Scheduler preferred mode 0 (90.00 Hz)
06-19 23:12:57.688  1700  1700 I SurfaceFlinger: setContentFps (90)
06-19 23:12:57.688  1700  1700 W ComposerExtn: DisplayExtnImpl::SetActiveConfig: HWC Display 0 is not registered!
06-19 23:12:57.688  1700  1700 I Layer   : [setRelativeLayer] [ImeContainer#12] setRelativeLayer z = 1, relativeZ = 1
06-19 23:12:57.688 28791 31164 I SurfaceControl: SurfaceControl 0xb4000074e45fb950 Surface(name=69fffd0 NavigationBar0)/@0xc4b2e34 - animation-leash of insets_animation#117072
06-19 23:12:57.688 28791 31164 I SurfaceControl: SurfaceControl 0xb4000074e45ebc70 Surface(name=17e14ef StatusBar)/@0x4a2b91e - animation-leash of insets_animation#117073
06-19 23:12:57.688  1700  1700 I Layer   : [reparent] [Surface(name=559ceab InputMethod)/@0x9d6dd52 - animation-leash of insets_animation#117069] newParent is null [0xb400007043c7dab0]
06-19 23:12:57.688 28791 31164 I SurfaceControl: SurfaceControl 0xb4000074e4629a10 Surface(name=559ceab InputMethod)/@0x9d6dd52 - animation-leash of insets_animation#117081
06-19 23:12:57.689  1700  1700 I SurfaceControl: ~SurfaceControl 0xb400006f63b27710 Surface(name=559ceab InputMethod)/@0x9d6dd52 - animation-leash of insets_animation#117081
06-19 23:12:57.689  1700  1700 I SurfaceControl: ~SurfaceControl 0xb400006f63b1add0 ActivityRecord{1979841 u0 com.hihonor.android.launcher/.unihome.UniHomeLauncher t351 mVisible=false mOccludesParent=true mode=fullscreen boundsRect(0, 0 - 1080, 2412)}#45307
06-19 23:12:57.689  1700  1700 I SurfaceControl: ~SurfaceControl 0xb400006f63b1d530 7f166e0 com.hihonor.android.launcher/com.hihonor.android.launcher.unihome.UniHomeLauncher#45309
06-19 23:12:57.689 28791 28791 I SurfaceControl: nativeRelease 0xb4000074e4604710 count: 1 name: Surface(name=69fffd0 NavigationBar0)/@0xc4b2e34 - animation-leash of insets_animation#117072
06-19 23:12:57.689 28791 28791 I SurfaceControl: ~SurfaceControl 0xb4000074e4604710 Surface(name=69fffd0 NavigationBar0)/@0xc4b2e34 - animation-leash of insets_animation#117072
06-19 23:12:57.689 28791 28791 I SurfaceControl: nativeRelease 0xb4000074e45ec7d0 count: 1 name: Surface(name=17e14ef StatusBar)/@0x4a2b91e - animation-leash of insets_animation#117073
06-19 23:12:57.689 28791 28791 I SurfaceControl: ~SurfaceControl 0xb4000074e45ec7d0 Surface(name=17e14ef StatusBar)/@0x4a2b91e - animation-leash of insets_animation#117073
06-19 23:12:57.690  2126  2150 I AGPService: RefreshRateActionHandle 2900, 1
06-19 23:12:57.690  2126  2150 I AGPService: FilterAction mVotePool.size: 2 priority 1210 sceneCode 1210
06-19 23:12:57.690  2126  2150 I AGPService: RefreshRateActionHandle currAppStrategy name 3, lightLimit 0, minFps 90, maxFps 90 refreshMinFps 60
06-19 23:12:57.690  2126  2150 I AGPService: AddAciton sceneCode 2900
06-19 23:12:57.690  2126  2150 I AGPService: DisableActionLoop
06-19 23:12:57.690  2126  2150 I AGPService: PostAction
06-19 23:12:57.690  2126  2150 I AGPService: FilterAction mVotePool.size: 3 priority 2900 sceneCode 2900
06-19 23:12:57.690  2361  3480 D HwConnectivityManagerImpl: getNetworkPolicyFlag flagStr null
06-19 23:12:57.690  2126  2150 I AGPService: FilterAction mVotePool.size: 3 priority 2900 sceneCode 2900
06-19 23:12:57.690  2126  2150 I AGPService: NotifyExtraPolicyInfoToSF fps: 60, skipCount: 0
06-19 23:12:57.690  2126  2150 I AGPService: SendPolicyByAction isGame 0 sceneCode 2900 priority 2900 lightEnabled 0 fpsHold 0 minFps 90 maxFps 90
06-19 23:12:57.690  1700  4460 I SurfaceFlinger: setDesiredDisplayModeSpecs pid: 2126 AGP-pid: 2126
06-19 23:12:57.690 14195 14195 I SurfaceControl: nativeRelease 0xb4000074e45996b0 count: 1 name: Surface(name=559ceab InputMethod)/@0x9d6dd52 - animation-leash of insets_animation#117069
06-19 23:12:57.690 14195 14195 I SurfaceControl: ~SurfaceControl 0xb4000074e45996b0 Surface(name=559ceab InputMethod)/@0x9d6dd52 - animation-leash of insets_animation#117069
06-19 23:12:57.690 17346 17346 I InputMethodService: removeImeSurface: window begin to be hidden.
06-19 23:12:57.690 17346 17346 I DecorView[InputMethod]: set decor visibility 8
06-19 23:12:57.690  2361  3480 I HwConnectivityManagerImpl: onDnsEventAction,uid:1073,returnCode:0, latencyMs:0, netId:438, DnsCount:18, FailCount:0, mWifiNetId:437, StatEnum:0
06-19 23:12:57.690  1700  2483 I SurfaceFlinger: createLayer layername: Surface(name=ab36a05 Splash Screen com.example.testeableapp.test)/@0x815d78e - animation-leash of window_animation type: Layer address = 0xb400007043c76b90
06-19 23:12:57.692  1663  6059 E ANDR-PERF-CLIENT: ANDR-PERF-CLIENT: perf_hint_private() 255: Process is Flooding request to PerfService
06-19 23:12:57.692  2361  6404 I SurfaceControl: SurfaceControl 0xb4000074e4627470 Surface(name=ab36a05 Splash Screen com.example.testeableapp.test)/@0x815d78e - animation-leash of window_animation#117082
06-19 23:12:57.696  1700  2483 I SurfaceControl: SurfaceControl 0xb400006f63b04550 Surface(name=ab36a05 Splash Screen com.example.testeableapp.test)/@0x815d78e - animation-leash of window_animation#117082
06-19 23:12:57.697  3847 14999 D NetworkMonitor/438: PROBE_DNS developers.google.cn 91ms OK 142.251.211.227
06-19 23:12:57.698 23853 23905 I AutoThumbnailCache: start immediate decoding.
06-19 23:12:57.699  1700  1700 I Layer   : [setLayer] [Surface(name=ab36a05 Splash Screen com.example.testeableapp.test)/@0x815d78e - animation-leash of window_animation#117082] setlayer z = 2147483647
06-19 23:12:57.699  1700  1700 I Layer   : [setLayer] [ab36a05 Splash Screen com.example.testeableapp.test#117053] setlayer z = 2147483647
06-19 23:12:57.699  1700  1700 I Layer   : ~Layer layername: Surface(name=559ceab InputMethod)/@0x9d6dd52 - animation-leash of insets_animation#117069 address = 0xb400007043c7dab0
06-19 23:12:57.699  1700  1700 I SurfaceFlinger: [onLayerDestroyed] [Surface(name=559ceab InputMethod)/@0x9d6dd52 - animation-leash of insets_animation#117069] address:0xb400007043c7dab0 has destroyed
06-19 23:12:57.700  1700  1700 I SurfaceControl: ~SurfaceControl 0xb400006f63b04550 Surface(name=ab36a05 Splash Screen com.example.testeableapp.test)/@0x815d78e - animation-leash of window_animation#117082
06-19 23:12:57.700  1700  1976 I Scheduler: touchTimerCallback timer change to TimerState: Reset
06-19 23:12:57.702  3575  3698 I SurfaceControl: nativeRelease 0xb4000074e462ba70 count: 2 name: Splash Screen com.example.testeableapp.test#117054
06-19 23:12:57.702  3575  3698 I BufferQueueConsumer: [VRI[test]#5842(BLAST Consumer)5842](id:df7000016de,api:0,p:-1,c:3575) disconnect
06-19 23:12:57.703  3575  3698 I SurfaceControl: ~SurfaceControl 0xb4000074e462ba70 Splash Screen com.example.testeableapp.test#117054
06-19 23:12:57.704  3575  3698 W WindowOnBackDispatcher: sendCancelIfRunning: isInProgress=falsecallback=android.view.ViewRootImpl$$ExternalSyntheticLambda20@979f1e3
06-19 23:12:57.704  1617 13041 I sensors-hal: handle_sns_std_sensor_event:275, ambient_light_event: ts=739200905298973, lux = 0, raw_adc=64, raw_2=128
06-19 23:12:57.708  2361  3167 I SurfaceControl: nativeRelease 0xb4000074e46279b0 count: 2 name: Surface(name=c24ee5 com.example.testeableapp.test/androidx.test.core.app.InstrumentationActivityInvoker$EmptyActivity)/@0xd3dbb55 - animation-leash of starting_reveal#117066
06-19 23:12:57.708  2361  3167 W InputManager-JNI: Input channel object 'ab36a05 Splash Screen com.example.testeableapp.test (client)' was disposed without first being removed with the input manager!
06-19 23:12:57.709  3847 15002 D NetworkMonitor/438: PROBE_DNS developers.google.cn 108ms OK 142.251.211.227
06-19 23:12:57.715  2361  3480 D HwConnectivityManagerImpl: getNetworkPolicyFlag flagStr null
06-19 23:12:57.719  4168  4848 I AppFasManager: set fas when optimze changed :
06-19 23:12:57.719  1700  1891 I SurfaceControl: SurfaceControl 0xb400006f63b04550 ActivityRecord{1dd72aa u0 com.example.testeableapp.test/androidx.test.core.app.InstrumentationActivityInvoker$EmptyActivity t905 mVisible=false mOccludesParent=true mode=fullscreen boundsRect(0, 0 - 1080, 2412)}#117050
06-19 23:12:57.719  2361  3167 I SurfaceControl: ~SurfaceControl 0xb4000074e46279b0 Surface(name=c24ee5 com.example.testeableapp.test/androidx.test.core.app.InstrumentationActivityInvoker$EmptyActivity)/@0xd3dbb55 - animation-leash of starting_reveal#117066
06-19 23:12:57.721  2361  3480 I HwConnectivityManagerImpl: onDnsEventAction,uid:1073,returnCode:0, latencyMs:3, netId:438, DnsCount:19, FailCount:0, mWifiNetId:437, StatEnum:0
06-19 23:12:57.722  1700  1700 I Layer   : [setLayer] [ab36a05 Splash Screen com.example.testeableapp.test#117053] setlayer z = 2147483647
06-19 23:12:57.722  1700  1700 I Layer   : [reparent] [Surface(name=c24ee5 com.example.testeableapp.test/androidx.test.core.app.InstrumentationActivityInvoker$EmptyActivity)/@0xd3dbb55 - animation-leash of starting_reveal#117066] newParent is null [0xb400007043bf2c30]
06-19 23:12:57.722  1700  1700 I SurfaceControl: ~SurfaceControl 0xb400006f63b04550 ActivityRecord{1dd72aa u0 com.example.testeableapp.test/androidx.test.core.app.InstrumentationActivityInvoker$EmptyActivity t905 mVisible=false mOccludesParent=true mode=fullscreen boundsRect(0, 0 - 1080, 2412)}#117050
06-19 23:12:57.731  1637  1637 D HW_DISPLAY_TEST: display_get_fps: Get FPS successful
06-19 23:12:57.732  1637  1637 E HW_DISPLAY_TEST: get_active_panel: panel index: 0
06-19 23:12:57.732  1637  1637 D HW_DISPLAY_TEST: display_get_fps: open file /sys/class/graphics/fb0/lcd_fps_scence:0:current_fps:90;default_fps:90;support_fps_list:90,60,50,48,30;current_index:0
06-19 23:12:57.732  1637  1637 D HW_DISPLAY_TEST:  success
06-19 23:12:57.732  3575  3698 I SurfaceControl: nativeRelease 0xb4000074e4601450 count: 3 name: Surface(name=c24ee5 com.example.testeableapp.test/androidx.test.core.app.InstrumentationActivityInvoker$EmptyActivity)/@0xd3dbb55 - animation-leash of starting_reveal#117066
06-19 23:12:57.733  2126  2154 I AGPService: FilterAction mVotePool.size: 3 priority 2900 sceneCode 2900
06-19 23:12:57.735  1663  6059 E ANDR-PERF-CLIENT: ANDR-PERF-CLIENT: perf_hint_private() 255: Process is Flooding request to PerfService
06-19 23:12:57.752  2361  3480 D HwConnectivityManagerImpl: getNetworkPolicyFlag flagStr null
06-19 23:12:57.753  2361  3480 I HwConnectivityManagerImpl: onDnsEventAction,uid:1073,returnCode:0, latencyMs:0, netId:438, DnsCount:20, FailCount:0, mWifiNetId:437, StatEnum:0
06-19 23:12:57.766 10991 11006 I gle.android.gms: CollectorTransition concurrent mark compact GC freed 14MB AllocSpace bytes, 30(1176KB) LOS objects, 49% free, 23MB/47MB, paused 2.014ms,30.926ms total 898.555ms
06-19 23:12:57.767  3847 15001 D NetworkMonitor/438: PROBE_DNS www.google.com 164ms OK 142.251.156.119,142.251.153.119,142.251.152.119,142.251.155.119,142.251.154.119,142.251.150.119,142.251.151.119,142.251.157.119
06-19 23:12:57.772 13974 13974 D LifecycleMonitor: Lifecycle status change: com.example.testeableapp.MainActivity@35e9002 in: DESTROYED
06-19 23:12:57.773 13974 13974 V ActivityScenario: Update currentActivityStage to DESTROYED, currentActivity=null
06-19 23:12:57.774 13974 13974 W WindowOnBackDispatcher: sendCancelIfRunning: isInProgress=falsecallback=android.view.ViewRootImpl$$ExternalSyntheticLambda20@9d294d3
06-19 23:12:57.776 13974 13974 D HiTouch_PressGestureDetector: onDetached:false
06-19 23:12:57.779  2361  3706 W InputManager-JNI: Input channel object 'ab13ffc com.example.testeableapp/com.example.testeableapp.MainActivity (client)' was disposed without first being removed with the input manager!
06-19 23:12:57.780  2361  3706 I SurfaceControl: nativeRelease 0xb4000074e462c4f0 count: 2 name: com.example.testeableapp/com.example.testeableapp.MainActivity#117043
06-19 23:12:57.780  2361  3706 I SurfaceControl: nativeRelease 0xb4000074e45c1ab0 count: 2 name: ab13ffc com.example.testeableapp/com.example.testeableapp.MainActivity#117038
06-19 23:12:57.781  1666  1838 E ANDR-PERF-OPTSHANDLER: ANDR-PERF-OPTSHANDLER: modify_sysfsnode() 1149: Perflock resource /sys/devices/system/cpu/bus_dcvs/L3/soc:qcom,memlat:l3:prime/min_freq not supported
06-19 23:12:57.781  1666  1838 E ANDR-PERF-RESOURCEQS: ANDR-PERF-RESOURCEQS: RemoveAndApply() 292: Failed to reset optimization here [13, 22]
06-19 23:12:57.781  1666  1838 E ANDR-PERF-OPTSHANDLER: ANDR-PERF-OPTSHANDLER: modify_sysfsnode() 1149: Perflock resource /dev/stune/top-app/schedtune.boost not supported
06-19 23:12:57.781  1666  1838 E ANDR-PERF-RESOURCEQS: ANDR-PERF-RESOURCEQS: RemoveAndApply() 292: Failed to reset optimization here [3, 28]
06-19 23:12:57.781  3847 14998 D NetworkMonitor/438: PROBE_DNS connectivitycheck.gstatic.com 174ms OK 142.251.211.227
06-19 23:12:57.785  2361  3480 D HwConnectivityManagerImpl: getNetworkPolicyFlag flagStr null
06-19 23:12:57.786  2361  3480 I HwConnectivityManagerImpl: onDnsEventAction,uid:1073,returnCode:0, latencyMs:63, netId:438, DnsCount:21, FailCount:0, mWifiNetId:437, StatEnum:0
06-19 23:12:57.787 19656 19656 E afehal_info: ioctrl_get_frame:[1781932377503][T:1781932377.787727]ioctrl_get_frame 144:ioctrl_get_frame err ret = -1
06-19 23:12:57.787 19656 19656 E afehal_info: get_ioctr_frame:[1781932377503][T:1781932377.787872]get_ioctr_frame 626:ioctrl_get_frame error return NULL
06-19 23:12:57.787 19656 19656 E aptouch_daemon: update_frame, thp_afe_get_frame return nullptr
06-19 23:12:57.793  2361  3706 I SurfaceControl: ~SurfaceControl 0xb4000074e462c4f0 com.example.testeableapp/com.example.testeableapp.MainActivity#117043
06-19 23:12:57.793  2361  3706 I SurfaceControl: ~SurfaceControl 0xb4000074e45c1ab0 ab13ffc com.example.testeableapp/com.example.testeableapp.MainActivity#117038
06-19 23:12:57.799  2361  6404 I SurfaceControl: nativeRelease 0xb4000074e45c11f0 count: 2 name: ActivityRecord{d070559 u0 com.example.testeableapp/.MainActivity t904 mVisible=false mOccludesParent=true mode=fullscreen boundsRect(0, 0 - 1080, 2412)}#117035
06-19 23:12:57.800  1700  1700 I Layer   : [reparent] [com.example.testeableapp/com.example.testeableapp.MainActivity#117043] newParent is null [0xb400007043cb53b0]
06-19 23:12:57.800  1700  1700 I Layer   : [reparent] [ab13ffc com.example.testeableapp/com.example.testeableapp.MainActivity#117038] newParent is null [0xb400007043c26da0]
06-19 23:12:57.800  1700  1700 I Layer   : [setLayer] [ab36a05 Splash Screen com.example.testeableapp.test#117053] setlayer z = 2147483647
06-19 23:12:57.802 13974 14097 D IdlingRegistry: Unregistering idling resources: [androidx.compose.ui.test.EspressoLink@d8fdfd9]
06-19 23:12:57.805  2361  3480 D HwConnectivityManagerImpl: getNetworkPolicyFlag flagStr null
06-19 23:12:57.808  2361  3480 I HwConnectivityManagerImpl: onDnsEventAction,uid:1073,returnCode:0, latencyMs:2, netId:438, DnsCount:22, FailCount:0, mWifiNetId:437, StatEnum:0
06-19 23:12:57.808  2361  3480 D HwConnectivityManagerImpl: getNetworkPolicyFlag flagStr null
06-19 23:12:57.809  2361  6404 I SurfaceControl: nativeRelease 0xb4000074e45c50f0 count: 4 name: Task=904#117034
06-19 23:12:57.810  1700  2483 I SurfaceFlinger: createLayer layername: Task=904 type: Layer address = 0xb400007043c00a70
06-19 23:12:57.810  2361  3480 I HwConnectivityManagerImpl: onDnsEventAction,uid:1073,returnCode:0, latencyMs:12, netId:438, DnsCount:23, FailCount:0, mWifiNetId:437, StatEnum:0
06-19 23:12:57.811  1700  1700 I Layer   : ~Layer layername: ab13ffc com.example.testeableapp/com.example.testeableapp.MainActivity#117038 address = 0xb400007043c26da0
06-19 23:12:57.811  1700  1700 I SurfaceFlinger: [onLayerDestroyed] [ab13ffc com.example.testeableapp/com.example.testeableapp.MainActivity#117038] address:0xb400007043c26da0 has destroyed
06-19 23:12:57.811  2361  6404 I SurfaceControl: SurfaceControl 0xb4000074e4626750 Task=904#117083
06-19 23:12:57.812  2361  6404 I SurfaceControl: setWindowCrop sc Surface(name=Task=904)/@0x9cce3cb width 1080 height 2412 callers com.android.server.wm.Task.updateSurfaceSize:3279 com.android.server.wm.Task.migrateToNewSurfaceControl:3231 com.android.server.wm.TaskOrganizerController$TaskOrganizerState.removeTask:563 com.android.server.wm.TaskOrganizerController$TaskOrganizerState.-$$Nest$mremoveTask:0
06-19 23:12:57.812  2361  6404 I SurfaceControl: nativeRelease 0xb4000074e4626750 count: 2 name: Task=904#117083
06-19 23:12:57.816  2361  2850 I SurfaceControl: ~SurfaceControl 0xb4000074e45c11f0 ActivityRecord{d070559 u0 com.example.testeableapp/.MainActivity t904 mVisible=false mOccludesParent=true mode=fullscreen boundsRect(0, 0 - 1080, 2412)}#117035
06-19 23:12:57.816  2361  2850 I SurfaceControl: ~SurfaceControl 0xb4000074e4626750 Task=904#117083
06-19 23:12:57.818  2361  2850 I SurfaceControl: nativeRelease 0xb4000074e4627470 count: 2 name: Surface(name=ab36a05 Splash Screen com.example.testeableapp.test)/@0x815d78e - animation-leash of window_animation#117082
06-19 23:12:57.819  2361  2850 I SurfaceControl: nativeRelease 0xb4000074e45ac110 count: 3 name: Splash Screen com.example.testeableapp.test#117054
06-19 23:12:57.821  2361  2850 I SurfaceControl: nativeRelease 0xb4000074e45c4830 count: 4 name: ab36a05 Splash Screen com.example.testeableapp.test#117053
06-19 23:12:57.822  1700  1700 I Layer   : [reparent] [ActivityRecord{d070559 u0 com.example.testeableapp/.MainActivity t904 mVisible=false mOccludesParent=true mode=fullscreen boundsRect(0, 0 - 1080, 2412)}#117035] newParent is null [0xb400007043ccd8a0]
06-19 23:12:57.822  1700  1700 I Layer   : [reparent] [Task=904#117034] newParent is null [0xb400007043c6fc70]
06-19 23:12:57.822  1700  1700 I Layer   : [setLayer] [Task=904#117083] setlayer z = 3
06-19 23:12:57.822  1700  1700 I Layer   : [reparent] [Task=904#117083] newParent is null [0xb400007043c00a70]
06-19 23:12:57.822  1700  1700 I Layer   : [reparent] [Splash Screen com.example.testeableapp.test#117054] newParent is null [0xb400007043c0b120]
06-19 23:12:57.826  2361  2850 I SurfaceControl: ~SurfaceControl 0xb4000074e4627470 Surface(name=ab36a05 Splash Screen com.example.testeableapp.test)/@0x815d78e - animation-leash of window_animation#117082
06-19 23:12:57.826  2361  2850 I SurfaceControl: ~SurfaceControl 0xb4000074e45ac110 Splash Screen com.example.testeableapp.test#117054
06-19 23:12:57.831 10991 11008 W gle.android.gms: ApkAssets: Deleting an ApkAssets object '<empty> and /data/app/~~-cZTnLJkxEmkYD1na42J8w==/com.example.testeableapp-vo6c1HKMeKWtXTTHNReR7w==/base.apk' with 1 weak references
06-19 23:12:57.832 13974 14097 I TestRunner: finished: tituloDeLaApp_esVisible(com.example.testeableapp.RestaurantOrderTest)
