06-19 23:12:50.742  2361  3480 D HwConnectivityManagerImpl: getNetworkPolicyFlag flagStr null
06-19 23:12:50.743  1700  2158 I SurfaceFlinger: createLayer layername: com.hihonor.android.launcher/com.hihonor.android.launcher.unihome.UniHomeLauncher type: Layer address = 0xb400007043c12040
06-19 23:12:50.743  2361  3480 I HwConnectivityManagerImpl: onDnsEventAction,uid:10182,returnCode:0, latencyMs:12, netId:438, DnsCount:88, FailCount:0, mWifiNetId:437, StatEnum:0
06-19 23:12:50.744  4183  4497 D SmartDualCardConfig: getAppType,pkgName=com.example.testeableapp.test,appType=-1
06-19 23:12:50.744  4183  4497 E SmartDualCardConfig: isAppInBlackList false,items==null
06-19 23:12:50.744  4183  4497 I SmartDualCardConfig: isAppInWhiteList false,uid=10271
06-19 23:12:50.744  4183  4497 I LowLatencyMode: handleApkInBackground packageName: com.example.testeableapp.test, foregroundWhiteListApkSet: []
06-19 23:12:50.744  4183  4497 I NetworkQoe: checkAppStatInfoDelay:no app foreground
06-19 23:12:50.744  4183  4497 I NetworkQoe: setNetworkQoeEnable:false,status=32,mNetworkQoeConditions=254
06-19 23:12:50.744  4183  4497 I NetworkQoe: sendCellularQoeCollectStopMsg, actionid = 1026
06-19 23:12:50.746  2361  5212 I SurfaceControl: SurfaceControl 0xb4000074e4639450 com.hihonor.android.launcher/com.hihonor.android.launcher.unihome.UniHomeLauncher#116921
06-19 23:12:50.747  4168 14141 I PGActivityLifecycle: Reset cpu scene to DEFAULT_CPU_SCENE, pkg=com.hihonor.android.launcher, lifecycle=RESUME
06-19 23:12:50.747  4168  4848 D ScenarioService: front pkg : com.hihonor.android.launcher launcher: true
06-19 23:12:50.747  4168  4848 I AppsUsage: scnOff:false fgAPP:com.hihonor.android.launcher
06-19 23:12:50.747  4168  5065 I PG_ash  : front pkg : com.hihonor.android.launcher
06-19 23:12:50.748  4168  5065 D MediaNetCtrl: handleAppFgchanged, pkg is: com.hihonor.android.launcher policy is: 0
06-19 23:12:50.748  4183 23886 I Hicom_Monitor: mActivityNotifierEx, className = com.hihonor.android.launcher.unihome.UniHomeLauncher
06-19 23:12:50.748  4168  5140 I PGServer: report state:10000 event type:2 pid:0 uid:0 pkg:com.example.testeableapp.test to pid: 2361
06-19 23:12:50.748  4183 23886 I Hicom_Monitor: notifyForegroundAppActivityChanged: className:com.hihonor.android.launcher.unihome.UniHomeLauncher
06-19 23:12:50.749  4168  5140 I PGServer: report state:10000 event type:2 pid:0 uid:0 pkg:com.example.testeableapp.test to pid: 4183
06-19 23:12:50.749  4168  5140 I PGServer: report state:10000 event type:2 pid:0 uid:0 pkg:com.example.testeableapp.test to pid: 4168
06-19 23:12:50.749  4168  5140 I PGServer: report state:10010 event type:1 pid:0 uid:0 pkg:com.hihonor.android.launcher to pid: 2361
06-19 23:12:50.749  4168  5140 I PGServer: report state:10010 event type:1 pid:0 uid:0 pkg:com.hihonor.android.launcher to pid: 4183
06-19 23:12:50.749  4168  5140 I PGServer: report state:10010 event type:1 pid:0 uid:0 pkg:com.hihonor.android.launcher to pid: 4168
06-19 23:12:50.749  4168  4176 I PGServer: checkPkgType. calling pkg: android
06-19 23:12:50.750  4168  4268 I ApsSceneByActivity: APS: APK: IHwActivityNotifierEx packageName = com.hihonor.android.launcher className = com.hihonor.android.launcher.unihome.UniHomeLauncher; state = onResume
06-19 23:12:50.750  4168  4176 I PGServer: checkPkgType. calling pkg: android
06-19 23:12:50.750  4168  4268 I ApsSceneByActivity: APS: APK: processActivityChanged: activityName = com.hihonor.android.launcher.unihome.UniHomeLauncher
06-19 23:12:50.751  4183  4943 E SmartNetworkManager: handleForegroundAppChanged pkgName is null
06-19 23:12:50.751  4168  4268 D ApsDynamicCameraFps: APS: APK: handleSpecialCameraState:0
06-19 23:12:50.751  4168  4268 I ApsAGPAdapter: APS: APK: ApsAGPAdapter: ActivityFpsByMode changed and mode = 0
06-19 23:12:50.751  2361  5212 I SurfaceControl: nativeRelease 0xb4000074e463b210 count: 2 name: Surface(name=69fffd0 NavigationBar0)/@0xc4b2e34 - animation-leash of insets_animation#116916
06-19 23:12:50.751  4168  4425 D ApsDynamicCameraFps: APS: APK: handleMessage: msg.what: 0
06-19 23:12:50.751  4168  4425 I ApsAGPAdapter: APS: APK: ApsAGPAdapter: camera changed and mode = 0
06-19 23:12:50.752  1700  1889 I SurfaceFlinger: createLayer layername: Surface(name=69fffd0 NavigationBar0)/@0xc4b2e34 - animation-leash of insets_animation type: Layer address = 0xb400007043c0b120
06-19 23:12:50.753  2361  5212 I SurfaceControl: SurfaceControl 0xb4000074e45d4f90 Surface(name=69fffd0 NavigationBar0)/@0xc4b2e34 - animation-leash of insets_animation#116922
06-19 23:12:50.753  7142  7283 E fb4a.msys: E[N 1283]errorHandlerDispatched(198)=>262/1283/3347/-1
06-19 23:12:50.753  2361  5212 I SurfaceControl: nativeRelease 0xb4000074e45acb90 count: 2 name: Surface(name=17e14ef StatusBar)/@0x4a2b91e - animation-leash of insets_animation#116917
06-19 23:12:50.754  1700  2483 I SurfaceFlinger: createLayer layername: Surface(name=17e14ef StatusBar)/@0x4a2b91e - animation-leash of insets_animation type: Layer address = 0xb400007043c9cec0
06-19 23:12:50.754  2361  3674 D HwConnectivityManagerImpl: startappqoednscollection action =1timer =1000
06-19 23:12:50.756  1700  1700 I Layer   : [setLayer] [1e7e10 Splash Screen com.example.testeableapp#116887] setlayer z = 2147483647
06-19 23:12:50.756  1700  1700 I Layer   : [setLayer] [a6cece1 Splash Screen com.example.testeableapp.test#116904] setlayer z = 2147483647
06-19 23:12:50.756  1700  1700 I Layer   : ~Layer layername: [Gesture Monitor] swipe-up#116871 address = 0xb400007043b75bf0
06-19 23:12:50.756  1700  1700 I SurfaceFlinger: [onLayerDestroyed] [[Gesture Monitor] swipe-up#116871] address:0xb400007043b75bf0 has destroyed
06-19 23:12:50.757  4183  4497 E Booster_Jni: NetlinkInitCant:create netlink socket,error:Protocol not supported
06-19 23:12:50.757  4183  4497 E Booster_Jni: sendDataToKernel:socket open fail
06-19 23:12:50.759 13346 13457 W TraceLog: onQueueInputBuffer(c2.android.aac.encoder:0xb40000759a5aa900) Queued: 49.2/s Done: 46.3/s Rendered: 0.0/s Discarded: 46.3/s
06-19 23:12:50.759  4183  4497 D SmartDualCardConfig: getAppType,pkgName=com.example.testeableapp.test,appType=-1
06-19 23:12:50.760  2361  5212 I SurfaceControl: SurfaceControl 0xb4000074e4627fd0 Surface(name=17e14ef StatusBar)/@0x4a2b91e - animation-leash of insets_animation#116923
06-19 23:12:50.760  4183  4497 D SmartDualCardConfig: getAppType,pkgName=com.example.testeableapp.test,appType=-1
06-19 23:12:50.761  4183  4497 E SmartDualCardConfig: isAppInBlackList false,items==null
06-19 23:12:50.761  4183  4497 I SmartDualCardSM: onUidStateUpdate,uid=10271,appName=com.example.testeableapp.test,state=BACKGROUND
06-19 23:12:50.761  4183  4497 I SmartDualCardConfig: removeAppFromList,after remove,size()=0,uid=10271
06-19 23:12:50.761  9860  9880 W AWARENESS_AmsRegister: state : onResume comp : ComponentInfo{com.hihonor.android.launcher/com.hihonor.android.launcher.unihome.UniHomeLauncher} taskId : 351callingPackage:launchMode:-1processUid_act:0
06-19 23:12:50.761  2361  5212 D ZrHung.AppEyeFocusWindow: FocusWindowErrorScene cancelCheckFreezeScreen
06-19 23:12:50.762  2361  5212 D ZrHung.AppEyeTransparentWindow: TransparentWindow mHungConfigStatus = 0,mHungConfigEnable = 1
06-19 23:12:50.762  2361  5212 I SurfaceControl: nativeRelease 0xb4000074e45bdbb0 count: 1 name: com.hihonor.android.launcher/com.hihonor.android.launcher.unihome.UniHomeLauncher#116921
06-19 23:12:50.762  2361  5212 I SurfaceControl: ~SurfaceControl 0xb4000074e45bdbb0 com.hihonor.android.launcher/com.hihonor.android.launcher.unihome.UniHomeLauncher#116921
06-19 23:12:50.763 28791 28791 I SurfaceControl: SurfaceControl 0xb4000074e45c0af0 com.hihonor.android.launcher/com.hihonor.android.launcher.unihome.UniHomeLauncher#116921
06-19 23:12:50.762  4442  4902 E HSC_BG_MaliciousDBHelper: list is empty
06-19 23:12:50.763  4442  4902 E HSC_BG_SecurityThreatsService: notifyRiskAppWhenStartUp optional is present.
06-19 23:12:50.763  4183  4497 D SmartDualCardConfig: getAppType,pkgName=com.example.testeableapp.test,appType=-1
06-19 23:12:50.763  4183  4497 I SmartDualCardSM: updateAppState mAppState=1
06-19 23:12:50.763  4183  4497 I SmartDualCardChrManager: handleForegroundAppUpdateMsg,mAppState=2,scenes=1,mForegroundAppName=com.example.testeableapp.test
06-19 23:12:50.763  4183  4497 I NetworkQoeChr: checkForegroundApp timer start com.hihonor.android.launcher
06-19 23:12:50.763  4183  4497 I NetworkQoeChr: end qoe report
06-19 23:12:50.763 28791 28791 I BufferQueueConsumer: [](id:7077000003ab,api:0,p:-1,c:28791) connect: controlledByApp=false
06-19 23:12:50.763  4183  4497 I UidCloseNrStateMachine: enter uidStateChanged, ForeGrountApp=com.hihonor.android.launcher, mIsCallOn=false, mIsUsbPlugged=true, openLowPowerSwitch=true, QoeSlowState=false, powerMode=1, isSpeedSensitivityApp=false
06-19 23:12:50.763  4183  4497 D KitQoeManager: com.hihonor.android.launcher, mForeActivityName com.hihonor.android.launcher.unihome.UniHomeLauncher
06-19 23:12:50.764  4183  4497 I NetworkQoe: onAppStateChanged: mForeAppUid=10095, packageName:com.hihonor.android.launcher
06-19 23:12:50.764  4183  4497 I NetworkQoeRes: handleAppStateChanged: ActivityUid=10095
06-19 23:12:50.764  4183  4497 D Booster_SelfCureManager: handleMessage: msg.what: 38
06-19 23:12:50.764  4183  4193 I or.systemserver: Background young concurrent mark compact GC freed 4064KB AllocSpace bytes, 10(456KB) LOS objects, 46% free, 4937KB/9146KB, paused 542us,5.687ms total 136.617ms
06-19 23:12:50.765  1660  1799 E DMABUFHEAPS: DmabufAlloc size=10592256 openTime=0 allocTime=22
06-19 23:12:50.765 28791 28859 I BufferQueueProducer: [VRI[UniHomeLauncher]#936(BLAST Consumer)936](id:7077000003ab,api:0,p:-1,c:28791) connect: api=1 producerControlledByApp=true
06-19 23:12:50.765 28791 28859 E OpenGLRenderer: Unable to match the desired swap behavior.
06-19 23:12:50.766  4183  4497 D SmartDualCardConfig: getAppType,pkgName=com.hihonor.android.launcher,appType=28
06-19 23:12:50.766  4183  4497 E SmartDualCardConfig: isAppInBlackList false,items==null
06-19 23:12:50.766  4183  4497 I SmartDualCardConfig: isAppInWhiteList false,uid=10095
06-19 23:12:50.766  4183  4497 I SmartDualCardSM: IdleState:got msg.what=EVENT_APP_MOVE_BACKGROUND
06-19 23:12:50.766  7142  7283 E fb4a.msys: E[N MCCWCITransportRaceImpl]_TransportStreamDisconnectHandler(1118)=>All transports failed
06-19 23:12:50.766  4183  4497 I SmartDualCardSM: startAppBackgroundTimer
06-19 23:12:50.766  4183  4497 D NetworkQoe: handleShortVideoMonitorMsg:app=0
06-19 23:12:50.766  4183  4497 D NetworkQoe: handleVoipCallMonitorMsg: mTopActivity=0
06-19 23:12:50.766  4183  4497 I NetworkQoeConfig: wechatDectectionSwitch=1
06-19 23:12:50.766  7142  7283 E fb4a.msys: E[N MCCWCITransportRaceImpl]_LogRaceFail(229)=>Race FAILED: socketFailedToConnect=true, errorCode=2, total=83.1ms, dgw=82.8ms, liger=45.0ms
06-19 23:12:50.767  2361  3223 E RtgSchedIpcFile: setCommandByIoctl not opened
06-19 23:12:50.767 28791 28791 W HnLauncher: RightTopMarkUpdaterManager checkNotificationState: currentState is false PackageName ComponentInfo{com.android.chrome/com.google.android.apps.chrome.Main} userId 0
06-19 23:12:50.768 28791 28791 W HnLauncher: RightTopMarkUpdaterManager checkNotificationState: currentState is false PackageName ComponentInfo{com.miui.player/com.miui.player.ui.MusicBrowserActivity} userId 0
06-19 23:12:50.769 14195 14195 E RtgSchedIpcFile: RtgSchedIpcFile xxx failed to open /proc/14195/rtg
06-19 23:12:50.769 14195 14195 E RtgSchedIpcFile: RtgSchedIpcFile xxx failed to open /proc/rtg_gki/ioctl.
06-19 23:12:50.769 14195 14195 I RmeSchedManager: init Rme, version is: v1.0
06-19 23:12:50.769 14195 14195 E RtgSchedIpcFile: setCommandByIoctl not opened
06-19 23:12:50.770  7142  7258 E fb4a.msys: E[N dgw]operator()(129)=>TunnelRetriableNetworkLayer_removeRequest pendingRequest not found
06-19 23:12:50.772 28791 28791 W HnLauncher: RightTopMarkUpdaterManager checkNotificationState: currentState is false PackageName ComponentInfo{com.hihonor.health/com.hihonor.health.splash.SplashActivity} userId 0
06-19 23:12:50.772  2169  2203 I AwareLog: SetThreadToVipGroup:: iawared vipgroup set pid[28791] Success!
06-19 23:12:50.773  4183  4497 D SmartDualCardConfig: getAppType,pkgName=com.hihonor.android.launcher,appType=28
06-19 23:12:50.773  4183  4497 I SmartDualCardSM: onUidStateUpdate isSkip,uid=10095,pkgName=com.hihonor.android.launcher,pkgNameByComponentName=com.hihonor.android.launcher
06-19 23:12:50.773  4183  4497 I SmartDualCardSM: IdleState:got msg.what=EVENT_SLAVE_TRAFFIC_FREE_APP_BACKGROUND
06-19 23:12:50.773  2169  2203 I AwareLog: SetThreadToVipGroup:: iawared vipgroup set pid[28859] Success!
06-19 23:12:50.773  2169  2203 I AwareLog: SetThreadToVipGroup:: iawared vipgroup set pid[765] Success!
06-19 23:12:50.774  2169  2203 I AwareLog: SetThreadToVipGroup:: iawared vipgroup set pid[766] Success!
06-19 23:12:50.774  2169  2203 I AwareLog: SetThreadToVipGroup:: iawared vipgroup set pid[811] Success!
06-19 23:12:50.775  2169  2203 I AwareLog: SetThreadToVipGroup:: iawared vipgroup set pid[10112] Success!
06-19 23:12:50.775  2169  2203 I AwareLog: SetThreadToVipGroup:: iawared vipgroup set pid[10164] Success!
06-19 23:12:50.775  2169  2203 I AwareLog: SetThreadToVipGroup:: iawared vipgroup set pid[10165] Success!
06-19 23:12:50.775  2169  2203 I AwareLog: SetThreadToVipGroup:: iawared vipgroup set pid[10168] Success!
06-19 23:12:50.775  2169  2203 I AwareLog: SetThreadToVipGroup:: iawared vipgroup set pid[10169] Success!
06-19 23:12:50.777  2361  2361 W HwCameraSceneDetection: uid:10095, componentName:com.hihonor.android.launcher.unihome.UniHomeLauncher, flag:onResume
06-19 23:12:50.779 10112 10112 I bzak    : onStart
06-19 23:12:50.783 10112 10112 I bwsx    : (REDACTED) [%s] onStart()
06-19 23:12:50.783 10112 10112 I bwvj    : Reloading theme data
06-19 23:12:50.783  1700  1889 I SurfaceControl: SurfaceControl 0xb400006f63b0ba90 Surface(name=69fffd0 NavigationBar0)/@0xc4b2e34 - animation-leash of insets_animation#116922
06-19 23:12:50.783  1700  1889 I SurfaceControl: SurfaceControl 0xb400006f63afc670 Surface(name=17e14ef StatusBar)/@0x4a2b91e - animation-leash of insets_animation#116923
06-19 23:12:50.784  2361  2850 I SurfaceControl: ~SurfaceControl 0xb4000074e463b210 Surface(name=69fffd0 NavigationBar0)/@0xc4b2e34 - animation-leash of insets_animation#116916
06-19 23:12:50.784  2361  2850 I SurfaceControl: ~SurfaceControl 0xb4000074e45acb90 Surface(name=17e14ef StatusBar)/@0x4a2b91e - animation-leash of insets_animation#116917
06-19 23:12:50.785 10112 10112 E NetworkErrorMessage: (REDACTED) Invalid connectivity state: %s
06-19 23:12:50.786  3575  3698 I SurfaceControl: nativeRelease 0xb4000074e45cbbb0 count: 1 name: Surface(name=69fffd0 NavigationBar0)/@0xc4b2e34 - animation-leash of insets_animation#116916
06-19 23:12:50.786  3575  3698 I SurfaceControl: ~SurfaceControl 0xb4000074e45cbbb0 Surface(name=69fffd0 NavigationBar0)/@0xc4b2e34 - animation-leash of insets_animation#116916
06-19 23:12:50.786 10112 10112 I bzak    : onResume
06-19 23:12:50.786 10112 10112 W dpam    : missing event name
06-19 23:12:50.787  3575  3698 I SurfaceControl: nativeRelease 0xb4000074e4617790 count: 1 name: Surface(name=17e14ef StatusBar)/@0x4a2b91e - animation-leash of insets_animation#116917
06-19 23:12:50.787  3575  3698 I SurfaceControl: ~SurfaceControl 0xb4000074e4617790 Surface(name=17e14ef StatusBar)/@0x4a2b91e - animation-leash of insets_animation#116917
06-19 23:12:50.789 28791 31164 I SurfaceControl: SurfaceControl 0xb4000074e45ea4d0 Surface(name=69fffd0 NavigationBar0)/@0xc4b2e34 - animation-leash of insets_animation#116922
06-19 23:12:50.789 28791 31164 I SurfaceControl: SurfaceControl 0xb4000074e45d1f70 Surface(name=17e14ef StatusBar)/@0x4a2b91e - animation-leash of insets_animation#116923
06-19 23:12:50.789  2361  2850 I SurfaceControl: nativeRelease 0xb4000074e462cb10 count: 2 name: Surface(name=1e7e10 Splash Screen com.example.testeableapp)/@0x9d624c0 - animation-leash of window_animation#116918
06-19 23:12:50.790  2361  2850 I SurfaceControl: nativeRelease 0xb4000074e462bd10 count: 3 name: Splash Screen com.example.testeableapp#116888
06-19 23:12:50.791  2361  2850 I SurfaceControl: nativeRelease 0xb4000074e45f62b0 count: 4 name: 1e7e10 Splash Screen com.example.testeableapp#116887
06-19 23:12:50.792  1700  1700 I Layer   : [setLayer] [1e7e10 Splash Screen com.example.testeableapp#116887] setlayer z = 2147483647
06-19 23:12:50.792  1700  1700 I Layer   : [setLayer] [a6cece1 Splash Screen com.example.testeableapp.test#116904] setlayer z = 2147483647
06-19 23:12:50.792  1700  1700 I Layer   : [reparent] [Surface(name=69fffd0 NavigationBar0)/@0xc4b2e34 - animation-leash of insets_animation#116916] newParent is null [0xb400007043c95fa0]
06-19 23:12:50.792  1700  1700 I Layer   : [reparent] [Surface(name=17e14ef StatusBar)/@0x4a2b91e - animation-leash of insets_animation#116917] newParent is null [0xb400007043c7dab0]
06-19 23:12:50.793  1660  1800 E DMABUFHEAPS: DmabufAlloc size=10592256 openTime=0 allocTime=23
06-19 23:12:50.793  1700  1700 I SurfaceControl: ~SurfaceControl 0xb400006f63afc670 Surface(name=17e14ef StatusBar)/@0x4a2b91e - animation-leash of insets_animation#116923
06-19 23:12:50.793  1700  1700 I SurfaceControl: ~SurfaceControl 0xb400006f63b0ba90 Surface(name=69fffd0 NavigationBar0)/@0xc4b2e34 - animation-leash of insets_animation#116922
06-19 23:12:50.795  2361  2850 I SurfaceControl: ~SurfaceControl 0xb4000074e462bd10 Splash Screen com.example.testeableapp#116888
06-19 23:12:50.795  2361  2850 I SurfaceControl: ~SurfaceControl 0xb4000074e462cb10 Surface(name=1e7e10 Splash Screen com.example.testeableapp)/@0x9d624c0 - animation-leash of window_animation#116918
06-19 23:12:50.798  2361  6404 I InputDispatcher: setFocusedWindow receiveTime step 1 :350783886ms receiveTime step 2 :350783886ms receiveTime step 3 :0ms
06-19 23:12:50.803  2361  2847 D HwPhoneWindowManager: Transact:setSystemUIColor to status bar service
06-19 23:12:50.804 28791 28791 I HnAppRec_14.1.0.50AnimatorHandlerV2: screenId: [1]
06-19 23:12:50.804 28791 28791 I HnAppRec_14.1.0.50AnimatorHandlerV2: screenId[1]
06-19 23:12:50.806  3575  3836 I ImageWallpaper: setWideColorGamutAction: displayMode=1, visible=true, com.android.systemui.wallpapers.ImageWallpaper$CanvasEngine@9f61336
06-19 23:12:50.806  3575  3836 I ImageWallpaper: DisplayBT2020SupportMap is empty
06-19 23:12:50.806  3575  3836 I ImageWallpaper: setWideColorGamutAction: unsupport wide color gamut
06-19 23:12:50.806 28791 28791 E RtgSchedIpcFile: RtgSchedIpcFile xxx failed to open /proc/28791/rtg
06-19 23:12:50.806 28791 28791 E RtgSchedIpcFile: RtgSchedIpcFile xxx failed to open /proc/rtg_gki/ioctl.
06-19 23:12:50.806 28791 28791 I RmeSchedManager: init Rme, version is: v1.0
06-19 23:12:50.806 28791 28791 E RtgSchedIpcFile: setCommandByIoctl not opened
06-19 23:12:50.813 10112 10124 I SurfaceControl: ~SurfaceControl 0xb4000074e45b0630 GoogleDiscoverWindow#116872
06-19 23:12:50.816  1700  1891 I SurfaceFlinger: createLayer layername: Transition Root: Task=350 type: Layer address = 0xb400007043bef4a0
06-19 23:12:50.817 28791 28791 W HnLauncher: RecentsView applyLoadPlan removeAllViews child count == 0, taskGroups size == 4
06-19 23:12:50.818  2361  2850 I SurfaceControl: SurfaceControl 0xb4000074e462cb10 Transition Root: Task=350#116924
06-19 23:12:50.820  3575  3575 W StatusBar: Statusbar onSystemBarAttributesChanged appearance = 16 mTransientShown false displayId 0 mDisplayId 0 behavior 2
06-19 23:12:50.821  3575  3575 I StatusBar: updateBarMode mStatusBarMode = 4 barMode 4
06-19 23:12:50.821  3575  3575 D SbStateController: setSystemBarAttributes isFullscreen: false
06-19 23:12:50.821  3575  3575 I HwDependencyFactory: stn is not supported!
06-19 23:12:50.821  3575  3575 I BaseCapsuleStatusBarHelper: mIsShowStatusBar: true, isShowStatusBar: true
06-19 23:12:50.821  3575  3575 I LivelyCapsuleStatusBarHelper: handleBrandColor  capsuleList  size is zero.
06-19 23:12:50.821  3575  3575 D SysUiState: SysUiState changed: old=268566528 new=268435456
06-19 23:12:50.821  3575  3575 D OverviewProxyService: Notifying sysui state change to overview service: proxy=com.android.systemui.shared.recents.IOverviewProxy$Stub$Proxy@61c1b0f flags=268435456
06-19 23:12:50.821  3575  3575 I OverviewProxyService: notifySystemUiStateFlags begin, flags:268435456
06-19 23:12:50.821  3575  3575 I OverviewProxyService: notifySystemUiStateFlags end, flags:268435456
06-19 23:12:50.821  1660  5028 E DMABUFHEAPS: DmabufAlloc size=10592256 openTime=0 allocTime=20
06-19 23:12:50.822  1700  1700 I Layer   : [reparent] [Splash Screen com.example.testeableapp#116888] newParent is null [0xb400007043c00a70]
06-19 23:12:50.822  1700  1700 I Layer   : [setLayer] [1e7e10 Splash Screen com.example.testeableapp#116887] setlayer z = 2147483647
06-19 23:12:50.822  1700  1700 I Layer   : [reparent] [1e7e10 Splash Screen com.example.testeableapp#116887] newParent is null [0xb400007043b95000]
06-19 23:12:50.822  1700  1700 I Layer   : [reparent] [Surface(name=1e7e10 Splash Screen com.example.testeableapp)/@0x9d624c0 - animation-leash of window_animation#116918] newParent is null [0xb400007043cca110]
06-19 23:12:50.822  1700  1700 I SurfaceFlinger: [Splash Screen com.example.testeableapp#116888] apply visible 0
06-19 23:12:50.822  1700  1700 I Layer   : [setLayer] [a6cece1 Splash Screen com.example.testeableapp.test#116904] setlayer z = 2147483647
06-19 23:12:50.823  1700  1700 I Layer   : ~Layer layername: Surface(name=17e14ef StatusBar)/@0x4a2b91e - animation-leash of insets_animation#116917 address = 0xb400007043c7dab0
06-19 23:12:50.823  1700  1700 I SurfaceFlinger: [onLayerDestroyed] [Surface(name=17e14ef StatusBar)/@0x4a2b91e - animation-leash of insets_animation#116917] address:0xb400007043c7dab0 has destroyed
06-19 23:12:50.823  1700  1700 I Layer   : ~Layer layername: Surface(name=69fffd0 NavigationBar0)/@0xc4b2e34 - animation-leash of insets_animation#116916 address = 0xb400007043c95fa0
06-19 23:12:50.823  1700  1700 I SurfaceFlinger: [onLayerDestroyed] [Surface(name=69fffd0 NavigationBar0)/@0xc4b2e34 - animation-leash of insets_animation#116916] address:0xb400007043c95fa0 has destroyed
06-19 23:12:50.833  7142  7283 E fb4a.msys: E[N 1283]errorHandlerDispatched(198)=>262/1283/3347/-1
06-19 23:12:50.835  7142  7258 E fb4a.msys: E[N dgw]operator()(129)=>TunnelRetriableNetworkLayer_removeRequest pendingRequest not found
06-19 23:12:50.842  1700  1700 I Layer   : ~Layer layername: Splash Screen com.example.testeableapp#116888 address = 0xb400007043c00a70
06-19 23:12:50.842  1700  1700 I SurfaceFlinger: [onLayerDestroyed] [Splash Screen com.example.testeableapp#116888] address:0xb400007043c00a70 has destroyed
06-19 23:12:50.842  1700  1700 I Layer   : ~Layer layername: GoogleDiscoverWindow#116872 address = 0xb400007043c2a530
06-19 23:12:50.842  1700  1700 I SurfaceFlinger: [onLayerDestroyed] [GoogleDiscoverWindow#116872] address:0xb400007043c2a530 has destroyed
06-19 23:12:50.842  1700  1700 I Layer   : ~Layer layername: Surface(name=1e7e10 Splash Screen com.example.testeableapp)/@0x9d624c0 - animation-leash of window_animation#116918 address = 0xb400007043cca110
06-19 23:12:50.842  1700  1700 I SurfaceFlinger: [onLayerDestroyed] [Surface(name=1e7e10 Splash Screen com.example.testeableapp)/@0x9d624c0 - animation-leash of window_animation#116918] address:0xb400007043cca110 has destroyed
06-19 23:12:50.844  1663  6059 E ANDR-PERF-CLIENT: ANDR-PERF-CLIENT: perf_hint_private() 255: Process is Flooding request to PerfService
06-19 23:12:50.846  1660  1799 E DMABUFHEAPS: DmabufAlloc size=10592256 openTime=0 allocTime=24
06-19 23:12:50.850  7142  7282 E fb4a.msys: E[N mns:DGWClient]_OnResolverSuccess(335)=>Cache refresh succeeded with system DNS resolver. IP count: 1
06-19 23:12:50.851  1666  1838 E ANDR-PERF-OPTSHANDLER: ANDR-PERF-OPTSHANDLER: modify_sysfsnode() 1149: Perflock resource /sys/devices/system/cpu/bus_dcvs/L3/soc:qcom,memlat:l3:prime/min_freq not supported
06-19 23:12:50.851  1666  1838 E ANDR-PERF-RESOURCEQS: ANDR-PERF-RESOURCEQS: RemoveAndApply() 292: Failed to reset optimization here [13, 22]
06-19 23:12:50.851  1666  1838 E ANDR-PERF-OPTSHANDLER: ANDR-PERF-OPTSHANDLER: modify_sysfsnode() 1149: Perflock resource /dev/stune/top-app/schedtune.boost not supported
06-19 23:12:50.851  1666  1838 E ANDR-PERF-RESOURCEQS: ANDR-PERF-RESOURCEQS: RemoveAndApply() 292: Failed to reset optimization here [3, 28]
06-19 23:12:50.851  1666  1838 E ANDR-PERF-OPTSHANDLER: ANDR-PERF-OPTSHANDLER: unsupported() 949: Error: This resource is not supported
06-19 23:12:50.851  1666  1838 E ANDR-PERF-RESOURCEQS: ANDR-PERF-RESOURCEQS: RemoveAndApply() 292: Failed to reset optimization here [11, 0]
06-19 23:12:50.852  7142  7283 E fb4a.msys: E[N WCCConnectionMEM]_WCCConnectionMEMLifecycleEventHandler(2184)=>[INFO] connection/xmpp/lifecycle_event/did-connect, [0.2711s]
06-19 23:12:50.854  2361  3480 D HwConnectivityManagerImpl: getNetworkPolicyFlag flagStr null
06-19 23:12:50.863  1700  1700 I Layer   : ~Layer layername: Screenshot Parent#116925 address = 0xb400007043cca110
06-19 23:12:50.863  1700  1700 I SurfaceFlinger: [onLayerDestroyed] [Screenshot Parent#116925] address:0xb400007043cca110 has destroyed
06-19 23:12:50.864  1700  4460 I CompositionEngine: setCompositionEnabled id: displayIdOpt is invalid enable: 1
06-19 23:12:50.864  1700  4460 I CompositionEngine: setLayerFilter id: displayIdOpt is invalid, layerStackId: 0, 0
06-19 23:12:50.864  1700  4460 I SurfaceFlinger: output usage:4
06-19 23:12:50.867  1700  4460 I SurfaceFlinger: capture layers, status code 0
06-19 23:12:50.867  2361  3480 I HwConnectivityManagerImpl: onDnsEventAction,uid:10182,returnCode:0, latencyMs:34, netId:438, DnsCount:89, FailCount:0, mWifiNetId:437, StatEnum:0
06-19 23:12:50.867  1629  1831 D vendor.honor.hardware.aoservice@1.0-service: [AO_SVC] (reopen_timer_handler:50):enter reopen handler
06-19 23:12:50.870  7142  7283 E fb4a.msys: E[N WCCConnectionMEM]_WCCConnectionMEMLifecycleEventHandler(2184)=>[INFO] connection/xmpp/lifecycle_event/did-send-initial-payload, [0.0182s]
06-19 23:12:50.874  2361  2850 I SurfaceControl: setWindowCrop sc Surface(name=Task=899)/@0xbbbd9bf width 0 height 0 callers com.android.server.wm.Transition.buildFinishTransaction:1096 com.android.server.wm.Transition.onTransactionReady:2167 com.android.server.wm.BLASTSyncEngine$SyncGroup.finishNow:388 com.android.server.wm.BLASTSyncEngine$SyncGroup.tryFinish:258
06-19 23:12:50.874  2361  2850 I SurfaceControl: setWindowCrop sc Surface(name=Task=899)/@0xbbbd9bf width -1 height -1 callers com.android.server.wm.Transition.buildFinishTransaction:1109 com.android.server.wm.Transition.onTransactionReady:2167 com.android.server.wm.BLASTSyncEngine$SyncGroup.finishNow:388 com.android.server.wm.BLASTSyncEngine$SyncGroup.tryFinish:258
06-19 23:12:50.875  2361  2850 I SurfaceControl: setWindowCrop sc Surface(name=Task=350)/@0x8096e8f width 0 height 0 callers com.android.server.wm.Transition.buildFinishTransaction:1096 com.android.server.wm.Transition.onTransactionReady:2167 com.android.server.wm.BLASTSyncEngine$SyncGroup.finishNow:388 com.android.server.wm.BLASTSyncEngine$SyncGroup.tryFinish:258
06-19 23:12:50.875  2361  2850 I SurfaceControl: setWindowCrop sc Surface(name=Task=350)/@0x8096e8f width -1 height -1 callers com.android.server.wm.Transition.buildFinishTransaction:1109 com.android.server.wm.Transition.onTransactionReady:2167 com.android.server.wm.BLASTSyncEngine$SyncGroup.finishNow:388 com.android.server.wm.BLASTSyncEngine$SyncGroup.tryFinish:258
06-19 23:12:50.877  2361  2850 I SurfaceControl: nativeRelease 0xb4000074e462cb10 count: 5 name: Transition Root: Task=350#116924
06-19 23:12:50.877  3575  5037 I SurfaceControl: SurfaceControl 0xb4000074e45d4430 Task=350#45305
06-19 23:12:50.878  3575  5037 I SurfaceControl: SurfaceControl 0xb4000074e45c9610 DefaultTaskDisplayArea#9
06-19 23:12:50.878  3575  5037 I SurfaceControl: SurfaceControl 0xb4000074e45a0250 Task=899#116900
06-19 23:12:50.878  3575  5037 I SurfaceControl: SurfaceControl 0xb4000074e45e9270 WallpaperWindowToken{42fa48d token=android.os.Binder@f360124}#61
06-19 23:12:50.879  3575  5037 I SurfaceControl: SurfaceControl 0xb4000074e45ff4d0 Transition Root: Task=350#116924
06-19 23:12:50.879  3575  5037 I SurfaceControl: SurfaceControl 0xb4000074e45db7b0 Task=351#45306
06-19 23:12:50.879  3575  5037 I SurfaceControl: SurfaceControl 0xb4000074e46184b0 ActivityRecord{1979841 u0 com.hihonor.android.launcher/.unihome.UniHomeLauncher t351 mVisible=false mOccludesParent=true mode=fullscreen boundsRect(0, 0 - 1080, 2412)}#45307
06-19 23:12:50.879  3575  5037 I SurfaceControl: SurfaceControl 0xb4000074e45ccc50 7f166e0 com.hihonor.android.launcher/com.hihonor.android.launcher.unihome.UniHomeLauncher#45309
06-19 23:12:50.879  3575  5037 I SurfaceControl: SurfaceControl 0xb4000074e4634130 Transition Root: Task=350#116924
06-19 23:12:50.879  3575  5037 I SurfaceControl: SurfaceControl 0xb4000074e45a2710 GoogleDiscoverWindow#116920
06-19 23:12:50.879  3575  5037 I SurfaceControl: SurfaceControl 0xb4000074e461a0b0 a6cece1 Splash Screen com.example.testeableapp.test#116904
06-19 23:12:50.879  3575  5037 I SurfaceControl: SurfaceControl 0xb4000074e4636970 com.hihonor.android.launcher/com.hihonor.android.launcher.unihome.UniHomeLauncher#116921
06-19 23:12:50.880  3575  5037 I SurfaceControl: SurfaceControl 0xb4000074e45cbe50 Transition Root: Task=350#116924
06-19 23:12:50.880  3575  5037 I SurfaceControl: SurfaceControl 0xb4000074e462b1b0 a6cece1 Splash Screen com.example.testeableapp.test#116904
06-19 23:12:50.880  3575  5037 I SurfaceControl: SurfaceControl 0xb4000074e4628270 Task=350#45305
06-19 23:12:50.880  3575  5037 I SurfaceControl: SurfaceControl 0xb4000074e463acd0 Task=899#116900
06-19 23:12:50.880  3575  5037 I SurfaceControl: SurfaceControl 0xb4000074e45c1110 WallpaperWindowToken{42fa48d token=android.os.Binder@f360124}#61
06-19 23:12:50.880  3575  5037 I SurfaceControl: SurfaceControl 0xb4000074e461a430 DefaultTaskDisplayArea#9
06-19 23:12:50.880  3575  5037 I SurfaceControl: SurfaceControl 0xb4000074e4636510 DefaultTaskDisplayArea#9
06-19 23:12:50.880  3575  5037 I SurfaceControl: SurfaceControl 0xb4000074e45baf10 Leaf:0:1#8
06-19 23:12:50.881  1700  4460 I SurfaceFlinger: createLayer layername: e2c4ac3 ActivityRecordInputSink com.hihonor.android.launcher/.unihome.UniHomeLauncher type: Layer address = 0xb400007043c00a70
06-19 23:12:50.884  2361  2850 I SurfaceControl: SurfaceControl 0xb4000074e462bd10 e2c4ac3 ActivityRecordInputSink com.hihonor.android.launcher/.unihome.UniHomeLauncher#116926
06-19 23:12:50.885  7142  7283 E fb4a.msys: E[N WA]_WCIHTTPChunkedStreamDisconnectWithError(341)=>stream/http/process/error, invalid chunk header
06-19 23:12:50.885  7142 26279 E fb4a.msys: E[N 1278]onEOF(751)=>261/1278/3325/-1
06-19 23:12:50.886  7142  7283 E fb4a.msys: E[N WA]_WCCXMPPStreamDisconnectHandler(344)=>xmpp/disconnect - WCIStreamStateErrorCode: 1, domain: WCIStreamState, subdomain: WCITransportRace: Error Domain=WCIStreamState Code=1 UserInfo=0x2951678300 {MCFErrorDirectUnderlyingErrorKey=0xb400007482779e90 "Error Domain=WCITransportRace Code=1"}
06-19 23:12:50.886  7142  7283 E fb4a.msys: E[N WCCConnectionMEM]_WCCConnectionMEMLifecycleEventHandler(2184)=>[INFO] connection/xmpp/lifecycle_event/not-connected, [0.0155s]
06-19 23:12:50.886  7142  7283 E fb4a.msys: E[N WA]_WCCXMPPStreamDoDisconnect(1319)=>xmpp/disconnect - flags: 34
06-19 23:12:50.886  7142  7283 E fb4a.msys: E[N WCCConnectionMEM]_WCCConnectionMEMDisconnectHandler(2282)=>connection/disconnected, handshake failure
06-19 23:12:50.886  7142  7283 E fb4a.msys: E[N WCCConnectionMEM]_WCCConnectionMEMEmitStateChange(3200)=>[INFO] connection/new_state/not-connected [connection_id=129000359, wcc_source=1, wcc_reason=2]
06-19 23:12:50.887  1700  1976 I Scheduler: touchTimerCallback timer change to TimerState: Expired
06-19 23:12:50.888  7142  7283 E fb4a.msys: E[C MEMConnectionManager]_MEMConnectionManagerStateChangeHandler(585)=>[Critical] MEMConnectionState updated to ID: 0 with connectionId: 129000359
06-19 23:12:50.889  2130  3242 E dubaid  : [WifiStats.cpp] BalanceWifiSleepTime# Failed to read wifi sleep data
06-19 23:12:50.890  2126  4270 I AGPService: NotifyAnimationState animationTag: APP_TRANSITION_ANIMATION animationType: 2 state: 0, previous count: 2 type count: 2
06-19 23:12:50.890  2126  4270 E AGPService: SceneEnd: mIsSceneStart invalid
06-19 23:12:50.890  2126  4270 I AGPService: RefreshRateActionHandle 1210, 0
06-19 23:12:50.890  2126  4270 I AGPService: ReleaseAction sceneCode 1210 mVotePool.size 2
06-19 23:12:50.890  2126  4270 I AGPService: DisableActionLoop
06-19 23:12:50.890  2126  4270 I AGPService: PostAction
06-19 23:12:50.890  2126  4270 I AGPService: FilterAction mVotePool.size: 2 priority 2600 sceneCode 2600
06-19 23:12:50.891  2126  2150 I AGPService: FilterAction mVotePool.size: 2 priority 2600 sceneCode 2600
06-19 23:12:50.891  2126  2150 I AGPService: NotifyExtraPolicyInfoToSF fps: 60, skipCount: 0
06-19 23:12:50.891  2126  4270 I AGPService: FilterAction mVotePool.size: 2 priority 2600 sceneCode 2600
06-19 23:12:50.891  2126  2150 I AGPService: SendPolicyByAction isGame 0 sceneCode 2600 priority 2600 lightEnabled 0 fpsHold 0 minFps 60 maxFps 60
06-19 23:12:50.891  7142  7283 E fb4a.msys: E[C 1]_MCCLogErrorInternal(331)=>8/374/3970/16386
06-19 23:12:50.892  1700  2483 D FluencyDetector: End fluency detect: APP_TRANSITION_ANIMATION
06-19 23:12:50.892  7142  7283 E fb4a.msys: E[C 1]_MCCLogErrorInternal(331)=>8/374/3972/2
06-19 23:12:50.894  7142  7283 E fb4a.msys: E[C mem.context]_LogConnectFailure(4788)=>Establishing connection failure reason and flags: disconnect/Doze/-1/reason/2/flags/16386/[-, -, handshake_failure, -, no_bytes_read, -, -, -, -, -, -, -, -, -]
06-19 23:12:50.894  1700  2483 I SurfaceFlinger: setDesiredDisplayModeSpecs pid: 2126 AGP-pid: 2126
06-19 23:12:50.894  2130  3234 I dubaid  : [GpuAccounter.cpp] GetPower# Invalid gpu frequency: 1115, find best power
06-19 23:12:50.894  2130  3234 I dubaid  : [GpuAccounter.cpp] GetPower# Invalid gpu frequency: 1025, find best power
06-19 23:12:50.894  2130  3234 I dubaid  : [GpuAccounter.cpp] GetPower# Invalid gpu frequency: 785, find best power
06-19 23:12:50.895  7142  7283 E fb4a.msys: E[C mem.context]_LogConnectFailure(4820)=>[Happy Eyeball] Connect failed with source=1, winner stream ip=57.144.162.8, port=80, dnsResolutionMethod=1, combined_ip_addresses=57.144.162.8
06-19 23:12:50.897  3575  3575 W StatusBar: Statusbar onSystemBarAttributesChanged appearance = 0 mTransientShown false displayId 0 mDisplayId 0 behavior 2
06-19 23:12:50.897  1660  1660 E DMABUFHEAPS: DmabufAlloc size=10592256 openTime=0 allocTime=43
06-19 23:12:50.897  3575  3575 I StatusBar: updateBarMode mStatusBarMode = 4 barMode 4
06-19 23:12:50.898  1617 13041 I sensors-hal: handle_sns_std_sensor_event:275, ambient_light_event: ts=739194099296108, lux = 1, raw_adc=192, raw_2=320
06-19 23:12:50.899  4168  4848 I ScenarioService: refresh visibleApp:[com.hihonor.android.launcher]
06-19 23:12:50.899  4168  4848 I PGServer: report state:14 event type:1 pid:-1 uid:-1 pkg:com.hihonor.android.launcher to pid: 2361
06-19 23:12:50.899  4168  4848 I PGServer: report state:14 event type:1 pid:-1 uid:-1 pkg:com.hihonor.android.launcher to pid: 4183
06-19 23:12:50.899  4168  4848 I PGServer: report state:14 event type:1 pid:-1 uid:-1 pkg:com.hihonor.android.launcher to pid: 4168
06-19 23:12:50.899  4168  4848 I ApsDynamicVideoFps: APS: APK: handleFrontAppFromPgPlug. pkgName:com.hihonor.android.launcher, mLastPkgName:com.google.android.youtube, isReduceFps:false, isCountingDown:true
06-19 23:12:50.899  4168  4848 I ApsDynamicVideoFps: APS: APK: <REDUCEFPS>Front Changed Stop reduce fps
06-19 23:12:50.900  4168  4848 I ApsAccKitAdapter: APS: APK: ApsAccKitAdapter: not setNotifyInfo
06-19 23:12:50.900  4183 23886 D Hicom_Monitor: enter visible event, add app: com.hihonor.android.launcher into mVisiblePkgNameSet
06-19 23:12:50.900  4168  5065 I AppsUsage: BgAPP:com.example.testeableapp.test
06-19 23:12:50.900  4168 14141 I PGServer: checkPkgType. calling pkg: android
06-19 23:12:50.900  2126  4270 I AGPService: aps-info: focus pkgName - com.hihonor.android.launcher, with 0 more apps
06-19 23:12:50.900  4168  5065 I PG_ash  : com.example.testeableapp.test become invisible
06-19 23:12:50.900  2126  4270 D AGPService: : [updateForeGround]: GameUltraEngineService
06-19 23:12:50.900  2126  4270 I AGPService: agp-info: focus pkgName - com.hihonor.android.launcher, with 0 more apps
06-19 23:12:50.901  2126  4270 I AGPService: BasePlugin::updateSysState  com.hihonor.android.launcher, code is 0
06-19 23:12:50.901  2126  4270 D AGPService: State:: Set State is 0, com.hihonor.android.launcher
06-19 23:12:50.901  2126  4270 D AGPService: GUEStateManager::getLooper
06-19 23:12:50.901  2126  4270 I AGPService: MessageQueueLoop::PostMessage , message: 0
06-19 23:12:50.901  2126  4270 I AGPService: BasePlugin::updateSysState  , code is 1
06-19 23:12:50.901  2126  4270 D AGPService: State:: Set State is 1,
06-19 23:12:50.901  2126  4270 I AGPService: BasePlugin::updateSysState Same State
06-19 23:12:50.901  1666  1838 E ANDR-PERF-OPTSHANDLER: ANDR-PERF-OPTSHANDLER: modify_sysfsnode() 1149: Perflock resource /sys/devices/system/cpu/bus_dcvs/L3/soc:qcom,memlat:l3:prime/min_freq not supported
06-19 23:12:50.901  2126  4270 I AGPService: GUE: updateForeground to subMode
06-19 23:12:50.901  2126  4270 I AGPService: GUE: TRANSACT_UPDATE_FOREGROUND: () com.hihonor.android.launcher
06-19 23:12:50.901  1666  1838 E ANDR-PERF-RESOURCEQS: ANDR-PERF-RESOURCEQS: RemoveAndApply() 292: Failed to reset optimization here [13, 22]
06-19 23:12:50.901  2126  4270 I AGPService: RefreshRateActionHandle 2950, 1
06-19 23:12:50.901  1666  1838 E ANDR-PERF-OPTSHANDLER: ANDR-PERF-OPTSHANDLER: modify_sysfsnode() 1149: Perflock resource /dev/stune/top-app/schedtune.boost not supported
06-19 23:12:50.901  1666  1838 E ANDR-PERF-RESOURCEQS: ANDR-PERF-RESOURCEQS: RemoveAndApply() 292: Failed to reset optimization here [3, 28]
06-19 23:12:50.901  2126  4270 I AGPService: UpdateCurrentPackage com.hihonor.android.launcher type 28
06-19 23:12:50.901  2126  4270 I AGPService: GetAppStrategy 9 stylus: 0
06-19 23:12:50.901  2126  4270 I AGPService: FrameRateManager: aps-info: new pkgName - com.hihonor.android.launcher, type - 28
06-19 23:12:50.902  2126  2167 I AGPService: StateHandler::handleMessage:: 0
06-19 23:12:50.902  2126  2167 I AGPService: reportSysState: listeners size 1
06-19 23:12:50.902  2126  2167 D AGPService: GFrsStatusControl:: report : code is  0, state is com.hihonor.android.launcher
06-19 23:12:50.902  2126  2167 D AGPService: GFrsStatusControl:: report : code is  0, state is com.hihonor.android.launcher, not match Event
06-19 23:12:50.902  2126  2167 I AGPService: reportSysState: stateValue 0, com.hihonor.android.launcher
06-19 23:12:50.902  4168 14141 I PGServer: checkPkgType. calling pkg: android
06-19 23:12:50.902  3575  3575 D SbStateController: setSystemBarAttributes isFullscreen: false
06-19 23:12:50.902  3575  3575 I HwDependencyFactory: stn is not supported!
06-19 23:12:50.902  3575  3575 I BaseCapsuleStatusBarHelper: mIsShowStatusBar: true, isShowStatusBar: true
06-19 23:12:50.904  3575 21526 D TaskStackListener: destory snapshot binder pid 0 myPid 3575 snapshot TaskSnapshot{ mId=1781932370821 mCaptureTime=739194108488234 mTopActivityComponent=com.example.testeableapp.test/androidx.test.core.app.InstrumentationActivityInvoker$EmptyActivity mSnapshot=android.hardware.HardwareBuffer@b2999b5 (1080x2412) mColorSpace=sRGB IEC61966-2.1 (id=0, model=RGB) mOrientation=1 mRotation=0 mTaskSize=Point(1080, 2412) mContentInsets=[0,108][0,114] mLetterboxInsets=[0,0][0,0] mIsLowResolution=false mIsRealSnapshot=true mWindowingMode=1 mAppearance=24 mIsTranslucent=true mHasImeSurface=false mIsForceRotate=false
06-19 23:12:50.904  1700  1891 D FluencyDetector: End fluency detect: APP_TRANSITION_ANIMATION
06-19 23:12:50.905  1700  1700 I Scheduler: applyPolicy: scored layer size: 0
06-19 23:12:50.905  1700  4460 I SurfaceControl: SurfaceControl 0xb400006f63b0a210 DefaultTaskDisplayArea#9
06-19 23:12:50.905  1700  4460 I SurfaceControl: SurfaceControl 0xb400006f63af4330 DefaultTaskDisplayArea#9
06-19 23:12:50.906  3575  3654 I SurfaceControl: ~SurfaceControl 0xb4000074e45f5d70 animation-background#116911
06-19 23:12:50.906  3575  3654 I SurfaceControl: ~SurfaceControl 0xb4000074e45a58f0 a6cece1 Splash Screen com.example.testeableapp.test#116904
06-19 23:12:50.906  3575  3654 I SurfaceControl: ~SurfaceControl 0xb4000074e4607810 Transition Root: Task=899#116906
06-19 23:12:50.906  3575  3654 I SurfaceControl: ~SurfaceControl 0xb4000074e45f5f30 1e7e10 Splash Screen com.example.testeableapp#116887
06-19 23:12:50.906  3575  3654 I SurfaceControl: ~SurfaceControl 0xb4000074e45e0050 Task=899#116900
06-19 23:12:50.907  3575  3654 I SurfaceControl: ~SurfaceControl 0xb4000074e463b210 Task=898#116885
06-19 23:12:50.907  3575  3654 I SurfaceControl: ~SurfaceControl 0xb4000074e4618910 DefaultTaskDisplayArea#9
06-19 23:12:50.907  3575  3654 I SurfaceControl: ~SurfaceControl 0xb4000074e46343d0 DefaultTaskDisplayArea#9
06-19 23:12:50.907  3575  3654 I SurfaceControl: nativeRelease 0xb4000074e45ffcb0 count: 1 name: Transition Root: Task=899#116906
06-19 23:12:50.907  3575  3654 I SurfaceControl: ~SurfaceControl 0xb4000074e45ffcb0 Transition Root: Task=899#116906
06-19 23:12:50.909  2361  3308 W AwareLog: SysLoadManager: check status do nothing
06-19 23:12:50.910  2361  3669 I SurfaceControl: ~SurfaceControl 0xb4000074e45f62b0 1e7e10 Splash Screen com.example.testeableapp#116887
06-19 23:12:50.912  2361  3669 I SurfaceControl: ~SurfaceControl 0xb4000074e45c83b0 Transition Root: Task=899#116906
06-19 23:12:50.912  1660  1660 E DMABUFHEAPS: DmabufAlloc size=10592256 openTime=0 allocTime=14
06-19 23:12:50.918  3575  3654 I HnMwAnimTransition: play the default animation if there is no MagicWindow
06-19 23:12:50.918  3575  3654 I PipTransition: call startAnimation type:2, mInFixedRotation:false, mEndFixedRotation:-1, currentPipTaskChange:null
06-19 23:12:50.918  3575  3654 I PipTransition: isEnteringPip false
06-19 23:12:50.923  2126  4270 I ITouchService: GameXsyncManager:OnGameInfoRecevied p com.hihonor.android.launcher
06-19 23:12:50.923  2126  4270 W ITouchService: itouch GameXsyncManager:checkGameXsyncState game list is empty.
06-19 23:12:50.923  2126  4270 D AGPService: : [OnGamePkgInfoReceived]: GameUltraEngineService
06-19 23:12:50.924  2126  4270 I AGPService: GUEStateManager:OnGamePkgInfoReceived  pkgName is : com.hihonor.android.launcher , status is 0
06-19 23:12:50.924  2126  4270 I AGPService: BasePlugin::updateSysState  com.hihonor.android.launcher&0, code is 6
06-19 23:12:50.924  2126  4270 D AGPService: State:: Set State is 6, com.hihonor.android.launcher&0
06-19 23:12:50.924  2126  4270 D AGPService: GUEStateManager::getLooper
06-19 23:12:50.924  2126  4270 I AGPService: MessageQueueLoop::PostMessage , message: 6
06-19 23:12:50.924  2361  2850 I SurfaceControl: nativeRelease 0xb4000074e462e010 count: 2 name: 3dfed62 ActivityRecordInputSink com.example.testeableapp/.MainActivity#116893
06-19 23:12:50.924  2126  4270 I AGPService: RefreshRateActionHandle 1000, 1
06-19 23:12:50.924  2126  2167 I AGPService: StateHandler::handleMessage:: 6
06-19 23:12:50.924  2126  2167 I AGPService: reportSysState: listeners size 1
06-19 23:12:50.924  2126  4270 I AGPService: RefreshRateActionHandle currAppStrategy name 9, lightLimit 0, minFps 60, maxFps 90 refreshMinFps 60
06-19 23:12:50.924  2126  2167 D AGPService: GFrsStatusControl:: report : code is  6, state is com.hihonor.android.launcher&0
06-19 23:12:50.924  2126  4270 I AGPService: AddAciton sceneCode 1000
06-19 23:12:50.924  2126  2167 I AGPService: OnGamePkgInfoReceived: pkgname com.hihonor.android.launcher gameScene- 0
06-19 23:12:50.924  2126  2167 D AGPService: GFrsStatusControl: OnGamePkgInfoReceived FRS switch off
06-19 23:12:50.924  2126  4270 I AGPService: DisableActionLoop
06-19 23:12:50.924  2126  2167 I AGPService: reportSysState: stateValue 6, com.hihonor.android.launcher&0
06-19 23:12:50.924  2126  4270 I AGPService: PostAction
06-19 23:12:50.924  2126  4270 I AGPService: FilterAction mVotePool.size: 2 priority 2600 sceneCode 2600
06-19 23:12:50.925  2361  2850 I SurfaceControl: ~SurfaceControl 0xb4000074e462e010 3dfed62 ActivityRecordInputSink com.example.testeableapp/.MainActivity#116893
06-19 23:12:50.926  1700  1700 I Layer   : [reparent] [animation-background#116911] newParent is null [0xb400007043c3bb00]
06-19 23:12:50.926  1700  1700 I Layer   : [setLayer] [Task=899#116900] setlayer z = 4
06-19 23:12:50.926  1700  1700 I Layer   : [setLayer] [1e7e10 Splash Screen com.example.testeableapp#116887] setlayer z = 2147483647
06-19 23:12:50.926  1700  1700 I Layer   : [reparent] [Transition Root: Task=899#116906] newParent is null [0xb400007043c6fc70]
06-19 23:12:50.926  3575  3654 I SurfaceControl: ~SurfaceControl 0xb4000074e46184b0 ActivityRecord{1979841 u0 com.hihonor.android.launcher/.unihome.UniHomeLauncher t351 mVisible=false mOccludesParent=true mode=fullscreen boundsRect(0, 0 - 1080, 2412)}#45307
06-19 23:12:50.926  1700  1700 I Layer   : [setLayer] [Task=898#116885] setlayer z = 3
06-19 23:12:50.926  2126  2150 I AGPService: FilterAction mVotePool.size: 2 priority 2600 sceneCode 2600
06-19 23:12:50.926  3575  3654 I SurfaceControl: ~SurfaceControl 0xb4000074e45ccc50 7f166e0 com.hihonor.android.launcher/com.hihonor.android.launcher.unihome.UniHomeLauncher#45309
06-19 23:12:50.926  1700  1700 I Layer   : [setLayer] [a6cece1 Splash Screen com.example.testeableapp.test#116904] setlayer z = 2147483647
06-19 23:12:50.926  2126  2150 I AGPService: NotifyExtraPolicyInfoToSF fps: 60, skipCount: 0
06-19 23:12:50.926  2126  2150 I AGPService: SendPolicyByAction isGame 0 sceneCode 2600 priority 2600 lightEnabled 0 fpsHold 0 minFps 60 maxFps 60
06-19 23:12:50.926  1700  1700 I Layer   : [reparent] [Transition Root: Task=899#116906] newParent is null [0xb400007043c6fc70]
06-19 23:12:50.926  3575  3654 I SurfaceControl: ~SurfaceControl 0xb4000074e4634130 Transition Root: Task=350#116924
06-19 23:12:50.926  1700  1700 I SurfaceFlinger: [com.example.testeableapp/com.example.testeableapp.MainActivity#116895] apply visible 0
06-19 23:12:50.927  3575  3654 I SurfaceControl: ~SurfaceControl 0xb4000074e45db7b0 Task=351#45306
06-19 23:12:50.927  1700  1700 I Layer   : [reparent] [3dfed62 ActivityRecordInputSink com.example.testeableapp/.MainActivity#116893] newParent is null [0xb400007043caad00]
06-19 23:12:50.926 13974 14105 I BufferQueueProducer: [VRI[MainActivity]#1(BLAST Consumer)1](id:369600000001,api:1,p:13974,c:13974) disconnect: api 1
06-19 23:12:50.927  3575  3654 I SurfaceControl: ~SurfaceControl 0xb4000074e45a2710 GoogleDiscoverWindow#116920
06-19 23:12:50.927  1700  2158 I SurfaceFlinger: setDesiredDisplayModeSpecs pid: 2126 AGP-pid: 2126
06-19 23:12:50.927  3575  3654 I SurfaceControl: ~SurfaceControl 0xb4000074e461a0b0 a6cece1 Splash Screen com.example.testeableapp.test#116904
06-19 23:12:50.927  3575  3654 I SurfaceControl: ~SurfaceControl 0xb4000074e4636970 com.hihonor.android.launcher/com.hihonor.android.launcher.unihome.UniHomeLauncher#116921
06-19 23:12:50.927  1700  1700 I SurfaceControl: ~SurfaceControl 0xb400006f63af4330 DefaultTaskDisplayArea#9
06-19 23:12:50.927  1700  1700 I SurfaceControl: ~SurfaceControl 0xb400006f63b0a210 DefaultTaskDisplayArea#9
06-19 23:12:50.928 28791   478 I SurfaceControl: SurfaceControl 0xb4000074e45a1590 Task=350#45305
06-19 23:12:50.928  2126  4270 D ITouchService: OneFrame: currPkgName1:com.example.testeableapp.test currPkgNampAps:com.hihonor.android.launcher
06-19 23:12:50.928  2126  4270 I AGPService: GpuPolicyManager: m_currentPkgName - com.hihonor.android.launcher
06-19 23:12:50.928  2126  4270 I AGPService: NotifyAnimationState animationTag: APP_TRANSITION_ANIMATION animationType: 2 state: 0, previous count: 1 type count: 1
06-19 23:12:50.928  2126  4270 E AGPService: SceneEnd: mIsSceneStart invalid
06-19 23:12:50.928  2126  4270 I AGPService: RefreshRateActionHandle 1210, 0
06-19 23:12:50.928  2126  4270 I AGPService: PostAction
06-19 23:12:50.929  2126  4270 I AGPService: FilterAction mVotePool.size: 2 priority 2600 sceneCode 2600
06-19 23:12:50.929  2126  4270 I AGPService: FilterAction mVotePool.size: 2 priority 2600 sceneCode 2600
06-19 23:12:50.929 28791   478 I SurfaceControl: SurfaceControl 0xb4000074e460b710 DefaultTaskDisplayArea#9
06-19 23:12:50.930 28791   478 I SurfaceControl: SurfaceControl 0xb4000074e45a2b70 Task=899#116900
06-19 23:12:50.930 28791   478 I SurfaceControl: SurfaceControl 0xb4000074e46041d0 WallpaperWindowToken{42fa48d token=android.os.Binder@f360124}#61
06-19 23:12:50.930 28791   478 I SurfaceControl: SurfaceControl 0xb4000074e460eb90 Transition Root: Task=350#116924
06-19 23:12:50.930 28791   478 I SurfaceControl: SurfaceControl 0xb4000074e45c6430 WallpaperWindowToken{42fa48d token=android.os.Binder@f360124}#61
06-19 23:12:50.931 28791   478 I SurfaceControl: SurfaceControl 0xb4000074e4607ab0 Task=899#116900
06-19 23:12:50.931 28791   478 I SurfaceControl: SurfaceControl 0xb4000074e45f22d0 Transition Root: Task=350#116924
06-19 23:12:50.931 28791   478 I SurfaceControl: SurfaceControl 0xb4000074e45be010 Task=350#45305
06-19 23:12:50.931 28791   478 I SurfaceControl: SurfaceControl 0xb4000074e45faed0 ActivityRecord{1979841 u0 com.hihonor.android.launcher/.unihome.UniHomeLauncher t351 mVisible=false mOccludesParent=true mode=fullscreen boundsRect(0, 0 - 1080, 2412)}#45307
