06-19 23:12:45.707  3575  5037 I SurfaceControl: SurfaceControl 0xb4000074e460ef10 Transition Root: Task=896#116844
06-19 23:12:45.707  3575  5037 I SurfaceControl: SurfaceControl 0xb4000074e45a9710 Transition Root: Task=896#116844
06-19 23:12:45.707  3575  5037 I SurfaceControl: SurfaceControl 0xb4000074e460d150 Task=896#116840
06-19 23:12:45.707  3575  5037 I SurfaceControl: SurfaceControl 0xb4000074e45bd050 Splash Screen com.example.testeableapp#116843
06-19 23:12:45.707  3575  5037 I SurfaceControl: SurfaceControl 0xb4000074e45c9990 ActivityRecord{3fd9905 u0 com.example.testeableapp/.MainActivity t896 mVisible=false mOccludesParent=true mode=fullscreen boundsRect(0, 0 - 1080, 2412)}#116841
06-19 23:12:45.707  3575  5037 I SurfaceControl: SurfaceControl 0xb4000074e45e04b0 61ef880 Splash Screen com.example.testeableapp#116842
06-19 23:12:45.707  3575  5037 I SurfaceControl: SurfaceControl 0xb4000074e461e4f0 Transition Root: Task=896#116844
06-19 23:12:45.707  3575  5037 I SurfaceControl: SurfaceControl 0xb4000074e460a4b0 61ef880 Splash Screen com.example.testeableapp#116842
06-19 23:12:45.707  3575  5037 I SurfaceControl: SurfaceControl 0xb4000074e4621350 Task=896#116840
06-19 23:12:45.707  3575  5037 I SurfaceControl: SurfaceControl 0xb4000074e45c9df0 Task=350#45305
06-19 23:12:45.707  3575  5037 I SurfaceControl: SurfaceControl 0xb4000074e45b02b0 DefaultTaskDisplayArea#9
06-19 23:12:45.707  3575  5037 I SurfaceControl: SurfaceControl 0xb4000074e46320d0 DefaultTaskDisplayArea#9
06-19 23:12:45.708  2361  2850 I SurfaceControl: nativeRelease 0xb4000074e4631730 count: 2 name: Surface(name=69fffd0 NavigationBar0)/@0xc4b2e34 - animation-leash of insets_animation#116831
06-19 23:12:45.709  1700  2158 I SurfaceFlinger: createLayer layername: Surface(name=69fffd0 NavigationBar0)/@0xc4b2e34 - animation-leash of insets_animation type: Layer address = 0xb400007043c34be0
06-19 23:12:45.710  2361  2850 I SurfaceControl: SurfaceControl 0xb4000074e4636dd0 Surface(name=69fffd0 NavigationBar0)/@0xc4b2e34 - animation-leash of insets_animation#116845
06-19 23:12:45.711  2361  2850 I SurfaceControl: nativeRelease 0xb4000074e45b5bf0 count: 2 name: Surface(name=17e14ef StatusBar)/@0x4a2b91e - animation-leash of insets_animation#116832
06-19 23:12:45.712  1700  2483 I SurfaceFlinger: createLayer layername: Surface(name=17e14ef StatusBar)/@0x4a2b91e - animation-leash of insets_animation type: Layer address = 0xb400007043b75bf0
06-19 23:12:45.713  2361  2850 I SurfaceControl: SurfaceControl 0xb4000074e46239d0 Surface(name=17e14ef StatusBar)/@0x4a2b91e - animation-leash of insets_animation#116846
06-19 23:12:45.714  3575  3654 I HnMwAnimTransition: play the default animation if there is no MagicWindow
06-19 23:12:45.714  3575  3654 I PipTransition: call startAnimation type:1, mInFixedRotation:false, mEndFixedRotation:-1, currentPipTaskChange:null
06-19 23:12:45.714  3575  3654 I PipTransition: isEnteringPip false
06-19 23:12:45.716  7142  7282 E fb4a.msys: E[N mns:DGWClient]_OnResolverSuccess(335)=>Cache refresh succeeded with system DNS resolver. IP count: 1
06-19 23:12:45.716  1660  1799 E DMABUFHEAPS: DmabufAlloc size=10592256 openTime=0 allocTime=11
06-19 23:12:45.717  1700  2158 I SurfaceFlinger: createLayer layername: 677dd5a ActivityRecordInputSink com.example.testeableapp/.MainActivity type: Layer address = 0xb400007043c2a530
06-19 23:12:45.717  3575  3575 W StatusBar: Statusbar onSystemBarAttributesChanged appearance = 24 mTransientShown false displayId 0 mDisplayId 0 behavior 1
06-19 23:12:45.717  3575  3575 I StatusBar: updateBarMode mStatusBarMode = 4 barMode 4
06-19 23:12:45.718  2361  2850 I SurfaceControl: SurfaceControl 0xb4000074e462e710 677dd5a ActivityRecordInputSink com.example.testeableapp/.MainActivity#116847
06-19 23:12:45.718  1700  2158 I SurfaceControl: SurfaceControl 0xb400006f63b27710 Surface(name=69fffd0 NavigationBar0)/@0xc4b2e34 - animation-leash of insets_animation#116845
06-19 23:12:45.718  1700  2158 I SurfaceControl: SurfaceControl 0xb400006f63b0ca50 Surface(name=17e14ef StatusBar)/@0x4a2b91e - animation-leash of insets_animation#116846
06-19 23:12:45.719  3575  3575 D SbStateController: setSystemBarAttributes isFullscreen: false
06-19 23:12:45.719  2361  2850 I SurfaceControl: ~SurfaceControl 0xb4000074e4631730 Surface(name=69fffd0 NavigationBar0)/@0xc4b2e34 - animation-leash of insets_animation#116831
06-19 23:12:45.719  2361  2850 I SurfaceControl: ~SurfaceControl 0xb4000074e45b5bf0 Surface(name=17e14ef StatusBar)/@0x4a2b91e - animation-leash of insets_animation#116832
06-19 23:12:45.719  3575  3575 I HwDependencyFactory: stn is not supported!
06-19 23:12:45.719  3575  3575 I BaseCapsuleStatusBarHelper: mIsShowStatusBar: true, isShowStatusBar: true
06-19 23:12:45.720  3575  3575 I LivelyCapsuleStatusBarHelper: handleBrandColor  capsuleList  size is zero.
06-19 23:12:45.720  3575  3575 D SysUiState: SysUiState changed: old=268435456 new=268566528
06-19 23:12:45.720  3575  3575 D OverviewProxyService: Notifying sysui state change to overview service: proxy=com.android.systemui.shared.recents.IOverviewProxy$Stub$Proxy@61c1b0f flags=268566528
06-19 23:12:45.720  3575  3575 I OverviewProxyService: notifySystemUiStateFlags begin, flags:268566528
06-19 23:12:45.720  3575  3865 I SurfaceControl: SurfaceControl 0xb4000074e460e9d0 Task=896#116840
06-19 23:12:45.720  3575  3575 I OverviewProxyService: notifySystemUiStateFlags end, flags:268566528
06-19 23:12:45.720 28791 31164 I SurfaceControl: SurfaceControl 0xb4000074e45ef7f0 Surface(name=559ceab InputMethod)/@0x9d6dd52 - animation-leash of insets_animation#116777
06-19 23:12:45.721  3575  3865 I SurfaceControl: SurfaceControl 0xb4000074e45e9970 Surface(name=69fffd0 NavigationBar0)/@0xc4b2e34 - animation-leash of insets_animation#116845
06-19 23:12:45.721  3575  3865 I SurfaceControl: SurfaceControl 0xb4000074e45b1dd0 Surface(name=17e14ef StatusBar)/@0x4a2b91e - animation-leash of insets_animation#116846
06-19 23:12:45.721 28791 28791 I SurfaceControl: nativeRelease 0xb4000074e45dca10 count: 1 name: Surface(name=559ceab InputMethod)/@0x9d6dd52 - animation-leash of insets_animation#116777
06-19 23:12:45.721 28791 28791 I SurfaceControl: ~SurfaceControl 0xb4000074e45dca10 Surface(name=559ceab InputMethod)/@0x9d6dd52 - animation-leash of insets_animation#116777
06-19 23:12:45.721 28791 28791 I SurfaceControl: nativeRelease 0xb4000074e4606a10 count: 1 name: Surface(name=69fffd0 NavigationBar0)/@0xc4b2e34 - animation-leash of insets_animation#116831
06-19 23:12:45.721 28791 28791 I SurfaceControl: ~SurfaceControl 0xb4000074e4606a10 Surface(name=69fffd0 NavigationBar0)/@0xc4b2e34 - animation-leash of insets_animation#116831
06-19 23:12:45.721  4168  4848 I ScenarioService: refresh visibleApp:[com.example.testeableapp]
06-19 23:12:45.721  4168  4848 I PGServer: report state:14 event type:1 pid:-1 uid:-1 pkg:com.example.testeableapp to pid: 2361
06-19 23:12:45.722  4168  4848 I PGServer: report state:14 event type:1 pid:-1 uid:-1 pkg:com.example.testeableapp to pid: 4183
06-19 23:12:45.722 28791 28791 I SurfaceControl: nativeRelease 0xb4000074e45c9610 count: 1 name: Surface(name=17e14ef StatusBar)/@0x4a2b91e - animation-leash of insets_animation#116832
06-19 23:12:45.722 28791 28791 I SurfaceControl: ~SurfaceControl 0xb4000074e45c9610 Surface(name=17e14ef StatusBar)/@0x4a2b91e - animation-leash of insets_animation#116832
06-19 23:12:45.722  4168  4848 I PGServer: report state:14 event type:1 pid:-1 uid:-1 pkg:com.example.testeableapp to pid: 4168
06-19 23:12:45.722  4183  4572 D Hicom_Monitor: enter visible event, add app: com.example.testeableapp into mVisiblePkgNameSet
06-19 23:12:45.722  4168 18065 I PGServer: checkPkgType. calling pkg: android
06-19 23:12:45.723  2361  3480 D HwConnectivityManagerImpl: getNetworkPolicyFlag flagStr null
06-19 23:12:45.723 13974 13974 D LifecycleMonitor: Lifecycle status change: com.example.testeableapp.MainActivity@408978c in: CREATED
06-19 23:12:45.723  4168  4848 I ApsDynamicVideoFps: APS: APK: handleFrontAppFromPgPlug. pkgName:com.example.testeableapp, mLastPkgName:com.google.android.youtube, isReduceFps:false, isCountingDown:true
06-19 23:12:45.724 13974 13974 V ActivityScenario: Update currentActivityStage to CREATED, currentActivity=com.example.testeableapp.MainActivity@408978c
06-19 23:12:45.724  4168  4848 I ApsDynamicVideoFps: APS: APK: <REDUCEFPS>Front Changed Stop reduce fps
06-19 23:12:45.724  4168  5065 I AppsUsage: BgAPP:com.hihonor.android.launcher
06-19 23:12:45.725  4168  5065 I PG_ash  : com.hihonor.android.launcher become invisible
06-19 23:12:45.726  4168 18065 I PGServer: checkPkgType. calling pkg: android
06-19 23:12:45.726  3575  3654 D HnTransitionAnimation: load animation resource id 20a0051
06-19 23:12:45.727 13974 13974 D LifecycleMonitor: Lifecycle status change: com.example.testeableapp.MainActivity@408978c in: STARTED
06-19 23:12:45.728 13974 13974 V ActivityScenario: Update currentActivityStage to STARTED, currentActivity=com.example.testeableapp.MainActivity@408978c
06-19 23:12:45.730 13346 13457 W TraceLog: onQueueInputBuffer(c2.android.aac.encoder:0xb40000759a5aa900) Queued: 47.8/s Done: 44.8/s Rendered: 0.0/s Discarded: 44.8/s
06-19 23:12:45.730  1660  5028 E DMABUFHEAPS: DmabufAlloc size=10592256 openTime=0 allocTime=13
06-19 23:12:45.732  3575  3654 D HnTransitionAnimationOptimize: local_anim_config true NATIVE_ANIM_CONFIG true
06-19 23:12:45.732  3575  3654 D HnTransitionAnimationOptimize: launch/back/home Animation. animate in native
06-19 23:12:45.733  2126  4270 I AGPService: FilterAction mVotePool.size: 2 priority 2600 sceneCode 2600
06-19 23:12:45.734 13974 13974 D LifecycleMonitor: Lifecycle status change: com.example.testeableapp.MainActivity@408978c in: RESUMED
06-19 23:12:45.734  2361  3480 I HwConnectivityManagerImpl: onDnsEventAction,uid:10182,returnCode:0, latencyMs:19, netId:438, DnsCount:73, FailCount:0, mWifiNetId:437, StatEnum:0
06-19 23:12:45.734 13974 13974 V ActivityScenario: Update currentActivityStage to RESUMED, currentActivity=com.example.testeableapp.MainActivity@408978c
06-19 23:12:45.734  4168  5147 I PGServer: getTopFrontApp. calling pkg: android
06-19 23:12:45.735  3575  3654 D HnTransitionAnimationOptimize: ApplyAnimationOptimize leash = Surface(name=Task=350)/@0xd197838 , frameCount = 17 frameDuration 16.666666
06-19 23:12:45.735  1700  2158 E Parcel  : Reading a NULL string not supported here.
06-19 23:12:45.735  1700  2158 D FluencyDetector: Begin fluency detect: APP_TRANSITION_ANIMATION
06-19 23:12:45.736 13974 13974 I DecorView[]: set decor visibility 4
06-19 23:12:45.736  2126  4270 I AGPService: NotifyAnimationState animationTag: APP_TRANSITION_ANIMATION animationType: 2 state: 1, previous count: 0 type count: 0
06-19 23:12:45.736  2126  4270 I AGPService: CheckSceneRestrict type: ffffff, mSceneRestrictFlag 100
06-19 23:12:45.736  2126  4270 I AGPService: RefreshRateActionHandle 1210, 1
06-19 23:12:45.736  2126  4270 I AGPService: RefreshRateActionHandle currAppStrategy name 3, lightLimit 0, minFps 90, maxFps 90 refreshMinFps 60
06-19 23:12:45.736  2126  4270 I AGPService: AddAciton sceneCode 1210
06-19 23:12:45.736  2126  4270 I AGPService: DisableActionLoop
06-19 23:12:45.736  2126  4270 I AGPService: PostAction
06-19 23:12:45.736  2126  4270 I AGPService: FilterAction mVotePool.size: 3 priority 2600 sceneCode 2600
06-19 23:12:45.736  2126  4270 I AGPService: FilterAction mVotePool.size: 3 priority 2600 sceneCode 2600
06-19 23:12:45.736  2126  2150 I AGPService: FilterAction mVotePool.size: 3 priority 2600 sceneCode 2600
06-19 23:12:45.736 13974 14127 D HnContentRecognizerManager: handleMessage: mCurrentPackageName com.example.testeableapp
06-19 23:12:45.736  2126  2150 I AGPService: NotifyExtraPolicyInfoToSF fps: 60, skipCount: 0
06-19 23:12:45.737  2126  2150 I AGPService: SendPolicyByAction isGame 0 sceneCode 2600 priority 2600 lightEnabled 0 fpsHold 0 minFps 60 maxFps 60
06-19 23:12:45.737  1700  1891 I SurfaceFlinger: setDesiredDisplayModeSpecs pid: 2126 AGP-pid: 2126
06-19 23:12:45.740  1700  1700 I Layer   : [reparent] [Surface(name=69fffd0 NavigationBar0)/@0xc4b2e34 - animation-leash of insets_animation#116831] newParent is null [0xb400007043caad00]
06-19 23:12:45.741  1700  1700 I Layer   : [reparent] [Surface(name=17e14ef StatusBar)/@0x4a2b91e - animation-leash of insets_animation#116832] newParent is null [0xb400007043c6fc70]
06-19 23:12:45.742  1700  1700 I SurfaceControl: ~SurfaceControl 0xb400006f63b0ca50 Surface(name=17e14ef StatusBar)/@0x4a2b91e - animation-leash of insets_animation#116846
06-19 23:12:45.743  1700  1700 I SurfaceControl: ~SurfaceControl 0xb400006f63b27710 Surface(name=69fffd0 NavigationBar0)/@0xc4b2e34 - animation-leash of insets_animation#116845
06-19 23:12:45.746 13974 13974 D CompatibilityChangeReporter: Compat change id reported: 237531167; UID 10270; state: DISABLED
06-19 23:12:45.747  1666  1838 E ANDR-PERF-OPTSHANDLER: ANDR-PERF-OPTSHANDLER: modify_sysfsnode() 1149: Perflock resource /dev/stune/top-app/schedtune.boost not supported
06-19 23:12:45.747  1666  1838 E ANDR-PERF-RESOURCEQS: ANDR-PERF-RESOURCEQS: AddAndApply() 167: Failed to apply optimization [3, 28]
06-19 23:12:45.747  3575  3654 D HnTransitionAnimation: load animation resource id 20a004b
06-19 23:12:45.747  1666  1838 E ANDR-PERF-OPTSHANDLER: ANDR-PERF-OPTSHANDLER: modify_sysfsnode() 1149: Perflock resource /sys/devices/system/cpu/bus_dcvs/L3/soc:qcom,memlat:l3:prime/min_freq not supported
06-19 23:12:45.747  1666  1838 E ANDR-PERF-RESOURCEQS: ANDR-PERF-RESOURCEQS: AddAndApply() 167: Failed to apply optimization [13, 22]
06-19 23:12:45.748  3575  3654 D HnTransitionAnimationOptimize: local_anim_config true NATIVE_ANIM_CONFIG true
06-19 23:12:45.748  3575  3654 D HnTransitionAnimationOptimize: launch/back/home Animation. animate in native
06-19 23:12:45.748  2126  4270 I AGPService: FilterAction mVotePool.size: 3 priority 2600 sceneCode 2600
06-19 23:12:45.749  3575  3654 D HnTransitionAnimationOptimize: ApplyAnimationOptimize leash = Surface(name=Task=896)/@0x9577c9b , frameCount = 17 frameDuration 16.666666
06-19 23:12:45.749 13974 14118 I ContentDelivererImpl: isFeatureOpen: false
06-19 23:12:45.749 13974 14118 D HnContentRecognizerManager: isFeatureEnable: get cache value
06-19 23:12:45.749 13974 14118 I ContentDelivererImpl: isNeedConfig: isReportBlack false isWhitePackage false isGameApp false isFeatureOpen false
06-19 23:12:45.749  1700  2158 E Parcel  : Reading a NULL string not supported here.
06-19 23:12:45.749  1700  2158 D FluencyDetector: Begin fluency detect: APP_TRANSITION_ANIMATION
06-19 23:12:45.750  2126  4270 I AGPService: NotifyAnimationState animationTag: APP_TRANSITION_ANIMATION animationType: 2 state: 1, previous count: 1 type count: 1
06-19 23:12:45.750  2126  4270 I AGPService: CheckSceneRestrict type: ffffff, mSceneRestrictFlag 100
06-19 23:12:45.750  2126  4270 I AGPService: RefreshRateActionHandle 1210, 1
06-19 23:12:45.750  2126  4270 I AGPService: RefreshRateActionHandle currAppStrategy name 3, lightLimit 0, minFps 90, maxFps 90 refreshMinFps 60
06-19 23:12:45.750  2126  4270 I AGPService: AddAciton sceneCode 1210
06-19 23:12:45.750  2126  4270 I AGPService: DisableActionLoop
06-19 23:12:45.750  2126  4270 I AGPService: PostAction
06-19 23:12:45.750  1700  1889 I SurfaceControl: SurfaceControl 0xb400006f63b27710 Transition Root: Task=896#116844
06-19 23:12:45.750  2126  4270 I AGPService: FilterAction mVotePool.size: 3 priority 2600 sceneCode 2600
06-19 23:12:45.750  2126  4270 I AGPService: FilterAction mVotePool.size: 3 priority 2600 sceneCode 2600
06-19 23:12:45.750  1700  1889 I SurfaceControl: SurfaceControl 0xb400006f63b0ca50 Transition Root: Task=896#116844
06-19 23:12:45.751  3575  3654 I SurfaceControl: ~SurfaceControl 0xb4000074e45a9710 Transition Root: Task=896#116844
06-19 23:12:45.751  3575  3654 I SurfaceControl: ~SurfaceControl 0xb4000074e460d150 Task=896#116840
06-19 23:12:45.751  3575  3654 I SurfaceControl: ~SurfaceControl 0xb4000074e45bd050 Splash Screen com.example.testeableapp#116843
06-19 23:12:45.751  3575  3654 I SurfaceControl: ~SurfaceControl 0xb4000074e45c9990 ActivityRecord{3fd9905 u0 com.example.testeableapp/.MainActivity t896 mVisible=false mOccludesParent=true mode=fullscreen boundsRect(0, 0 - 1080, 2412)}#116841
06-19 23:12:45.751  3575  3654 I SurfaceControl: ~SurfaceControl 0xb4000074e45e04b0 61ef880 Splash Screen com.example.testeableapp#116842
06-19 23:12:45.752 13795 14045 D WM-PackageManagerHelper: Skipping component enablement for androidx.work.impl.background.systemjob.SystemJobService
06-19 23:12:45.752 13795 14045 D WM-Schedulers: Created SystemJobScheduler and enabled SystemJobService
06-19 23:12:45.752  3575  3654 D FloatBallController: operateFloatBall state:removetaskInfo:TaskInfo{userId=0 taskId=896 displayId=0 isRunning=true baseIntent=Intent { act=android.intent.action.MAIN cat=[android.intent.category.LAUNCHER] flg=0x10008000 cmp=com.example.testeableapp/.MainActivity } baseActivity=ComponentInfo{com.example.testeableapp/com.example.testeableapp.MainActivity} topActivity=ComponentInfo{com.example.testeableapp/com.example.testeableapp.MainActivity} origActivity=null realActivity=ComponentInfo{com.example.testeableapp/com.example.testeableapp.MainActivity} numActivities=1 lastActiveTime=739188763 isSupportsHwFreeForm=true appOrientationPolicy=1 affinity=10270:com.example.testeableapp freeformPaddingType=0 shouldFreeformSetSurfaceCorner=false supportsHnSplitScreenMultiWindow=true supportsHnTopBotSplitScreenfalse supportsMultiWindow=true resizeMode=1 isResizeable=true minWidth=-1 minHeight=-1 defaultMinSize=220 token=WCT{android.window.IWindowContainerToken$Stub$Proxy@7f8f803} topActivityType=1 pictureInPictureParams=null isAutoRemoveRecents=false shouldDockBigOverlays=false launchIntoPipHostTaskId=-1 lastParentTaskIdBeforePip=-1 displayCutoutSafeInsets=Rect(0, 108 - 0, 0) topActivityInfo=ActivityInfo{5e4b380 com.example.testeableapp.MainActivity} windowMode=1 launchCookies=[] positionInParent=Point(0, 0) parentTaskId=-1 isFocused=true isVisible=true isFreeformEnterPip=false isVisibleRequested=true isSleeping=false topActivityInSizeCompat=false topActivityEligibleForLetterboxEducation= false topActivityLetterboxed= false isFromDoubleTap= false topActivityLetterboxVerticalPosition= -1 topActivityLetterboxHorizontalPosition= -1 topActivityLetterboxWidth=-1 topActivityLetterboxHeight=-1 locusId=null displayAreaFeatureId=1 cameraCompatControlState=hidden targetScaleForVerticalInwardFold=1.0}
06-19 23:12:45.752  7142  7282 E fb4a.msys: E[N mns:DGWClient]_OnResolverSuccess(335)=>Cache refresh succeeded with system DNS resolver. IP count: 1
06-19 23:12:45.753  1617 13041 I sensors-hal: handle_sns_std_sensor_event:275, ambient_light_event: ts=739188953299494, lux = 1, raw_adc=224, raw_2=368
06-19 23:12:45.753  2361  3480 D HwConnectivityManagerImpl: getNetworkPolicyFlag flagStr null
06-19 23:12:45.753 13795 13981 D WM-ForceStopRunnable: Is default app process = true
06-19 23:12:45.754 13795 13981 D WM-ForceStopRunnable: Performing cleanup operations.
06-19 23:12:45.754 13974 13974 W OpenGLRenderer: Unknown dataspace 0
06-19 23:12:45.755  3575  3840 W HwFloatDockBar: FloatBallViewModel callBackRefreshFloatBallIcon recentAppBeans is null or empty!
06-19 23:12:45.757  2126  2150 I AGPService: FilterAction mVotePool.size: 3 priority 2600 sceneCode 2600
06-19 23:12:45.757  2126  2150 I AGPService: NotifyExtraPolicyInfoToSF fps: 60, skipCount: 0
06-19 23:12:45.757  2126  2150 I AGPService: SendPolicyByAction isGame 0 sceneCode 2600 priority 2600 lightEnabled 0 fpsHold 0 minFps 60 maxFps 60
06-19 23:12:45.757  2361  3480 I HwConnectivityManagerImpl: onDnsEventAction,uid:10182,returnCode:0, latencyMs:23, netId:438, DnsCount:74, FailCount:0, mWifiNetId:437, StatEnum:0
06-19 23:12:45.757  1700  2158 I SurfaceFlinger: setDesiredDisplayModeSpecs pid: 2126 AGP-pid: 2126
06-19 23:12:45.760  1700  1700 I Layer   : [setLayer] [Task=350#45305] setlayer z = 2
06-19 23:12:45.761  1700  1700 I Layer   : [setLayer] [Transition Root: Task=896#116844] setlayer z = 3
06-19 23:12:45.761  1700  1700 I SurfaceFlinger: [Splash Screen com.example.testeableapp#116843] apply visible 1
06-19 23:12:45.761  1700  1700 I Layer   : [setLayer] [Task=896#116840] setlayer z = 5
06-19 23:12:45.761  2361  3223 E RtgSchedIpcFile: setCommandByIoctl not opened
06-19 23:12:45.761  1700  1700 I Layer   : [setLayer] [61ef880 Splash Screen com.example.testeableapp#116842] setlayer z = 2147483647
06-19 23:12:45.761  1700  1700 W SurfaceFlinger: Attempt to set client state with a null layer handle
06-19 23:12:45.761  1700  1700 W SurfaceFlinger: Attempt to set client state with a null layer handle
06-19 23:12:45.762  1700  1700 I Layer   : ~Layer layername: Surface(name=17e14ef StatusBar)/@0x4a2b91e - animation-leash of insets_animation#116832 address = 0xb400007043c6fc70
06-19 23:12:45.762  1700  1700 I SurfaceFlinger: [onLayerDestroyed] [Surface(name=17e14ef StatusBar)/@0x4a2b91e - animation-leash of insets_animation#116832] address:0xb400007043c6fc70 has destroyed
06-19 23:12:45.762  1700  1700 I Layer   : ~Layer layername: Surface(name=69fffd0 NavigationBar0)/@0xc4b2e34 - animation-leash of insets_animation#116831 address = 0xb400007043caad00
06-19 23:12:45.762  1700  1700 I SurfaceFlinger: [onLayerDestroyed] [Surface(name=69fffd0 NavigationBar0)/@0xc4b2e34 - animation-leash of insets_animation#116831] address:0xb400007043caad00 has destroyed
06-19 23:12:45.763  2169  2203 I AwareLog: IsSplashThread threadName[13974][le.testeableapp]
06-19 23:12:45.763  2169  2203 E AwareLog: SetThreadToVipGroup:: iawared vipgroup set pid[13974] FAILED-NOT-TOP-APP!
06-19 23:12:45.763  2169  2203 I AwareLog: SetThreadToVipGroup:: iawared vipgroup set pid[14105] Success!
06-19 23:12:45.764  1700  1700 I SurfaceControl: ~SurfaceControl 0xb400006f63b0ca50 Transition Root: Task=896#116844
06-19 23:12:45.764  1700  1700 I SurfaceControl: ~SurfaceControl 0xb400006f63b27710 Transition Root: Task=896#116844
06-19 23:12:45.764 13974 14105 I AdrenoGLES-0: QUALCOMM build                   : 72d8b177be, I020fdb6434
06-19 23:12:45.764 13974 14105 I AdrenoGLES-0: Build Date                       : 02/27/24
06-19 23:12:45.764 13974 14105 I AdrenoGLES-0: OpenGL ES Shader Compiler Version: EV031.36.08.28
06-19 23:12:45.764 13974 14105 I AdrenoGLES-0: Local Branch                     :
06-19 23:12:45.764 13974 14105 I AdrenoGLES-0: Remote Branch                    : refs/tags/AU_LINUX_ANDROID_LA.VENDOR.1.0.11.00.00.770.073
06-19 23:12:45.764 13974 14105 I AdrenoGLES-0: Remote Branch                    : NONE
06-19 23:12:45.764 13974 14105 I AdrenoGLES-0: Reconstruct Branch               : NOTHING
06-19 23:12:45.764 13974 14105 I AdrenoGLES-0: Build Config                     : S P 12.1.1 AArch64
06-19 23:12:45.764 13974 14105 I AdrenoGLES-0: Driver Path                      : /vendor/lib64/egl/libGLESv2_adreno.so
06-19 23:12:45.764 13974 14105 I AdrenoGLES-0: Driver Version                   : 0615.84
06-19 23:12:45.766  7142 26279 E fb4a.msys: E[N mccw.liger]onConnectError(587)=>connect/error - address: 57.144.252.8, port: 443, ex: folly::AsyncSocketException: AsyncSocketException: connect failed, type = Socket not open, errno = 111 (Connection refused)
06-19 23:12:45.767  1700  1700 I CompositionEngine: [isClientCompositionForced] Rounded Corners layer [com.hihonor.android.launcher/com.hihonor.android.launcher.unihome.UniHomeLauncher#116794] client compose
06-19 23:12:45.767  7142  7283 E fb4a.msys: E[N 1283]errorHandlerDispatched(198)=>262/1283/3347/-1
06-19 23:12:45.767  1700  1700 I CompositionEngine: [isClientCompositionForced] Rounded Corners layer [Splash Screen com.example.testeableapp#116843] client compose
06-19 23:12:45.768 13795 14045 I Finsky:background: [194] SCH: Received scheduling request: Id: 3-37680, Constraints: [{ L: 0, D: 86400000, C: CHARGING_NONE, I: IDLE_REQUIRED, N: NET_ANY, B: BATTERY_ANY }]
06-19 23:12:45.768 13795 14045 I Finsky:background: [194] SCH: Received scheduling request: Id: 3-37681, Constraints: [{ L: 0, D: 86400000, C: CHARGING_NONE, I: IDLE_REQUIRED, N: NET_UNMETERED, B: BATTERY_ANY }]
06-19 23:12:45.768 13795 14045 I Finsky:background: [194] SCH: Received scheduling request: Id: 3-37682, Constraints: [{ L: 0, D: 86400000, C: CHARGING_REQUIRED, I: IDLE_REQUIRED, N: NET_UNMETERED, B: BATTERY_ANY }]
06-19 23:12:45.770  1700  1700 I CompositionEngine: [applyDeviceCompositionTypeChange] layer [Wallpaper BBQ wrapper#64] apply to client compose
06-19 23:12:45.770  7142  7258 E fb4a.msys: E[N dgw]operator()(129)=>TunnelRetriableNetworkLayer_removeRequest pendingRequest not found
06-19 23:12:45.770  1700  1700 I CompositionEngine: [applyDeviceCompositionTypeChange] layer [StatusBar#87] apply to client compose
06-19 23:12:45.770  1700  1700 I CompositionEngine: [applyDeviceCompositionTypeChange] layer [NavigationBar0#83] apply to client compose
06-19 23:12:45.770  1700  1700 I CompositionEngine: [applyDeviceCompositionTypeChange] layer [ScreenRecorderTimer#116816] apply to client compose
06-19 23:12:45.770 13974 14105 I AdrenoGLES-0: PFP: 0x016ee206, ME: 0x00000000
06-19 23:12:45.772 13795 14045 I Finsky:background: [194] SCH: Received scheduling request: Id: 3-37683, Constraints: [{ L: 0, D: 86400000, C: CHARGING_REQUIRED, I: IDLE_REQUIRED, N: NET_UNMETERED, B: BATTERY_ANY }]
06-19 23:12:45.772  7142  7283 E fb4a.msys: E[N MCCWCITransportRaceImpl]_TransportStreamDisconnectHandler(1118)=>All transports failed
06-19 23:12:45.772  7142  7283 E fb4a.msys: E[N MCCWCITransportRaceImpl]_LogRaceFail(229)=>Race FAILED: socketFailedToConnect=true, errorCode=0, total=79.1ms, dgw=77.1ms, liger=78.8ms
06-19 23:12:45.772 13795 14045 I Finsky:background: [194] SCH: Received scheduling request: Id: 3-37684, Constraints: [{ L: 0, D: 86400000, C: CHARGING_REQUIRED, I: IDLE_NONE, N: NET_ANY, B: BATTERY_ANY }]
06-19 23:12:45.773 13795 14045 I Finsky:background: [194] SCH: Received scheduling request: Id: 3-37685, Constraints: [{ L: 0, D: 86400000, C: CHARGING_NONE, I: IDLE_REQUIRED, N: NET_UNMETERED, B: BATTERY_ANY }]
06-19 23:12:45.773 13795 14045 I Finsky:background: [194] SCH: Received scheduling request: Id: 3-37686, Constraints: [{ L: 0, D: 86400000, C: CHARGING_REQUIRED, I: IDLE_NONE, N: NET_UNMETERED, B: BATTERY_ANY }]
06-19 23:12:45.773 13795 14045 I Finsky:background: [194] SCH: Received scheduling request: Id: 3-37687, Constraints: [{ L: 0, D: 86400000, C: CHARGING_REQUIRED, I: IDLE_REQUIRED, N: NET_ANY, B: BATTERY_ANY }]
06-19 23:12:45.773 13795 14045 I Finsky:background: [194] SCH: Received scheduling request: Id: 3-37688, Constraints: [{ L: 0, D: 86400000, C: CHARGING_NONE, I: IDLE_NONE, N: NET_UNMETERED, B: BATTERY_ANY }]
06-19 23:12:45.773 13795 14045 I Finsky:background: [194] SCH: Received scheduling request: Id: 3-37689, Constraints: [{ L: 0, D: 86400000, C: CHARGING_REQUIRED, I: IDLE_NONE, N: NET_UNMETERED, B: BATTERY_ANY }]
06-19 23:12:45.774  1700  1889 I SurfaceFlinger: createLayer layername: 26cfd12 com.example.testeableapp/com.example.testeableapp.MainActivity type: Layer address = 0xb400007043caad00
06-19 23:12:45.775  2361  3669 I SurfaceControl: SurfaceControl 0xb4000074e45d54d0 26cfd12 com.example.testeableapp/com.example.testeableapp.MainActivity#116848
06-19 23:12:45.777 13795 14045 I Finsky:background: [194] SCH: Received scheduling request: Id: 3-37690, Constraints: [{ L: 0, D: 86400000, C: CHARGING_NONE, I: IDLE_NONE, N: NET_UNMETERED, B: BATTERY_ANY }]
06-19 23:12:45.778 13795 14045 I Finsky:background: [194] SCH: Received scheduling request: Id: 3-37691, Constraints: [{ L: 0, D: 86400000, C: CHARGING_REQUIRED, I: IDLE_NONE, N: NET_UNMETERED, B: BATTERY_ANY }]
06-19 23:12:45.779 13795 14045 I Finsky:background: [194] SCH: Received scheduling request: Id: 3-37692, Constraints: [{ L: 6434311, D: 17234311, C: CHARGING_NONE, I: IDLE_REQUIRED, N: NET_UNMETERED, B: BATTERY_ANY }]
06-19 23:12:45.779 13795 14045 I Finsky:background: [194] SCH: Received scheduling request: Id: 3-37693, Constraints: [{ L: 0, D: 86400000, C: CHARGING_REQUIRED, I: IDLE_REQUIRED, N: NET_ANY, B: BATTERY_ANY }]
06-19 23:12:45.779 13795 14045 I Finsky:background: [194] SCH: Received scheduling request: Id: 3-37694, Constraints: [{ L: 6434299, D: 17234299, C: CHARGING_NONE, I: IDLE_REQUIRED, N: NET_ANY, B: BATTERY_ANY }]
06-19 23:12:45.779 13795 14045 I Finsky:background: [194] SCH: Received scheduling request: Id: 3-37695, Constraints: [{ L: 0, D: 86400000, C: CHARGING_NONE, I: IDLE_REQUIRED, N: NET_UNMETERED, B: BATTERY_ANY }]
06-19 23:12:45.779 13795 14045 I Finsky:background: [194] SCH: Received scheduling request: Id: 3-37696, Constraints: [{ L: 0, D: 86400000, C: CHARGING_REQUIRED, I: IDLE_NONE, N: NET_UNMETERED, B: BATTERY_ANY }]
06-19 23:12:45.779 19656 19656 E afehal_info: tp_check_scan_rate_scan_freq:[1781932365779][T:1781932365.779863]tp_check_scan_rate_scan_freq 495:invalued_scan_rate_or_freq = true scan_rate = 240
06-19 23:12:45.779 19656 19656 E afehal_info: tp_check_scan_rate_scan_freq:[1781932365779][T:1781932365.779936]tp_check_scan_rate_scan_freq 505:invalued_scan_rate_or_freq = true scan_freq = 103
06-19 23:12:45.779 13795 14045 I Finsky:background: [194] SCH: Received scheduling request: Id: 3-37697, Constraints: [{ L: 0, D: 86400000, C: CHARGING_REQUIRED, I: IDLE_NONE, N: NET_ANY, B: BATTERY_ANY }]
06-19 23:12:45.779 19656 19656 E afehal_info: vendor_parse_ioctrl_frame:[1781932365779][T:1781932365.779972]vendor_parse_ioctrl_frame 1026:get scan_rate = 240
06-19 23:12:45.780 19656 19656 E afehal_info: tp_check_scan_rate_scan_freq:[1781932365779][T:1781932365.779994]tp_check_scan_rate_scan_freq 495:invalued_scan_rate_or_freq = true scan_rate = 240
06-19 23:12:45.780 19656 19656 E afehal_info: tp_check_scan_rate_scan_freq:[1781932365779][T:1781932365.780014]tp_check_scan_rate_scan_freq 505:invalued_scan_rate_or_freq = true scan_freq = 103
06-19 23:12:45.780 13795 14045 I Finsky:background: [194] SCH: Received scheduling request: Id: 3-37698, Constraints: [{ L: 0, D: 86400000, C: CHARGING_REQUIRED, I: IDLE_REQUIRED, N: NET_UNMETERED, B: BATTERY_ANY }]
06-19 23:12:45.780 13795 14045 I Finsky:background: [194] SCH: Received scheduling request: Id: 3-37699, Constraints: [{ L: 6434297, D: 17234297, C: CHARGING_NONE, I: IDLE_REQUIRED, N: NET_UNMETERED, B: BATTERY_ANY }]
06-19 23:12:45.780 13795 14045 I Finsky:background: [194] SCH: Received scheduling request: Id: 3-37700, Constraints: [{ L: 0, D: 86400000, C: CHARGING_REQUIRED, I: IDLE_REQUIRED, N: NET_UNMETERED, B: BATTERY_ANY }]
06-19 23:12:45.784  2126  4270 D AGPService: itouch in 'GetDirectDeliverOpt' pkg:com.example.testeableapp, enabled:0
06-19 23:12:45.784 13974 13974 D InputEventReceiver: dispatchInputInterval 1000000
06-19 23:12:45.785  1700  1700 W SurfaceFlingerEx: SetAnimation frame missed, Count:1
06-19 23:12:45.785  1700  1700 W SurfaceFlingerEx: SetAnimation frame missed, Count:1
06-19 23:12:45.786 13974 13974 I HwForceDarkManager: isSystemInDarkMode isResUiModeYes: true, isDarkMode: true
06-19 23:12:45.788 13974 13974 I DecorView[]: set decor visibility 0
06-19 23:12:45.790 13974 13974 E RtgSchedIpcFile: RtgSchedIpcFile xxx failed to open /proc/13974/rtg
06-19 23:12:45.790 13974 13974 E RtgSchedIpcFile: RtgSchedIpcFile xxx failed to open /proc/rtg_gki/ioctl.
06-19 23:12:45.790 13974 13974 I RmeSchedManager: init Rme, version is: v1.0
06-19 23:12:45.790 13974 13974 E RtgSchedIpcFile: setCommandByIoctl not opened
06-19 23:12:45.792 13974 13974 D PhoneWindow: onViewRootImplSet activityToken android.os.BinderProxy@fe2cb3a,activityClientRecord ActivityRecord{65863eb token=android.os.BinderProxy@fe2cb3a {com.example.testeableapp/com.example.testeableapp.MainActivity}},isHnNavigationHide false isHidePrivateFlag = false
06-19 23:12:45.792 13795 13988 I Finsky:background: [181] SSM: Start staged session task with 0 tracked staged sessions
06-19 23:12:45.792 13974 13974 D HwPhoneWindow: onViewRootImplSet activityToken android.os.BinderProxy@fe2cb3a,activityClientRecord ActivityRecord{65863eb token=android.os.BinderProxy@fe2cb3a {com.example.testeableapp/com.example.testeableapp.MainActivity}},isHwNavigationHide false
06-19 23:12:45.792 13974 13974 D HiTouch_PressGestureDetector: onAttached:1
06-19 23:12:45.792  4183 23886 I Booster_AwareMonitor: [activityLifeNotifier]state:onResume pid:13974 uid:10270 ComponentInfo{com.example.testeableapp/com.example.testeableapp.MainActivity}
06-19 23:12:45.792  2361  2889 I WifiEnhanceMonitor: notifyForegroundActivityChanged
06-19 23:12:45.793  2361  2361 W HwCameraSceneDetection: uid:10270, componentName:com.example.testeableapp.MainActivity, flag:onResume
06-19 23:12:45.793  1700  1700 I Layer   : [setLayer] [61ef880 Splash Screen com.example.testeableapp#116842] setlayer z = 2147483647
06-19 23:12:45.794  4183  4498 I Booster_OllieObserver: notify registrants event: EVENT_ACTIVITY_STATE_CHANGED, new ActivityInfo: uid = 10270, packageName = com.example.testeableapp, procState = 2
06-19 23:12:45.794  4168  4268 I ApsSceneByActivity: APS: APK: IHwActivityNotifierEx packageName = com.example.testeableapp className = com.example.testeableapp.MainActivity; state = onResume
06-19 23:12:45.794  4168  4268 I ApsSceneByActivity: APS: APK: processActivityChanged: activityName = com.example.testeableapp.MainActivity
06-19 23:12:45.794  4183  4498 I SpeedTestNotifier: Speed test app is back Activity
06-19 23:12:45.794  4168  4268 D ApsDynamicCameraFps: APS: APK: handleSpecialCameraState:0
06-19 23:12:45.794  4183  4498 I NsaPowerConsumptionMonitor: onActivityStateChanged: mIsSpeedTesting:false isTopActivity:true isSpeedTestApk:false
06-19 23:12:45.794  4168  4268 I ApsAGPAdapter: APS: APK: ApsAGPAdapter: ActivityFpsByMode changed and mode = 0
06-19 23:12:45.795  4183  4498 I UidCloseNrStateMachine: addUidChanged uid: 10270
06-19 23:12:45.800  4183  4497 I NetworkQoeChr: checkForegroundApp timer end com.example.testeableapp
06-19 23:12:45.801  4183  4497 I UidCloseNrStateMachine: enter uidStateChanged, ForeGrountApp=com.example.testeableapp, mIsCallOn=false, mIsUsbPlugged=true, openLowPowerSwitch=true, QoeSlowState=false, powerMode=1, isSpeedSensitivityApp=false
06-19 23:12:45.801  4183  4497 D KitQoeManager: com.example.testeableapp, mForeActivityName com.example.testeableapp.MainActivity
06-19 23:12:45.802  4183  4497 E Booster_Jni: NetlinkInitCant:create netlink socket,error:Protocol not supported
06-19 23:12:45.802  4183  4497 E Booster_Jni: sendDataToKernel:socket open fail
06-19 23:12:45.802  4183  4497 I NetworkQoe: setNetworkQoeEnable:true,status=32,mNetworkQoeConditions=222
06-19 23:12:45.804  4183  4497 I NetworkQoe: sendCellularQoeCollectStartMsg, actionid = 1025, slotId = 0,pduSessionId = 5,epsBearerId = 5
06-19 23:12:45.804  4183  4572 I Hicom_Monitor: mActivityNotifierEx, className = com.example.testeableapp.MainActivity
06-19 23:12:45.804  4183  4572 I Hicom_Monitor: notifyForegroundAppActivityChanged: className:com.example.testeableapp.MainActivity
06-19 23:12:45.805  2361  3669 D HwConnectivityManagerImpl: startappqoednscollection action =0timer =1000
06-19 23:12:45.805  9860  9876 W AWARENESS_AmsRegister: state : onResume comp : ComponentInfo{com.example.testeableapp/com.example.testeableapp.MainActivity} taskId : 896callingPackage:launchMode:-1processUid_act:0
06-19 23:12:45.810  4168  4425 D ApsDynamicCameraFps: APS: APK: handleMessage: msg.what: 0
06-19 23:12:45.811  4168  4425 I ApsAGPAdapter: APS: APK: ApsAGPAdapter: camera changed and mode = 0
06-19 23:12:45.811  7142  7282 E fb4a.msys: E[N mns:DGWClient]_OnResolverSuccess(335)=>Cache refresh succeeded with system DNS resolver. IP count: 1
06-19 23:12:45.811  4183 21754 W AppStartupMonitor: activity state:onResume, comp:ComponentInfo{com.example.testeableapp/com.example.testeableapp.MainActivity}
06-19 23:12:45.814  4183  4497 E Booster_Jni: NetlinkInitCant:create netlink socket,error:Protocol not supported
06-19 23:12:45.814  4183  4497 E Booster_Jni: sendDataToKernel:socket open fail
06-19 23:12:45.814  4183  4497 I NetworkQoe: onAppStateChanged: mForeAppUid=10270, packageName:com.example.testeableapp
06-19 23:12:45.815  4183  4497 I NetworkQoeRes: handleAppStateChanged: ActivityUid=10270
06-19 23:12:45.815  4183  4497 D Booster_SelfCureManager: handleMessage: msg.what: 38
06-19 23:12:45.815  4183  4497 I HwPacketFilterBypass: handleActivityUidStateChanged uid:10270 -1 foreground:true
06-19 23:12:45.815  4183  4497 D SmartDualCardConfig: getAppType,pkgName=com.example.testeableapp,appType=-1
06-19 23:12:45.816  4183  4497 E SmartDualCardConfig: isAppInBlackList false,items==null
06-19 23:12:45.816  4183  4497 I SmartDualCardConfig: isAppInWhiteList false,uid=10270
06-19 23:12:45.816  4183  4497 D NetworkQoe: handleShortVideoMonitorMsg:app=0
06-19 23:12:45.816  4183  4497 D NetworkQoe: handleVoipCallMonitorMsg: mTopActivity=0
06-19 23:12:45.816  4183  4497 I NetworkQoeConfig: wechatDectectionSwitch=1
06-19 23:12:45.816  4183  4497 I ConnCureController: handleMessage: msg[2]
06-19 23:12:45.817  4183  4497 D SmartDualCardConfig: getAppType,pkgName=com.example.testeableapp,appType=-1
06-19 23:12:45.822  4183  4497 D SmartDualCardConfig: getAppType,pkgName=com.example.testeableapp,appType=-1
06-19 23:12:45.822  4183  4497 E SmartDualCardConfig: isAppInBlackList false,items==null
06-19 23:12:45.822  4183  4497 I SmartDualCardSM: onUidStateUpdate,uid=10270,appName=com.example.testeableapp,state=FOREGROUND
06-19 23:12:45.824  4183  4497 D SmartDualCardConfig: getAppType,pkgName=com.example.testeableapp,appType=-1
06-19 23:12:45.824  4183  4497 I SmartDualCardSM: updateAppState mAppState=2
06-19 23:12:45.824  4183  4497 I SmartDualCardConfig: addForegroundAppToList,size()=1,uid=10270
06-19 23:12:45.825  2361  3480 D HwConnectivityManagerImpl: getNetworkPolicyFlag flagStr null
06-19 23:12:45.825  2361  3480 D HwConnectivityManagerImpl: getNetworkPolicyFlag flagStr null
06-19 23:12:45.829  2361  3480 I HwConnectivityManagerImpl: onDnsEventAction,uid:10182,returnCode:0, latencyMs:7, netId:438, DnsCount:75, FailCount:0, mWifiNetId:437, StatEnum:0
06-19 23:12:45.832  2361  3480 I HwConnectivityManagerImpl: onDnsEventAction,uid:10124,returnCode:0, latencyMs:26, netId:438, DnsCount:76, FailCount:0, mWifiNetId:437, StatEnum:0
06-19 23:12:45.836  4183  4497 I SmartDualCardSM: boosterDump:prop=false SdcSwitchOn=false DataSwitchOn=true WifiConnect=false AirplaneOn=false ScreenOn=true VSimEnabled=false CallOn=false AppState=GENERAL_FOREGROUND HidataAppState=GENERAL_BACKGROUND defaultDataSlotId=0 default4GSlot=0 mForeAppRouteSlotId=0 DataOn=true M_MmsUtPdp=false S_MmsUtPdp=false userType=1 supportNetworkQoe=true GameBattleStatus=-1
06-19 23:12:45.839  4183  4497 I SmartDualCardSM: isSlaveCardNetworkBad return true,mIsSignalStengthPoors =true,mNetworkType=-1,mDownlinkSpeedLimits=1048576,mDataRoaming=false
06-19 23:12:45.840  4183  4497 E SmartDualCardTrafficManager: getResidueTraffic failed, invalid subId=-1
06-19 23:12:45.841  2361  3678 E JavaBinder: *** Uncaught remote exception! Exceptions are not yet supported across processes. Client PID 4183 UID 1000.
06-19 23:12:45.841  2361  3678 E JavaBinder: java.lang.RuntimeException: Can't create handler inside thread Thread[binder:2361_C,5,main] that has not called Looper.prepare()
06-19 23:12:45.841  2361  3678 E JavaBinder: 	at android.os.Handler.<init>(Handler.java:261)
06-19 23:12:45.841  2361  3678 E JavaBinder: 	at android.os.Handler.<init>(Handler.java:140)
06-19 23:12:45.841  2361  3678 E JavaBinder: 	at com.android.server.intellicom.common.NetLinkManager.<init>(NetLinkManager.java:303)
06-19 23:12:45.841  2361  3678 E JavaBinder: 	at com.android.server.intellicom.common.NetLinkManager.getInstance(NetLinkManager.java:313)
06-19 23:12:45.841  2361  3678 E JavaBinder: 	at com.android.server.HwConnectivityExService.getNetIdBySlotId(HwConnectivityExService.java:2347)
06-19 23:12:45.841  2361  3678 E JavaBinder: 	at hihonor.android.net.IConnectivityExManager$Stub.onTransact(IConnectivityExManager.java:522)
06-19 23:12:45.841  2361  3678 E JavaBinder: 	at com.android.server.HwConnectivityExService.onTransact(HwConnectivityExService.java:1279)
06-19 23:12:45.841  2361  3678 E JavaBinder: 	at android.os.Binder.execTransactInternal(Binder.java:1366)
06-19 23:12:45.841  2361  3678 E JavaBinder: 	at android.os.Binder.execTransact(Binder.java:1310)
06-19 23:12:45.841  4183  4497 I SmartDualCardSM: boosterDump:SlaveActive=false SameOperator=false M_NetworkBad=false S_NetworkBad=true M_DLSpeedLimit=1048576 S_DLSpeedLimit=1048576 M_DataRoam=false S_DataRoam=false VPNMode=false TetherOn=false AppQoeSlow=false HidataAppQoeSlow=false GameExpBad=false DsdaState=false S_TrafficEnough=true M_NetworkStatus=4 S_NetworkStatus=1 QoeSlowReason=0 isInHighSpeedRail=false M_DataRegState=0 S_NDataRegState=1 isUidBindListEmpty=true M_DetectAppQoe=-1 AppRouteSlot=0 WifiProSwitchSlaveCard=false LinkTurboActive=false
06-19 23:12:45.841  4183  4497 I SmartDualCardSM: isNeedMonitorAppQoe return false
06-19 23:12:45.841  4183  4497 I SmartDualCardSM: resetAppQoeState
06-19 23:12:45.842  4183  4497 I SmartDualCardChrManager: handleForegroundAppUpdateMsg,mAppState=1,scenes=2,mForegroundAppName=
06-19 23:12:45.842  4183  4497 I SmartDualCardSM: IdleState:got msg.what=EVENT_SLAVE_TRAFFIC_FREE_APP_BACKGROUND
06-19 23:12:45.842  4183  4497 I SmartDualCardSM: IdleState:got msg.what=EVENT_APP_MOVE_FOREGROUND
06-19 23:12:45.844  7142  7283 E fb4a.msys: E[N 1283]errorHandlerDispatched(198)=>262/1283/3347/-1
06-19 23:12:45.853  1629  1831 D vendor.honor.hardware.aoservice@1.0-service: [AO_SVC] (reopen_timer_handler:50):enter reopen handler
06-19 23:12:45.856  2361  6779 I HiView.HiEvent: Flatten done:990028996
06-19 23:12:45.856  2361  6779 I hievent_jni: Write to dev len:162
06-19 23:12:45.856  7142  7258 E fb4a.msys: E[N dgw]operator()(129)=>TunnelRetriableNetworkLayer_removeRequest pendingRequest not found
06-19 23:12:45.856  2361  6779 I hievent_jni: hievent_writer_write finish
06-19 23:12:45.856 13795 13981 D CompatibilityChangeReporter: Compat change id reported: 160794467; UID 10124; state: ENABLED
06-19 23:12:45.868  7142  7283 E fb4a.msys: E[N WCCConnectionMEM]_WCCConnectionMEMLifecycleEventHandler(2184)=>[INFO] connection/xmpp/lifecycle_event/did-connect, [0.3050s]
06-19 23:12:45.886  2130  3242 E dubaid  : [WifiStats.cpp] BalanceWifiSleepTime# Failed to read wifi sleep data
06-19 23:12:45.886  2130  3234 I dubaid  : [GpuAccounter.cpp] GetPower# Invalid gpu frequency: 1115, find best power
06-19 23:12:45.886  2130  3234 I dubaid  : [GpuAccounter.cpp] GetPower# Invalid gpu frequency: 1025, find best power
06-19 23:12:45.886  2130  3234 I dubaid  : [GpuAccounter.cpp] GetPower# Invalid gpu frequency: 785, find best power
06-19 23:12:45.901 13795 13989 D WM-PackageManagerHelper: Skipping component enablement for androidx.work.impl.background.systemalarm.RescheduleReceiver
06-19 23:12:45.906  7142 26279 E fb4a.msys: E[N 1278]onEOF(751)=>261/1278/3325/-1
06-19 23:12:45.907  7142  7283 E fb4a.msys: E[N WA]_WCIHappyEyeballsStreamSend(815)=>MCCHappyEyeballsImpl/send/error, stream not connected
06-19 23:12:45.914  7142  7283 E fb4a.msys: E[N WA]_WCIHappyEyeballsStreamSend(815)=>MCCHappyEyeballsImpl/send/error, stream not connected
06-19 23:12:45.914  7142  7283 E fb4a.msys: E[N WCCConnectionMEM]_WCCConnectionMEMLifecycleEventHandler(2184)=>[INFO] connection/xmpp/lifecycle_event/did-send-initial-payload, [0.0464s]
06-19 23:12:45.916  7142  7283 E fb4a.msys: E[N WA]_WCIHTTPChunkedStreamDisconnectWithError(341)=>stream/http/process/error, invalid chunk header
06-19 23:12:45.918  1617 13041 I sensors-hal: handle_sns_std_sensor_event:275, ambient_light_event: ts=739189119296889, lux = 1, raw_adc=208, raw_2=336
06-19 23:12:45.920  7142  7283 E fb4a.msys: E[N WA]_WCCXMPPStreamDisconnectHandler(344)=>xmpp/disconnect - WCIStreamStateErrorCode: 1, domain: WCIStreamState, subdomain: WCITransportRace: Error Domain=WCIStreamState Code=1 UserInfo=0x29516770c0 {MCFErrorDirectUnderlyingErrorKey=0xb40000748262f3d0 "Error Domain=WCITransportRace Code=1"}
06-19 23:12:45.920  7142  7283 E fb4a.msys: E[N WCCConnectionMEM]_WCCConnectionMEMLifecycleEventHandler(2184)=>[INFO] connection/xmpp/lifecycle_event/not-connected, [0.0057s]
06-19 23:12:45.921  7142  7283 E fb4a.msys: E[N WA]_WCCXMPPStreamDoDisconnect(1319)=>xmpp/disconnect - flags: 34
06-19 23:12:45.921  7142  7283 E fb4a.msys: E[N WCCConnectionMEM]_WCCConnectionMEMDisconnectHandler(2282)=>connection/disconnected, handshake failure
06-19 23:12:45.921  7142  7283 E fb4a.msys: E[N WCCConnectionMEM]_WCCConnectionMEMEmitStateChange(3200)=>[INFO] connection/new_state/not-connected [connection_id=129000359, wcc_source=1, wcc_reason=2]
06-19 23:12:45.923  7142  7283 E fb4a.msys: E[C MEMConnectionManager]_MEMConnectionManagerStateChangeHandler(585)=>[Critical] MEMConnectionState updated to ID: 0 with connectionId: 129000359
06-19 23:12:45.925  7142  7283 E fb4a.msys: E[C 1]_MCCLogErrorInternal(331)=>8/374/3970/16386
06-19 23:12:45.927  7142  7283 E fb4a.msys: E[C 1]_MCCLogErrorInternal(331)=>8/374/3972/2
06-19 23:12:45.928  7142  7283 E fb4a.msys: E[C mem.context]_LogConnectFailure(4788)=>Establishing connection failure reason and flags: disconnect/Doze/-1/reason/2/flags/16386/[-, -, handshake_failure, -, no_bytes_read, -, -, -, -, -, -, -, -, -]
06-19 23:12:45.928  7142  7283 E fb4a.msys: E[C mem.context]_LogConnectFailure(4820)=>[Happy Eyeball] Connect failed with source=1, winner stream ip=57.144.252.8, port=80, dnsResolutionMethod=1, combined_ip_addresses=57.144.252.8
06-19 23:12:46.028  3575  3661 I HnTransitionAnimationOptimize: AnimTransactionCompletedListener callback.
06-19 23:12:46.028  3575  3661 I HnTransitionAnimationOptimize: local anim onAnimationEnd,leash:Surface(name=Task=350)/@0xd197838
06-19 23:12:46.029  2126  4270 I AGPService: NotifyAnimationState animationTag: APP_TRANSITION_ANIMATION animationType: 2 state: 0, previous count: 2 type count: 2
06-19 23:12:46.029  2126  4270 E AGPService: SceneEnd: mIsSceneStart invalid
06-19 23:12:46.029  2126  4270 I AGPService: RefreshRateActionHandle 1210, 0
06-19 23:12:46.029  2126  4270 I AGPService: ReleaseAction sceneCode 1210 mVotePool.size 2
06-19 23:12:46.029  2126  4270 I AGPService: DisableActionLoop
06-19 23:12:46.029  3575  3661 I HnTransitionAnimationOptimize: AnimTransactionCompletedListener callback.
06-19 23:12:46.029  2126  4270 I AGPService: PostAction
06-19 23:12:46.029  2126  4270 I AGPService: FilterAction mVotePool.size: 2 priority 2600 sceneCode 2600
06-19 23:12:46.029  3575  3661 I HnTransitionAnimationOptimize: local anim onAnimationEnd,leash:Surface(name=Task=896)/@0x9577c9b
06-19 23:12:46.029  1700  2158 D FluencyDetector: End fluency detect: APP_TRANSITION_ANIMATION
06-19 23:12:46.029  2126  4270 I AGPService: FilterAction mVotePool.size: 2 priority 2600 sceneCode 2600
06-19 23:12:46.029  1700  1889 D FluencyDetector: End fluency detect: APP_TRANSITION_ANIMATION
06-19 23:12:46.031  1700  2158 I SurfaceControl: SurfaceControl 0xb400006f63b27710 DefaultTaskDisplayArea#9
06-19 23:12:46.031  1700  2158 I SurfaceControl: SurfaceControl 0xb400006f63b0ca50 DefaultTaskDisplayArea#9
06-19 23:12:46.034  2126  4270 I AGPService: NotifyAnimationState animationTag: APP_TRANSITION_ANIMATION animationType: 2 state: 0, previous count: 1 type count: 1
06-19 23:12:46.034  2126  2150 I AGPService: FilterAction mVotePool.size: 2 priority 2600 sceneCode 2600
06-19 23:12:46.034  2126  2150 I AGPService: NotifyExtraPolicyInfoToSF fps: 60, skipCount: 0
06-19 23:12:46.034  2126  2150 I AGPService: SendPolicyByAction isGame 0 sceneCode 2600 priority 2600 lightEnabled 0 fpsHold 0 minFps 60 maxFps 60
06-19 23:12:46.035  3575  3654 I SurfaceControl: ~SurfaceControl 0xb4000074e461e4f0 Transition Root: Task=896#116844
06-19 23:12:46.035  3575  3654 I SurfaceControl: ~SurfaceControl 0xb4000074e460a4b0 61ef880 Splash Screen com.example.testeableapp#116842
06-19 23:12:46.035  3575  3654 I SurfaceControl: ~SurfaceControl 0xb4000074e4621350 Task=896#116840
06-19 23:12:46.035  3575  3654 I SurfaceControl: ~SurfaceControl 0xb4000074e45c9df0 Task=350#45305
06-19 23:12:46.035  3575  3654 I SurfaceControl: ~SurfaceControl 0xb4000074e45b02b0 DefaultTaskDisplayArea#9
06-19 23:12:46.035  3575  3654 I SurfaceControl: ~SurfaceControl 0xb4000074e46320d0 DefaultTaskDisplayArea#9
06-19 23:12:46.035  3575  3654 I SurfaceControl: nativeRelease 0xb4000074e460ef10 count: 1 name: Transition Root: Task=896#116844
06-19 23:12:46.035  3575  3654 I SurfaceControl: ~SurfaceControl 0xb4000074e460ef10 Transition Root: Task=896#116844
06-19 23:12:46.036  1700  2158 I SurfaceFlinger: setDesiredDisplayModeSpecs pid: 2126 AGP-pid: 2126
06-19 23:12:46.038  2126  4270 E AGPService: SceneEnd: mIsSceneStart invalid
06-19 23:12:46.038  2126  4270 I AGPService: RefreshRateActionHandle 1210, 0
06-19 23:12:46.038  2126  4270 I AGPService: PostAction
06-19 23:12:46.038  2126  4270 I AGPService: FilterAction mVotePool.size: 2 priority 2600 sceneCode 2600
06-19 23:12:46.038  2126  2150 I AGPService: FilterAction mVotePool.size: 2 priority 2600 sceneCode 2600
06-19 23:12:46.038  2126  2150 I AGPService: NotifyExtraPolicyInfoToSF fps: 60, skipCount: 0
06-19 23:12:46.038  2126  2150 I AGPService: SendPolicyByAction isGame 0 sceneCode 2600 priority 2600 lightEnabled 0 fpsHold 0 minFps 60 maxFps 60
06-19 23:12:46.038  2126  4270 I AGPService: FilterAction mVotePool.size: 2 priority 2600 sceneCode 2600
06-19 23:12:46.038  1700  2158 I SurfaceFlinger: setDesiredDisplayModeSpecs pid: 2126 AGP-pid: 2126
06-19 23:12:46.040  2361  3167 I SurfaceControl: ~SurfaceControl 0xb4000074e4628190 Transition Root: Task=896#116844
