06-19 23:12:49.988  2361  2850 I SurfaceControl: ~SurfaceControl 0xb4000074e4631730 e2c4ac3 ActivityRecordInputSink com.hihonor.android.launcher/.unihome.UniHomeLauncher#116878
06-19 23:12:49.990 28791 28859 I BufferQueueProducer: [VRI[UniHomeLauncher]#935(BLAST Consumer)935](id:7077000003aa,api:1,p:28791,c:28791) disconnect: api 1
06-19 23:12:49.991 10112 10164 I BufferQueueProducer: [VRI[GoogleDiscoverWindow]#10(BLAST Consumer)10](id:27800000000a,api:1,p:10112,c:10112) disconnect: api 1
06-19 23:12:49.991 28791 28859 I ndroid.launcher: [purgeUnlockedResources] skip purge scratch resource bytes 655360
06-19 23:12:49.995  4183  4994 I FileObserverService: handle close_conn message
06-19 23:12:50.000  2361  3680 I SurfaceControl: nativeRelease 0xb4000074e462cb10 count: 1 name: Surface(name=559ceab InputMethod)/@0x9d6dd52 - animation-leash of insets_animation#116883
06-19 23:12:50.000  2361  3680 I SurfaceControl: ~SurfaceControl 0xb4000074e462cb10 Surface(name=559ceab InputMethod)/@0x9d6dd52 - animation-leash of insets_animation#116883
06-19 23:12:50.000  4183  4994 I RemoteServiceConnection: unbind searchservice success.
06-19 23:12:50.001 28791 28791 I SurfaceControl: nativeRelease 0xb4000074e45c0af0 count: 2 name: com.hihonor.android.launcher/com.hihonor.android.launcher.unihome.UniHomeLauncher#116873
06-19 23:12:50.001 28791 28791 I SurfaceControl: SurfaceControl 0xb4000074e45ee050 Surface(name=559ceab InputMethod)/@0x9d6dd52 - animation-leash of insets_animation#116883
06-19 23:12:50.001 28791 28791 I SurfaceControl: nativeRelease 0xb4000074e45d1b10 count: 1 name: Surface(name=559ceab InputMethod)/@0x9d6dd52 - animation-leash of insets_animation#116883
06-19 23:12:50.001 28791 28791 I SurfaceControl: ~SurfaceControl 0xb4000074e45d1b10 Surface(name=559ceab InputMethod)/@0x9d6dd52 - animation-leash of insets_animation#116883
06-19 23:12:50.002 28791 28791 I BufferQueueConsumer: [VRI[UniHomeLauncher]#935(BLAST Consumer)935](id:7077000003aa,api:0,p:-1,c:28791) disconnect
06-19 23:12:50.003 28791 28791 I SurfaceControl: ~SurfaceControl 0xb4000074e45c0af0 com.hihonor.android.launcher/com.hihonor.android.launcher.unihome.UniHomeLauncher#116873
06-19 23:12:50.005  1666  1838 E ANDR-PERF-RESOURCEQS: ANDR-PERF-RESOURCEQS: AddAndApply() 125: Resource with major=11, minor=0 not supported
06-19 23:12:50.016 10112 10112 I SurfaceControl: nativeRelease 0xb4000074e45b0630 count: 3 name: GoogleDiscoverWindow#116872
06-19 23:12:50.016  1700  1700 I SurfaceFlinger: [com.hihonor.android.launcher/com.hihonor.android.launcher.unihome.UniHomeLauncher#116873] apply visible 0
06-19 23:12:50.016  1700  1700 I SurfaceFlinger: [GoogleDiscoverWindow#116872] apply visible 0
06-19 23:12:50.016  1700  1700 I Layer   : [reparent] [e2c4ac3 ActivityRecordInputSink com.hihonor.android.launcher/.unihome.UniHomeLauncher#116878] newParent is null [0xb400007043c6fc70]
06-19 23:12:50.017  1700  1700 I Layer   : ~Layer layername: Transition Root: Task=898#116890 address = 0xb400007043c26da0
06-19 23:12:50.017  1700  1700 I SurfaceFlinger: [onLayerDestroyed] [Transition Root: Task=898#116890] address:0xb400007043c26da0 has destroyed
06-19 23:12:50.021 10112 10112 I BufferQueueConsumer: [VRI[GoogleDiscoverWindow]#10(BLAST Consumer)10](id:27800000000a,api:0,p:-1,c:10112) disconnect
06-19 23:12:50.037  1700  1700 I Layer   : ~Layer layername: e2c4ac3 ActivityRecordInputSink com.hihonor.android.launcher/.unihome.UniHomeLauncher#116878 address = 0xb400007043c6fc70
06-19 23:12:50.037  1700  1700 I SurfaceFlinger: [onLayerDestroyed] [e2c4ac3 ActivityRecordInputSink com.hihonor.android.launcher/.unihome.UniHomeLauncher#116878] address:0xb400007043c6fc70 has destroyed
06-19 23:12:50.047  1663  3286 E libnav  : CablComputeBacklightLevel(): UpdateType = DifferentSceneUpdate
06-19 23:12:50.068  1617 13041 I sensors-hal: handle_sns_std_sensor_event:275, ambient_light_event: ts=739193269296681, lux = 1, raw_adc=192, raw_2=352
06-19 23:12:50.068  1700  4460 I SurfaceFlinger: createLayer layername: com.example.testeableapp/com.example.testeableapp.MainActivity type: Layer address = 0xb400007043c26da0
06-19 23:12:50.069  2361  2462 I SurfaceControl: SurfaceControl 0xb4000074e460daf0 com.example.testeableapp/com.example.testeableapp.MainActivity#116895
06-19 23:12:50.072  2361  2847 D HwPhoneWindowManager: Transact:setSystemUIColor to status bar service
06-19 23:12:50.073  2361  2462 I SurfaceControl: nativeRelease 0xb4000074e45e80f0 count: 2 name: Surface(name=69fffd0 NavigationBar0)/@0xc4b2e34 - animation-leash of insets_animation#116891
06-19 23:12:50.073  1700  1889 I SurfaceFlinger: createLayer layername: Surface(name=69fffd0 NavigationBar0)/@0xc4b2e34 - animation-leash of insets_animation type: Layer address = 0xb400007043c6fc70
06-19 23:12:50.074  2361  2462 I SurfaceControl: SurfaceControl 0xb4000074e45b87b0 Surface(name=69fffd0 NavigationBar0)/@0xc4b2e34 - animation-leash of insets_animation#116896
06-19 23:12:50.074  2361  2462 I SurfaceControl: nativeRelease 0xb4000074e463c7f0 count: 2 name: Surface(name=17e14ef StatusBar)/@0x4a2b91e - animation-leash of insets_animation#116892
06-19 23:12:50.075  1700  2158 I SurfaceFlinger: createLayer layername: Surface(name=17e14ef StatusBar)/@0x4a2b91e - animation-leash of insets_animation type: Layer address = 0xb400007043c34be0
06-19 23:12:50.076  2361  2462 I SurfaceControl: SurfaceControl 0xb4000074e45ca4f0 Surface(name=17e14ef StatusBar)/@0x4a2b91e - animation-leash of insets_animation#116897
06-19 23:12:50.077  2361  2462 D ZrHung.AppEyeFocusWindow: FocusWindowErrorScene cancelCheckFreezeScreen
06-19 23:12:50.077  2361  2462 D ZrHung.AppEyeTransparentWindow: TransparentWindow mHungConfigStatus = 0,mHungConfigEnable = 1
06-19 23:12:50.077  7142  7283 E fb4a.msys: E[N WCCConnectionMEM]_WCCConnectionMEMShouldSendOrErrorCreate(741)=>connection/send should-send error: not connected, internalState=0
06-19 23:12:50.077  3575  3575 W StatusBar: Statusbar onSystemBarAttributesChanged appearance = 16 mTransientShown false displayId 0 mDisplayId 0 behavior 1
06-19 23:12:50.077  3575  3575 I StatusBar: updateBarMode mStatusBarMode = 4 barMode 4
06-19 23:12:50.077  3575  3575 D SbStateController: setSystemBarAttributes isFullscreen: false
06-19 23:12:50.077  3575  3575 I HwDependencyFactory: stn is not supported!
06-19 23:12:50.077  3575  3575 I BaseCapsuleStatusBarHelper: mIsShowStatusBar: true, isShowStatusBar: true
06-19 23:12:50.077  7142  7283 E fb4a.msys: E[N WCCConnectionMEM]_WCCConnectionMEMSendSyncWithFlags(790)=>connection/send should-send error: Error Domain=WCCConnectionSendErrorDomain Code=7 UserInfo=0x2951677a40 {MCFErrorDirectDescriptionKey=not connected, }
06-19 23:12:50.077  2361  2462 I SurfaceControl: nativeRelease 0xb4000074e46239d0 count: 1 name: com.example.testeableapp/com.example.testeableapp.MainActivity#116895
06-19 23:12:50.077  2361  2462 I SurfaceControl: ~SurfaceControl 0xb4000074e46239d0 com.example.testeableapp/com.example.testeableapp.MainActivity#116895
06-19 23:12:50.077  7142  7283 E fb4a.msys: E[N WA]_WCSConnectionSendCompletion(404)=>connection/send connection-id -1 send error: Error Domain=WhatsAppCoreFoundation Code=-1062207485 UserInfo=0x2951677e80 {MCFErrorDirectDescriptionKey=Connection error: not connected}
06-19 23:12:50.078  7142  7283 E fb4a.msys: E[N WCCConnectionMEM]_WCCConnectionMEMSendSyncWithFlags(844)=>connection/send error/7: Error Domain=WCCConnectionSendErrorDomain Code=7 UserInfo=0x2951677a40 {MCFErrorDirectDescriptionKey=not connected, }
06-19 23:12:50.078 13974 13974 I SurfaceControl: SurfaceControl 0xb4000074e45971f0 com.example.testeableapp/com.example.testeableapp.MainActivity#116895
06-19 23:12:50.078  7142  7283 E fb4a.msys: E[C MEMConnectionManager]__ConnectIfNeededOnNetworkContextAsyncImpl(1214)=>[Critical] Call WCCConnectionConnect with event id: 11
06-19 23:12:50.079 13974 13974 I BufferQueueConsumer: [](id:369600000001,api:0,p:-1,c:13974) connect: controlledByApp=false
06-19 23:12:50.080 13974 14105 I BufferQueueProducer: [VRI[MainActivity]#1(BLAST Consumer)1](id:369600000001,api:0,p:-1,c:13974) connect: api=1 producerControlledByApp=true
06-19 23:12:50.080 13974 14105 E OpenGLRenderer: Unable to match the desired swap behavior.
06-19 23:12:50.082  7142 26259 E fb4a.msys: E[C 1]_MCCLogErrorInternal(331)=>8/391/1573/-1062207485
06-19 23:12:50.083  1666  1838 E ANDR-PERF-OPTSHANDLER: ANDR-PERF-OPTSHANDLER: modify_sysfsnode() 1149: Perflock resource /sys/devices/system/cpu/bus_dcvs/L3/soc:qcom,memlat:l3:prime/min_freq not supported
06-19 23:12:50.083  1666  1838 E ANDR-PERF-RESOURCEQS: ANDR-PERF-RESOURCEQS: RemoveAndApply() 292: Failed to reset optimization here [13, 22]
06-19 23:12:50.084  1666  1838 E ANDR-PERF-OPTSHANDLER: ANDR-PERF-OPTSHANDLER: modify_sysfsnode() 1149: Perflock resource /dev/stune/top-app/schedtune.boost not supported
06-19 23:12:50.084  1666  1838 E ANDR-PERF-RESOURCEQS: ANDR-PERF-RESOURCEQS: RemoveAndApply() 292: Failed to reset optimization here [3, 28]
06-19 23:12:50.086  1666  1838 E ANDR-PERF-OPTSHANDLER: ANDR-PERF-OPTSHANDLER: unsupported() 949: Error: This resource is not supported
06-19 23:12:50.086  1666  1838 E ANDR-PERF-RESOURCEQS: ANDR-PERF-RESOURCEQS: RemoveAndApply() 292: Failed to reset optimization here [11, 0]
06-19 23:12:50.089  1700  2158 I SurfaceControl: SurfaceControl 0xb400006f63b1edb0 Surface(name=69fffd0 NavigationBar0)/@0xc4b2e34 - animation-leash of insets_animation#116896
06-19 23:12:50.089  1700  2158 I SurfaceControl: SurfaceControl 0xb400006f63b05350 Surface(name=17e14ef StatusBar)/@0x4a2b91e - animation-leash of insets_animation#116897
06-19 23:12:50.090  2361  2850 I SurfaceControl: ~SurfaceControl 0xb4000074e45e80f0 Surface(name=69fffd0 NavigationBar0)/@0xc4b2e34 - animation-leash of insets_animation#116891
06-19 23:12:50.090  2361  2850 I SurfaceControl: ~SurfaceControl 0xb4000074e463c7f0 Surface(name=17e14ef StatusBar)/@0x4a2b91e - animation-leash of insets_animation#116892
06-19 23:12:50.091 13974 14013 I SurfaceControl: SurfaceControl 0xb4000074e459b710 Surface(name=69fffd0 NavigationBar0)/@0xc4b2e34 - animation-leash of insets_animation#116896
06-19 23:12:50.091 13974 14013 I SurfaceControl: SurfaceControl 0xb4000074e459b8d0 Surface(name=17e14ef StatusBar)/@0x4a2b91e - animation-leash of insets_animation#116897
06-19 23:12:50.092  3575  3698 I SurfaceControl: nativeRelease 0xb4000074e45e04b0 count: 1 name: Surface(name=69fffd0 NavigationBar0)/@0xc4b2e34 - animation-leash of insets_animation#116891
06-19 23:12:50.092  3575  3698 I SurfaceControl: ~SurfaceControl 0xb4000074e45e04b0 Surface(name=69fffd0 NavigationBar0)/@0xc4b2e34 - animation-leash of insets_animation#116891
06-19 23:12:50.093  3575  3698 I SurfaceControl: nativeRelease 0xb4000074e461e4f0 count: 1 name: Surface(name=17e14ef StatusBar)/@0x4a2b91e - animation-leash of insets_animation#116892
06-19 23:12:50.093  3575  3698 I SurfaceControl: ~SurfaceControl 0xb4000074e461e4f0 Surface(name=17e14ef StatusBar)/@0x4a2b91e - animation-leash of insets_animation#116892
06-19 23:12:50.097  1700  1700 I Layer   : [setLayer] [1e7e10 Splash Screen com.example.testeableapp#116887] setlayer z = 2147483647
06-19 23:12:50.098  1700  1700 I Layer   : [reparent] [Surface(name=69fffd0 NavigationBar0)/@0xc4b2e34 - animation-leash of insets_animation#116891] newParent is null [0xb400007043cd1030]
06-19 23:12:50.098  1700  1700 I Layer   : [reparent] [Surface(name=17e14ef StatusBar)/@0x4a2b91e - animation-leash of insets_animation#116892] newParent is null [0xb400007043cb53b0]
06-19 23:12:50.099  1700  1700 I SurfaceControl: ~SurfaceControl 0xb400006f63b05350 Surface(name=17e14ef StatusBar)/@0x4a2b91e - animation-leash of insets_animation#116897
06-19 23:12:50.099  1700  1700 I SurfaceControl: ~SurfaceControl 0xb400006f63b1edb0 Surface(name=69fffd0 NavigationBar0)/@0xc4b2e34 - animation-leash of insets_animation#116896
06-19 23:12:50.103  2361  2462 I InputDispatcher: setFocusedWindow receiveTime step 1 :350783191ms receiveTime step 2 :350783191ms receiveTime step 3 :0ms
06-19 23:12:50.106  4617 10140 I HnMSDPMovementManager: getCurrentMovement type 0
06-19 23:12:50.120  1700  1700 I Layer   : ~Layer layername: Surface(name=17e14ef StatusBar)/@0x4a2b91e - animation-leash of insets_animation#116892 address = 0xb400007043cb53b0
06-19 23:12:50.120  1700  1700 I SurfaceFlinger: [onLayerDestroyed] [Surface(name=17e14ef StatusBar)/@0x4a2b91e - animation-leash of insets_animation#116892] address:0xb400007043cb53b0 has destroyed
06-19 23:12:50.120  1700  1700 I Layer   : ~Layer layername: Surface(name=69fffd0 NavigationBar0)/@0xc4b2e34 - animation-leash of insets_animation#116891 address = 0xb400007043cd1030
06-19 23:12:50.120  1700  1700 I SurfaceFlinger: [onLayerDestroyed] [Surface(name=69fffd0 NavigationBar0)/@0xc4b2e34 - animation-leash of insets_animation#116891] address:0xb400007043cd1030 has destroyed
06-19 23:12:50.159 13974 13974 E RtgSchedIpcFile: RtgSchedIpcFile xxx failed to open /proc/13974/rtg
06-19 23:12:50.159 13974 13974 E RtgSchedIpcFile: RtgSchedIpcFile xxx failed to open /proc/rtg_gki/ioctl.
06-19 23:12:50.159 13974 13974 I RmeSchedManager: init Rme, version is: v1.0
06-19 23:12:50.159 13974 13974 E RtgSchedIpcFile: setCommandByIoctl not opened
06-19 23:12:50.167 28791 28859 I ndroid.launcher: [purgeUnlockedResources] skip purge scratch resource bytes 655360
06-19 23:12:50.168  4183  5365 W AppStartupMonitor: activity state:onStop, comp:ComponentInfo{com.hihonor.android.launcher/com.hihonor.android.launcher.unihome.UniHomeLauncher}
06-19 23:12:50.169 28791 28791 W HnLauncher: StateManager goToState new=com.hihonor.android.launcher.quickstep.util.uioverrides.NormalState@31fc069 cur=com.hihonor.android.launcher.quickstep.util.uioverrides.NormalState@31fc069 isAnimated=false delay=0 isForce=false
06-19 23:12:50.169 28791 28791 W HnLauncher: java.lang.Throwable
06-19 23:12:50.169 28791 28791 W HnLauncher: 	at com.android.launcher3.statemanager.StateManager.goToState(StateManager.java:260)
06-19 23:12:50.169 28791 28791 W HnLauncher: 	at com.android.launcher3.statemanager.StateManager.goToState(StateManager.java:178)
06-19 23:12:50.169 28791 28791 W HnLauncher: 	at com.android.launcher3.statemanager.StateManager.moveToRestState(StateManager.java:553)
06-19 23:12:50.169 28791 28791 W HnLauncher: 	at com.android.launcher3.statemanager.StateManager.moveToRestState(StateManager.java:542)
06-19 23:12:50.169 28791 28791 W HnLauncher: 	at com.android.launcher3.statemanager.StatefulActivity.onStop(StatefulActivity.java:154)
06-19 23:12:50.169 28791 28791 W HnLauncher: 	at com.hihonor.android.launcher.Launcher.onStop(Launcher.java:3882)
06-19 23:12:50.169 28791 28791 W HnLauncher: 	at com.hihonor.android.launcher.HnLauncher.onStop(HnLauncher.java:314)
06-19 23:12:50.169 28791 28791 W HnLauncher: 	at android.app.Instrumentation.callActivityOnStop(Instrumentation.java:1644)
06-19 23:12:50.169 28791 28791 W HnLauncher: 	at android.app.Activity.performStop(Activity.java:9318)
06-19 23:12:50.169 28791 28791 W HnLauncher: 	at android.app.ActivityThread.callActivityOnStop(ActivityThread.java:6389)
06-19 23:12:50.169 28791 28791 W HnLauncher: 	at android.app.ActivityThread.performStopActivityInner(ActivityThread.java:6369)
06-19 23:12:50.169 28791 28791 W HnLauncher: 	at android.app.ActivityThread.handleStopActivity(ActivityThread.java:6453)
06-19 23:12:50.169 28791 28791 W HnLauncher: 	at android.app.servertransaction.StopActivityItem.execute(StopActivityItem.java:43)
06-19 23:12:50.169 28791 28791 W HnLauncher: 	at android.app.servertransaction.ActivityTransactionItem.execute(ActivityTransactionItem.java:45)
06-19 23:12:50.169 28791 28791 W HnLauncher: 	at android.app.servertransaction.TransactionExecutor.executeLifecycleState(TransactionExecutor.java:194)
06-19 23:12:50.169 28791 28791 W HnLauncher: 	at android.app.servertransaction.TransactionExecutor.execute(TransactionExecutor.java:106)
06-19 23:12:50.169 28791 28791 W HnLauncher: 	at android.app.ActivityThread$H.handleMessage(ActivityThread.java:3085)
06-19 23:12:50.169 28791 28791 W HnLauncher: 	at android.os.Handler.dispatchMessage(Handler.java:117)
06-19 23:12:50.169 28791 28791 W HnLauncher: 	at android.os.Looper.loopOnce(Looper.java:210)
06-19 23:12:50.169 28791 28791 W HnLauncher: 	at android.os.Looper.loop(Looper.java:302)
06-19 23:12:50.169 28791 28791 W HnLauncher: 	at android.app.ActivityThread.main(ActivityThread.java:9713)
06-19 23:12:50.169 28791 28791 W HnLauncher: 	at java.lang.reflect.Method.invoke(Native Method)
06-19 23:12:50.169 28791 28791 W HnLauncher: 	at com.android.internal.os.RuntimeInit$MethodAndArgsCaller.run(RuntimeInit.java:601)
06-19 23:12:50.169 28791 28791 W HnLauncher: 	at com.android.internal.os.ZygoteInit.main(ZygoteInit.java:1062)
06-19 23:12:50.169  9860  9880 W AWARENESS_AmsRegister: state : onStop comp : ComponentInfo{com.hihonor.android.launcher/com.hihonor.android.launcher.unihome.UniHomeLauncher} taskId : 351callingPackage:launchMode:-1processUid_act:0
06-19 23:12:50.169  9860  9880 W AWARENESS_AmsRegister: get unknown state=onStop
06-19 23:12:50.169  4183 23188 I Booster_AwareMonitor: [activityLifeNotifier]state:onStop pid:28791 uid:10095 ComponentInfo{com.hihonor.android.launcher/com.hihonor.android.launcher.unihome.UniHomeLauncher}
06-19 23:12:50.170  2361  2361 W HwCameraSceneDetection: uid:10095, componentName:com.hihonor.android.launcher.unihome.UniHomeLauncher, flag:onStop
06-19 23:12:50.170 28791 28791 W HnLauncher: StateManager goToState new=com.hihonor.android.launcher.quickstep.util.uioverrides.NormalState@31fc069 cur=com.hihonor.android.launcher.quickstep.util.uioverrides.NormalState@31fc069 isAnimated=false delay=0 isForce=false
06-19 23:12:50.170 28791 28791 W HnLauncher: java.lang.Throwable
06-19 23:12:50.170 28791 28791 W HnLauncher: 	at com.android.launcher3.statemanager.StateManager.goToState(StateManager.java:260)
06-19 23:12:50.170 28791 28791 W HnLauncher: 	at com.android.launcher3.statemanager.StateManager.goToState(StateManager.java:178)
06-19 23:12:50.170 28791 28791 W HnLauncher: 	at com.android.launcher3.statemanager.StateManager.moveToRestState(StateManager.java:553)
06-19 23:12:50.170 28791 28791 W HnLauncher: 	at com.android.launcher3.statemanager.StateManager.moveToRestState(StateManager.java:542)
06-19 23:12:50.170 28791 28791 W HnLauncher: 	at com.hihonor.android.launcher.Launcher.onStop(Launcher.java:3901)
06-19 23:12:50.170 28791 28791 W HnLauncher: 	at com.hihonor.android.launcher.HnLauncher.onStop(HnLauncher.java:314)
06-19 23:12:50.170 28791 28791 W HnLauncher: 	at android.app.Instrumentation.callActivityOnStop(Instrumentation.java:1644)
06-19 23:12:50.170 28791 28791 W HnLauncher: 	at android.app.Activity.performStop(Activity.java:9318)
06-19 23:12:50.170 28791 28791 W HnLauncher: 	at android.app.ActivityThread.callActivityOnStop(ActivityThread.java:6389)
06-19 23:12:50.170 28791 28791 W HnLauncher: 	at android.app.ActivityThread.performStopActivityInner(ActivityThread.java:6369)
06-19 23:12:50.170 28791 28791 W HnLauncher: 	at android.app.ActivityThread.handleStopActivity(ActivityThread.java:6453)
06-19 23:12:50.170 28791 28791 W HnLauncher: 	at android.app.servertransaction.StopActivityItem.execute(StopActivityItem.java:43)
06-19 23:12:50.170 28791 28791 W HnLauncher: 	at android.app.servertransaction.ActivityTransactionItem.execute(ActivityTransactionItem.java:45)
06-19 23:12:50.170 28791 28791 W HnLauncher: 	at android.app.servertransaction.TransactionExecutor.executeLifecycleState(TransactionExecutor.java:194)
06-19 23:12:50.170 28791 28791 W HnLauncher: 	at android.app.servertransaction.TransactionExecutor.execute(TransactionExecutor.java:106)
06-19 23:12:50.170 28791 28791 W HnLauncher: 	at android.app.ActivityThread$H.handleMessage(ActivityThread.java:3085)
06-19 23:12:50.170 28791 28791 W HnLauncher: 	at android.os.Handler.dispatchMessage(Handler.java:117)
06-19 23:12:50.170 28791 28791 W HnLauncher: 	at android.os.Looper.loopOnce(Looper.java:210)
06-19 23:12:50.170 28791 28791 W HnLauncher: 	at android.os.Looper.loop(Looper.java:302)
06-19 23:12:50.170 28791 28791 W HnLauncher: 	at android.app.ActivityThread.main(ActivityThread.java:9713)
06-19 23:12:50.170 28791 28791 W HnLauncher: 	at java.lang.reflect.Method.invoke(Native Method)
06-19 23:12:50.170 28791 28791 W HnLauncher: 	at com.android.internal.os.RuntimeInit$MethodAndArgsCaller.run(RuntimeInit.java:601)
06-19 23:12:50.170 28791 28791 W HnLauncher: 	at com.android.internal.os.ZygoteInit.main(ZygoteInit.java:1062)
06-19 23:12:50.171 28791 28791 W HnLauncher: WisdomCardSetManager widgetInfos is empty
06-19 23:12:50.171 28791 28791 I HnLauncher: Launcher Icon:6 Widget:2 Folder:5 Icon in folder:77, in drawer:0
06-19 23:12:50.172  1700  4460 I SurfaceFlinger: createLayer layername: Surface(name=519fa79 com.example.testeableapp/com.example.testeableapp.MainActivity)/@0x77a790b - animation-leash of starting_reveal type: Layer address = 0xb400007043cd1030
06-19 23:12:50.172 28791 28791 I DecorView[]: set decor visibility 4
06-19 23:12:50.173  4183 23188 I Booster_AwareMonitor: [handleUidBoundTop] uid:10095 packageName:com.hihonor.android.launcher className:com.hihonor.android.launcher.unihome.UniHomeLauncher uidState:5
06-19 23:12:50.173  4183  4498 I Booster_OllieObserver: notify registrants event: EVENT_ACTIVITY_STATE_CHANGED, new ActivityInfo: uid = 10095, packageName = com.hihonor.android.launcher, procState = 3
06-19 23:12:50.173  4183  4498 I NsaPowerConsumptionMonitor: onActivityStateChanged: mIsSpeedTesting:false isTopActivity:true isSpeedTestApk:false
06-19 23:12:50.173  2361  2850 I SurfaceControl: SurfaceControl 0xb4000074e463c7f0 Surface(name=519fa79 com.example.testeableapp/com.example.testeableapp.MainActivity)/@0x77a790b - animation-leash of starting_reveal#116898
06-19 23:12:50.174  2361  6383 I InputDispatcher: Focus entered window: 519fa79 com.example.testeableapp/com.example.testeableapp.MainActivity (server) in display 0
06-19 23:12:50.174  2361  6383 I InputDispatcher: onFocusChangedLocked receiveTime step 1 :350783262ms receiveTime step 2 :0ms receiveTime step 3 :350783262ms
06-19 23:12:50.174  1696  3169 D AudioPolicyService: getUidState(10126) cacheIter->second.first, return cacheIter->second.second(3)
06-19 23:12:50.174  3575 21526 I SurfaceControl: SurfaceControl 0xb4000074e45ff930 Surface(name=519fa79 com.example.testeableapp/com.example.testeableapp.MainActivity)/@0x77a790b - animation-leash of starting_reveal#116898
06-19 23:12:50.175  1696  3169 D AudioPolicyService: getUidState(10046) cacheIter->second.first, return cacheIter->second.second(4)
06-19 23:12:50.175  1696  3169 D AudioPolicyService: getUidState(10046) cacheIter->second.first, return cacheIter->second.second(4)
06-19 23:12:50.176  1696  3169 D AudioPolicyService: getUidState(10095) cacheIter->second.first, return cacheIter->second.second(2)
06-19 23:12:50.176  1696  3169 D AudioPolicyService: getUidState(10046) cacheIter->second.first, return cacheIter->second.second(4)
06-19 23:12:50.176 13974 13974 V ImeFocusController: onWindowFocus: DecorView@901a936[MainActivity] softInputMode=STATE_UNSPECIFIED|ADJUST_PAN|IS_FORWARD_NAVIGATION
06-19 23:12:50.176  1696  3169 D AudioPolicyService: getUidState(10046) cacheIter->second.first, return cacheIter->second.second(4)
06-19 23:12:50.176 13974 13974 D InputMethodManager: onViewFocusChangedInternal, view=DecorView@901a936[MainActivity],focus=false,windowFocus=true,window=android.view.ViewRootImpl$W@d07b037,displayId=0,temporaryDetach=false,hasImeFocus=true
06-19 23:12:50.176 13974 13974 V InputMethodManager: Restarting due to mRestartOnNextWindowFocus as true
06-19 23:12:50.176 13974 13974 V InputMethodManager: checkFocus: view=null next=DecorView@901a936[MainActivity] force=true package=<none>
06-19 23:12:50.177 13974 13974 W InputMethodManager: startInputReason = 1
06-19 23:12:50.177 13974 13974 V InputMethodManager: Starting input: editorInfo=android.view.inputmethod.EditorInfo@580f9a4 ic=null
06-19 23:12:50.177 13974 13974 V InputMethodManager: START INPUT: view=DecorView@901a936[MainActivity],focus=false,windowFocus=true,window=android.view.ViewRootImpl$W@d07b037,displayId=0,temporaryDetach=false,hasImeFocus=true ic=null editorInfo=android.view.inputmethod.EditorInfo@580f9a4 startInputFlags=VIEW_HAS_FOCUS|INITIAL_CONNECTION
06-19 23:12:50.177  1700  4460 I SurfaceControl: SurfaceControl 0xb400006f63aed170 Surface(name=519fa79 com.example.testeableapp/com.example.testeableapp.MainActivity)/@0x77a790b - animation-leash of starting_reveal#116898
06-19 23:12:50.176  1696  3169 D AudioPolicyService: getUidState(10051) cacheIter->second.first, return cacheIter->second.second(3)
06-19 23:12:50.178  1700  1700 I CompositionEngine: [applyDeviceCompositionTypeChange] layer [NavigationBar0#83] apply to client compose
06-19 23:12:50.178  1700  1700 I CompositionEngine: [applyDeviceCompositionTypeChange] layer [ScreenRecorderTimer#116816] apply to client compose
06-19 23:12:50.178  1696  3169 D AudioPolicyService: getUidState(10046) cacheIter->second.first, return cacheIter->second.second(4)
06-19 23:12:50.178  1696  3169 D AudioPolicyService: getUidState(10046) cacheIter->second.first, return cacheIter->second.second(4)
06-19 23:12:50.179  2361  6383 I ImeTracker: com.example.testeableapp:88aaaa26: onRequestHide at ORIGIN_SERVER_HIDE_INPUT reason HIDE_UNSPECIFIED_WINDOW
06-19 23:12:50.179  2361  6383 I ImeTracker: com.example.testeableapp:88aaaa26: onCancelled at PHASE_SERVER_SHOULD_HIDE
06-19 23:12:50.179 17346 17346 V InputMethod: unbindInput(): binding=InputBinding{android.os.BinderProxy@31dc2cc / uid 10095 / pid 28791} ic=RemoteInputConnection{idHash=#ff6e4a2}
06-19 23:12:50.180 28791 28791 I InputMethodManager: handleMessage: MSG_SET_ACTIVE false, was true
06-19 23:12:50.180 28791 28791 I InputMethodManager: handleMessage: MSG_UNBIND 10587 reason=SWITCH_CLIENT
06-19 23:12:50.180 28791 28791 V InputMethodManager: Clearing all accessibility bindings
06-19 23:12:50.180 28791 28791 V InputMethodManager: Clearing binding!
06-19 23:12:50.181 17346 17346 D InputEventReceiver: dispatchInputInterval 1000000
06-19 23:12:50.181 13974 13974 I InputMethodManager: Starting input: Bind result=InputBindResult{result=SUCCESS_WAITING_IME_SESSION method=null id=com.touchtype.swiftkey/com.touchtype.KeyboardService sequence=10588 virtualDisplayToScreenMatrix=null isInputMethodSuppressingSpellChecker=false}
06-19 23:12:50.181  2361  2846 I ActivityTaskManager: Displayed com.example.testeableapp/.MainActivity for user 0: +808ms
06-19 23:12:50.181  4183  4497 I UidCloseNrStateMachine: enter uidStateChanged, ForeGrountApp=com.hihonor.android.launcher, mIsCallOn=false, mIsUsbPlugged=true, openLowPowerSwitch=true, QoeSlowState=false, powerMode=1, isSpeedSensitivityApp=false
06-19 23:12:50.181  4183  4497 D Booster_SelfCureManager: handleMessage: msg.what: 38
06-19 23:12:50.181  4183  4497 D SmartDualCardConfig: getAppType,pkgName=com.hihonor.android.launcher,appType=28
06-19 23:12:50.181 13974 13974 I InputMethodManager: handleMessage: MSG_SET_ACTIVE true, was false
06-19 23:12:50.181  4183  4497 E SmartDualCardConfig: isAppInBlackList false,items==null
06-19 23:12:50.181  4183  4497 I SmartDualCardConfig: isAppInWhiteList false,uid=10095
06-19 23:12:50.181  4183  4497 I LowLatencyMode: handleApkInBackground packageName: com.hihonor.android.launcher, foregroundWhiteListApkSet: []
06-19 23:12:50.182 17346 17346 V InputMethod: bindInput(): binding=InputBinding{android.os.BinderProxy@59f0d16 / uid 10270 / pid 13974} ic=RemoteInputConnection{idHash=#394c669}
06-19 23:12:50.183 17346 17346 V InputMethod: startInput(): editor=android.view.inputmethod.EditorInfo@902a8ee
06-19 23:12:50.183 17346 17346 V InputMethodService: CALL: doFinishInput
06-19 23:12:50.183 17346 17346 D InlineSuggestionSessionController: notifyOnFinishInput
06-19 23:12:50.183 17346 17346 V InputMethodService: CALL: onFinishInput
06-19 23:12:50.183  4183  4497 D SmartDualCardConfig: getAppType,pkgName=com.hihonor.android.launcher,appType=28
06-19 23:12:50.183 13974 13974 I InputMethodManager: handleMessage: MSG_BIND 10588,com.touchtype.swiftkey/com.touchtype.KeyboardService
06-19 23:12:50.183  4183  4497 I SmartDualCardSM: onUidStateUpdate isSkip,uid=10095,pkgName=com.hihonor.android.launcher,pkgNameByComponentName=com.hihonor.android.launcher
06-19 23:12:50.183 13974 13974 W InputMethodManager: startInputReason = 6
06-19 23:12:50.183 13974 13974 V InputMethodManager: Starting input: editorInfo=android.view.inputmethod.EditorInfo@cd2730d ic=null
06-19 23:12:50.184 13974 13974 V InputMethodManager: Starting input: finished by someone else. view=DecorView@901a936[MainActivity],focus=false,windowFocus=true,window=android.view.ViewRootImpl$W@d07b037,displayId=0,temporaryDetach=false,hasImeFocus=true servedView=DecorView@901a936[MainActivity],focus=false,windowFocus=true,window=android.view.ViewRootImpl$W@d07b037,displayId=0,temporaryDetach=false,hasImeFocus=true mServedConnecting=false
06-19 23:12:50.184  2361  3680 I SurfaceControl: nativeRelease 0xb4000074e45c83b0 count: 2 name: Surface(name=559ceab InputMethod)/@0x9d6dd52 - animation-leash of insets_animation#116883
06-19 23:12:50.185 17346 17346 D InlineSuggestionSessionController: notifyOnStartInput: com.example.testeableapp, 0
06-19 23:12:50.185 17346 17346 V InputMethodService: CALL: onStartInput
06-19 23:12:50.185  1700  2158 I SurfaceFlinger: createLayer layername: Surface(name=559ceab InputMethod)/@0x9d6dd52 - animation-leash of insets_animation type: Layer address = 0xb400007043c88160
06-19 23:12:50.187 10112 10112 I bzak    : onStop
06-19 23:12:50.189 17346 17346 W c0      : onStartInput event aborted
06-19 23:12:50.189 17346 17346 W c0      : fc0.z: could not obtain extracted text
06-19 23:12:50.189 17346 17346 W c0      : 	at fc0.w0.H(Unknown Source:329)
06-19 23:12:50.189 17346 17346 W c0      : 	at m70.y.g(Unknown Source:285)
06-19 23:12:50.189 17346 17346 W c0      : 	at m70.f3.g(Unknown Source:4)
06-19 23:12:50.189 17346 17346 W c0      : 	at com.touchtype.KeyboardService.onStartInput(Unknown Source:11)
06-19 23:12:50.189 17346 17346 W c0      : 	at android.inputmethodservice.InputMethodService.doStartInput(InputMethodService.java:3643)
06-19 23:12:50.189 17346 17346 W c0      : 	at android.inputmethodservice.InputMethodService$InputMethodImpl.startInput(InputMethodService.java:1097)
06-19 23:12:50.189 17346 17346 W c0      : 	at android.inputmethodservice.InputMethodService$InputMethodImpl.dispatchStartInput(InputMethodService.java:1126)
06-19 23:12:50.189 17346 17346 W c0      : 	at android.inputmethodservice.IInputMethodWrapper.executeMessage(IInputMethodWrapper.java:197)
06-19 23:12:50.189 17346 17346 W c0      : 	at com.android.internal.os.HandlerCaller$MyHandler.handleMessage(HandlerCaller.java:44)
06-19 23:12:50.189 17346 17346 W c0      : 	at android.os.Handler.dispatchMessage(Handler.java:117)
06-19 23:12:50.189 17346 17346 W c0      : 	at android.os.Looper.loopOnce(Looper.java:210)
06-19 23:12:50.189 17346 17346 W c0      : 	at android.os.Looper.loop(Looper.java:302)
06-19 23:12:50.189 17346 17346 W c0      : 	at android.app.ActivityThread.main(ActivityThread.java:9713)
06-19 23:12:50.189 17346 17346 W c0      : 	at java.lang.reflect.Method.invoke(Native Method)
06-19 23:12:50.189 17346 17346 W c0      : 	at com.android.internal.os.RuntimeInit$MethodAndArgsCaller.run(RuntimeInit.java:601)
06-19 23:12:50.189 17346 17346 W c0      : 	at com.android.internal.os.ZygoteInit.main(ZygoteInit.java:1062)
06-19 23:12:50.192  2361 13224 W AwareLog: AwareMem_SysTrim: no app proc need to trim/kill
06-19 23:12:50.192  1700  1700 I Layer   : [setLayer] [1e7e10 Splash Screen com.example.testeableapp#116887] setlayer z = 2147483647
06-19 23:12:50.193  1700  1700 I SurfaceControl: ~SurfaceControl 0xb400006f63aed170 Surface(name=519fa79 com.example.testeableapp/com.example.testeableapp.MainActivity)/@0x77a790b - animation-leash of starting_reveal#116898
06-19 23:12:50.194 13346 13424 W TraceLog: onReleaseOutputBuffer(c2.qti.avc.encoder:0xb40000759a5a39c0) Queued: 0.0/s Done: 43.9/s Rendered: 0.0/s Discarded: 43.9/s
06-19 23:12:50.195  1700  1700 I CompositionEngine: [applyDeviceCompositionTypeChange] layer [com.example.testeableapp/com.example.testeableapp.MainActivity#116895] apply to client compose
06-19 23:12:50.195  1700  1700 I CompositionEngine: [applyDeviceCompositionTypeChange] layer [Splash Screen com.example.testeableapp#116888] apply to client compose
06-19 23:12:50.195  1700  1700 I CompositionEngine: [applyDeviceCompositionTypeChange] layer [StatusBar#87] apply to client compose
06-19 23:12:50.196  2361  3680 I SurfaceControl: SurfaceControl 0xb4000074e46248b0 Surface(name=559ceab InputMethod)/@0x9d6dd52 - animation-leash of insets_animation#116899
06-19 23:12:50.198  2361  3680 I SurfaceControl: setRelativeLayer sc:Surface(name=ImeContainer)/@0xd02ae8a,  relativeTo:Surface(name=ActivityRecord{a8b442d u0 com.example.testeableapp/.MainActivity t898 mVisible=false mOccludesParent=true mode=fullscreen boundsRect(0, 0 - 1080, 2412)})/@0x7dd142c,  z:1
06-19 23:12:50.202  1700  2158 I SurfaceControl: SurfaceControl 0xb400006f63b0ba90 ActivityRecord{a8b442d u0 com.example.testeableapp/.MainActivity t898 mVisible=false mOccludesParent=true mode=fullscreen boundsRect(0, 0 - 1080, 2412)}#116886
06-19 23:12:50.202  1700  2158 I SurfaceControl: SurfaceControl 0xb400006f63b1ff30 ActivityRecord{a8b442d u0 com.example.testeableapp/.MainActivity t898 mVisible=false mOccludesParent=true mode=fullscreen boundsRect(0, 0 - 1080, 2412)}#116886
06-19 23:12:50.202  1700  2158 I SurfaceControl: SurfaceControl 0xb400006f63b13890 Surface(name=559ceab InputMethod)/@0x9d6dd52 - animation-leash of insets_animation#116899
06-19 23:12:50.202  2361  2850 I SurfaceControl: ~SurfaceControl 0xb4000074e45c83b0 Surface(name=559ceab InputMethod)/@0x9d6dd52 - animation-leash of insets_animation#116883
06-19 23:12:50.203 13974 14013 I SurfaceControl: SurfaceControl 0xb4000074e4599cd0 Surface(name=69fffd0 NavigationBar0)/@0xc4b2e34 - animation-leash of insets_animation#116896
06-19 23:12:50.203 19656 19656 E afehal_info: ioctrl_get_frame:[1781932369922][T:1781932370.203708]ioctrl_get_frame 144:ioctrl_get_frame err ret = -1
06-19 23:12:50.203 19656 19656 E afehal_info: get_ioctr_frame:[1781932369922][T:1781932370.203795]get_ioctr_frame 626:ioctrl_get_frame error return NULL
06-19 23:12:50.203 13974 14013 I SurfaceControl: SurfaceControl 0xb4000074e4599b10 Surface(name=17e14ef StatusBar)/@0x4a2b91e - animation-leash of insets_animation#116897
06-19 23:12:50.203 19656 19656 E aptouch_daemon: update_frame, thp_afe_get_frame return nullptr
06-19 23:12:50.203 13974 14013 I SurfaceControl: SurfaceControl 0xb4000074e459ac90 Surface(name=559ceab InputMethod)/@0x9d6dd52 - animation-leash of insets_animation#116899
06-19 23:12:50.204 28791 28791 I SurfaceControl: nativeRelease 0xb4000074e45ee050 count: 1 name: Surface(name=559ceab InputMethod)/@0x9d6dd52 - animation-leash of insets_animation#116883
06-19 23:12:50.204 28791 28791 I SurfaceControl: ~SurfaceControl 0xb4000074e45ee050 Surface(name=559ceab InputMethod)/@0x9d6dd52 - animation-leash of insets_animation#116883
06-19 23:12:50.206 13974 13974 I SurfaceControl: nativeRelease 0xb4000074e459b710 count: 1 name: Surface(name=69fffd0 NavigationBar0)/@0xc4b2e34 - animation-leash of insets_animation#116896
06-19 23:12:50.206 13974 13974 I SurfaceControl: ~SurfaceControl 0xb4000074e459b710 Surface(name=69fffd0 NavigationBar0)/@0xc4b2e34 - animation-leash of insets_animation#116896
06-19 23:12:50.206 13974 13974 I SurfaceControl: nativeRelease 0xb4000074e459b8d0 count: 1 name: Surface(name=17e14ef StatusBar)/@0x4a2b91e - animation-leash of insets_animation#116897
06-19 23:12:50.206 13974 13974 I SurfaceControl: ~SurfaceControl 0xb4000074e459b8d0 Surface(name=17e14ef StatusBar)/@0x4a2b91e - animation-leash of insets_animation#116897
06-19 23:12:50.207 17346 17346 I InputMethodService: removeImeSurface: window begin to be hidden.
06-19 23:12:50.208 17346 17346 I DecorView[InputMethod]: set decor visibility 8
06-19 23:12:50.208  3575  3575 W StatusBar: Statusbar onSystemBarAttributesChanged appearance = 0 mTransientShown false displayId 0 mDisplayId 0 behavior 1
06-19 23:12:50.208  3575  3575 I StatusBar: updateBarMode mStatusBarMode = 4 barMode 4
06-19 23:12:50.209  3575  3575 D SbStateController: setSystemBarAttributes isFullscreen: false
06-19 23:12:50.209  3575  3575 I HwDependencyFactory: stn is not supported!
06-19 23:12:50.209  3575  3575 I BaseCapsuleStatusBarHelper: mIsShowStatusBar: true, isShowStatusBar: true
06-19 23:12:50.209  2361  6383 I SurfaceControl: nativeRelease 0xb4000074e45d53f0 count: 1 name: Splash Screen com.example.testeableapp#116888
06-19 23:12:50.209  2361  6383 I SurfaceControl: ~SurfaceControl 0xb4000074e45d53f0 Splash Screen com.example.testeableapp#116888
06-19 23:12:50.209  3575  3698 I SurfaceControl: SurfaceControl 0xb4000074e461e4f0 Splash Screen com.example.testeableapp#116888
06-19 23:12:50.210  3575  3698 I SurfaceControl: nativeRelease 0xb4000074e45b1f90 count: 4 name: Splash Screen com.example.testeableapp#116888
06-19 23:12:50.210  2361  2462 I SurfaceControl: nativeRelease 0xb4000074e45bc4f0 count: 2 name: GoogleDiscoverWindow#116872
06-19 23:12:50.210  2361  2462 I SurfaceControl: ~SurfaceControl 0xb4000074e45bc4f0 GoogleDiscoverWindow#116872
06-19 23:12:50.210  4183  4496 D Booster_TelephonyMonitor: onDataActivity[0], direction = 2
06-19 23:12:50.211  2361  2462 I SurfaceControl: nativeRelease 0xb4000074e463cc50 count: 2 name: com.hihonor.android.launcher/com.hihonor.android.launcher.unihome.UniHomeLauncher#116873
06-19 23:12:50.212  2361  2462 I SurfaceControl: ~SurfaceControl 0xb4000074e463cc50 com.hihonor.android.launcher/com.hihonor.android.launcher.unihome.UniHomeLauncher#116873
06-19 23:12:50.214  3575  3712 I SurfaceControl: ~SurfaceControl 0xb4000074e45b1f90 Splash Screen com.example.testeableapp#116888
06-19 23:12:50.213  4183  4498 I Booster_OllieObserver: notify registrants event: EVENT_DATA_ACTIVITY_CHANGED
06-19 23:12:50.221  2338  2596 W ScreemCommon: ProcessEntry, not beta version or commercial log off
06-19 23:12:50.224  2361  5312 W RMS.ExitCatch: ExitCatch file notexist /proc/28791/unexpected_die_catch
06-19 23:12:50.224  2361  5312 W RMS.ExitCatch: now ExitCatch is disable in pid =28791 ret = false
06-19 23:12:50.227  1700  1700 I Layer   : [setRelativeLayer] [ImeContainer#12] setRelativeLayer z = 1, relativeZ = 1
06-19 23:12:50.227  1700  1700 I Layer   : [reparent] [Surface(name=559ceab InputMethod)/@0x9d6dd52 - animation-leash of insets_animation#116883] newParent is null [0xb400007043c5e6a0]
06-19 23:12:50.227  1700  1700 I Layer   : [reparent] [GoogleDiscoverWindow#116872] newParent is null [0xb400007043c2a530]
06-19 23:12:50.227  1700  1700 I Layer   : [reparent] [com.hihonor.android.launcher/com.hihonor.android.launcher.unihome.UniHomeLauncher#116873] newParent is null [0xb400007043c7dab0]
06-19 23:12:50.227  1700  1700 I Layer   : [setLayer] [1e7e10 Splash Screen com.example.testeableapp#116887] setlayer z = 2147483647
06-19 23:12:50.228  1700  1700 I SurfaceControl: ~SurfaceControl 0xb400006f63b13890 Surface(name=559ceab InputMethod)/@0x9d6dd52 - animation-leash of insets_animation#116899
06-19 23:12:50.228  1700  1700 I SurfaceControl: ~SurfaceControl 0xb400006f63b1ff30 ActivityRecord{a8b442d u0 com.example.testeableapp/.MainActivity t898 mVisible=false mOccludesParent=true mode=fullscreen boundsRect(0, 0 - 1080, 2412)}#116886
06-19 23:12:50.228  1700  1700 I SurfaceControl: ~SurfaceControl 0xb400006f63b0ba90 ActivityRecord{a8b442d u0 com.example.testeableapp/.MainActivity t898 mVisible=false mOccludesParent=true mode=fullscreen boundsRect(0, 0 - 1080, 2412)}#116886
06-19 23:12:50.230  3575  3575 W ForegroundObserver:  onForegroundProgress change packageName:[com.hihonor.android.launcher]isForeground:false
06-19 23:12:50.230  3575  3575 D NetworkController.MobileSignalController(0_1): mSimSubId:1 onDataActivity: direction=2
06-19 23:12:50.230  2361  3223 E AwareLog: CpuProcessInherit: files null
06-19 23:12:50.234 13974 13974 I AwareBitmapCacher: init lrucache size: 2097152 pid=13974
06-19 23:12:50.234  1617 13041 I sensors-hal: handle_sns_std_sensor_event:275, ambient_light_event: ts=739193435303400, lux = 1, raw_adc=176, raw_2=352
06-19 23:12:50.235 13974 13974 V Resource: printErrorResource, maybe not an error because module has entative action to load resource.
06-19 23:12:50.249  2361  2462 I HwStartWindowRecord: windowModeChange is ing pkg: com.example.testeableappintentIntent { act=android.intent.action.MAIN cat=[android.intent.category.LAUNCHER] flg=0x10000000 cmp=com.example.testeableapp.test/androidx.test.core.app.InstrumentationActivityInvoker$EmptyActivity }
06-19 23:12:50.249  2361  2462 E ResMng NATIVE_MSG_FILTER: Fail to get hwrme service
06-19 23:12:50.251  2361  2462 E AwareLog: CloudPushManager: mHasCloudPush is false
06-19 23:12:50.251  2361  2462 I PackageManager: generatePackageInfo error, user not exists:128
06-19 23:12:50.254  1700  1700 I Layer   : ~Layer layername: Surface(name=559ceab InputMethod)/@0x9d6dd52 - animation-leash of insets_animation#116883 address = 0xb400007043c5e6a0
06-19 23:12:50.254  1700  1700 I SurfaceFlinger: [onLayerDestroyed] [Surface(name=559ceab InputMethod)/@0x9d6dd52 - animation-leash of insets_animation#116883] address:0xb400007043c5e6a0 has destroyed
06-19 23:12:50.254  1700  1700 I Layer   : ~Layer layername: com.hihonor.android.launcher/com.hihonor.android.launcher.unihome.UniHomeLauncher#116873 address = 0xb400007043c7dab0
06-19 23:12:50.254  1700  1700 I SurfaceFlinger: [onLayerDestroyed] [com.hihonor.android.launcher/com.hihonor.android.launcher.unihome.UniHomeLauncher#116873] address:0xb400007043c7dab0 has destroyed
06-19 23:12:50.262  1700  2158 I SurfaceFlinger: createLayer layername: Task=899 type: Layer address = 0xb400007043c73400
06-19 23:12:50.264  2361  2462 I SurfaceControl: SurfaceControl 0xb4000074e46239d0 Task=899#116900
06-19 23:12:50.268  1700  2158 I SurfaceFlinger: createLayer layername: ActivityRecord{eb0c571 u0 com.example.testeableapp.test/androidx.test.core.app.InstrumentationActivityInvoker$EmptyActivity t899 mVisible=false mOccludesParent=true mode=fullscreen boundsRect(0, 0 - 1080, 2412)} type: Layer address = 0xb400007043cb53b0
06-19 23:12:50.269  2361  2462 I SurfaceControl: SurfaceControl 0xb4000074e459c270 ActivityRecord{eb0c571 u0 com.example.testeableapp.test/androidx.test.core.app.InstrumentationActivityInvoker$EmptyActivity t899 mVisible=false mOccludesParent=true mode=fullscreen boundsRect(0, 0 - 1080, 2412)}#116901
06-19 23:12:50.276  4183 23886 I Booster_AwareMonitor: [activityLifeNotifier]state:onPause pid:13974 uid:10270 ComponentInfo{com.example.testeableapp/com.example.testeableapp.MainActivity}
06-19 23:12:50.277  4183 23188 W AppStartupMonitor: activity state:onPause, comp:ComponentInfo{com.example.testeableapp/com.example.testeableapp.MainActivity}
06-19 23:12:50.280  9860  9880 W AWARENESS_AmsRegister: state : onPause comp : ComponentInfo{com.example.testeableapp/com.example.testeableapp.MainActivity} taskId : 898callingPackage:launchMode:-1processUid_act:0
06-19 23:12:50.280  9860  9880 I AWARENESS_AppLifeCycleAbility: activity exit : ComponentInfo{com.example.testeableapp/com.example.testeableapp.MainActivity}
06-19 23:12:50.280  9860  9880 W AWARENESS_AppLifeCycleAbility: whiteMap is empty
06-19 23:12:50.280  2361  2361 W HwCameraSceneDetection: uid:10270, componentName:com.example.testeableapp.MainActivity, flag:onPause
06-19 23:12:50.280  9860  9880 W AWARENESS_AppLifeCycleAbility: BlackMap is empty
06-19 23:12:50.284 13974 13974 D LifecycleMonitor: Lifecycle status change: com.example.testeableapp.MainActivity@46f9adb in: PAUSED
06-19 23:12:50.284 13974 13974 V ActivityScenario: Update currentActivityStage to PAUSED, currentActivity=com.example.testeableapp.MainActivity@46f9adb
06-19 23:12:50.288  1700  1700 I Layer   : [setLayer] [1e7e10 Splash Screen com.example.testeableapp#116887] setlayer z = 2147483647
06-19 23:12:50.291  1700  1700 I CompositionEngine: [applyDeviceCompositionTypeChange] layer [StatusBar#87] apply to client compose
06-19 23:12:50.291  1700  1700 I CompositionEngine: [applyDeviceCompositionTypeChange] layer [NavigationBar0#83] apply to client compose
06-19 23:12:50.291  1700  1700 I CompositionEngine: [applyDeviceCompositionTypeChange] layer [ScreenRecorderTimer#116816] apply to client compose
06-19 23:12:50.291  2361  3167 I SurfaceControl: nativeRelease 0xb4000074e45b87b0 count: 2 name: Surface(name=69fffd0 NavigationBar0)/@0xc4b2e34 - animation-leash of insets_animation#116896
06-19 23:12:50.292  1700  2483 I SurfaceFlinger: createLayer layername: Surface(name=69fffd0 NavigationBar0)/@0xc4b2e34 - animation-leash of insets_animation type: Layer address = 0xb400007043cca110
06-19 23:12:50.294  9860  9880 W AWARENESS_AmsRegister: state : onResume_begin comp : ComponentInfo{com.example.testeableapp.test/androidx.test.core.app.InstrumentationActivityInvoker$EmptyActivity} taskId : 899callingPackage:com.example.testeableapplaunchMode:-1processUid_act:0
06-19 23:12:50.298  4168  5065 I AppFastHibernation: rev F_Z exception for visible pkg: com.example.testeableapp.test
06-19 23:12:50.298  4168  4848 D ScenarioService: front pkg : com.example.testeableapp.test launcher: false
06-19 23:12:50.298  4168  4848 D ScenarioService: new above launcher front pkgs: [com.example.testeableapp, com.example.testeableapp.test]
06-19 23:12:50.298  4168  4848 I AppsUsage: scnOff:false fgAPP:com.example.testeableapp.test
06-19 23:12:50.298  4168  5065 D MediaNetCtrl: handleAppFgchanged, pkg is: com.example.testeableapp.test policy is: 0
06-19 23:12:50.298  3575  3699 I Resources: loadDrawable : cachedDrawable = android.graphics.drawable.AdaptiveIconDrawable@5dd01c4
06-19 23:12:50.300  4183 23886 I Hicom_Monitor: mAppSwitchNotifierEx, uid = 10271, packageName = com.example.testeableapp.test, classNameandroidx.test.core.app.InstrumentationActivityInvoker$EmptyActivity
06-19 23:12:50.300  4183 23886 I Hicom_Monitor: notifyForegroundAppChanged: pkg:com.example.testeableapp.test
06-19 23:12:50.301  2361  3167 I SurfaceControl: SurfaceControl 0xb4000074e45d53f0 Surface(name=69fffd0 NavigationBar0)/@0xc4b2e34 - animation-leash of insets_animation#116902
06-19 23:12:50.302  4183 23886 I Hicom_Monitor: notifyForegroundAppActivityChanged: className:androidx.test.core.app.InstrumentationActivityInvoker$EmptyActivity
06-19 23:12:50.302  4183  4887 W Hicom_XEngineProc: handleForegroundAppChanged. Feature is not enable.
06-19 23:12:50.302  2361  2889 I WifiEnhanceMonitor: notifyForegroundAppChanged
06-19 23:12:50.302  9860  9880 W AWARENESS_AmsRegister: app switch from : com.example.testeableapp to com.example.testeableapp.test as ComponentInfo{com.example.testeableapp.test/androidx.test.core.app.InstrumentationActivityInvoker$EmptyActivity} taskId : 899  label:callingPackage:com.example.testeableapplaunchMode:-1processUid:0
06-19 23:12:50.302  9860  9880 I AWARENESS_AppLifeCycleAbility: app exit : com.example.testeableapp act : ComponentInfo{placeHolder/placeHolder} taskId : 898
06-19 23:12:50.302  9860  9880 I AWARENESS_AppLifeCycleAbility: begin publishAppExitData
06-19 23:12:50.302  9860  9880 W AWARENESS_AppLifeCycleAbility: BlackMap is empty
06-19 23:12:50.302  2361  3167 I SurfaceControl: nativeRelease 0xb4000074e45ca4f0 count: 2 name: Surface(name=17e14ef StatusBar)/@0x4a2b91e - animation-leash of insets_animation#116897
06-19 23:12:50.302  9860  9880 I AWARENESS_AppLifeCycleAbility: app enter : com.example.testeableapp.test act : ComponentInfo{com.example.testeableapp.test/androidx.test.core.app.InstrumentationActivityInvoker$EmptyActivity} taskId : 899
06-19 23:12:50.302  9860  9880 I AWARENESS_AppLifeCycleAbility: begin publishAppEnterData
06-19 23:12:50.303  2361  2889 I ScanSceneMonitor: cacheForegroundApkName: com.example.testeableapp.test
06-19 23:12:50.303  1700  1889 I SurfaceFlinger: createLayer layername: Surface(name=17e14ef StatusBar)/@0x4a2b91e - animation-leash of insets_animation type: Layer address = 0xb400007043c7dab0
06-19 23:12:50.304  2126 13579 I AGPService: Iris-info: get config of com.example.testeableapp.test
06-19 23:12:50.304  2361  5278 E AdvancedKiller: AkUpdateModel Model not init
06-19 23:12:50.305  2361  3167 I SurfaceControl: SurfaceControl 0xb4000074e45c6eb0 Surface(name=17e14ef StatusBar)/@0x4a2b91e - animation-leash of insets_animation#116903
06-19 23:12:50.305  4168  5140 I PGServer: report state:10000 event type:2 pid:0 uid:0 pkg:com.example.testeableapp to pid: 2361
06-19 23:12:50.305  4168  5140 I PGServer: report state:10000 event type:2 pid:0 uid:0 pkg:com.example.testeableapp to pid: 4183
06-19 23:12:50.306  4168  5140 I PGServer: report state:10000 event type:2 pid:0 uid:0 pkg:com.example.testeableapp to pid: 4168
06-19 23:12:50.306  4168  5140 I PGServer: report state:10000 event type:1 pid:0 uid:0 pkg:com.example.testeableapp.test to pid: 2361
06-19 23:12:50.306  4168  5140 I PGServer: report state:10000 event type:1 pid:0 uid:0 pkg:com.example.testeableapp.test to pid: 4183
06-19 23:12:50.306  4168  5140 I PGServer: report state:10000 event type:1 pid:0 uid:0 pkg:com.example.testeableapp.test to pid: 4168
06-19 23:12:50.307  4168 14141 I PGServer: checkPkgType. calling pkg: android
06-19 23:12:50.307  9860  9880 W AWARENESS_AppLifeCycleAbility: BlackMap is empty
06-19 23:12:50.307  9860  9880 W AWARENESS_AppLifeCycleAbility: whiteMap is empty
06-19 23:12:50.307  9860  9880 W AWARENESS_AppLifeCycleAbility: BlackMap is empty
06-19 23:12:50.307  9860 22814 I AWARENESS_TaskScheduler: unsubscribe {dataId=8005, mode=0,params=[time]} from TimedAppFence,key=AppRecoAssembler_PredictSolutionTrigger_TimedAppFence_APP_STARTUP_NONE
