06-19 23:12:55.364  2361  2850 I SurfaceControl: setWindowCrop sc Surface(name=Task=903)/@0x11cd763 width 0 height 0 callers com.android.server.wm.Transition.buildFinishTransaction:1096 com.android.server.wm.Transition.onTransactionReady:2167 com.android.server.wm.BLASTSyncEngine$SyncGroup.finishNow:388 com.android.server.wm.BLASTSyncEngine$SyncGroup.tryFinish:258
06-19 23:12:55.364  2361  2850 I SurfaceControl: setWindowCrop sc Surface(name=Task=903)/@0x11cd763 width -1 height -1 callers com.android.server.wm.Transition.buildFinishTransaction:1109 com.android.server.wm.Transition.onTransactionReady:2167 com.android.server.wm.BLASTSyncEngine$SyncGroup.finishNow:388 com.android.server.wm.BLASTSyncEngine$SyncGroup.tryFinish:258
06-19 23:12:55.364  4183  4497 I HwPacketFilterBypass: kernelAddTrackUid uid:10270 allowed:true
06-19 23:12:55.364  4183  4497 E HwPacketFilterBypass: sendRequestToKernel ADD_UID [10270]
06-19 23:12:55.365  4183  4497 E Booster_Jni: NetlinkInitCant:create netlink socket,error:Protocol not supported
06-19 23:12:55.365  4183  4497 E Booster_Jni: sendDataToKernel:socket open fail
06-19 23:12:55.365  2361  6404 D ConnectivityService: requestNetwork for uid/pid:10126/10312 activeRequest: null callbackRequest: 13465 [NetworkRequest [ REQUEST id=13466, [ Capabilities: INTERNET&NOT_RESTRICTED&TRUSTED&NOT_VCN_MANAGED Uid: 10126 RequestorUid: 10126 RequestorPkg: com.google.android.googlequicksearchbox UnderlyingNetworks: Null] ]] callback flags: 0 order: 2147483647 isUidTracked: false declaredMethods: AVAIL|LOSING|LOST|UNAVAIL|NC|LP|BLK
06-19 23:12:55.365  2361  2850 I SurfaceControl: nativeRelease 0xb4000074e45bcb10 count: 5 name: Transition Root: Task=903#117003
06-19 23:12:55.366  3575  2253 I SurfaceControl: SurfaceControl 0xb4000074e45cf8f0 Task=903#116997
06-19 23:12:55.366 13346 13390 I BufferQueueProducer: [VRI[]#2(BLAST Consumer)2](id:342200000003,api:1,p:13346,c:13346) disconnect: api 1
06-19 23:12:55.366  3575  2253 I SurfaceControl: SurfaceControl 0xb4000074e463f2d0 Task=902#116979
06-19 23:12:55.367  2361  2850 I SurfaceControl: nativeRelease 0xb4000074e462c4f0 count: 2 name: Surface(name=69fffd0 NavigationBar0)/@0xc4b2e34 - animation-leash of insets_animation#117000
06-19 23:12:55.367  3575  2253 I SurfaceControl: SurfaceControl 0xb4000074e45fcd70 Transition Root: Task=903#117003
06-19 23:12:55.367  3575  2253 I SurfaceControl: SurfaceControl 0xb4000074e45bdd70 722d8d7 Splash Screen com.example.testeableapp.test#116999
06-19 23:12:55.367  3575  2253 I SurfaceControl: SurfaceControl 0xb4000074e460d5b0 Task=903#116997
06-19 23:12:55.367  3575  2253 I SurfaceControl: SurfaceControl 0xb4000074e45bcbf0 Transition Root: Task=903#117003
06-19 23:12:55.368  3575  2253 I SurfaceControl: SurfaceControl 0xb4000074e45a90f0 ActivityRecord{7f21100 u0 com.example.testeableapp.test/androidx.test.core.app.InstrumentationActivityInvoker$EmptyActivity t903 mVisible=false mOccludesParent=true mode=fullscreen boundsRect(0, 0 - 1080, 2412)}#116998
06-19 23:12:55.368  3575  2253 I SurfaceControl: SurfaceControl 0xb4000074e461d530 d86d55 Splash Screen com.example.testeableapp#116981
06-19 23:12:55.368  3575  2253 I SurfaceControl: SurfaceControl 0xb4000074e45a58f0 Splash Screen com.example.testeableapp.test#117002
06-19 23:12:55.368  1700  1889 I SurfaceFlinger: createLayer layername: Surface(name=69fffd0 NavigationBar0)/@0xc4b2e34 - animation-leash of insets_animation type: Layer address = 0xb400007043ccd8a0
06-19 23:12:55.368  3575  2253 I SurfaceControl: SurfaceControl 0xb4000074e45ffcb0 722d8d7 Splash Screen com.example.testeableapp.test#116999
06-19 23:12:55.368  3575  2253 I SurfaceControl: SurfaceControl 0xb4000074e46184b0 Transition Root: Task=903#117003
06-19 23:12:55.368  3575  2253 I SurfaceControl: SurfaceControl 0xb4000074e463a6b0 d86d55 Splash Screen com.example.testeableapp#116981
06-19 23:12:55.368  3575  2253 I SurfaceControl: SurfaceControl 0xb4000074e45ce150 Task=903#116997
06-19 23:12:55.368  3575  2253 I SurfaceControl: SurfaceControl 0xb4000074e45c44b0 Task=902#116979
06-19 23:12:55.369  3575  2253 I SurfaceControl: SurfaceControl 0xb4000074e45d3e10 DefaultTaskDisplayArea#9
06-19 23:12:55.369  3575  2253 I SurfaceControl: SurfaceControl 0xb4000074e459e8f0 DefaultTaskDisplayArea#9
06-19 23:12:55.370  2361  2850 I SurfaceControl: SurfaceControl 0xb4000074e45c67b0 Surface(name=69fffd0 NavigationBar0)/@0xc4b2e34 - animation-leash of insets_animation#117005
06-19 23:12:55.370  3575  3654 I HnMwAnimTransition: play the default animation if there is no MagicWindow
06-19 23:12:55.370  3575  3654 I PipTransition: call startAnimation type:1, mInFixedRotation:false, mEndFixedRotation:-1, currentPipTaskChange:null
06-19 23:12:55.370  3575  3654 I PipTransition: isEnteringPip false
06-19 23:12:55.371  2361  2850 I SurfaceControl: nativeRelease 0xb4000074e462b990 count: 2 name: Surface(name=17e14ef StatusBar)/@0x4a2b91e - animation-leash of insets_animation#117001
06-19 23:12:55.371  1700  2158 I SurfaceFlinger: createLayer layername: Surface(name=17e14ef StatusBar)/@0x4a2b91e - animation-leash of insets_animation type: Layer address = 0xb400007043c4d0d0
06-19 23:12:55.373  2361  2850 I SurfaceControl: SurfaceControl 0xb4000074e4628510 Surface(name=17e14ef StatusBar)/@0x4a2b91e - animation-leash of insets_animation#117006
06-19 23:12:55.373  3575  3654 D HnTransitionAnimation: load animation resource id 20a0044
06-19 23:12:55.374  3575  3654 D HnTransitionAnimationOptimize: local_anim_config true NATIVE_ANIM_CONFIG true
06-19 23:12:55.374  3575  3654 D HnTransitionAnimationOptimize: activity/task animation. animate in native
06-19 23:12:55.375  2126  6007 I AGPService: FilterAction mVotePool.size: 1 priority 1000 sceneCode 1000
06-19 23:12:55.375  1700  1891 I SurfaceFlinger: createLayer layername: 93f6d39 ActivityRecordInputSink com.example.testeableapp.test/androidx.test.core.app.InstrumentationActivityInvoker$EmptyActivity type: Layer address = 0xb400007043bfd2e0
06-19 23:12:55.375  3575  3654 D HnTransitionAnimationOptimize: ApplyAnimationOptimize leash = Surface(name=Task=902)/@0xfe558b6 , frameCount = 46 frameDuration 11.111111
06-19 23:12:55.375 13346 13346 W WindowOnBackDispatcher: sendCancelIfRunning: isInProgress=falsecallback=android.view.ViewRootImpl$$ExternalSyntheticLambda20@45ce14f
06-19 23:12:55.375  2361  3426 D WifiNetworkFactory: got request NetworkRequest [ REQUEST id=13466, [ Capabilities: INTERNET&NOT_RESTRICTED&TRUSTED&NOT_VCN_MANAGED Uid: 10126 RequestorUid: 10126 RequestorPkg: com.google.android.googlequicksearchbox UnderlyingNetworks: Null] ]
06-19 23:12:55.376 19656 19656 E afehal_info: tp_check_scan_rate_scan_freq:[1781932375375][T:1781932375.376029]tp_check_scan_rate_scan_freq 495:invalued_scan_rate_or_freq = true scan_rate = 240
06-19 23:12:55.376  2361  3426 D UntrustedWifiNetworkFactory: got request NetworkRequest [ REQUEST id=13466, [ Capabilities: INTERNET&NOT_RESTRICTED&TRUSTED&NOT_VCN_MANAGED Uid: 10126 RequestorUid: 10126 RequestorPkg: com.google.android.googlequicksearchbox UnderlyingNetworks: Null] ]
06-19 23:12:55.376 19656 19656 E afehal_info: tp_check_scan_rate_scan_freq:[1781932375375][T:1781932375.376090]tp_check_scan_rate_scan_freq 505:invalued_scan_rate_or_freq = true scan_freq = 103
06-19 23:12:55.376  1700  4460 E Parcel  : Reading a NULL string not supported here.
06-19 23:12:55.376 19656 19656 E afehal_info: vendor_parse_ioctrl_frame:[1781932375375][T:1781932375.376126]vendor_parse_ioctrl_frame 1026:get scan_rate = 240
06-19 23:12:55.376 19656 19656 E afehal_info: tp_check_scan_rate_scan_freq:[1781932375375][T:1781932375.376151]tp_check_scan_rate_scan_freq 495:invalued_scan_rate_or_freq = true scan_rate = 240
06-19 23:12:55.376 19656 19656 E afehal_info: tp_check_scan_rate_scan_freq:[1781932375375][T:1781932375.376171]tp_check_scan_rate_scan_freq 505:invalued_scan_rate_or_freq = true scan_freq = 103
06-19 23:12:55.376  1700  4460 D FluencyDetector: Begin fluency detect: APP_TRANSITION_ANIMATION
06-19 23:12:55.376  2361  3426 D OemPaidWifiNetworkFactory: got request NetworkRequest [ REQUEST id=13466, [ Capabilities: INTERNET&NOT_RESTRICTED&TRUSTED&NOT_VCN_MANAGED Uid: 10126 RequestorUid: 10126 RequestorPkg: com.google.android.googlequicksearchbox UnderlyingNetworks: Null] ]
06-19 23:12:55.376  2361  3426 D MultiInternetWifiNetworkFactory: got request NetworkRequest [ REQUEST id=13466, [ Capabilities: INTERNET&NOT_RESTRICTED&TRUSTED&NOT_VCN_MANAGED Uid: 10126 RequestorUid: 10126 RequestorPkg: com.google.android.googlequicksearchbox UnderlyingNetworks: Null] ]
06-19 23:12:55.376  2361  2850 I SurfaceControl: SurfaceControl 0xb4000074e462bd10 93f6d39 ActivityRecordInputSink com.example.testeableapp.test/androidx.test.core.app.InstrumentationActivityInvoker$EmptyActivity#117007
06-19 23:12:55.376  2126 13579 I AGPService: NotifyAnimationState animationTag: APP_TRANSITION_ANIMATION animationType: 2 state: 1, previous count: 0 type count: 0
06-19 23:12:55.376  2126 13579 I AGPService: CheckSceneRestrict type: ffffff, mSceneRestrictFlag 0
06-19 23:12:55.376  2126 13579 I AGPService: RefreshRateActionHandle 1210, 1
06-19 23:12:55.376  2126 13579 I AGPService: RefreshRateActionHandle currAppStrategy name 3, lightLimit 0, minFps 90, maxFps 90 refreshMinFps 60
06-19 23:12:55.376  2126 13579 I AGPService: AddAciton sceneCode 1210
06-19 23:12:55.376  2126 13579 I AGPService: DisableActionLoop
06-19 23:12:55.376  2126 13579 I AGPService: PostAction
06-19 23:12:55.376  2126 13579 I AGPService: FilterAction mVotePool.size: 2 priority 1210 sceneCode 1210
06-19 23:12:55.377  2126 13579 I AGPService: FilterAction mVotePool.size: 2 priority 1210 sceneCode 1210
06-19 23:12:55.377  2126  2150 I AGPService: FilterAction mVotePool.size: 2 priority 1210 sceneCode 1210
06-19 23:12:55.377  2126  2150 I AGPService: NotifyExtraPolicyInfoToSF fps: 60, skipCount: 0
06-19 23:12:55.377  2126  2150 I AGPService: SendPolicyByAction isGame 0 sceneCode 1210 priority 1210 lightEnabled 0 fpsHold 0 minFps 90 maxFps 90
06-19 23:12:55.377  1700  1891 I SurfaceControl: SurfaceControl 0xb400006f63af8310 Surface(name=69fffd0 NavigationBar0)/@0xc4b2e34 - animation-leash of insets_animation#117005
06-19 23:12:55.377  1700  1891 I SurfaceControl: SurfaceControl 0xb400006f63ae87f0 Surface(name=17e14ef StatusBar)/@0x4a2b91e - animation-leash of insets_animation#117006
06-19 23:12:55.377  3575  3575 W StatusBar: Statusbar onSystemBarAttributesChanged appearance = 24 mTransientShown false displayId 0 mDisplayId 0 behavior 1
06-19 23:12:55.377  3575  3575 I StatusBar: updateBarMode mStatusBarMode = 4 barMode 4
06-19 23:12:55.377  2361  2850 I SurfaceControl: ~SurfaceControl 0xb4000074e462c4f0 Surface(name=69fffd0 NavigationBar0)/@0xc4b2e34 - animation-leash of insets_animation#117000
06-19 23:12:55.377  2361  2850 I SurfaceControl: ~SurfaceControl 0xb4000074e462b990 Surface(name=17e14ef StatusBar)/@0x4a2b91e - animation-leash of insets_animation#117001
06-19 23:12:55.377  1700  1700 I Layer   : [reparent] [Surface(name=69fffd0 NavigationBar0)/@0xc4b2e34 - animation-leash of insets_animation#117000] newParent is null [0xb400007043aee500]
06-19 23:12:55.377  1700  1700 I Layer   : [reparent] [Surface(name=17e14ef StatusBar)/@0x4a2b91e - animation-leash of insets_animation#117001] newParent is null [0xb400007043c1fe80]
06-19 23:12:55.378  3575  3654 D HnTransitionAnimation: load animation resource id 20a0043
06-19 23:12:55.378  1700  1700 I SurfaceControl: ~SurfaceControl 0xb400006f63ae87f0 Surface(name=17e14ef StatusBar)/@0x4a2b91e - animation-leash of insets_animation#117006
06-19 23:12:55.378  1700  1700 I SurfaceControl: ~SurfaceControl 0xb400006f63af8310 Surface(name=69fffd0 NavigationBar0)/@0xc4b2e34 - animation-leash of insets_animation#117005
06-19 23:12:55.378  3575  6883 I SurfaceControl: SurfaceControl 0xb4000074e45e9970 Task=903#116997
06-19 23:12:55.379  3575  3575 D SbStateController: setSystemBarAttributes isFullscreen: false
06-19 23:12:55.379  3575  3575 I HwDependencyFactory: stn is not supported!
06-19 23:12:55.379  3575  3654 D HnTransitionAnimationOptimize: local_anim_config true NATIVE_ANIM_CONFIG true
06-19 23:12:55.379  3575  3575 I BaseCapsuleStatusBarHelper: mIsShowStatusBar: true, isShowStatusBar: true
06-19 23:12:55.379  3575  2253 I SurfaceControl: SurfaceControl 0xb4000074e461a0b0 Surface(name=69fffd0 NavigationBar0)/@0xc4b2e34 - animation-leash of insets_animation#117005
06-19 23:12:55.379  3575  3654 D HnTransitionAnimationOptimize: activity/task animation. animate in native
06-19 23:12:55.379  3575  2253 I SurfaceControl: SurfaceControl 0xb4000074e4623b90 Surface(name=17e14ef StatusBar)/@0x4a2b91e - animation-leash of insets_animation#117006
06-19 23:12:55.379  2126 13579 I AGPService: FilterAction mVotePool.size: 2 priority 1210 sceneCode 1210
06-19 23:12:55.379  1700  1891 I SurfaceFlinger: setDesiredDisplayModeSpecs pid: 2126 AGP-pid: 2126
06-19 23:12:55.380  3575  3654 D HnTransitionAnimationOptimize: ApplyAnimationOptimize leash = Surface(name=Task=903)/@0x9e8b851 , frameCount = 46 frameDuration 11.111111
06-19 23:12:55.380  1617 13041 I sensors-hal: handle_sns_std_sensor_event:275, ambient_light_event: ts=739198581295691, lux = 0, raw_adc=112, raw_2=192
06-19 23:12:55.380  1700  1700 I RefreshRateSelector: Display 4630947158184492161 policy changed
06-19 23:12:55.380  1700  1700 I RefreshRateSelector: Previous: {defaultModeId=1, allowGroupSwitching=false, primaryRanges={physical=[60.00 Hz, 60.00 Hz], render=[60.00 Hz, 60.00 Hz]}, appRequestRanges={physical=[60.00 Hz, 60.00 Hz], render=[60.00 Hz, 60.00 Hz]}}
06-19 23:12:55.380  1700  1700 I RefreshRateSelector: Current:  DisplayManagerPolicy{defaultModeId=0, allowGroupSwitching=false, primaryRanges={physical=[90.00 Hz, 90.00 Hz], render=[90.00 Hz, 90.00 Hz]}, appRequestRanges={physical=[90.00 Hz, 90.00 Hz], render=[90.00 Hz, 90.00 Hz]}}
06-19 23:12:55.380  1700  1700 I RefreshRateSelector: 1 mode changes were performed under the previous policy
06-19 23:12:55.380  1700  2483 E Parcel  : Reading a NULL string not supported here.
06-19 23:12:55.380  1700  1700 I SurfaceFlinger: Switching to Scheduler preferred mode 0 (90.00 Hz)
06-19 23:12:55.380  1700  1700 I DisplayDevice: setDesiredActiveMode: activemode change from 1 to 0
06-19 23:12:55.380  1700  2483 D FluencyDetector: Begin fluency detect: APP_TRANSITION_ANIMATION
06-19 23:12:55.380  1700  1700 I VSyncReactor: startPeriodTransitionInternal newPeriod:11111111
06-19 23:12:55.380  2126  4270 I AGPService: NotifyAnimationState animationTag: APP_TRANSITION_ANIMATION animationType: 2 state: 1, previous count: 1 type count: 1
06-19 23:12:55.380  2126  4270 I AGPService: RefreshRateActionHandle 1210, 1
06-19 23:12:55.380  1700  1700 I SurfaceFlinger: setContentFps (90)
06-19 23:12:55.380  2126  4270 I AGPService: RefreshRateActionHandle currAppStrategy name 3, lightLimit 0, minFps 90, maxFps 90 refreshMinFps 60
06-19 23:12:55.380  2126  4270 I AGPService: AddAciton sceneCode 1210
06-19 23:12:55.380  2126  4270 I AGPService: DisableActionLoop
06-19 23:12:55.380  1700  1700 W ComposerExtn: DisplayExtnImpl::SetActiveConfig: HWC Display 0 is not registered!
06-19 23:12:55.380  2126  4270 I AGPService: PostAction
06-19 23:12:55.380  2126  4270 I AGPService: FilterAction mVotePool.size: 2 priority 1210 sceneCode 1210
06-19 23:12:55.380  2126  4270 I AGPService: FilterAction mVotePool.size: 2 priority 1210 sceneCode 1210
06-19 23:12:55.381  2126  2150 I AGPService: RefreshRateActionHandle 2900, 1
06-19 23:12:55.381  2126  2150 I AGPService: FilterAction mVotePool.size: 2 priority 1210 sceneCode 1210
06-19 23:12:55.381  2126  2150 I AGPService: RefreshRateActionHandle currAppStrategy name 3, lightLimit 0, minFps 90, maxFps 90 refreshMinFps 60
06-19 23:12:55.381  2126  2150 I AGPService: AddAciton sceneCode 2900
06-19 23:12:55.381  2126  2150 I AGPService: DisableActionLoop
06-19 23:12:55.381  2126  2150 I AGPService: PostAction
06-19 23:12:55.381  2126  2150 I AGPService: FilterAction mVotePool.size: 3 priority 2900 sceneCode 2900
06-19 23:12:55.381  1700  2483 I SurfaceFlinger: createLayer layername: Surface(name=d86d55 Splash Screen com.example.testeableapp)/@0xa53b58d - animation-leash of window_animation type: Layer address = 0xb400007043c0b120
06-19 23:12:55.381  2126  2150 I AGPService: FilterAction mVotePool.size: 3 priority 2900 sceneCode 2900
06-19 23:12:55.381  2126  2150 I AGPService: NotifyExtraPolicyInfoToSF fps: 60, skipCount: 0
06-19 23:12:55.381  2126  2150 I AGPService: SendPolicyByAction isGame 0 sceneCode 2900 priority 2900 lightEnabled 0 fpsHold 0 minFps 90 maxFps 90
06-19 23:12:55.381  1700  1889 I SurfaceFlinger: createLayer layername: animation-background type: Layer address = 0xb400007043c8f080
06-19 23:12:55.381  1700  1891 I SurfaceFlinger: setDesiredDisplayModeSpecs pid: 2126 AGP-pid: 2126
06-19 23:12:55.381  2126  2150 I AGPService: FilterAction mVotePool.size: 3 priority 2900 sceneCode 2900
06-19 23:12:55.381  2126  2150 I AGPService: NotifyExtraPolicyInfoToSF fps: 60, skipCount: 0
06-19 23:12:55.381  2126  2150 I AGPService: SendPolicyByAction isGame 0 sceneCode 2900 priority 2900 lightEnabled 0 fpsHold 0 minFps 90 maxFps 90
06-19 23:12:55.381  1700  2158 I SurfaceFlinger: setDesiredDisplayModeSpecs pid: 2126 AGP-pid: 2126
06-19 23:12:55.381  3575  3654 I SurfaceControl: SurfaceControl 0xb4000074e45fc130 animation-background#117008
06-19 23:12:55.381  3575  3654 I SurfaceControl: nativeRelease 0xb4000074e45fc130 count: 3 name: animation-background#117008
06-19 23:12:55.382  1700  2158 I SurfaceControl: SurfaceControl 0xb400006f63b04550 Transition Root: Task=903#117003
06-19 23:12:55.382  1700  2158 I SurfaceControl: SurfaceControl 0xb400006f63b2af10 Transition Root: Task=903#117003
06-19 23:12:55.382  3575  3654 I SurfaceControl: ~SurfaceControl 0xb4000074e460d5b0 Task=903#116997
06-19 23:12:55.382  3575  3654 I SurfaceControl: ~SurfaceControl 0xb4000074e45bcbf0 Transition Root: Task=903#117003
06-19 23:12:55.382  3575  3654 I SurfaceControl: ~SurfaceControl 0xb4000074e45a90f0 ActivityRecord{7f21100 u0 com.example.testeableapp.test/androidx.test.core.app.InstrumentationActivityInvoker$EmptyActivity t903 mVisible=false mOccludesParent=true mode=fullscreen boundsRect(0, 0 - 1080, 2412)}#116998
06-19 23:12:55.382  3575  3654 I SurfaceControl: ~SurfaceControl 0xb4000074e45bdd70 722d8d7 Splash Screen com.example.testeableapp.test#116999
06-19 23:12:55.382  3575  3654 I SurfaceControl: ~SurfaceControl 0xb4000074e461d530 d86d55 Splash Screen com.example.testeableapp#116981
06-19 23:12:55.382  3575  3654 I SurfaceControl: ~SurfaceControl 0xb4000074e45a58f0 Splash Screen com.example.testeableapp.test#117002
06-19 23:12:55.382  1666  1838 E ANDR-PERF-UTIL: ANDR-PERF-UTIL: change_node_val() 319: Failed to update node /proc/sys/walt/walt_rtg_cfs_boost_prio with value 119
06-19 23:12:55.383  1666  1838 E ANDR-PERF-RESOURCEQS: ANDR-PERF-RESOURCEQS: AddAndApply() 167: Failed to apply optimization [3, 50]
06-19 23:12:55.383  3575  3654 D FloatBallController: operateFloatBall state:removetaskInfo:TaskInfo{userId=0 taskId=903 displayId=0 isRunning=true baseIntent=Intent { act=android.intent.action.MAIN cat=[android.intent.category.LAUNCHER] flg=0x10000000 cmp=com.example.testeableapp.test/androidx.test.core.app.InstrumentationActivityInvoker$EmptyActivity } baseActivity=ComponentInfo{com.example.testeableapp.test/androidx.test.core.app.InstrumentationActivityInvoker$EmptyActivity} topActivity=ComponentInfo{com.example.testeableapp.test/androidx.test.core.app.InstrumentationActivityInvoker$EmptyActivity} origActivity=null realActivity=ComponentInfo{com.example.testeableapp.test/androidx.test.core.app.InstrumentationActivityInvoker$EmptyActivity} numActivities=1 lastActiveTime=739198477 isSupportsHwFreeForm=true appOrientationPolicy=1 affinity=10271:com.example.testeableapp.test freeformPaddingType=0 shouldFreeformSetSurfaceCorner=false supportsHnSplitScreenMultiWindow=true supportsHnTopBotSplitScreenfalse supportsMultiWindow=true resizeMode=1 isResizeable=true minWidth=-1 minHeight=-1 defaultMinSize=220 token=WCT{android.window.IWindowContainerToken$Stub$Proxy@960aefd} topActivityType=1 pictureInPictureParams=null isAutoRemoveRecents=false shouldDockBigOverlays=false launchIntoPipHostTaskId=-1 lastParentTaskIdBeforePip=-1 displayCutoutSafeInsets=Rect(0, 108 - 0, 0) topActivityInfo=ActivityInfo{829c7f2 androidx.test.core.app.InstrumentationActivityInvoker$EmptyActivity} windowMode=1 launchCookies=[] positionInParent=Point(0, 0) parentTaskId=-1 isFocused=true isVisible=true isFreeformEnterPip=false isVisibleRequested=true isSleeping=false topActivityInSizeCompat=false topActivityEligibleForLetterboxEducation= false topActivityLetterboxed= false isFromDoubleTap= false topActivityLetterboxVerticalPosition= -1 topActivityLetterboxHorizontalPosition= -1 topActivityLetterboxWidth=-1 topActivityLetterboxHeight=-1 locusId=null displayAreaFeatureId=1 cameraCompatControlState=hidden targetScaleForVerticalInwardFold=1.0}
06-19 23:12:55.384  2361  3945 I SurfaceControl: SurfaceControl 0xb4000074e462c4f0 Surface(name=d86d55 Splash Screen com.example.testeableapp)/@0xa53b58d - animation-leash of window_animation#117009
06-19 23:12:55.384  3575  3575 I LivelyCapsuleStatusBarHelper: handleBrandColor  capsuleList  size is zero.
06-19 23:12:55.384 13346 13346 I SurfaceControl: nativeRelease 0xb4000074e45a4e70 count: 3 name: #116991
06-19 23:12:55.384 13346 13346 I BufferQueueConsumer: [VRI[]#2(BLAST Consumer)2](id:342200000003,api:0,p:-1,c:13346) disconnect
06-19 23:12:55.384  4168  5147 I PGServer: getTopFrontApp. calling pkg: android
06-19 23:12:55.385  2361  3435 D ConnectivityService: NetReassign [13466 : null → 438] [c 1] [a 3] [i 3]
06-19 23:12:55.385  9977 10337 E msys    : E[N MQTT]onConnectError(562)=>Connect Error: folly::AsyncSocketException: AsyncSocketException: connect failed, type = Socket not open, errno = 111 (Connection refused)
06-19 23:12:55.386  1700  4460 I SurfaceControl: SurfaceControl 0xb400006f63af8310 Surface(name=d86d55 Splash Screen com.example.testeableapp)/@0xa53b58d - animation-leash of window_animation#117009
06-19 23:12:55.387  3575  3698 I SurfaceControl: nativeRelease 0xb4000074e45c9990 count: 2 name: Splash Screen com.example.testeableapp#116983
06-19 23:12:55.388  3575  3698 I BufferQueueConsumer: [VRI[testeableapp]#5839(BLAST Consumer)5839](id:df7000016db,api:0,p:-1,c:3575) disconnect
06-19 23:12:55.388  3575  3698 I SurfaceControl: ~SurfaceControl 0xb4000074e45c9990 Splash Screen com.example.testeableapp#116983
06-19 23:12:55.389  3575  3840 W HwFloatDockBar: FloatBallViewModel callBackRefreshFloatBallIcon recentAppBeans is null or empty!
06-19 23:12:55.390  9977 10190 W RealtimeClientManager: Channel state: MqttChannelState{mConnectionState=DISCONNECTED, mDisconnectionReason=null, mLastConnectionMs=737635093, mLastDisconnectMs=739198595}
06-19 23:12:55.390  2361  5946 W InputManager-JNI: Input channel object '8821eca com.hihonor.screenrecorder (client)' was disposed without first being removed with the input manager!
06-19 23:12:55.391  3575  3654 D FloatBallController: operateFloatBall state:removetaskInfo:TaskInfo{userId=0 taskId=903 displayId=0 isRunning=true baseIntent=Intent { act=android.intent.action.MAIN cat=[android.intent.category.LAUNCHER] flg=0x10000000 cmp=com.example.testeableapp.test/androidx.test.core.app.InstrumentationActivityInvoker$EmptyActivity } baseActivity=ComponentInfo{com.example.testeableapp.test/androidx.test.core.app.InstrumentationActivityInvoker$EmptyActivity} topActivity=ComponentInfo{com.example.testeableapp.test/androidx.test.core.app.InstrumentationActivityInvoker$EmptyActivity} origActivity=null realActivity=ComponentInfo{com.example.testeableapp.test/androidx.test.core.app.InstrumentationActivityInvoker$EmptyActivity} numActivities=1 lastActiveTime=739198477 isSupportsHwFreeForm=true appOrientationPolicy=1 affinity=10271:com.example.testeableapp.test freeformPaddingType=0 shouldFreeformSetSurfaceCorner=false supportsHnSplitScreenMultiWindow=true supportsHnTopBotSplitScreenfalse supportsMultiWindow=true resizeMode=1 isResizeable=true minWidth=-1 minHeight=-1 defaultMinSize=220 token=WCT{android.window.IWindowContainerToken$Stub$Proxy@708713e} topActivityType=1 pictureInPictureParams=null isAutoRemoveRecents=false shouldDockBigOverlays=false launchIntoPipHostTaskId=-1 lastParentTaskIdBeforePip=-1 displayCutoutSafeInsets=Rect(0, 108 - 0, 0) topActivityInfo=ActivityInfo{50d4b9f androidx.test.core.app.InstrumentationActivityInvoker$EmptyActivity} windowMode=1 launchCookies=[] positionInParent=Point(0, 0) parentTaskId=-1 isFocused=true isVisible=true isFreeformEnterPip=false isVisibleRequested=true isSleeping=false topActivityInSizeCompat=false topActivityEligibleForLetterboxEducation= false topActivityLetterboxed= false isFromDoubleTap= false topActivityLetterboxVerticalPosition= -1 topActivityLetterboxHorizontalPosition= -1 topActivityLetterboxWidth=-1 topActivityLetterboxHeight=-1 locusId=null displayAreaFeatureId=1 cameraCompatControlState=hidden targetScaleForVerticalInwardFold=1.0}
06-19 23:12:55.391  3575  3698 I SurfaceControl: nativeRelease 0xb4000074e45bd050 count: 3 name: Surface(name=2543c com.example.testeableapp/com.example.testeableapp.MainActivity)/@0x12f68cc - animation-leash of starting_reveal#116995
06-19 23:12:55.392  3575  3698 W WindowOnBackDispatcher: sendCancelIfRunning: isInProgress=falsecallback=android.view.ViewRootImpl$$ExternalSyntheticLambda20@581b12b
06-19 23:12:55.392  3575  3840 W HwFloatDockBar: FloatBallViewModel callBackRefreshFloatBallIcon recentAppBeans is null or empty!
06-19 23:12:55.393  1700  1887 I VSyncReactor: addHwVsyncTimestamp still confirming period
06-19 23:12:55.394  1629  1831 D vendor.honor.hardware.aoservice@1.0-service: [AO_SVC] (reopen_timer_handler:50):enter reopen handler
06-19 23:12:55.394  1700  1700 I Layer   : [setLayer] [Task=902#116979] setlayer z = 2
06-19 23:12:55.394  1700  1700 I Layer   : [setLayer] [Transition Root: Task=903#117003] setlayer z = 4
06-19 23:12:55.395  1700  1700 I SurfaceFlinger: [Splash Screen com.example.testeableapp.test#117002] apply visible 1
06-19 23:12:55.395  1700  1700 I Layer   : [setLayer] [d86d55 Splash Screen com.example.testeableapp#116981] setlayer z = 2147483647
06-19 23:12:55.395  1700  1700 I Layer   : [setLayer] [722d8d7 Splash Screen com.example.testeableapp.test#116999] setlayer z = 2147483647
06-19 23:12:55.395  1700  1700 I Layer   : [setLayer] [Task=903#116997] setlayer z = 5
06-19 23:12:55.395  1700  1700 W SurfaceFlinger: Attempt to set client state with a null layer handle
06-19 23:12:55.395  1700  1700 W SurfaceFlinger: Attempt to set client state with a null layer handle
06-19 23:12:55.395  1700  1700 I Layer   : [setLayer] [Surface(name=d86d55 Splash Screen com.example.testeableapp)/@0xa53b58d - animation-leash of window_animation#117009] setlayer z = 2147483647
06-19 23:12:55.395  1700  1700 I Layer   : [setLayer] [d86d55 Splash Screen com.example.testeableapp#116981] setlayer z = 2147483647
06-19 23:12:55.396  1700  1700 I SurfaceControl: ~SurfaceControl 0xb400006f63af8310 Surface(name=d86d55 Splash Screen com.example.testeableapp)/@0xa53b58d - animation-leash of window_animation#117009
06-19 23:12:55.396  1700  1700 I SurfaceControl: ~SurfaceControl 0xb400006f63b2af10 Transition Root: Task=903#117003
06-19 23:12:55.396  1700  1700 I SurfaceControl: ~SurfaceControl 0xb400006f63b04550 Transition Root: Task=903#117003
06-19 23:12:55.396  1700  1700 I SurfaceFlinger: setActiveModeInHwcIfNeeded initiiate hwc fps:90.00 Hz
06-19 23:12:55.396  1700  1700 I DisplayDevice: initiateModeChange: modeId 90 on display: 4630947158184492161
06-19 23:12:55.396  1700  1700 I HWC2    : [0] setActiveConfigWithConstraints, configId: 0
06-19 23:12:55.397  1700  1700 I CompositionEngine: [isClientCompositionForced] Rounded Corners layer [com.example.testeableapp/com.example.testeableapp.MainActivity#116992] client compose
06-19 23:12:55.397  1700  1700 I CompositionEngine: [isClientCompositionForced] Rounded Corners layer [Splash Screen com.example.testeableapp#116983] client compose
06-19 23:12:55.398  2361  5946 I SurfaceControl: nativeRelease 0xb4000074e4626750 count: 2 name: #116991
06-19 23:12:55.398  1663 20668 W SDM     : HWDeviceDRM::GetSupportedBitClkRate: Requested rate not supported: 0
06-19 23:12:55.398  2361  5946 I SurfaceControl: nativeRelease 0xb4000074e45f31b0 count: 2 name: 8821eca com.hihonor.screenrecorder#116990
06-19 23:12:55.398  1663 20668 I SDM     : HWDeviceDRM::UpdateMixerAttributes: Mixer WxH 1080x2412-0 for Peripheral
06-19 23:12:55.398  1663 20668 I SDM     : HWCDisplay::SubmitDisplayConfig: Active configuration changed to: 0
06-19 23:12:55.399  2361  5946 I SurfaceControl: nativeRelease 0xb4000074e46248b0 count: 2 name: WindowToken{60b3a35 type=2009 android.os.BinderProxy@3a1446c}#116989
06-19 23:12:55.399  3575  2253 D TaskStackListener: destory snapshot binder pid 0 myPid 3575 snapshot TaskSnapshot{ mId=1781932375337 mCaptureTime=739198602290993 mTopActivityComponent=com.example.testeableapp/.MainActivity mSnapshot=android.hardware.HardwareBuffer@31953d8 (1080x2412) mColorSpace=sRGB IEC61966-2.1 (id=0, model=RGB) mOrientation=1 mRotation=0 mTaskSize=Point(1080, 2412) mContentInsets=[0,108][0,114] mLetterboxInsets=[0,0][0,0] mIsLowResolution=false mIsRealSnapshot=true mWindowingMode=1 mAppearance=0 mIsTranslucent=true mHasImeSurface=false mIsForceRotate=false
06-19 23:12:55.400  1700  1700 I CompositionEngine: [applyDeviceCompositionTypeChange] layer [animation-background#117008] apply to client compose
06-19 23:12:55.400  1700  1700 I CompositionEngine: [applyDeviceCompositionTypeChange] layer [StatusBar#87] apply to client compose
06-19 23:12:55.400  1700  1700 I CompositionEngine: [applyDeviceCompositionTypeChange] layer [#116991] apply to client compose
06-19 23:12:55.400  1700  1700 I CompositionEngine: [applyDeviceCompositionTypeChange] layer [NavigationBar0#83] apply to client compose
06-19 23:12:55.401  1700  1976 I Scheduler: touchTimerCallback timer change to TimerState: Reset
06-19 23:12:55.401 10312 10805 I apdl    : #onAvailable()
06-19 23:12:55.403  1663 20668 I SDM     : HWDeviceDRM::SetDisplaySwitchMode: Mode 0 already set
06-19 23:12:55.404  2361  5946 I SurfaceControl: ~SurfaceControl 0xb4000074e4626750 #116991
06-19 23:12:55.404  2361  5946 I SurfaceControl: ~SurfaceControl 0xb4000074e46248b0 WindowToken{60b3a35 type=2009 android.os.BinderProxy@3a1446c}#116989
06-19 23:12:55.404  2361  5946 I SurfaceControl: ~SurfaceControl 0xb4000074e45f31b0 8821eca com.hihonor.screenrecorder#116990
06-19 23:12:55.408  2361  3945 I SurfaceControl: nativeRelease 0xb4000074e45c18f0 count: 2 name: Surface(name=2543c com.example.testeableapp/com.example.testeableapp.MainActivity)/@0x12f68cc - animation-leash of starting_reveal#116995
06-19 23:12:55.408  2361  3945 W InputManager-JNI: Input channel object 'd86d55 Splash Screen com.example.testeableapp (client)' was disposed without first being removed with the input manager!
06-19 23:12:55.410  1700  1887 I VSyncReactor: addHwVsyncTimestamp still confirming period
06-19 23:12:55.411  1700  1889 I SurfaceControl: SurfaceControl 0xb400006f63b176b0 ActivityRecord{412e79d u0 com.example.testeableapp/.MainActivity t902 mVisible=false mOccludesParent=true mode=fullscreen boundsRect(0, 0 - 1080, 2412)}#116980
06-19 23:12:55.411  2361  3945 I SurfaceControl: ~SurfaceControl 0xb4000074e45c18f0 Surface(name=2543c com.example.testeableapp/com.example.testeableapp.MainActivity)/@0x12f68cc - animation-leash of starting_reveal#116995
06-19 23:12:55.412  3575  3698 I SurfaceControl: nativeRelease 0xb4000074e463d430 count: 1 name: Surface(name=69fffd0 NavigationBar0)/@0xc4b2e34 - animation-leash of insets_animation#117000
06-19 23:12:55.412  3575  3698 I SurfaceControl: ~SurfaceControl 0xb4000074e463d430 Surface(name=69fffd0 NavigationBar0)/@0xc4b2e34 - animation-leash of insets_animation#117000
06-19 23:12:55.412  3575  3698 I SurfaceControl: nativeRelease 0xb4000074e45c82d0 count: 1 name: Surface(name=17e14ef StatusBar)/@0x4a2b91e - animation-leash of insets_animation#117001
06-19 23:12:55.412  3575  3698 I SurfaceControl: ~SurfaceControl 0xb4000074e45c82d0 Surface(name=17e14ef StatusBar)/@0x4a2b91e - animation-leash of insets_animation#117001
06-19 23:12:55.414  1700  4460 I SurfaceFlinger: setSecureScreenRecShotFlag: value = 8, mask = 8, mShotSkipVAssistLayer:0, mKnuckle:0
06-19 23:12:55.418 28791 28823 I Hos_8.0.8.100: u0 log_hos_sdk->unbindService
06-19 23:12:55.418  1700  1889 I CompositionEngine: setCompositionEnabled id: displayIdOpt is invalid enable: 1
06-19 23:12:55.418  1700  1889 I CompositionEngine: setLayerFilter id: displayIdOpt is invalid, layerStackId: 0, 0
06-19 23:12:55.418  1700  1889 I SurfaceFlinger: output usage:4
06-19 23:12:55.418 28791 28823 I Hos_8.0.8.100: u0 log_hos_sdk->HosGlobal->unbindService
06-19 23:12:55.418 28791 28823 I Hos_8.0.8.100: u0 log_hos_sdk->unbindService
06-19 23:12:55.421  1663  3286 E libnav  : CablComputeBacklightLevel(): UpdateType = DifferentSceneUpdate
06-19 23:12:55.423  1700  1889 I SurfaceFlinger: capture display, status code 0
06-19 23:12:55.423 14195 14243 D HnContentRecognizerManager: isContentRecognizerEnable: the package is not enabled
06-19 23:12:55.423 13346 13346 D ScreenCapture: ScreenshotHardwareBuffer captureDisplay
06-19 23:12:55.424 14195 14195 I DecorView[]: set decor visibility 4
06-19 23:12:55.425 14195 14243 I ContentDelivererImpl: isFeatureOpen: false
06-19 23:12:55.425 14195 14243 D HnContentRecognizerManager: isFeatureEnable: get cache value
06-19 23:12:55.425 14195 14243 I ContentDelivererImpl: isNeedConfig: isReportBlack false isWhitePackage false isGameApp false isFeatureOpen false
06-19 23:12:55.427  1700  1887 I VSyncReactor: addHwVsyncTimestamp periodConfirmed. hwcVsyncPeriod:11111111
06-19 23:12:55.427  1700  1700 I SurfaceFlinger: updateInternalStateWithChangedMode displayId 4630947158184492161 modeId 0 refreshRate: 90
06-19 23:12:55.427  1700  1700 I SurfaceFlinger: SF 90, 11111111, 0 , 0
06-19 23:12:55.428  1700  1700 I Layer   : [reparent] [#116991] newParent is null [0xb400007043c99730]
06-19 23:12:55.428  2361  2849 D DisplayCutout: pathAndDisplayCutoutFromSpec sCachedDensity=3.0,sCachedDisplayWidth=1080,sCachedDisplayHeight=2412,density=3.0 displayWidth 1080 displayHeight 2412
06-19 23:12:55.428  1700  1700 I Layer   : [reparent] [8821eca com.hihonor.screenrecorder#116990] newParent is null [0xb400007043cd47c0]
06-19 23:12:55.428  1700  1700 I Layer   : [reparent] [WindowToken{60b3a35 type=2009 android.os.BinderProxy@3a1446c}#116989] newParent is null [0xb400007043c9cec0]
06-19 23:12:55.428  1700  1700 I Layer   : [setLayer] [d86d55 Splash Screen com.example.testeableapp#116981] setlayer z = 2147483647
06-19 23:12:55.428  1700  1700 I Layer   : [setLayer] [722d8d7 Splash Screen com.example.testeableapp.test#116999] setlayer z = 2147483647
06-19 23:12:55.428  1700  1700 I Layer   : [setLayer] [d86d55 Splash Screen com.example.testeableapp#116981] setlayer z = 2147483647
06-19 23:12:55.428  1700  1700 I Layer   : [reparent] [Surface(name=2543c com.example.testeableapp/com.example.testeableapp.MainActivity)/@0x12f68cc - animation-leash of starting_reveal#116995] newParent is null [0xb400007043cd1030]
06-19 23:12:55.428  1700  1700 I Layer   : ~Layer layername: Surface(name=69fffd0 NavigationBar0)/@0xc4b2e34 - animation-leash of insets_animation#117000 address = 0xb400007043aee500
06-19 23:12:55.428  1700  1700 I SurfaceFlinger: [onLayerDestroyed] [Surface(name=69fffd0 NavigationBar0)/@0xc4b2e34 - animation-leash of insets_animation#117000] address:0xb400007043aee500 has destroyed
06-19 23:12:55.428  1700  1700 I Layer   : ~Layer layername: Surface(name=17e14ef StatusBar)/@0x4a2b91e - animation-leash of insets_animation#117001 address = 0xb400007043c1fe80
06-19 23:12:55.428  1700  1700 I SurfaceFlinger: [onLayerDestroyed] [Surface(name=17e14ef StatusBar)/@0x4a2b91e - animation-leash of insets_animation#117001] address:0xb400007043c1fe80 has destroyed
06-19 23:12:55.429  1700  1700 I SurfaceControl: ~SurfaceControl 0xb400006f63b176b0 ActivityRecord{412e79d u0 com.example.testeableapp/.MainActivity t902 mVisible=false mOccludesParent=true mode=fullscreen boundsRect(0, 0 - 1080, 2412)}#116980
06-19 23:12:55.431  1700  1700 I CompositionEngine: [isClientCompositionForced] Rounded Corners layer [Splash Screen com.example.testeableapp.test#117002] client compose
06-19 23:12:55.432  1666  1838 E ANDR-PERF-OPTSHANDLER: ANDR-PERF-OPTSHANDLER: modify_sysfsnode() 1149: Perflock resource /dev/stune/top-app/schedtune.boost not supported
06-19 23:12:55.432  1666  1838 E ANDR-PERF-RESOURCEQS: ANDR-PERF-RESOURCEQS: AddAndApply() 167: Failed to apply optimization [3, 28]
06-19 23:12:55.432  1666  1838 E ANDR-PERF-OPTSHANDLER: ANDR-PERF-OPTSHANDLER: modify_sysfsnode() 1149: Perflock resource /sys/devices/system/cpu/bus_dcvs/L3/soc:qcom,memlat:l3:prime/min_freq not supported
06-19 23:12:55.433  1666  1838 E ANDR-PERF-RESOURCEQS: ANDR-PERF-RESOURCEQS: AddAndApply() 167: Failed to apply optimization [13, 22]
06-19 23:12:55.438  2361  4130 I HwPCUtils#HwPCManagerService: onDisplayChanged, displayId:0
06-19 23:12:55.440 13346 13346 I ScreenCapture: setScreenshotSkipVAssist isSkip:false
06-19 23:12:55.443  1700  1700 W SurfaceFlingerEx: SetAnimation frame missed, Count:1
06-19 23:12:55.443  1700  1700 W SurfaceFlingerEx: SetAnimation frame missed, Count:1
06-19 23:12:55.444  1700  1700 I Layer   : ~Layer layername: WindowToken{60b3a35 type=2009 android.os.BinderProxy@3a1446c}#116989 address = 0xb400007043c9cec0
06-19 23:12:55.444  1700  1700 I SurfaceFlinger: [onLayerDestroyed] [WindowToken{60b3a35 type=2009 android.os.BinderProxy@3a1446c}#116989] address:0xb400007043c9cec0 has destroyed
06-19 23:12:55.444  1700  1700 I Layer   : ~Layer layername: 8821eca com.hihonor.screenrecorder#116990 address = 0xb400007043cd47c0
06-19 23:12:55.444  1700  1700 I SurfaceFlinger: [onLayerDestroyed] [8821eca com.hihonor.screenrecorder#116990] address:0xb400007043cd47c0 has destroyed
06-19 23:12:55.445  1700  4460 I SurfaceFlinger: setSecureScreenRecShotFlag: value = 0, mask = 2, mShotSkipVAssistLayer:0, mKnuckle:0
06-19 23:12:55.447  1700  4460 I SurfaceFlinger: createLayer layername: edaf054 com.example.testeableapp.test/androidx.test.core.app.InstrumentationActivityInvoker$EmptyActivity type: Layer address = 0xb400007043c1fe80
06-19 23:12:55.449  2361  6383 I SurfaceControl: SurfaceControl 0xb4000074e4622e70 edaf054 com.example.testeableapp.test/androidx.test.core.app.InstrumentationActivityInvoker$EmptyActivity#117010
06-19 23:12:55.453 14195 14195 D InputEventReceiver: dispatchInputInterval 1000000
06-19 23:12:55.453  4168  4848 I ScenarioService: refresh visibleApp:[com.example.testeableapp.test]
06-19 23:12:55.453  4168  4848 I PGServer: report state:14 event type:1 pid:-1 uid:-1 pkg:com.example.testeableapp.test to pid: 2361
06-19 23:12:55.453  4168  4848 I PGServer: report state:14 event type:1 pid:-1 uid:-1 pkg:com.example.testeableapp.test to pid: 4183
06-19 23:12:55.453 14195 14195 I HwForceDarkManager: isSystemInDarkMode isResUiModeYes: true, isDarkMode: true
06-19 23:12:55.453  4168  4848 I PGServer: report state:14 event type:1 pid:-1 uid:-1 pkg:com.example.testeableapp.test to pid: 4168
06-19 23:12:55.453  4168  4848 I ApsDynamicVideoFps: APS: APK: handleFrontAppFromPgPlug. pkgName:com.example.testeableapp.test, mLastPkgName:com.google.android.youtube, isReduceFps:false, isCountingDown:true
06-19 23:12:55.453  2126  6007 I AGPService: sf-AGP:SetSFFpsState fps:90 period:11111111 group:0 modeId 0
06-19 23:12:55.453  4168  4848 I ApsDynamicVideoFps: APS: APK: <REDUCEFPS>Front Changed Stop reduce fps
06-19 23:12:55.453  2126  6007 I AGPService: SetSFFpsState 90, 11111111, 0, modeId 0
06-19 23:12:55.453  4183 23886 D Hicom_Monitor: enter visible event, add app: com.example.testeableapp.test into mVisiblePkgNameSet
06-19 23:12:55.454  4168  4848 I ApsAccKitAdapter: APS: APK: ApsAccKitAdapter: not setNotifyInfo
06-19 23:12:55.454 14195 14195 I DecorView[]: set decor visibility 0
06-19 23:12:55.454  4168  5065 I AppsUsage: BgAPP:com.example.testeableapp
06-19 23:12:55.454  4168  5065 I PG_ash  : com.example.testeableapp become invisible
06-19 23:12:55.454  4168 20762 I PGServer: checkPkgType. calling pkg: android
06-19 23:12:55.455  1700  1700 I Layer   : [setLayer] [722d8d7 Splash Screen com.example.testeableapp.test#116999] setlayer z = 2147483647
06-19 23:12:55.455 14195 14195 E RtgSchedIpcFile: RtgSchedIpcFile xxx failed to open /proc/14195/rtg
06-19 23:12:55.455 14195 14195 E RtgSchedIpcFile: RtgSchedIpcFile xxx failed to open /proc/rtg_gki/ioctl.
06-19 23:12:55.455 14195 14195 I RmeSchedManager: init Rme, version is: v1.0
06-19 23:12:55.455 14195 14195 E RtgSchedIpcFile: setCommandByIoctl not opened
06-19 23:12:55.456 14195 14195 D PhoneWindow: onViewRootImplSet activityToken android.os.BinderProxy@bbe33cb,activityClientRecord ActivityRecord{dc617a8 token=android.os.BinderProxy@bbe33cb {com.example.testeableapp.test/androidx.test.core.app.InstrumentationActivityInvoker$EmptyActivity}},isHnNavigationHide false isHidePrivateFlag = false
06-19 23:12:55.456 14195 14195 D HwPhoneWindow: onViewRootImplSet activityToken android.os.BinderProxy@bbe33cb,activityClientRecord ActivityRecord{dc617a8 token=android.os.BinderProxy@bbe33cb {com.example.testeableapp.test/androidx.test.core.app.InstrumentationActivityInvoker$EmptyActivity}},isHwNavigationHide false
06-19 23:12:55.457 14195 14195 D HiTouch_PressGestureDetector: onAttached:1
06-19 23:12:55.457  4168 20762 I PGServer: checkPkgType. calling pkg: android
06-19 23:12:55.454  2126  6007 I AGPService: FilterAction mVotePool.size: 3 priority 2900 sceneCode 2900
06-19 23:12:55.458  2126  6007 E AGPService: FrameRateManager targetFps 60, settingFps 90 after setFps
06-19 23:12:55.459  2126  6007 D ITouchService: itouch DirectDeliverManager:NotifyFpsState fps:90
06-19 23:12:55.459  2126  6007 W ITouchService: itouch DirectDeliverManager:checkDirectDeliverState game list is empty & not support TouchEnhance.
06-19 23:12:55.459  2126  6007 I AGPService: aps-info: focus pkgName - com.example.testeableapp.test, with 0 more apps
06-19 23:12:55.459  2126  6007 D AGPService: : [updateForeGround]: GameUltraEngineService
06-19 23:12:55.459  2126  6007 I AGPService: agp-info: focus pkgName - com.example.testeableapp.test, with 0 more apps
06-19 23:12:55.459  2126  6007 E AGPService: GameSDKPlugin : iaware strange app type: -1
06-19 23:12:55.459  2126  6007 I AGPService: BasePlugin::updateSysState  com.example.testeableapp.test, code is 0
06-19 23:12:55.459  2126  6007 D AGPService: State:: Set State is 0, com.example.testeableapp.test
06-19 23:12:55.459  2126  6007 D AGPService: GUEStateManager::getLooper
06-19 23:12:55.459  2126  6007 I AGPService: MessageQueueLoop::PostMessage , message: 0
06-19 23:12:55.460  1700  1887 I VSyncReactor: addHwVsyncTimestamp periodConfirmed. hwcVsyncPeriod:11111111
06-19 23:12:55.462  2126  6007 I AGPService: BasePlugin::updateSysState  , code is 1
06-19 23:12:55.462  2126  6007 D AGPService: State:: Set State is 1,
06-19 23:12:55.462  2126  6007 I AGPService: BasePlugin::updateSysState Same State
06-19 23:12:55.462  2126  6007 I AGPService: GUE: updateForeground to subMode
06-19 23:12:55.462  2126  6007 I AGPService: GUE: TRANSACT_UPDATE_FOREGROUND: () com.example.testeableapp.test
06-19 23:12:55.462  2126  6007 I AGPService: RefreshRateActionHandle 2950, 1
06-19 23:12:55.462  2126  6007 E AGPService: FrameRateManager: iaware strange app type: -1
06-19 23:12:55.462  2126  6007 I AGPService: UpdateCurrentPackage com.example.testeableapp.test type -1
06-19 23:12:55.462  2126  6007 I AGPService: GetAppStrategy 2 stylus: 0
06-19 23:12:55.462  2126  6007 I AGPService: FrameRateManager: aps-info: new pkgName - com.example.testeableapp.test, type - -1
06-19 23:12:55.463  4183 23886 I Hicom_Monitor: mActivityNotifierEx, className = androidx.test.core.app.InstrumentationActivityInvoker$EmptyActivity
06-19 23:12:55.463  4183 23886 I Hicom_Monitor: notifyForegroundAppActivityChanged: className:androidx.test.core.app.InstrumentationActivityInvoker$EmptyActivity
06-19 23:12:55.463  4183 23188 I Booster_AwareMonitor: [activityLifeNotifier]state:onResume pid:14195 uid:10271 ComponentInfo{com.example.testeableapp.test/androidx.test.core.app.InstrumentationActivityInvoker$EmptyActivity}
06-19 23:12:55.463  2361  2889 I WifiEnhanceMonitor: notifyForegroundActivityChanged
06-19 23:12:55.463  4183  4498 I Booster_OllieObserver: notify registrants event: EVENT_ACTIVITY_STATE_CHANGED, new ActivityInfo: uid = 10271, packageName = com.example.testeableapp.test, procState = 2
06-19 23:12:55.463  4183  4498 I SpeedTestNotifier: Speed test app is back Activity
06-19 23:12:55.463  4183  4498 I NsaPowerConsumptionMonitor: onActivityStateChanged: mIsSpeedTesting:false isTopActivity:true isSpeedTestApk:false
06-19 23:12:55.463  2361  2361 W HwCameraSceneDetection: uid:10271, componentName:androidx.test.core.app.InstrumentationActivityInvoker$EmptyActivity, flag:onResume
06-19 23:12:55.464  9860  9880 W AWARENESS_AmsRegister: state : onResume comp : ComponentInfo{com.example.testeableapp.test/androidx.test.core.app.InstrumentationActivityInvoker$EmptyActivity} taskId : 903callingPackage:launchMode:-1processUid_act:0
06-19 23:12:55.464  4183  4497 I NetworkQoeChr: checkForegroundApp timer end com.example.testeableapp.test
06-19 23:12:55.464  4183  4497 I UidCloseNrStateMachine: enter uidStateChanged, ForeGrountApp=com.example.testeableapp.test, mIsCallOn=false, mIsUsbPlugged=true, openLowPowerSwitch=true, QoeSlowState=false, powerMode=1, isSpeedSensitivityApp=false
06-19 23:12:55.464  4183  4497 D KitQoeManager: com.example.testeableapp.test, mForeActivityName androidx.test.core.app.InstrumentationActivityInvoker$EmptyActivity
06-19 23:12:55.464  4183  4497 E Booster_Jni: NetlinkInitCant:create netlink socket,error:Protocol not supported
06-19 23:12:55.464  4183  4497 E Booster_Jni: sendDataToKernel:socket open fail
06-19 23:12:55.464  4183 21754 W AppStartupMonitor: activity state:onResume, comp:ComponentInfo{com.example.testeableapp.test/androidx.test.core.app.InstrumentationActivityInvoker$EmptyActivity}
06-19 23:12:55.465  4183  4497 I NetworkQoe: onAppStateChanged: mForeAppUid=10271, packageName:com.example.testeableapp.test
06-19 23:12:55.465  1700  2158 I SurfaceFlinger: createLayer layername: com.example.testeableapp.test/androidx.test.core.app.InstrumentationActivityInvoker$EmptyActivity type: Layer address = 0xb400007043cd47c0
06-19 23:12:55.465  4183  4497 I NetworkQoeRes: handleAppStateChanged: ActivityUid=10271
06-19 23:12:55.465  4183  4497 D Booster_SelfCureManager: handleMessage: msg.what: 38
06-19 23:12:55.465  4183  4497 I HwPacketFilterBypass: handleActivityUidStateChanged uid:10271 -1 foreground:true
06-19 23:12:55.465  2126  6007 I ITouchService: GameXsyncManager:OnGameInfoRecevied p com.example.testeableapp.test
06-19 23:12:55.465  2126  6007 W ITouchService: itouch GameXsyncManager:checkGameXsyncState game list is empty.
06-19 23:12:55.465  2126  6007 D AGPService: : [OnGamePkgInfoReceived]: GameUltraEngineService
06-19 23:12:55.465  2126  6007 I AGPService: GUEStateManager:OnGamePkgInfoReceived  pkgName is : com.example.testeableapp.test , status is 0
06-19 23:12:55.465  2126  6007 I AGPService: BasePlugin::updateSysState  com.example.testeableapp.test&0, code is 6
06-19 23:12:55.465  2126  6007 D AGPService: State:: Set State is 6, com.example.testeableapp.test&0
06-19 23:12:55.465  2126  6007 D AGPService: GUEStateManager::getLooper
06-19 23:12:55.465  2126  6007 I AGPService: MessageQueueLoop::PostMessage , message: 6
06-19 23:12:55.465  2126  6007 I AGPService: RefreshRateActionHandle 1000, 1
06-19 23:12:55.465  4183  4497 D SmartDualCardConfig: getAppType,pkgName=com.example.testeableapp.test,appType=-1
06-19 23:12:55.465  2126  6007 I AGPService: FrameRateManager: scene delay time - 500
06-19 23:12:55.465  2126  6007 I AGPService: RefreshRateActionHandle currAppStrategy name 2, lightLimit 0, minFps 60, maxFps 60 refreshMinFps 60
06-19 23:12:55.465  2126  6007 I AGPService: AddAciton sceneCode 1000
06-19 23:12:55.465  4183  4497 E SmartDualCardConfig: isAppInBlackList false,items==null
06-19 23:12:55.465  2126  6007 I AGPService: DisableActionLoop
06-19 23:12:55.465  4183  4497 I SmartDualCardConfig: isAppInWhiteList false,uid=10271
06-19 23:12:55.465  4183  4497 D NetworkQoe: handleShortVideoMonitorMsg:app=0
06-19 23:12:55.465  2126  6007 I AGPService: FilterAction mVotePool.size: 3 priority 2900 sceneCode 2900
06-19 23:12:55.465  2126  6007 I AGPService: PostActionDelay delayTime: 0
06-19 23:12:55.465  4183  4497 D NetworkQoe: handleVoipCallMonitorMsg: mTopActivity=0
06-19 23:12:55.465  4183  4497 I NetworkQoeConfig: wechatDectectionSwitch=1
06-19 23:12:55.465  4183  4497 I ConnCureController: handleMessage: msg[2]
06-19 23:12:55.465  2126  2150 I AGPService: FilterAction mVotePool.size: 3 priority 2900 sceneCode 2900
06-19 23:12:55.465  2126  2150 I AGPService: NotifyExtraPolicyInfoToSF fps: 60, skipCount: 0
06-19 23:12:55.465  2126  2150 I AGPService: SendPolicyByAction isGame 0 sceneCode 2900 priority 2900 lightEnabled 0 fpsHold 0 minFps 90 maxFps 90
06-19 23:12:55.465  1700  4460 I SurfaceFlinger: setDesiredDisplayModeSpecs pid: 2126 AGP-pid: 2126
06-19 23:12:55.466  2126  2167 I AGPService: StateHandler::handleMessage:: 0
06-19 23:12:55.466  2126  2167 I AGPService: reportSysState: listeners size 1
06-19 23:12:55.466  2126  2167 D AGPService: GFrsStatusControl:: report : code is  0, state is com.example.testeableapp.test
