06-19 23:12:51.187 13974 14097 I TestRunner: started: totalGeneral_seActualizaAlAgregarItems(com.example.testeableapp.RestaurantOrderTest)
06-19 23:12:51.194 13346 13424 W TraceLog: onMessageReceived(c2.qti.avc.encoder:0xb40000759a5a39c0) Queued: 0.0/s Done: 40.0/s Rendered: 0.0/s Discarded: 39.0/s
06-19 23:12:51.195  3575  3575 D NetworkController.MobileSignalController(0_1): mSimSubId:1 onDataActivity: direction=3
06-19 23:12:51.195  4183  4496 D Booster_TelephonyMonitor: onDataActivity[0], direction = 3
06-19 23:12:51.199  4183  4498 I Booster_OllieObserver: notify registrants event: EVENT_DATA_ACTIVITY_CHANGED
06-19 23:12:51.205 13974 14097 D IdlingRegistry: Registering idling resources: [androidx.compose.ui.test.EspressoLink@ce4cbe6]
06-19 23:12:51.206  1700  1700 I Layer   : ~Layer layername: ActivityRecord{a8b442d u0 com.example.testeableapp/.MainActivity t898 mVisible=false mOccludesParent=true mode=fullscreen boundsRect(0, 0 - 1080, 2412)}#116886 address = 0xb400007043c49940
06-19 23:12:51.207  1700  1700 I SurfaceFlinger: [onLayerDestroyed] [ActivityRecord{a8b442d u0 com.example.testeableapp/.MainActivity t898 mVisible=false mOccludesParent=true mode=fullscreen boundsRect(0, 0 - 1080, 2412)}#116886] address:0xb400007043c49940 has destroyed
06-19 23:12:51.207  1700  1700 I Layer   : ~Layer layername: Task=898#116932 address = 0xb400007043caad00
06-19 23:12:51.207  1700  1700 I SurfaceFlinger: [onLayerDestroyed] [Task=898#116932] address:0xb400007043caad00 has destroyed
06-19 23:12:51.210 13974 14097 W Settings: Setting always_finish_activities has moved from android.provider.Settings.System to android.provider.Settings.Global, returning read-only value.
06-19 23:12:51.223  2361  5212 I HwStartWindowRecord: windowModeChange is ing pkg: com.example.testeableappintentIntent { act=android.intent.action.MAIN cat=[android.intent.category.LAUNCHER] flg=0x10008000 cmp=com.example.testeableapp/.MainActivity }
06-19 23:12:51.227  2361  5212 E ResMng NATIVE_MSG_FILTER: Fail to get hwrme service
06-19 23:12:51.227 19656 19656 E afehal_info: ioctrl_get_frame:[1781932370960][T:1781932371.227755]ioctrl_get_frame 144:ioctrl_get_frame err ret = -1
06-19 23:12:51.227 19656 19656 E afehal_info: get_ioctr_frame:[1781932370960][T:1781932371.227847]get_ioctr_frame 626:ioctrl_get_frame error return NULL
06-19 23:12:51.227 19656 19656 E aptouch_daemon: update_frame, thp_afe_get_frame return nullptr
06-19 23:12:51.229  2361  5212 I PackageManager: generatePackageInfo error, user not exists:128
06-19 23:12:51.234  1617 13041 I sensors-hal: handle_sns_std_sensor_event:275, ambient_light_event: ts=739194431300691, lux = 0, raw_adc=176, raw_2=320
06-19 23:12:51.238  1700  2158 I SurfaceFlinger: createLayer layername: Task=900 type: Layer address = 0xb400007043caad00
06-19 23:12:51.239  2361  5212 I SurfaceControl: SurfaceControl 0xb4000074e45bdbb0 Task=900#116933
06-19 23:12:51.247  1700  2158 I SurfaceFlinger: createLayer layername: ActivityRecord{d6ec35 u0 com.example.testeableapp/.MainActivity t900 mVisible=false mOccludesParent=true mode=fullscreen boundsRect(0, 0 - 1080, 2412)} type: Layer address = 0xb400007043c49940
06-19 23:12:51.249  2361  5212 I SurfaceControl: SurfaceControl 0xb4000074e45c43d0 ActivityRecord{d6ec35 u0 com.example.testeableapp/.MainActivity t900 mVisible=false mOccludesParent=true mode=fullscreen boundsRect(0, 0 - 1080, 2412)}#116934
06-19 23:12:51.263  4183 23886 W AppStartupMonitor: activity state:onPause, comp:ComponentInfo{com.hihonor.android.launcher/com.hihonor.android.launcher.unihome.UniHomeLauncher}
06-19 23:12:51.263  4183 23886 I AppStartupMonitor: app startup from desktop
06-19 23:12:51.263  2361  2361 W HwCameraSceneDetection: uid:10095, componentName:com.hihonor.android.launcher.unihome.UniHomeLauncher, flag:onPause
06-19 23:12:51.264  4183 23188 I Booster_AwareMonitor: [activityLifeNotifier]state:onPause pid:28791 uid:10095 ComponentInfo{com.hihonor.android.launcher/com.hihonor.android.launcher.unihome.UniHomeLauncher}
06-19 23:12:51.265  9860  9880 W AWARENESS_AmsRegister: state : onPause comp : ComponentInfo{com.hihonor.android.launcher/com.hihonor.android.launcher.unihome.UniHomeLauncher} taskId : 351callingPackage:launchMode:-1processUid_act:0
06-19 23:12:51.266  9860  9880 I AWARENESS_AppLifeCycleAbility: activity exit : ComponentInfo{com.hihonor.android.launcher/com.hihonor.android.launcher.unihome.UniHomeLauncher}
06-19 23:12:51.266  9860  9880 W AWARENESS_AppLifeCycleAbility: whiteMap is empty
06-19 23:12:51.266  9860  9880 W AWARENESS_AppLifeCycleAbility: BlackMap is empty
06-19 23:12:51.271 28791 28791 I HnAppRec_14.1.0.50YOYOCardManager: onActivityPaused UniHomeLauncher
06-19 23:12:51.271 28791 28791 W HnLauncher: YOYOCardExpoTimeMgr empty expo list
06-19 23:12:51.272 28791 28791 W HnLauncher: SetShortcutPopWindowHelper removePopup, popupContainerWithArrow is null
06-19 23:12:51.272 28791 28791 W HnLauncher: SetShortcutPopWindowHelper removePopup, popupContainerWithArrow is null
06-19 23:12:51.278  2361  6383 I SurfaceControl: setRelativeLayer sc:Surface(name=ImeContainer)/@0xd02ae8a,  relativeTo:Surface(name=ActivityRecord{1979841 u0 com.hihonor.android.launcher/.unihome.UniHomeLauncher t351 mVisible=false mOccludesParent=true mode=fullscreen boundsRect(0, 0 - 1080, 2412)})/@0x1c37359,  z:1
06-19 23:12:51.278  2361  6383 I SurfaceControl: setRelativeLayer sc:Surface(name=ImeContainer)/@0xd02ae8a,  relativeTo:Surface(name=ImePlaceholder:13:14)/@0x40e8cfb,  z:1
06-19 23:12:51.278  2361  2889 I WifiEnhanceMonitor: notifyForegroundAppChanged
06-19 23:12:51.278  2361  2889 I ScanSceneMonitor: cacheForegroundApkName: com.example.testeableapp
06-19 23:12:51.278  4183 23886 I Hicom_Monitor: mAppSwitchNotifierEx, uid = 10270, packageName = com.example.testeableapp, classNamecom.example.testeableapp.MainActivity
06-19 23:12:51.278  4183 23886 I Hicom_Monitor: notifyForegroundAppChanged: pkg:com.example.testeableapp
06-19 23:12:51.279  9860  9880 W AWARENESS_AmsRegister: state : onResume_begin comp : ComponentInfo{com.example.testeableapp/com.example.testeableapp.MainActivity} taskId : 900callingPackage:com.example.testeableapplaunchMode:-1processUid_act:0
06-19 23:12:51.279  4183 23886 I Hicom_Monitor: notifyForegroundAppActivityChanged: className:com.example.testeableapp.MainActivity
06-19 23:12:51.279  2361  6383 D ZrHung.AppEyeFocusWindow: FocusWindowErrorScene CheckFreezeScreen
06-19 23:12:51.279  4183  4887 W Hicom_XEngineProc: handleForegroundAppChanged. Feature is not enable.
06-19 23:12:51.279  2361  6383 D ZrHung.AppEyeTransparentWindow: TransparentWindow cancelCheckFreezeScreen
06-19 23:12:51.279  2126  6007 I AGPService: Iris-info: get config of com.example.testeableapp
06-19 23:12:51.280  2361  5278 E AdvancedKiller: AkUpdateModel Model not init
06-19 23:12:51.280  9860  9876 W AWARENESS_AmsRegister: app switch from : com.hihonor.android.launcher to com.example.testeableapp as ComponentInfo{com.example.testeableapp/com.example.testeableapp.MainActivity} taskId : 900  label:callingPackage:com.example.testeableapplaunchMode:-1processUid:0
06-19 23:12:51.280  9860  9876 I AWARENESS_AppLifeCycleAbility: app exit : com.hihonor.android.launcher act : ComponentInfo{placeHolder/placeHolder} taskId : 351
06-19 23:12:51.280  9860  9876 I AWARENESS_AppLifeCycleAbility: begin publishAppExitData
06-19 23:12:51.280  9860  9876 W AWARENESS_AppLifeCycleAbility: BlackMap is empty
06-19 23:12:51.280  9860  9876 I AWARENESS_AppLifeCycleAbility: app enter : com.example.testeableapp act : ComponentInfo{com.example.testeableapp/com.example.testeableapp.MainActivity} taskId : 900
06-19 23:12:51.280  9860  9876 I AWARENESS_AppLifeCycleAbility: begin publishAppEnterData
06-19 23:12:51.280  9860  9876 W AWARENESS_AppLifeCycleAbility: BlackMap is empty
06-19 23:12:51.280  9860  9876 W AWARENESS_AppLifeCycleAbility: whiteMap is empty
06-19 23:12:51.281  9860  9876 W AWARENESS_AppLifeCycleAbility: BlackMap is empty
06-19 23:12:51.281  9860 22815 I AWARENESS_TimedAppFence: enter : com.example.testeableapp to replace : com.example.testeableapp.test
06-19 23:12:51.281  9860 22815 I AWARENESS_TaskScheduler: subscribe {dataId=8005, mode=0,params=[time]} from TimedAppFence,key=AppRecoAssembler_PredictSolutionTrigger_TimedAppFence_APP_STARTUP_NONE
06-19 23:12:51.282  9860 22815 I AWARENESS_TimeAbility: TimeAbility onSubscribe
06-19 23:12:51.282  9860 22815 I AWARENESS_TimeManager: setNext triggerTime: 1781932376281 for AppRecoAssembler_PredictSolutionTrigger_TimedAppFence_APP_STARTUP_NONE
06-19 23:12:51.284  9860 22815 I AWARENESS_TimeManager: reset trigger time to: 1781932376281 current time is : 1781932371284
06-19 23:12:51.284  1700  4460 I SurfaceControl: SurfaceControl 0xb400006f63b26130 ImePlaceholder:13:14#11
06-19 23:12:51.284  1700  4460 I SurfaceControl: SurfaceControl 0xb400006f63b00ab0 ImePlaceholder:13:14#11
06-19 23:12:51.286  1700  1700 I Layer   : [setLayer] [a6cece1 Splash Screen com.example.testeableapp.test#116904] setlayer z = 2147483647
06-19 23:12:51.286  1700  1700 I Layer   : [setRelativeLayer] [ImeContainer#12] setRelativeLayer z = 1, relativeZ = 1
06-19 23:12:51.286  1700  1700 I Layer   : [setLayer] [a6cece1 Splash Screen com.example.testeableapp.test#116904] setlayer z = 2147483647
06-19 23:12:51.286  2361  5278 I system_server: SWAP_CPU: get cpu number = 8
06-19 23:12:51.286  2361  5278 I system_server: SWAP_CPU: set affinity to 4-7 success
06-19 23:12:51.286  1700  1700 I SurfaceControl: ~SurfaceControl 0xb400006f63b00ab0 ImePlaceholder:13:14#11
06-19 23:12:51.287  1700  1700 I SurfaceControl: ~SurfaceControl 0xb400006f63b26130 ImePlaceholder:13:14#11
06-19 23:12:51.292  9860 22815 W AWARENESS_TimeManager:  list : [1781932376281]
06-19 23:12:51.292  9860 22815 W AWARENESS_TimeManager:  firstTriggerTime : 1781932376281
06-19 23:12:51.292  9860 22815 W AWARENESS_TimeManager: should not trigger because first trigger time is : 1781932376281
06-19 23:12:51.298  4168  4848 D ScenarioService: front pkg : com.example.testeableapp launcher: false
06-19 23:12:51.298  4168  5065 I AppFastHibernation: rev F_Z exception for visible pkg: com.example.testeableapp
06-19 23:12:51.298  4168  5065 D MediaNetCtrl: handleAppFgchanged, pkg is: com.example.testeableapp policy is: 0
06-19 23:12:51.298  4168  5065 I PG_ash  : front pkg : com.example.testeableapp
06-19 23:12:51.299  4168  4848 D ScenarioService: new above launcher front pkgs: [com.example.testeableapp]
06-19 23:12:51.299  4168  4848 I AppsUsage: scnOff:false fgAPP:com.example.testeableapp
06-19 23:12:51.299  2361  5278 I system_server: SWAP_CPU: get cpu number = 8
06-19 23:12:51.300  2361  5278 I system_server: SWAP_CPU: set affinity to 0-7 success
06-19 23:12:51.301  4168  5140 I PGServer: report state:10010 event type:2 pid:0 uid:0 pkg:com.hihonor.android.launcher to pid: 2361
06-19 23:12:51.301  4168  5140 I PGServer: report state:10010 event type:2 pid:0 uid:0 pkg:com.hihonor.android.launcher to pid: 4183
06-19 23:12:51.301  4168  5140 I PGServer: report state:10010 event type:2 pid:0 uid:0 pkg:com.hihonor.android.launcher to pid: 4168
06-19 23:12:51.302  4168  5140 I PGServer: report state:10000 event type:1 pid:0 uid:0 pkg:com.example.testeableapp to pid: 2361
06-19 23:12:51.302  4168  5140 I PGServer: report state:10000 event type:1 pid:0 uid:0 pkg:com.example.testeableapp to pid: 4183
06-19 23:12:51.302  4168  5140 I PGServer: report state:10000 event type:1 pid:0 uid:0 pkg:com.example.testeableapp to pid: 4168
06-19 23:12:51.303  2361  2889 I HwPhoneWindowManager: currentFullScreenTaskPackageNamecom.example.testeableapp
06-19 23:12:51.305  2361  5312 W RMS.ExitCatch: ExitCatch file notexist /proc/13974/unexpected_die_catch
06-19 23:12:51.305  2361  5312 W RMS.ExitCatch: now ExitCatch is enable in pid =13974 ret = false
06-19 23:12:51.306  4168 14141 I PGServer: checkPkgType. calling pkg: android
06-19 23:12:51.306  4183  4943 E SmartNetworkManager: handleForegroundAppChanged pkgName is null
06-19 23:12:51.307  4168 14141 I PGServer: checkPkgType. calling pkg: android
06-19 23:12:51.307  1696  8745 D AudioPolicyService: getUidState(10270) cacheIter->second.first, return cacheIter->second.second(4)
06-19 23:12:51.308  4442  4902 E HSC_BG_MaliciousDBHelper: list is empty
06-19 23:12:51.308  1696  8745 D AudioPolicyService: getUidState(10046) cacheIter->second.first, return cacheIter->second.second(4)
06-19 23:12:51.308  4442  4902 E HSC_BG_SecurityThreatsService: notifyRiskAppWhenStartUp optional is present.
06-19 23:12:51.308  1696  8745 D AudioPolicyService: getUidState(10046) cacheIter->second.first, return cacheIter->second.second(4)
06-19 23:12:51.308  2126  6007 D ITouchService: itouch currentPackageName = com.example.testeableapp
06-19 23:12:51.308  2126  6007 D ITouchService: itouch appType=-1 appState=1 gameMode=1
06-19 23:12:51.308  2126  6007 D ITouchService: itouchReaderMonitor empty
06-19 23:12:51.308  2126  6007 D ITouchService: g_itouch_reader_monitor Monitor::IsReaderMonitorEnable()=0
06-19 23:12:51.308  2126  6007 D ITouchService: itouch getCurrentParmID tempPkg=com.example.xxx
06-19 23:12:51.308  2126  6007 D ITouchService: itouch:app com.example.testeableapp is  not game app
06-19 23:12:51.308  2126  6007 D ITouchService: itouch:app com.example.testeableapp is  not in StylusPenList
06-19 23:12:51.308  2126  6007 D ITouchService: itouch:styluspen_switch is disable
06-19 23:12:51.308  2126  6007 D ITouchService: itouch:currentAppTypeName =|UNKNOWN|
06-19 23:12:51.309  2361  3669 I InputDispatcher: Focus left window: 7f166e0 com.hihonor.android.launcher/com.hihonor.android.launcher.unihome.UniHomeLauncher (server) in display 0
06-19 23:12:51.309  2361  3669 I InputDispatcher: onFocusChangedLocked receiveTime step 1 :350784397ms receiveTime step 2 :350784397ms receiveTime step 3 :0ms
06-19 23:12:51.309  2126  6007 W ITouchService: itouch DirectDeliverManager:checkDirectDeliverState game list is empty & not support TouchEnhance.
06-19 23:12:51.309  2126  6007 I IPCThreadState: oneway function results for code 11 on binder at 0xb40000722b9548c0 will be dropped but finished with status UNKNOWN_TRANSACTION
06-19 23:12:51.309  2361  3669 I InputDispatcher: setFocusedWindow receiveTime step 1 :350784397ms receiveTime step 2 :350784397ms receiveTime step 3 :350784397ms
06-19 23:12:51.310  4168  4848 I ScenarioService: app focus change from: com.hihonor.android.launcher to:com.example.testeableapp
06-19 23:12:51.310  4168  4848 I ScenarioService: add focus on app:com.example.testeableapp to visiblePkgs
06-19 23:12:51.311  1533  2376 E netd    : send_msg_to_kernel:send_msg_to_kernel failure. socket=-1
06-19 23:12:51.319  1700  1889 I SurfaceFlinger: createLayer layername: 5a8eae9 Splash Screen com.example.testeableapp type: Layer address = 0xb400007043bbb330
06-19 23:12:51.320  2361  4609 I SurfaceControl: SurfaceControl 0xb4000074e45e80f0 5a8eae9 Splash Screen com.example.testeableapp#116935
06-19 23:12:51.322  3575  3575 W ForegroundObserver:  onForegroundProgress change packageName:[com.example.testeableapp]isForeground:true
06-19 23:12:51.324  2169  2203 I AwareLog: SetThreadToVipGroup:: iawared vipgroup set pid[13974] Success!
06-19 23:12:51.324  2169  2203 I AwareLog: SetThreadToVipGroup:: iawared vipgroup set pid[14105] Success!
06-19 23:12:51.324  2169  2203 I AwareLog: SetThreadToVipGroup:: iawared vipgroup set pid[14157] Success!
06-19 23:12:51.326  2126  6007 D ITouchService: GetTpService itouch has already get tp service.
06-19 23:12:51.326  1657  1657 I TS_Service: hwTsRunCommand
06-19 23:12:51.326  1657  1657 E TS_HAL  : honor_tp_run_command: call
06-19 23:12:51.327  3575  3698 D InputEventReceiver: dispatchInputInterval 1000000
06-19 23:12:51.328 13974 13974 D LifecycleMonitor: Lifecycle status change: com.example.testeableapp.MainActivity@c5058 in: PRE_ON_CREATE
06-19 23:12:51.328 13974 13974 V ActivityScenario: Activity lifecycle changed event received but ignored because the reported transition was not ON_CREATE while the last known transition was PRE_ON_CREATE
06-19 23:12:51.330  2361  3223 E RtgSchedIpcFile: setCommandByIoctl not opened
06-19 23:12:51.330  3575  3712 I BufferQueueProducer: [VRI[test]#5836(BLAST Consumer)5836](id:df7000016d8,api:1,p:3575,c:3575) disconnect: api 1
06-19 23:12:51.333  1700  1700 I Layer   : [setLayer] [a6cece1 Splash Screen com.example.testeableapp.test#116904] setlayer z = 2147483647
06-19 23:12:51.333  1700  1700 I Layer   : [setLayer] [5a8eae9 Splash Screen com.example.testeableapp#116935] setlayer z = 2147483647
06-19 23:12:51.336  3575  3575 E NotificationShadeWindowController: applyWindowBlur: 0.0
06-19 23:12:51.336  3575  3575 E NotificationShadeWindowController: SurfaceControl Not Released.
06-19 23:12:51.336 28791 28791 E RtgSchedIpcFile: RtgSchedIpcFile xxx failed to open /proc/28791/rtg
06-19 23:12:51.337 28791 28791 E RtgSchedIpcFile: RtgSchedIpcFile xxx failed to open /proc/rtg_gki/ioctl.
06-19 23:12:51.337 28791 28791 I RmeSchedManager: init Rme, version is: v1.0
06-19 23:12:51.337 28791 28791 E RtgSchedIpcFile: setCommandByIoctl not opened
06-19 23:12:51.337  3575  3575 E NotificationShadeWindowController: applyVisibility: false, false, mNotificationShadeView.alpha=1.0, forceHideForBiometricsUnlock=false
06-19 23:12:51.337  3575  3575 D NotificationShadeWindowView: setVisibility =  4
06-19 23:12:51.339  1696  8745 D AudioPolicyService: getUidState(10070) cacheIter->second.first, return cacheIter->second.second(0)
06-19 23:12:51.339  1696  8745 D AudioPolicyService: getUidState(10046) cacheIter->second.first, return cacheIter->second.second(4)
06-19 23:12:51.339  1696  8745 D AudioPolicyService: getUidState(10046) cacheIter->second.first, return cacheIter->second.second(4)
06-19 23:12:51.342  1700  2158 I SurfaceFlinger: createLayer layername: Splash Screen com.example.testeableapp type: Layer address = 0xb400007043c88160
06-19 23:12:51.342  3575  3575 D OverviewProxyService: keyguardShowing: false keyguardOccluded: false keyguardGoingAway: false bouncerShowing: false isDozing: false
06-19 23:12:51.342  3575  3575 D SysUiState: SysUiState changed: old=268435456 new=268435456
06-19 23:12:51.342  3575  3575 E NotificationShadeWindowController: applyWindowBlur: 0.0
06-19 23:12:51.342  3575  3575 E NotificationShadeWindowController: SurfaceControl Not Released.
06-19 23:12:51.342  3575  3575 E NotificationShadeWindowController: applyVisibility: false, false, mNotificationShadeView.alpha=1.0, forceHideForBiometricsUnlock=false
06-19 23:12:51.343  3575  3575 D NotificationShadeWindowView: setVisibility =  4
06-19 23:12:51.343 13974 13974 D LifecycleMonitor: Lifecycle status change: com.example.testeableapp.MainActivity@c5058 in: CREATED
06-19 23:12:51.343 13974 13974 V ActivityScenario: Update currentActivityStage to CREATED, currentActivity=com.example.testeableapp.MainActivity@c5058
06-19 23:12:51.344  3575  3575 D OverviewProxyService: keyguardShowing: false keyguardOccluded: false keyguardGoingAway: false bouncerShowing: false isDozing: false
06-19 23:12:51.344  2361  4266 I SurfaceControl: SurfaceControl 0xb4000074e460d150 Splash Screen com.example.testeableapp#116936
06-19 23:12:51.344  3575  3575 D SysUiState: SysUiState changed: old=268435456 new=268435456
06-19 23:12:51.344 13974 13974 D LifecycleMonitor: Lifecycle status change: com.example.testeableapp.MainActivity@c5058 in: STARTED
06-19 23:12:51.344 13974 13974 V ActivityScenario: Update currentActivityStage to STARTED, currentActivity=com.example.testeableapp.MainActivity@c5058
06-19 23:12:51.347 13974 13974 D LifecycleMonitor: Lifecycle status change: com.example.testeableapp.MainActivity@c5058 in: RESUMED
06-19 23:12:51.347  1696  8745 D AudioPolicyService: getUidState(10070) cacheIter->second.first, return cacheIter->second.second(1)
06-19 23:12:51.347 19656 19689 I aptouch_daemon: begin, cmd[0], flag[16]
06-19 23:12:51.347 19656 19689 I aptouch_daemon: Excute:59: cmd=power_time, param=
06-19 23:12:51.347 13974 13974 V ActivityScenario: Update currentActivityStage to RESUMED, currentActivity=com.example.testeableapp.MainActivity@c5058
06-19 23:12:51.347 13974 14118 D HnContentRecognizerManager: isContentRecognizerEnable: the package is not enabled
06-19 23:12:51.347  1696  8745 D AudioPolicyService: getUidState(10046) cacheIter->second.first, return cacheIter->second.second(4)
06-19 23:12:51.347  1696  8745 D AudioPolicyService: getUidState(10046) cacheIter->second.first, return cacheIter->second.second(4)
06-19 23:12:51.347 19656 19689 I aptouch_daemon: get_cmd, power_time
06-19 23:12:51.348 19656 19689 I aptouch_daemon: excute_cmd_end, cmd: power_time.
06-19 23:12:51.348 19656 19689 I aptouch_daemon: Excute:63: m_result=Active=30278971 Idle=0
06-19 23:12:51.348 13974 13974 I DecorView[]: set decor visibility 4
06-19 23:12:51.351  1657  1657 I aptouch_daemon, [aptouch_interface_client]: ret = Active=30278971 Idle=0
06-19 23:12:51.352  2126  6007 D ITouchService: GetHTpActiveIdleTime success ret 0 outStr Active=30278971 Idle=0
06-19 23:12:51.352  2130  3230 I dubaid  : [DisplayHandler.cpp] OnAppFocusChangedMessage# App focus switch from com.hihonor.android.launcher to com.example.testeableapp
06-19 23:12:51.353 13974 14118 I ContentDelivererImpl: isFeatureOpen: false
06-19 23:12:51.353 13974 14118 D HnContentRecognizerManager: isFeatureEnable: get cache value
06-19 23:12:51.353 13974 14118 I ContentDelivererImpl: isNeedConfig: isReportBlack false isWhitePackage false isGameApp false isFeatureOpen false
06-19 23:12:51.354  1666  1838 E ANDR-PERF-OPTSHANDLER: ANDR-PERF-OPTSHANDLER: modify_sysfsnode() 1149: Perflock resource /dev/stune/top-app/schedtune.boost not supported
06-19 23:12:51.354  1666  1838 E ANDR-PERF-RESOURCEQS: ANDR-PERF-RESOURCEQS: AddAndApply() 167: Failed to apply optimization [3, 28]
06-19 23:12:51.354  1666  1838 E ANDR-PERF-OPTSHANDLER: ANDR-PERF-OPTSHANDLER: modify_sysfsnode() 1149: Perflock resource /sys/devices/system/cpu/bus_dcvs/L3/soc:qcom,memlat:l3:prime/min_freq not supported
06-19 23:12:51.354  1666  1838 E ANDR-PERF-RESOURCEQS: ANDR-PERF-RESOURCEQS: AddAndApply() 167: Failed to apply optimization [13, 22]
06-19 23:12:51.358  1700  1891 D FluencyDetector: End fluency detect: ICON_BACK_ANIMATION
06-19 23:12:51.358  2126  6007 I AGPService: NotifyAnimationState animationTag: ICON_BACK_ANIMATION animationType: 0 state: 0, previous count: 1 type count: 1
06-19 23:12:51.358 28791 28791 E HnLauncher: DeskVisibleListenMgr onVisible
06-19 23:12:51.358  2126  6007 E AGPService: SceneEnd: mIsSceneStart invalid
06-19 23:12:51.358  2126  6007 I AGPService: RefreshRateActionHandle 1210, 0
06-19 23:12:51.358  2126  6007 I AGPService: ReleaseAction sceneCode 1210 mVotePool.size 2
06-19 23:12:51.358  2126  6007 I AGPService: DisableActionLoop
06-19 23:12:51.358  2126  6007 I AGPService: PostAction
06-19 23:12:51.358 28791 28791 W HnLauncher: YOYOCardExpoTimeMgr not yoyo card
06-19 23:12:51.358  2126  6007 I AGPService: FilterAction mVotePool.size: 2 priority 2600 sceneCode 2600
06-19 23:12:51.358 28791 28791 D HnAppRec_14.1.0.50ICardOperateImpl: getJsCardsInPage
06-19 23:12:51.358  2126  2150 I AGPService: FilterAction mVotePool.size: 2 priority 2600 sceneCode 2600
06-19 23:12:51.358  2126  2150 I AGPService: NotifyExtraPolicyInfoToSF fps: 60, skipCount: 0
06-19 23:12:51.358  2126  2150 I AGPService: SendPolicyByAction isGame 0 sceneCode 2600 priority 2600 lightEnabled 0 fpsHold 0 minFps 60 maxFps 60
06-19 23:12:51.358  2126  6007 I AGPService: FilterAction mVotePool.size: 2 priority 2600 sceneCode 2600
06-19 23:12:51.358 28791 28791 E HnLauncher: LauncherAnimationListener setAnimating: manager isn`t instanceof CircularUnlockAnimationManager
06-19 23:12:51.358 28791 28791 I SurfaceControl: nativeRelease 0xb4000074e460eb90 count: 1 name: Transition Root: Task=350#116924
06-19 23:12:51.358 28791 28791 I SurfaceControl: ~SurfaceControl 0xb4000074e460eb90 Transition Root: Task=350#116924
06-19 23:12:51.358 28791 28791 I SurfaceControl: nativeRelease 0xb4000074e46041d0 count: 1 name: WallpaperWindowToken{42fa48d token=android.os.Binder@f360124}#61
06-19 23:12:51.358 28791 28791 I SurfaceControl: ~SurfaceControl 0xb4000074e46041d0 WallpaperWindowToken{42fa48d token=android.os.Binder@f360124}#61
06-19 23:12:51.358  1700  2158 I SurfaceFlinger: setDesiredDisplayModeSpecs pid: 2126 AGP-pid: 2126
06-19 23:12:51.358 28791 28791 I SurfaceControl: nativeRelease 0xb4000074e45a2b70 count: 1 name: Task=899#116900
06-19 23:12:51.358 28791 28791 I SurfaceControl: ~SurfaceControl 0xb4000074e45a2b70 Task=899#116900
06-19 23:12:51.358 28791 28791 I SurfaceControl: nativeRelease 0xb4000074e45a1590 count: 1 name: Task=350#45305
06-19 23:12:51.358 28791 28791 I SurfaceControl: ~SurfaceControl 0xb4000074e45a1590 Task=350#45305
06-19 23:12:51.360 28791 28823 I HnAppRec_14.1.0.50YOYOCardManager: onResume mIsWorkspaceLoaded:true
06-19 23:12:51.360 28791 28823 E HnAppRec_14.1.0.50YOYOCardManager: getRecommendApps no card
06-19 23:12:51.360 28791 28823 W HnAppRec_14.1.0.50YOYOCardExpoTimeMgr: not yoyo card
06-19 23:12:51.360 28791 28823 I HnAppRec_14.1.0.50YOYOCardClient: onResume
06-19 23:12:51.360 28791 28823 I HnAppRec_14.1.0.50YOYOCardManager: reset all card state
06-19 23:12:51.360  1700  4460 I SurfaceControl: SurfaceControl 0xb400006f63b0b7f0 DefaultTaskDisplayArea#9
06-19 23:12:51.360  1700  4460 I SurfaceControl: SurfaceControl 0xb400006f63b128d0 Leaf:0:1#8
06-19 23:12:51.360  1700  4460 I SurfaceControl: SurfaceControl 0xb400006f63b2d3d0 DefaultTaskDisplayArea#9
06-19 23:12:51.360  3575  3654 I SurfaceControl: ~SurfaceControl 0xb4000074e45cbe50 Transition Root: Task=350#116924
06-19 23:12:51.360  3575  3654 I SurfaceControl: ~SurfaceControl 0xb4000074e462b1b0 a6cece1 Splash Screen com.example.testeableapp.test#116904
06-19 23:12:51.360  3575  3654 I SurfaceControl: ~SurfaceControl 0xb4000074e4628270 Task=350#45305
06-19 23:12:51.360  3575  3654 I SurfaceControl: ~SurfaceControl 0xb4000074e463acd0 Task=899#116900
06-19 23:12:51.360  3575  3654 I SurfaceControl: ~SurfaceControl 0xb4000074e45c1110 WallpaperWindowToken{42fa48d token=android.os.Binder@f360124}#61
06-19 23:12:51.360  3575  3654 I SurfaceControl: ~SurfaceControl 0xb4000074e461a430 DefaultTaskDisplayArea#9
06-19 23:12:51.360  3575  3654 I SurfaceControl: ~SurfaceControl 0xb4000074e45baf10 Leaf:0:1#8
06-19 23:12:51.360  3575  3654 I SurfaceControl: ~SurfaceControl 0xb4000074e4636510 DefaultTaskDisplayArea#9
06-19 23:12:51.361  3575  3654 I SurfaceControl: nativeRelease 0xb4000074e45ff4d0 count: 1 name: Transition Root: Task=350#116924
06-19 23:12:51.361  3575  3654 I SurfaceControl: ~SurfaceControl 0xb4000074e45ff4d0 Transition Root: Task=350#116924
06-19 23:12:51.362  2361  4609 I SurfaceControl: ~SurfaceControl 0xb4000074e462cb10 Transition Root: Task=350#116924
06-19 23:12:51.364  2361  4266 I SurfaceControl: nativeRelease 0xb4000074e462c4f0 count: 1 name: Splash Screen com.example.testeableapp#116936
06-19 23:12:51.364  2361  4266 I SurfaceControl: ~SurfaceControl 0xb4000074e462c4f0 Splash Screen com.example.testeableapp#116936
06-19 23:12:51.365  3575  3698 I SurfaceControl: SurfaceControl 0xb4000074e4600730 Splash Screen com.example.testeableapp#116936
06-19 23:12:51.371  1629  1831 D vendor.honor.hardware.aoservice@1.0-service: [AO_SVC] (reopen_timer_handler:50):enter reopen handler
06-19 23:12:51.372  1700  1891 I SurfaceFlinger: createLayer layername: d3c4246 com.example.testeableapp/com.example.testeableapp.MainActivity type: Layer address = 0xb400007043c3bb00
06-19 23:12:51.374  2361  3167 I SurfaceControl: SurfaceControl 0xb4000074e4639610 d3c4246 com.example.testeableapp/com.example.testeableapp.MainActivity#116937
06-19 23:12:51.375  2361  2850 I SurfaceControl: nativeRelease 0xb4000074e4631730 count: 2 name: 3d2af56 ActivityRecordInputSink com.example.testeableapp.test/androidx.test.core.app.InstrumentationActivityInvoker$EmptyActivity#116910
06-19 23:12:51.376  1700  1700 I Layer   : [reparent] [Transition Root: Task=350#116924] newParent is null [0xb400007043bef4a0]
06-19 23:12:51.376  1700  1700 I Layer   : [setLayer] [a6cece1 Splash Screen com.example.testeableapp.test#116904] setlayer z = 2147483647
06-19 23:12:51.376 10112 10112 I bzak    : onPause
06-19 23:12:51.376  1700  1700 I Layer   : [setLayer] [Task=899#116900] setlayer z = 4
06-19 23:12:51.376  1700  1700 I Layer   : [reparent] [Transition Root: Task=350#116924] newParent is null [0xb400007043bef4a0]
06-19 23:12:51.376 13974 13974 D InputEventReceiver: dispatchInputInterval 1000000
06-19 23:12:51.376 13974 13974 I HwForceDarkManager: isSystemInDarkMode isResUiModeYes: true, isDarkMode: true
06-19 23:12:51.376 10112 10112 W dpam    : measuring already stopped.
06-19 23:12:51.377  2361  2850 I SurfaceControl: ~SurfaceControl 0xb4000074e4631730 3d2af56 ActivityRecordInputSink com.example.testeableapp.test/androidx.test.core.app.InstrumentationActivityInvoker$EmptyActivity#116910
06-19 23:12:51.377  1700  1700 I SurfaceControl: ~SurfaceControl 0xb400006f63b2d3d0 DefaultTaskDisplayArea#9
06-19 23:12:51.377  1700  1700 I SurfaceControl: ~SurfaceControl 0xb400006f63b128d0 Leaf:0:1#8
06-19 23:12:51.377  1700  1700 I SurfaceControl: ~SurfaceControl 0xb400006f63b0b7f0 DefaultTaskDisplayArea#9
06-19 23:12:51.377 13974 13974 I DecorView[]: set decor visibility 0
06-19 23:12:51.378 14195 14232 I BufferQueueProducer: [VRI[InstrumentationActivityInvoker$EmptyActivity]#1(BLAST Consumer)1](id:377300000001,api:1,p:14195,c:14195) disconnect: api 1
06-19 23:12:51.378 13974 13974 D PhoneWindow: onViewRootImplSet activityToken android.os.BinderProxy@72ddcc3,activityClientRecord ActivityRecord{99c9940 token=android.os.BinderProxy@72ddcc3 {com.example.testeableapp/com.example.testeableapp.MainActivity}},isHnNavigationHide false isHidePrivateFlag = false
06-19 23:12:51.378 13974 13974 D HwPhoneWindow: onViewRootImplSet activityToken android.os.BinderProxy@72ddcc3,activityClientRecord ActivityRecord{99c9940 token=android.os.BinderProxy@72ddcc3 {com.example.testeableapp/com.example.testeableapp.MainActivity}},isHwNavigationHide false
06-19 23:12:51.378 13974 13974 D HiTouch_PressGestureDetector: onAttached:1
06-19 23:12:51.379  1700  1700 I CompositionEngine: [applyDeviceCompositionTypeChange] layer [Wallpaper BBQ wrapper#64] apply to client compose
06-19 23:12:51.379  1700  1700 I CompositionEngine: [applyDeviceCompositionTypeChange] layer [com.hihonor.android.launcher/com.hihonor.android.launcher.unihome.UniHomeLauncher#116921] apply to client compose
06-19 23:12:51.379  1700  1700 I CompositionEngine: [applyDeviceCompositionTypeChange] layer [StatusBar#87] apply to client compose
06-19 23:12:51.380  2361  2889 I WifiEnhanceMonitor: notifyForegroundActivityChanged
06-19 23:12:51.380  2361  2361 W HwCameraSceneDetection: uid:10270, componentName:com.example.testeableapp.MainActivity, flag:onResume
06-19 23:12:51.381  9860  9876 W AWARENESS_AmsRegister: state : onResume comp : ComponentInfo{com.example.testeableapp/com.example.testeableapp.MainActivity} taskId : 900callingPackage:launchMode:-1processUid_act:0
06-19 23:12:51.381  2169  2203 I AwareLog: IsSplashThread threadName[3575][ndroid.systemui]
06-19 23:12:51.383  4168  5147 I PGServer: getTopFrontApp. calling pkg: android
06-19 23:12:51.383  2169  2203 E AwareLog: SetThreadToVipGroup:: iawared vipgroup set pid[3575] FAILED-NOT-TOP-APP!
06-19 23:12:51.380  4183  4572 W AppStartupMonitor: activity state:onResume, comp:ComponentInfo{com.example.testeableapp/com.example.testeableapp.MainActivity}
06-19 23:12:51.384  2169  2203 I AwareLog: IsSplashThread threadName[3712][RenderThread]
06-19 23:12:51.384  2169  2203 E AwareLog: SetThreadToVipGroup:: iawared vipgroup set pid[3712] FAILED-NOT-TOP-APP!
06-19 23:12:51.384  2169  2203 I AwareLog: IsSplashThread threadName[3747][hwuiTask0]
06-19 23:12:51.384  2169  2203 E AwareLog: SetThreadToVipGroup:: iawared vipgroup set pid[3747] FAILED-NOT-TOP-APP!
06-19 23:12:51.384  2169  2203 I AwareLog: IsSplashThread threadName[3748][hwuiTask1]
06-19 23:12:51.384  2169  2203 E AwareLog: SetThreadToVipGroup:: iawared vipgroup set pid[3748] FAILED-NOT-TOP-APP!
06-19 23:12:51.384  2169  2203 I AwareLog: IsSplashThread threadName[5250][InsetsAnimation]
06-19 23:12:51.384  2169  2203 E AwareLog: SetThreadToVipGroup:: iawared vipgroup set pid[5250] FAILED-NOT-TOP-APP!
06-19 23:12:51.384  2169  2203 I AwareLog: IsSplashThread threadName[3698][ll.splashscreen]
06-19 23:12:51.384  2169  2203 I AwareLog: SetThreadToVipGroup:: iawared vipgroup set pid[3698] Success!
06-19 23:12:51.384  4183 23886 I Booster_AwareMonitor: [activityLifeNotifier]state:onResume pid:13974 uid:10270 ComponentInfo{com.example.testeableapp/com.example.testeableapp.MainActivity}
06-19 23:12:51.384  4183  4498 I Booster_OllieObserver: notify registrants event: EVENT_ACTIVITY_STATE_CHANGED, new ActivityInfo: uid = 10270, packageName = com.example.testeableapp, procState = 2
06-19 23:12:51.384  4183  4498 I SpeedTestNotifier: Speed test app is back Activity
06-19 23:12:51.385  4183  4498 I NsaPowerConsumptionMonitor: onActivityStateChanged: mIsSpeedTesting:false isTopActivity:true isSpeedTestApk:false
06-19 23:12:51.389  3575  3698 I BufferQueueConsumer: [](id:df7000016d9,api:0,p:-1,c:3575) connect: controlledByApp=false
06-19 23:12:51.391  4183  4497 I NetworkQoeChr: checkForegroundApp timer end com.example.testeableapp
06-19 23:12:51.392  4183  4497 I UidCloseNrStateMachine: enter uidStateChanged, ForeGrountApp=com.example.testeableapp, mIsCallOn=false, mIsUsbPlugged=true, openLowPowerSwitch=true, QoeSlowState=false, powerMode=1, isSpeedSensitivityApp=false
06-19 23:12:51.392  4183  4497 D KitQoeManager: com.example.testeableapp, mForeActivityName com.example.testeableapp.MainActivity
06-19 23:12:51.393  4183  4497 E Booster_Jni: NetlinkInitCant:create netlink socket,error:Protocol not supported
06-19 23:12:51.393  4183  4497 E Booster_Jni: sendDataToKernel:socket open fail
06-19 23:12:51.393  4183  4497 I NetworkQoe: setNetworkQoeEnable:true,status=32,mNetworkQoeConditions=222
06-19 23:12:51.394  4183  4497 I NetworkQoe: sendCellularQoeCollectStartMsg, actionid = 1025, slotId = 0,pduSessionId = 5,epsBearerId = 5
06-19 23:12:51.396  3575  3712 I BufferQueueProducer: [VRI[testeableapp]#5837(BLAST Consumer)5837](id:df7000016d9,api:0,p:-1,c:3575) connect: api=1 producerControlledByApp=true
06-19 23:12:51.396  3575  3712 E OpenGLRenderer: Unable to match the desired swap behavior.
06-19 23:12:51.397  1617 13041 I sensors-hal: handle_sns_std_sensor_event:275, ambient_light_event: ts=739194597289598, lux = 0, raw_adc=176, raw_2=304
06-19 23:12:51.398  4183 23188 I Hicom_Monitor: mActivityNotifierEx, className = com.example.testeableapp.MainActivity
06-19 23:12:51.398  4183 23188 I Hicom_Monitor: notifyForegroundAppActivityChanged: className:com.example.testeableapp.MainActivity
06-19 23:12:51.400  1700  1700 I SurfaceFlinger: [Splash Screen com.example.testeableapp.test#116905] apply visible 0
06-19 23:12:51.400  1700  1700 I Layer   : [reparent] [3d2af56 ActivityRecordInputSink com.example.testeableapp.test/androidx.test.core.app.InstrumentationActivityInvoker$EmptyActivity#116910] newParent is null [0xb400007043cae490]
06-19 23:12:51.400  1700  1700 I SurfaceFlinger: [com.example.testeableapp.test/androidx.test.core.app.InstrumentationActivityInvoker$EmptyActivity#116913] apply visible 0
06-19 23:12:51.400  1700  1700 I Layer   : ~Layer layername: Transition Root: Task=350#116924 address = 0xb400007043bef4a0
06-19 23:12:51.400  1700  1700 I SurfaceFlinger: [onLayerDestroyed] [Transition Root: Task=350#116924] address:0xb400007043bef4a0 has destroyed
06-19 23:12:51.401  2361  6383 D HwConnectivityManagerImpl: startappqoednscollection action =0timer =1000
06-19 23:12:51.415  1700  1700 I Layer   : ~Layer layername: 3d2af56 ActivityRecordInputSink com.example.testeableapp.test/androidx.test.core.app.InstrumentationActivityInvoker$EmptyActivity#116910 address = 0xb400007043cae490
06-19 23:12:51.415  1700  1700 I SurfaceFlinger: [onLayerDestroyed] [3d2af56 ActivityRecordInputSink com.example.testeableapp.test/androidx.test.core.app.InstrumentationActivityInvoker$EmptyActivity#116910] address:0xb400007043cae490 has destroyed
06-19 23:12:51.415  1660  1800 E DMABUFHEAPS: DmabufAlloc size=10592256 openTime=0 allocTime=15
06-19 23:12:51.416  4183  4497 E Booster_Jni: NetlinkInitCant:create netlink socket,error:Protocol not supported
06-19 23:12:51.416  4183  4497 E Booster_Jni: sendDataToKernel:socket open fail
06-19 23:12:51.416  4183  4497 I NetworkQoe: onAppStateChanged: mForeAppUid=10270, packageName:com.example.testeableapp
06-19 23:12:51.416  4183  4497 I NetworkQoeRes: handleAppStateChanged: ActivityUid=10270
06-19 23:12:51.416  4183  4497 D Booster_SelfCureManager: handleMessage: msg.what: 38
06-19 23:12:51.416  4183  4497 I HwPacketFilterBypass: handleActivityUidStateChanged uid:10270 -1 foreground:true
06-19 23:12:51.417  4183  4497 D SmartDualCardConfig: getAppType,pkgName=com.example.testeableapp,appType=-1
06-19 23:12:51.418  4183  4497 E SmartDualCardConfig: isAppInBlackList false,items==null
06-19 23:12:51.418  4183  4497 I SmartDualCardConfig: isAppInWhiteList false,uid=10270
06-19 23:12:51.418  4183  4497 D NetworkQoe: handleShortVideoMonitorMsg:app=0
06-19 23:12:51.418  4183  4497 D NetworkQoe: handleVoipCallMonitorMsg: mTopActivity=0
06-19 23:12:51.419  4183  4497 I NetworkQoeConfig: wechatDectectionSwitch=1
06-19 23:12:51.419  4183  4497 I ConnCureController: handleMessage: msg[2]
06-19 23:12:51.428  4183  4497 D SmartDualCardConfig: getAppType,pkgName=com.example.testeableapp,appType=-1
06-19 23:12:51.429  4183  4497 D SmartDualCardConfig: getAppType,pkgName=com.example.testeableapp,appType=-1
06-19 23:12:51.429  4183  4497 E SmartDualCardConfig: isAppInBlackList false,items==null
06-19 23:12:51.429  4183  4497 I SmartDualCardSM: onUidStateUpdate,uid=10270,appName=com.example.testeableapp,state=FOREGROUND
06-19 23:12:51.430  4183  4497 D SmartDualCardConfig: getAppType,pkgName=com.example.testeableapp,appType=-1
06-19 23:12:51.430  4183  4497 I SmartDualCardSM: updateAppState mAppState=2
06-19 23:12:51.430  4183  4497 I SmartDualCardConfig: addForegroundAppToList,size()=1,uid=10270
06-19 23:12:51.431  4183  4497 I SmartDualCardSM: isNeedMonitorAppQoe return false
06-19 23:12:51.431  4183  4497 I SmartDualCardSM: resetAppQoeState
06-19 23:12:51.432  4183  4497 I SmartDualCardChrManager: handleForegroundAppUpdateMsg,mAppState=1,scenes=2,mForegroundAppName=
06-19 23:12:51.432  4183  4497 I SmartDualCardSM: IdleState:got msg.what=EVENT_SLAVE_TRAFFIC_FREE_APP_BACKGROUND
06-19 23:12:51.432  4183  4497 I SmartDualCardSM: IdleState:got msg.what=EVENT_APP_MOVE_FOREGROUND
06-19 23:12:51.439  4168  4268 I ApsSceneByActivity: APS: APK: IHwActivityNotifierEx packageName = com.example.testeableapp className = com.example.testeableapp.MainActivity; state = onResume
06-19 23:12:51.439  4168  4268 I ApsSceneByActivity: APS: APK: processActivityChanged: activityName = com.example.testeableapp.MainActivity
06-19 23:12:51.440  4168  4268 D ApsDynamicCameraFps: APS: APK: handleSpecialCameraState:0
06-19 23:12:51.440  4168  4268 I ApsAGPAdapter: APS: APK: ApsAGPAdapter: ActivityFpsByMode changed and mode = 0
06-19 23:12:51.440  4168  4425 D ApsDynamicCameraFps: APS: APK: handleMessage: msg.what: 0
06-19 23:12:51.440  4168  4425 I ApsAGPAdapter: APS: APK: ApsAGPAdapter: camera changed and mode = 0
06-19 23:12:51.451  4168  4848 I ScenarioService: refresh visibleApp:[com.example.testeableapp]
06-19 23:12:51.452  4168  4848 I PGServer: report state:14 event type:1 pid:-1 uid:-1 pkg:com.example.testeableapp to pid: 2361
06-19 23:12:51.452  4168  4848 I PGServer: report state:14 event type:1 pid:-1 uid:-1 pkg:com.example.testeableapp to pid: 4183
06-19 23:12:51.452  4168  4848 I PGServer: report state:14 event type:1 pid:-1 uid:-1 pkg:com.example.testeableapp to pid: 4168
06-19 23:12:51.452  4183 23188 D Hicom_Monitor: enter visible event, add app: com.example.testeableapp into mVisiblePkgNameSet
06-19 23:12:51.452  4168  4848 I ApsDynamicVideoFps: APS: APK: handleFrontAppFromPgPlug. pkgName:com.example.testeableapp, mLastPkgName:com.google.android.youtube, isReduceFps:false, isCountingDown:true
06-19 23:12:51.453  4168  4848 I ApsDynamicVideoFps: APS: APK: <REDUCEFPS>Front Changed Stop reduce fps
06-19 23:12:51.453  4168  4848 I ApsAccKitAdapter: APS: APK: ApsAccKitAdapter: not setNotifyInfo
06-19 23:12:51.454  4168 14141 I PGServer: checkPkgType. calling pkg: android
06-19 23:12:51.454  4168  5065 I AppsUsage: BgAPP:com.hihonor.android.launcher
06-19 23:12:51.454  4168  5065 I PG_ash  : com.hihonor.android.launcher become invisible
06-19 23:12:51.455  2126  6007 I AGPService: aps-info: focus pkgName - com.example.testeableapp, with 0 more apps
06-19 23:12:51.455  2126  6007 D AGPService: : [updateForeGround]: GameUltraEngineService
06-19 23:12:51.455  2126  6007 I AGPService: agp-info: focus pkgName - com.example.testeableapp, with 0 more apps
06-19 23:12:51.456  4168 18065 I PGServer: checkPkgType. calling pkg: android
06-19 23:12:51.457 14195 14195 I SurfaceControl: nativeRelease 0xb4000074e459af30 count: 3 name: com.example.testeableapp.test/androidx.test.core.app.InstrumentationActivityInvoker$EmptyActivity#116913
06-19 23:12:51.458  1660  1800 E DMABUFHEAPS: DmabufAlloc size=10592256 openTime=0 allocTime=14
06-19 23:12:51.458  2126  6007 E AGPService: GameSDKPlugin : iaware strange app type: -1
06-19 23:12:51.458  2126  6007 I AGPService: BasePlugin::updateSysState  com.example.testeableapp, code is 0
06-19 23:12:51.458  2126  6007 D AGPService: State:: Set State is 0, com.example.testeableapp
06-19 23:12:51.458  2126  6007 D AGPService: GUEStateManager::getLooper
06-19 23:12:51.458  2126  6007 I AGPService: MessageQueueLoop::PostMessage , message: 0
06-19 23:12:51.458  2126  6007 I AGPService: BasePlugin::updateSysState  , code is 1
06-19 23:12:51.458  2126  6007 D AGPService: State:: Set State is 1,
06-19 23:12:51.458  2126  2167 I AGPService: StateHandler::handleMessage:: 0
06-19 23:12:51.458  2126  2167 I AGPService: reportSysState: listeners size 1
06-19 23:12:51.458  2126  2167 D AGPService: GFrsStatusControl:: report : code is  0, state is com.example.testeableapp
06-19 23:12:51.458  2126  2167 D AGPService: GFrsStatusControl:: report : code is  0, state is com.example.testeableapp, not match Event
06-19 23:12:51.458  2126  2167 I AGPService: reportSysState: stateValue 0, com.example.testeableapp
06-19 23:12:51.458  2126  6007 I AGPService: BasePlugin::updateSysState Same State
06-19 23:12:51.458  2126  6007 I AGPService: GUE: updateForeground to subMode
06-19 23:12:51.458  2126  6007 I AGPService: GUE: TRANSACT_UPDATE_FOREGROUND: () com.example.testeableapp
06-19 23:12:51.458  2126  6007 I AGPService: RefreshRateActionHandle 2950, 1
06-19 23:12:51.460  2126  6007 E AGPService: FrameRateManager: iaware strange app type: -1
06-19 23:12:51.460  2126  6007 I AGPService: UpdateCurrentPackage com.example.testeableapp type -1
06-19 23:12:51.460  2126  6007 I AGPService: GetAppStrategy 2 stylus: 0
06-19 23:12:51.460  2126  6007 I AGPService: FrameRateManager: aps-info: new pkgName - com.example.testeableapp, type - -1
06-19 23:12:51.461 14195 14195 I BufferQueueConsumer: [VRI[InstrumentationActivityInvoker$EmptyActivity]#1(BLAST Consumer)1](id:377300000001,api:0,p:-1,c:14195) disconnect
06-19 23:12:51.461  2126  6007 I ITouchService: GameXsyncManager:OnGameInfoRecevied p com.example.testeableapp
06-19 23:12:51.461  2126  6007 W ITouchService: itouch GameXsyncManager:checkGameXsyncState game list is empty.
06-19 23:12:51.461  2126  6007 D AGPService: : [OnGamePkgInfoReceived]: GameUltraEngineService
06-19 23:12:51.462  2126  6007 I AGPService: GUEStateManager:OnGamePkgInfoReceived  pkgName is : com.example.testeableapp , status is 0
06-19 23:12:51.462  2126  6007 I AGPService: BasePlugin::updateSysState  com.example.testeableapp&0, code is 6
06-19 23:12:51.462  2126  6007 D AGPService: State:: Set State is 6, com.example.testeableapp&0
06-19 23:12:51.462  2126  6007 D AGPService: GUEStateManager::getLooper
06-19 23:12:51.462  2126  6007 I AGPService: MessageQueueLoop::PostMessage , message: 6
06-19 23:12:51.462  2126  6007 I AGPService: RefreshRateActionHandle 1000, 1
06-19 23:12:51.462  2126  6007 I AGPService: FrameRateManager: scene delay time - 500
06-19 23:12:51.462  2126  6007 I AGPService: RefreshRateActionHandle currAppStrategy name 2, lightLimit 0, minFps 60, maxFps 60 refreshMinFps 60
06-19 23:12:51.462  2126  6007 I AGPService: AddAciton sceneCode 1000
06-19 23:12:51.462  2126  6007 I AGPService: DisableActionLoop
06-19 23:12:51.462  2126  6007 I AGPService: FilterAction mVotePool.size: 2 priority 2600 sceneCode 2600
06-19 23:12:51.462  2126  6007 I AGPService: PostActionDelay delayTime: 0
06-19 23:12:51.462  3575  3698 I SurfaceControl: nativeRelease 0xb4000074e4617790 count: 2 name: Splash Screen com.example.testeableapp.test#116905
06-19 23:12:51.463  3575  3698 I BufferQueueConsumer: [VRI[test]#5836(BLAST Consumer)5836](id:df7000016d8,api:0,p:-1,c:3575) disconnect
06-19 23:12:51.463  2126  6007 D ITouchService: OneFrame: currPkgName1:com.example.testeableapp currPkgNampAps:com.example.testeableapp
06-19 23:12:51.463  2126  6007 I AGPService: GpuPolicyManager: m_currentPkgName - com.example.testeableapp
06-19 23:12:51.464  3575  3698 I SurfaceControl: ~SurfaceControl 0xb4000074e4617790 Splash Screen com.example.testeableapp.test#116905
06-19 23:12:51.467  2126  2150 I AGPService: FilterAction mVotePool.size: 2 priority 2600 sceneCode 2600
06-19 23:12:51.467  2126  2167 I AGPService: StateHandler::handleMessage:: 6
06-19 23:12:51.467  2126  2167 I AGPService: reportSysState: listeners size 1
06-19 23:12:51.467  2126  2167 D AGPService: GFrsStatusControl:: report : code is  6, state is com.example.testeableapp&0
06-19 23:12:51.467  2126  2167 I AGPService: OnGamePkgInfoReceived: pkgname com.example.testeableapp gameScene- 0
06-19 23:12:51.467  2126  2167 D AGPService: GFrsStatusControl: OnGamePkgInfoReceived FRS switch off
06-19 23:12:51.467  2126  2167 I AGPService: reportSysState: stateValue 6, com.example.testeableapp&0
06-19 23:12:51.467  2126  2150 I AGPService: NotifyExtraPolicyInfoToSF fps: 60, skipCount: 0
06-19 23:12:51.467  2126  2150 I AGPService: SendPolicyByAction isGame 0 sceneCode 2600 priority 2600 lightEnabled 0 fpsHold 0 minFps 60 maxFps 60
06-19 23:12:51.468  1700  2158 I SurfaceFlinger: setDesiredDisplayModeSpecs pid: 2126 AGP-pid: 2126
06-19 23:12:51.469  3575  3698 I SurfaceControl: nativeRelease 0xb4000074e4624c30 count: 3 name: Surface(name=a824253 com.example.testeableapp.test/androidx.test.core.app.InstrumentationActivityInvoker$EmptyActivity)/@0xb8d484b - animation-leash of starting_reveal#116930
06-19 23:12:51.469  1700  1889 I SurfaceFlinger: createLayer layername: Transition Root: Task=900 type: Layer address = 0xb400007043cae490
06-19 23:12:51.471  2361  2850 I SurfaceControl: SurfaceControl 0xb4000074e4631730 Transition Root: Task=900#116938
06-19 23:12:51.473  2361  2850 I SurfaceControl: setWindowCrop sc Surface(name=Task=350)/@0x8096e8f width 0 height 0 callers com.android.server.wm.Transition.buildFinishTransaction:1096 com.android.server.wm.Transition.onTransactionReady:2167 com.android.server.wm.BLASTSyncEngine$SyncGroup.finishNow:388 com.android.server.wm.BLASTSyncEngine$SyncGroup.tryFinish:258
06-19 23:12:51.473  2361  2850 I SurfaceControl: setWindowCrop sc Surface(name=Task=350)/@0x8096e8f width -1 height -1 callers com.android.server.wm.Transition.buildFinishTransaction:1109 com.android.server.wm.Transition.onTransactionReady:2167 com.android.server.wm.BLASTSyncEngine$SyncGroup.finishNow:388 com.android.server.wm.BLASTSyncEngine$SyncGroup.tryFinish:258
06-19 23:12:51.473  2361  2850 I SurfaceControl: setWindowCrop sc Surface(name=Task=900)/@0xd977e82 width 0 height 0 callers com.android.server.wm.Transition.buildFinishTransaction:1096 com.android.server.wm.Transition.onTransactionReady:2167 com.android.server.wm.BLASTSyncEngine$SyncGroup.finishNow:388 com.android.server.wm.BLASTSyncEngine$SyncGroup.tryFinish:258
06-19 23:12:51.473  2361  2850 I SurfaceControl: setWindowCrop sc Surface(name=Task=900)/@0xd977e82 width -1 height -1 callers com.android.server.wm.Transition.buildFinishTransaction:1109 com.android.server.wm.Transition.onTransactionReady:2167 com.android.server.wm.BLASTSyncEngine$SyncGroup.finishNow:388 com.android.server.wm.BLASTSyncEngine$SyncGroup.tryFinish:258
06-19 23:12:51.474  2361  2850 I SurfaceControl: nativeRelease 0xb4000074e4631730 count: 5 name: Transition Root: Task=900#116938
06-19 23:12:51.475  3575  3865 I SurfaceControl: SurfaceControl 0xb4000074e45a1910 Task=900#116933
06-19 23:12:51.475  3575  3698 W WindowOnBackDispatcher: sendCancelIfRunning: isInProgress=falsecallback=android.view.ViewRootImpl$$ExternalSyntheticLambda20@d24f7cf
06-19 23:12:51.475  3575  3865 I SurfaceControl: SurfaceControl 0xb4000074e45df330 Task=350#45305
06-19 23:12:51.476  3575  3865 I SurfaceControl: SurfaceControl 0xb4000074e45e7130 DefaultTaskDisplayArea#9
06-19 23:12:51.476 19656 19656 E afehal_info: tp_check_scan_rate_scan_freq:[1781932371476][T:1781932371.476516]tp_check_scan_rate_scan_freq 495:invalued_scan_rate_or_freq = true scan_rate = 240
06-19 23:12:51.476 19656 19656 E afehal_info: tp_check_scan_rate_scan_freq:[1781932371476][T:1781932371.476580]tp_check_scan_rate_scan_freq 505:invalued_scan_rate_or_freq = true scan_freq = 103
06-19 23:12:51.476 19656 19656 E afehal_info: vendor_parse_ioctrl_frame:[1781932371476][T:1781932371.476630]vendor_parse_ioctrl_frame 1026:get scan_rate = 240
06-19 23:12:51.476 19656 19656 E afehal_info: tp_check_scan_rate_scan_freq:[1781932371476][T:1781932371.476654]tp_check_scan_rate_scan_freq 495:invalued_scan_rate_or_freq = true scan_rate = 240
