06-19 23:12:56.996  6177 14933 D CloseableReentrantLock: Successfully released lock com.android.providers.media.photopicker.sync.CloseableReentrantLock@683d7ef[Unlocked]. Lock Name = CLOUD_PROVIDER_LOCK. Threads that may be waiting to acquire this lock = []
06-19 23:12:56.996  6177 14933 D PickerNotificationSender: Sending a notification for media update
06-19 23:12:56.996  4168  5055 D PgedBinderAdapter: F_Z ok, pid: [14195]
06-19 23:12:56.997  2361  3674 I SurfaceControl: SurfaceControl 0xb4000074e463f110 ActivityRecord{1dd72aa u0 com.example.testeableapp.test/androidx.test.core.app.InstrumentationActivityInvoker$EmptyActivity t905 mVisible=false mOccludesParent=true mode=fullscreen boundsRect(0, 0 - 1080, 2412)}#117050
06-19 23:12:56.997  6177 14933 D PickerNotificationSender: Sending a notification for merged album media update Favorites
06-19 23:12:56.998  6177 14933 D PickerNotificationSender: Sending a notification for album media update Favorites
06-19 23:12:56.998  1700  1700 I Layer   : ~Layer layername: Surface(name=WallpaperWindowToken{42fa48d token=android.os.Binder@f360124})/@0xb9c274b_transition-leash#116929 address = 0xb400007043c2a530
06-19 23:12:56.998  1700  1700 I SurfaceFlinger: [onLayerDestroyed] [Surface(name=WallpaperWindowToken{42fa48d token=android.os.Binder@f360124})/@0xb9c274b_transition-leash#116929] address:0xb400007043c2a530 has destroyed
06-19 23:12:56.998  1700  1700 I Layer   : ~Layer layername: Surface(name=WallpaperWindowToken{42fa48d token=android.os.Binder@f360124})/@0xfb7d25d_transition-leash#116975 address = 0xb400007043c2dcc0
06-19 23:12:56.998  1700  1700 I SurfaceFlinger: [onLayerDestroyed] [Surface(name=WallpaperWindowToken{42fa48d token=android.os.Binder@f360124})/@0xfb7d25d_transition-leash#116975] address:0xb400007043c2dcc0 has destroyed
06-19 23:12:56.998  1700  1700 I Layer   : ~Layer layername: Surface(name=Task=901)/@0x7af0b07_transition-leash#116974 address = 0xb400007043c34be0
06-19 23:12:56.998  1700  1700 I SurfaceFlinger: [onLayerDestroyed] [Surface(name=Task=901)/@0x7af0b07_transition-leash#116974] address:0xb400007043c34be0 has destroyed
06-19 23:12:56.998  1700  1700 I Layer   : ~Layer layername: Surface(name=Task=350)/@0x848472f_transition-leash#116927 address = 0xb400007043c95fa0
06-19 23:12:56.998  1700  1700 I SurfaceFlinger: [onLayerDestroyed] [Surface(name=Task=350)/@0x848472f_transition-leash#116927] address:0xb400007043c95fa0 has destroyed
06-19 23:12:56.999  1700  1700 I Layer   : ~Layer layername: Surface(name=Task=899)/@0xe118ec5_transition-leash#116928 address = 0xb400007043cca110
06-19 23:12:56.999  1700  1700 I SurfaceFlinger: [onLayerDestroyed] [Surface(name=Task=899)/@0xe118ec5_transition-leash#116928] address:0xb400007043cca110 has destroyed
06-19 23:12:57.000  6177 14933 D PickerNotificationSender: Sending a notification for merged album media update Videos
06-19 23:12:57.000  6177 14933 D PickerNotificationSender: Sending a notification for album media update Videos
06-19 23:12:57.001  6177 14933 I PickerSyncController: Paged sync successful. QueryArgs: Bundle[{android.provider.extra.PAGE_TOKEN=1781932375000|1000118313, android.provider.extra.SYNC_GENERATION=689052, android.provider.extra.PAGE_SIZE=1000}] Total Rows: 1
06-19 23:12:57.001  6177 14933 I PickerSyncController: Executing SyncRemove. isLocal: true. authority: com.android.providers.media.photopicker
06-19 23:12:57.002  6177 14933 D PickerSyncLockManager: Trying to acquire lock com.android.providers.media.photopicker.sync.CloseableReentrantLock@683d7ef[Unlocked]. Lock Name = CLOUD_PROVIDER_LOCK. Threads that may be waiting to acquire this lock = [] with timeout.
06-19 23:12:57.002  6177 14933 D CloseableReentrantLock: Successfully acquired lock com.android.providers.media.photopicker.sync.CloseableReentrantLock@683d7ef[Locked by thread pool-4-thread-243]. Lock Name = CLOUD_PROVIDER_LOCK. Threads that may be waiting to acquire this lock = []
06-19 23:12:57.002  2361  3674 E PowerLogWrite: write new power event, from uid:1000,tag:160,msg:10271|1|-2|*launch*
06-19 23:12:57.002  6177 14933 D CloseableReentrantLock: Successfully released lock com.android.providers.media.photopicker.sync.CloseableReentrantLock@683d7ef[Unlocked]. Lock Name = CLOUD_PROVIDER_LOCK. Threads that may be waiting to acquire this lock = []
06-19 23:12:56.998  2137  2352 D SampleTable: Sample entry table nums : 532
06-19 23:12:57.005  2361  2361 W HwCameraSceneDetection: uid:10270, componentName:com.example.testeableapp.MainActivity, flag:onPause
06-19 23:12:57.010 13974 13974 D LifecycleMonitor: Lifecycle status change: com.example.testeableapp.MainActivity@35e9002 in: PAUSED
06-19 23:12:57.010  6177 14933 D PickerSyncLockManager: Trying to acquire lock com.android.providers.media.photopicker.sync.CloseableReentrantLock@683d7ef[Unlocked]. Lock Name = CLOUD_PROVIDER_LOCK. Threads that may be waiting to acquire this lock = [] with timeout.
06-19 23:12:57.010  6177 14933 D CloseableReentrantLock: Successfully acquired lock com.android.providers.media.photopicker.sync.CloseableReentrantLock@683d7ef[Locked by thread pool-4-thread-243]. Lock Name = CLOUD_PROVIDER_LOCK. Threads that may be waiting to acquire this lock = []
06-19 23:12:57.010  6177 14933 D PickerSyncController: Clearing next page token for key: local_provider:media_remove:resume
06-19 23:12:57.010 13974 13974 V ActivityScenario: Update currentActivityStage to PAUSED, currentActivity=com.example.testeableapp.MainActivity@35e9002
06-19 23:12:57.010  6177 14933 D CloseableReentrantLock: Successfully released lock com.android.providers.media.photopicker.sync.CloseableReentrantLock@683d7ef[Unlocked]. Lock Name = CLOUD_PROVIDER_LOCK. Threads that may be waiting to acquire this lock = []
06-19 23:12:57.010  6177 14933 D PickerNotificationSender: Sending a notification for media update
06-19 23:12:57.010  4183 23886 W AppStartupMonitor: activity state:onPause, comp:ComponentInfo{com.example.testeableapp/com.example.testeableapp.MainActivity}
06-19 23:12:57.010  4183 21754 I Booster_AwareMonitor: [activityLifeNotifier]state:onPause pid:13974 uid:10270 ComponentInfo{com.example.testeableapp/com.example.testeableapp.MainActivity}
06-19 23:12:57.010  9860  9880 W AWARENESS_AmsRegister: state : onPause comp : ComponentInfo{com.example.testeableapp/com.example.testeableapp.MainActivity} taskId : 904callingPackage:launchMode:-1processUid_act:0
06-19 23:12:57.011  9860  9880 I AWARENESS_AppLifeCycleAbility: activity exit : ComponentInfo{com.example.testeableapp/com.example.testeableapp.MainActivity}
06-19 23:12:57.011  9860  9880 W AWARENESS_AppLifeCycleAbility: whiteMap is empty
06-19 23:12:57.011  9860  9880 W AWARENESS_AppLifeCycleAbility: BlackMap is empty
06-19 23:12:57.011  2361  6379 I SurfaceControl: nativeRelease 0xb4000074e4639610 count: 2 name: GoogleDiscoverWindow#117020
06-19 23:12:57.011  2361  6379 I SurfaceControl: ~SurfaceControl 0xb4000074e4639610 GoogleDiscoverWindow#117020
06-19 23:12:57.012  2361  6379 I SurfaceControl: nativeRelease 0xb4000074e45c4830 count: 2 name: com.hihonor.android.launcher/com.hihonor.android.launcher.unihome.UniHomeLauncher#117017
06-19 23:12:57.012  2361  6379 I SurfaceControl: ~SurfaceControl 0xb4000074e45c4830 com.hihonor.android.launcher/com.hihonor.android.launcher.unihome.UniHomeLauncher#117017
06-19 23:12:57.015  1700  1700 I Layer   : [setLayer] [a4f01f7 Splash Screen com.example.testeableapp#117036] setlayer z = 2147483647
06-19 23:12:57.015  1700  1700 I Layer   : [reparent] [GoogleDiscoverWindow#117020] newParent is null [0xb400007043b75bf0]
06-19 23:12:57.015  1700  1700 I Layer   : [reparent] [com.hihonor.android.launcher/com.hihonor.android.launcher.unihome.UniHomeLauncher#117017] newParent is null [0xb400007043c849d0]
06-19 23:12:57.018  4168  4848 I PG_DBS_MAIN: exit PIP mode, FgAPP:com.example.testeableapp BgAPP:com.example.testeableapp
06-19 23:12:57.019  2361  6404 I SurfaceControl: nativeRelease 0xb4000074e45d4430 count: 2 name: Surface(name=69fffd0 NavigationBar0)/@0xc4b2e34 - animation-leash of insets_animation#117044
06-19 23:12:57.019  1700  2158 I SurfaceFlinger: createLayer layername: Surface(name=69fffd0 NavigationBar0)/@0xc4b2e34 - animation-leash of insets_animation type: Layer address = 0xb400007043cca110
06-19 23:12:57.020  2361  5312 W RMS.ExitCatch: ExitCatch file notexist /proc/28791/unexpected_die_catch
06-19 23:12:57.020  2361  5312 W RMS.ExitCatch: now ExitCatch is disable in pid =28791 ret = false
06-19 23:12:57.021  2361  6404 I SurfaceControl: SurfaceControl 0xb4000074e462e710 Surface(name=69fffd0 NavigationBar0)/@0xc4b2e34 - animation-leash of insets_animation#117051
06-19 23:12:57.021  9860  9876 W AWARENESS_AmsRegister: app switch from : com.example.testeableapp to com.example.testeableapp.test as ComponentInfo{com.example.testeableapp.test/androidx.test.core.app.InstrumentationActivityInvoker$EmptyActivity} taskId : 905  label:callingPackage:com.example.testeableapplaunchMode:-1processUid:0
06-19 23:12:57.021  9860  9876 I AWARENESS_AppLifeCycleAbility: app exit : com.example.testeableapp act : ComponentInfo{placeHolder/placeHolder} taskId : 904
06-19 23:12:57.021  2361  6404 I SurfaceControl: nativeRelease 0xb4000074e46328b0 count: 2 name: Surface(name=17e14ef StatusBar)/@0x4a2b91e - animation-leash of insets_animation#117045
06-19 23:12:57.021  9860  9876 I AWARENESS_AppLifeCycleAbility: begin publishAppExitData
06-19 23:12:57.021  9860  9880 W AWARENESS_AmsRegister: state : onResume_begin comp : ComponentInfo{com.example.testeableapp.test/androidx.test.core.app.InstrumentationActivityInvoker$EmptyActivity} taskId : 905callingPackage:com.example.testeableapplaunchMode:-1processUid_act:0
06-19 23:12:57.022  1700  1889 I SurfaceFlinger: createLayer layername: Surface(name=17e14ef StatusBar)/@0x4a2b91e - animation-leash of insets_animation type: Layer address = 0xb400007043c95fa0
06-19 23:12:57.022  9860  9876 W AWARENESS_AppLifeCycleAbility: BlackMap is empty
06-19 23:12:57.022  9860  9876 I AWARENESS_AppLifeCycleAbility: app enter : com.example.testeableapp.test act : ComponentInfo{com.example.testeableapp.test/androidx.test.core.app.InstrumentationActivityInvoker$EmptyActivity} taskId : 905
06-19 23:12:57.023  2361  6404 I SurfaceControl: SurfaceControl 0xb4000074e45c90d0 Surface(name=17e14ef StatusBar)/@0x4a2b91e - animation-leash of insets_animation#117052
06-19 23:12:57.023  2361  3223 E AwareLog: CpuProcessInherit: files null
06-19 23:12:57.024  2361  2889 I WifiEnhanceMonitor: notifyForegroundAppChanged
06-19 23:12:57.024  2361  2889 I ScanSceneMonitor: cacheForegroundApkName: com.example.testeableapp.test
06-19 23:12:57.024  2126 13579 I AGPService: Iris-info: get config of com.example.testeableapp.test
06-19 23:12:57.024  2361  5278 E AdvancedKiller: AkUpdateModel Model not init
06-19 23:12:57.024  2361  6404 D ZrHung.AppEyeFocusWindow: FocusWindowErrorScene CheckFreezeScreen
06-19 23:12:57.024  2361  6404 D ZrHung.AppEyeTransparentWindow: TransparentWindow cancelCheckFreezeScreen
06-19 23:12:57.025  9860  9876 I AWARENESS_AppLifeCycleAbility: begin publishAppEnterData
06-19 23:12:57.025  2361  5278 I system_server: SWAP_CPU: get cpu number = 8
06-19 23:12:57.025  2361  5278 I system_server: SWAP_CPU: set affinity to 4-7 success
06-19 23:12:57.025  9860  9876 W AWARENESS_AppLifeCycleAbility: BlackMap is empty
06-19 23:12:57.025  9860  9876 W AWARENESS_AppLifeCycleAbility: whiteMap is empty
06-19 23:12:57.025  9860  9876 W AWARENESS_AppLifeCycleAbility: BlackMap is empty
06-19 23:12:57.025  3575  3575 W ForegroundObserver:  onForegroundProgress change packageName:[com.hihonor.android.launcher]isForeground:false
06-19 23:12:57.026  9860 22814 I AWARENESS_TaskScheduler: unsubscribe {dataId=8005, mode=0,params=[time]} from TimedAppFence,key=AppRecoAssembler_PredictSolutionTrigger_TimedAppFence_APP_STARTUP_NONE
06-19 23:12:57.026  9860 22814 I AWARENESS_TimeAbility: TimeAbility onUnsubscribe
06-19 23:12:57.026  9860 22814 I AWARENESS_TimeManager: cancel triggerTime: 1781932381123 for AppRecoAssembler_PredictSolutionTrigger_TimedAppFence_APP_STARTUP_NONE
06-19 23:12:57.026  4183 23886 I Hicom_Monitor: mAppSwitchNotifierEx, uid = 10271, packageName = com.example.testeableapp.test, classNameandroidx.test.core.app.InstrumentationActivityInvoker$EmptyActivity
06-19 23:12:57.026  4183 23886 I Hicom_Monitor: notifyForegroundAppChanged: pkg:com.example.testeableapp.test
06-19 23:12:57.028  2361  5278 I system_server: SWAP_CPU: get cpu number = 8
06-19 23:12:57.028  2361  5278 I system_server: SWAP_CPU: set affinity to 0-7 success
06-19 23:12:57.029  2361  5278 I HiView.HiEvent: Flatten done:990028995
06-19 23:12:57.029  2361  5278 I hievent_jni: Write to dev len:78
06-19 23:12:57.029  2361  5278 I hievent_jni: hievent_writer_write finish
06-19 23:12:57.029  1700  1891 I SurfaceControl: SurfaceControl 0xb400006f63b105d0 Surface(name=69fffd0 NavigationBar0)/@0xc4b2e34 - animation-leash of insets_animation#117051
06-19 23:12:57.029  1700  1891 I SurfaceControl: SurfaceControl 0xb400006f63b0a210 Surface(name=17e14ef StatusBar)/@0x4a2b91e - animation-leash of insets_animation#117052
06-19 23:12:57.029  3575  3699 I Resources: loadDrawable : cachedDrawable = android.graphics.drawable.AdaptiveIconDrawable@fc957c8
06-19 23:12:57.029  2361  6404 I SurfaceControl: ~SurfaceControl 0xb4000074e45d4430 Surface(name=69fffd0 NavigationBar0)/@0xc4b2e34 - animation-leash of insets_animation#117044
06-19 23:12:57.030  2361  6404 I SurfaceControl: ~SurfaceControl 0xb4000074e46328b0 Surface(name=17e14ef StatusBar)/@0x4a2b91e - animation-leash of insets_animation#117045
06-19 23:12:57.030  6177 14933 D PickerNotificationSender: Sending a notification for merged album media update Favorites
06-19 23:12:57.030  6177 14933 D PickerNotificationSender: Sending a notification for album media update Favorites
06-19 23:12:57.031 13974 14030 I SurfaceControl: SurfaceControl 0xb4000074e459dd90 Surface(name=559ceab InputMethod)/@0x9d6dd52 - animation-leash of insets_animation#117047
06-19 23:12:57.031  3575  5285 I SurfaceControl: SurfaceControl 0xb4000074e4609bf0 Surface(name=69fffd0 NavigationBar0)/@0xc4b2e34 - animation-leash of insets_animation#117051
06-19 23:12:57.031  6177 14933 D PickerNotificationSender: Sending a notification for merged album media update Videos
06-19 23:12:57.031  6177 14933 D PickerNotificationSender: Sending a notification for album media update Videos
06-19 23:12:57.031  1700  1700 I Layer   : [setLayer] [a4f01f7 Splash Screen com.example.testeableapp#117036] setlayer z = 2147483647
06-19 23:12:57.032  3575  5285 I SurfaceControl: SurfaceControl 0xb4000074e4632d10 Surface(name=17e14ef StatusBar)/@0x4a2b91e - animation-leash of insets_animation#117052
06-19 23:12:57.032  1700  1700 I Layer   : [reparent] [Surface(name=69fffd0 NavigationBar0)/@0xc4b2e34 - animation-leash of insets_animation#117044] newParent is null [0xb400007043aee500]
06-19 23:12:57.032  1700  1700 I Layer   : [reparent] [Surface(name=17e14ef StatusBar)/@0x4a2b91e - animation-leash of insets_animation#117045] newParent is null [0xb400007043c0b120]
06-19 23:12:57.032  1696 10594 D AudioPolicyService: getUidState(10271) cacheIter->second.first, return cacheIter->second.second(18)
06-19 23:12:57.032  1700  1700 I SurfaceControl: ~SurfaceControl 0xb400006f63b0a210 Surface(name=17e14ef StatusBar)/@0x4a2b91e - animation-leash of insets_animation#117052
06-19 23:12:57.032  1700  1700 I SurfaceControl: ~SurfaceControl 0xb400006f63b105d0 Surface(name=69fffd0 NavigationBar0)/@0xc4b2e34 - animation-leash of insets_animation#117051
06-19 23:12:57.032  6177 14933 I PickerSyncController: Paged sync successful. QueryArgs: Bundle[{android.provider.extra.PAGE_TOKEN=1781932375000|1000118313, android.provider.extra.SYNC_GENERATION=689052, android.provider.extra.PAGE_SIZE=1000}] Total Rows: 0
06-19 23:12:57.033  6177 14933 I PickerSyncTracker: Marked sync future complete for work id: 1ac2e776-662f-40ff-82a3-5d03ae4e7ccc. Future map: {}
06-19 23:12:57.033  6177 14933 I PSyncWorker: Completed picker proactive sync complete from local provider.
06-19 23:12:57.034  4183 23886 I Hicom_Monitor: notifyForegroundAppActivityChanged: className:androidx.test.core.app.InstrumentationActivityInvoker$EmptyActivity
06-19 23:12:57.034  4183  4887 W Hicom_XEngineProc: handleForegroundAppChanged. Feature is not enable.
06-19 23:12:57.037  1680 14941 I QC2Comp : Memory tracker for [1D-10438] is available with name [1D-10438] and size 32768 bytes.
06-19 23:12:57.037  1680 14941 I QC2Buf  : Reconfig: clearing from 0 bufs. Peak mem=0 MB
06-19 23:12:57.037  2361  2889 I HwPhoneWindowManager: currentFullScreenTaskPackageNamecom.example.testeableapp.test
06-19 23:12:57.039  6177  6673 I WM-WorkerWrapper: Worker result SUCCESS for Work [ id=1ac2e776-662f-40ff-82a3-5d03ae4e7ccc, tags={ com.android.providers.media.photopicker.sync.ProactiveSyncWorker } ]
06-19 23:12:57.040  1617 13041 I sensors-hal: handle_sns_std_sensor_event:275, ambient_light_event: ts=739200241301837, lux = 2, raw_adc=448, raw_2=800
06-19 23:12:57.041  9860 22814 I AWARENESS_TimeManager: time list is cleared
06-19 23:12:57.041  9860 22814 W AWARENESS_TimeManager:  list : []
06-19 23:12:57.041  9860 22814 W AWARENESS_TimeManager:  firstTriggerTime : -9223372036854775808
06-19 23:12:57.041  9860 22814 W AWARENESS_TimeManager: is empty, ignore
06-19 23:12:57.041  9860 22814 I AWARENESS_TaskScheduler: reference count is not zero : 89, ignore release ability,id=time_ability
06-19 23:12:57.041  9860 22814 I AWARENESS_TimedAppFence: enter : com.example.testeableapp.test to replace : com.example.testeableapp
06-19 23:12:57.041  9860 22814 I AWARENESS_TaskScheduler: subscribe {dataId=8005, mode=0,params=[time]} from TimedAppFence,key=AppRecoAssembler_PredictSolutionTrigger_TimedAppFence_APP_STARTUP_NONE
06-19 23:12:57.041  9860 22814 I AWARENESS_TimeAbility: TimeAbility onSubscribe
06-19 23:12:57.041  9860 22814 I AWARENESS_TimeManager: setNext triggerTime: 1781932382041 for AppRecoAssembler_PredictSolutionTrigger_TimedAppFence_APP_STARTUP_NONE
06-19 23:12:57.043  2361  5312 W RMS.ExitCatch: ExitCatch file notexist /proc/14195/unexpected_die_catch
06-19 23:12:57.043  2361  5312 W RMS.ExitCatch: now ExitCatch is enable in pid =14195 ret = false
06-19 23:12:57.043  6177  6177 D WM-Processor: Processor 1ac2e776-662f-40ff-82a3-5d03ae4e7ccc executed; reschedule = false
06-19 23:12:57.043  6177  6177 D WM-GreedyScheduler: Stopping tracking for WorkGenerationalId(workSpecId=1ac2e776-662f-40ff-82a3-5d03ae4e7ccc, generation=0)
06-19 23:12:57.044  1533  2376 E netd    : send_msg_to_kernel:send_msg_to_kernel failure. socket=-1
06-19 23:12:57.044  6177  6177 D WM-SystemJobService: 1ac2e776-662f-40ff-82a3-5d03ae4e7ccc executed on JobScheduler
06-19 23:12:57.047 13974 13974 I SurfaceControl: nativeRelease 0xb4000074e459d850 count: 1 name: Surface(name=559ceab InputMethod)/@0x9d6dd52 - animation-leash of insets_animation#117047
06-19 23:12:57.047 13974 13974 I SurfaceControl: ~SurfaceControl 0xb4000074e459d850 Surface(name=559ceab InputMethod)/@0x9d6dd52 - animation-leash of insets_animation#117047
06-19 23:12:57.048 13974 13974 I SurfaceControl: nativeRelease 0xb4000074e459f450 count: 1 name: Surface(name=69fffd0 NavigationBar0)/@0xc4b2e34 - animation-leash of insets_animation#117044
06-19 23:12:57.048 13974 13974 I SurfaceControl: ~SurfaceControl 0xb4000074e459f450 Surface(name=69fffd0 NavigationBar0)/@0xc4b2e34 - animation-leash of insets_animation#117044
06-19 23:12:57.048  2126 13579 D ITouchService: itouch currentPackageName = com.example.testeableapp.test
06-19 23:12:57.048  2126 13579 D ITouchService: itouch appType=-1 appState=1 gameMode=1
06-19 23:12:57.048  2126 13579 D ITouchService: itouchReaderMonitor empty
06-19 23:12:57.048  2126 13579 D ITouchService: g_itouch_reader_monitor Monitor::IsReaderMonitorEnable()=0
06-19 23:12:57.048  2126 13579 D ITouchService: itouch getCurrentParmID tempPkg=com.example.testeableapp.xxx
06-19 23:12:57.049  1700  1700 I BpBinder: onLastStrongRef automatically unlinking death recipients:
06-19 23:12:57.049  2126 13579 D ITouchService: itouch:app com.example.testeableapp.test is  not game app
06-19 23:12:57.049  2126 13579 D ITouchService: itouch:app com.example.testeableapp.test is  not in StylusPenList
06-19 23:12:57.049  2126 13579 D ITouchService: itouch:styluspen_switch is disable
06-19 23:12:57.049  2126 13579 D ITouchService: itouch:currentAppTypeName =|UNKNOWN|
06-19 23:12:57.049  2126 13579 W ITouchService: itouch DirectDeliverManager:checkDirectDeliverState game list is empty & not support TouchEnhance.
06-19 23:12:57.050  1700  2483 I SurfaceFlinger: createLayer layername: ab36a05 Splash Screen com.example.testeableapp.test type: Layer address = 0xb400007043c99730
06-19 23:12:57.051 13974 13974 I SurfaceControl: nativeRelease 0xb4000074e459c970 count: 1 name: Surface(name=17e14ef StatusBar)/@0x4a2b91e - animation-leash of insets_animation#117045
06-19 23:12:57.051 13974 13974 I SurfaceControl: ~SurfaceControl 0xb4000074e459c970 Surface(name=17e14ef StatusBar)/@0x4a2b91e - animation-leash of insets_animation#117045
06-19 23:12:57.052  2361  4609 I InputDispatcher: Focus left window: ab13ffc com.example.testeableapp/com.example.testeableapp.MainActivity (server) in display 0
06-19 23:12:57.052  3575  3575 W ForegroundObserver:  onForegroundProgress change packageName:[com.example.testeableapp.test]isForeground:true
06-19 23:12:57.052  1696 10594 D AudioPolicyService: getUidState(10271) cacheIter->second.first, return cacheIter->second.second(19)
06-19 23:12:57.053  1680 14929 I QC2Comp : [avcD_5459] Registered an empty EOS buffer
06-19 23:12:57.052  2361  4609 I InputDispatcher: onFocusChangedLocked receiveTime step 1 :350790140ms receiveTime step 2 :350790140ms receiveTime step 3 :0ms
06-19 23:12:57.054  2361  5944 I SurfaceControl: SurfaceControl 0xb4000074e45c4830 ab36a05 Splash Screen com.example.testeableapp.test#117053
06-19 23:12:57.055  2224 14925 I CCodecConfig: c2 config diff is   c2::u32 output.delay.value = 1
06-19 23:12:57.056  2169  2203 I AwareLog: SetThreadToVipGroup:: iawared vipgroup set pid[14195] Success!
06-19 23:12:57.056  2169  2203 I AwareLog: SetThreadToVipGroup:: iawared vipgroup set pid[14232] Success!
06-19 23:12:57.057  2224 14925 D Codec2-OutputBufferQueue: set max dequeue count 8 from update
06-19 23:12:57.058  3575  3698 D InputEventReceiver: dispatchInputInterval 1000000
06-19 23:12:57.059  2361  3681 I InputDispatcher: setFocusedWindow receiveTime step 1 :350790147ms receiveTime step 2 :350790147ms receiveTime step 3 :0ms
06-19 23:12:57.060  4442  4902 E HSC_BG_MaliciousDBHelper: list is empty
06-19 23:12:57.060  4442  4902 E HSC_BG_SecurityThreatsService: notifyRiskAppWhenStartUp optional is present.
06-19 23:12:57.061  9860 22814 I AWARENESS_TimeManager: reset trigger time to: 1781932382041 current time is : 1781932377061
06-19 23:12:57.049  2126 13579 I IPCThreadState: oneway function results for code 11 on binder at 0xb40000722b9548c0 will be dropped but finished with status UNKNOWN_TRANSACTION
06-19 23:12:57.064  9860 22814 W AWARENESS_TimeManager:  list : [1781932382041]
06-19 23:12:57.064  9860 22814 W AWARENESS_TimeManager:  firstTriggerTime : 1781932382041
06-19 23:12:57.065  9860 22814 W AWARENESS_TimeManager: should not trigger because first trigger time is : 1781932382041
06-19 23:12:57.065  1700  1700 I Layer   : [setLayer] [a4f01f7 Splash Screen com.example.testeableapp#117036] setlayer z = 2147483647
06-19 23:12:57.065  1700  1700 I Layer   : [setLayer] [ab36a05 Splash Screen com.example.testeableapp.test#117053] setlayer z = 2147483647
06-19 23:12:57.066  1700  1700 I Layer   : ~Layer layername: Surface(name=69fffd0 NavigationBar0)/@0xc4b2e34 - animation-leash of insets_animation#117044 address = 0xb400007043aee500
06-19 23:12:57.066  1700  1700 I SurfaceFlinger: [onLayerDestroyed] [Surface(name=69fffd0 NavigationBar0)/@0xc4b2e34 - animation-leash of insets_animation#117044] address:0xb400007043aee500 has destroyed
06-19 23:12:57.066  1700  1700 I Layer   : ~Layer layername: Surface(name=17e14ef StatusBar)/@0x4a2b91e - animation-leash of insets_animation#117045 address = 0xb400007043c0b120
06-19 23:12:57.066  1700  1700 I SurfaceFlinger: [onLayerDestroyed] [Surface(name=17e14ef StatusBar)/@0x4a2b91e - animation-leash of insets_animation#117045] address:0xb400007043c0b120 has destroyed
06-19 23:12:57.066  3575  3575 E NotificationShadeWindowController: applyWindowBlur: 0.0
06-19 23:12:57.066  3575  3575 E NotificationShadeWindowController: SurfaceControl Not Released.
06-19 23:12:57.066  3575  3575 E NotificationShadeWindowController: applyVisibility: false, false, mNotificationShadeView.alpha=1.0, forceHideForBiometricsUnlock=false
06-19 23:12:57.066  3575  3575 D NotificationShadeWindowView: setVisibility =  4
06-19 23:12:57.068  1700  1700 I CompositionEngine: [applyDeviceCompositionTypeChange] layer [com.example.testeableapp/com.example.testeableapp.MainActivity#117043] apply to client compose
06-19 23:12:57.068  1700  1700 I CompositionEngine: [applyDeviceCompositionTypeChange] layer [Splash Screen com.example.testeableapp#117037] apply to client compose
06-19 23:12:57.068  1700  1700 I CompositionEngine: [applyDeviceCompositionTypeChange] layer [StatusBar#87] apply to client compose
06-19 23:12:57.070  2361  5946 E PowerLogWrite: write new power event, from uid:1000,tag:161,msg:10146|1|-2|*job*/@androidx.work.systemjobscheduler@com.google.android.providers.media.module/androidx.work.impl.background.systemjob.SystemJobService#10427
06-19 23:12:57.070  2361  5946 E PowerLogWrite: write new power event, from uid:1000,tag:167,msg:com.google.android.providers.media.module|2361|6177|service
06-19 23:12:57.073  2126 13579 D ITouchService: GetTpService itouch has already get tp service.
06-19 23:12:57.075  4168  4848 I DeviceStateService: app: com.hihonor.medialibrary pid: 2224 start mediacodec.
06-19 23:12:57.075  4168  4848 D ScenarioService: front pkg : com.example.testeableapp.test launcher: false
06-19 23:12:57.075  4168  4848 D ScenarioService: new above launcher front pkgs: [com.example.testeableapp, com.example.testeableapp.test]
06-19 23:12:57.076  1700  2158 I SurfaceFlinger: createLayer layername: Splash Screen com.example.testeableapp.test type: Layer address = 0xb400007043c0b120
06-19 23:12:57.076  2361  3223 E RtgSchedIpcFile: setCommandByIoctl not opened
06-19 23:12:57.077  2361  6383 I SurfaceControl: SurfaceControl 0xb4000074e45ac110 Splash Screen com.example.testeableapp.test#117054
06-19 23:12:57.084  1657  1657 I TS_Service: hwTsRunCommand
06-19 23:12:57.084  1657  1657 E TS_HAL  : honor_tp_run_command: call
06-19 23:12:57.084  2361  6383 I SurfaceControl: nativeRelease 0xb4000074e462b610 count: 1 name: Splash Screen com.example.testeableapp.test#117054
06-19 23:12:57.084  2361  6383 I SurfaceControl: ~SurfaceControl 0xb4000074e462b610 Splash Screen com.example.testeableapp.test#117054
06-19 23:12:57.085  3575  3698 I SurfaceControl: SurfaceControl 0xb4000074e46160d0 Splash Screen com.example.testeableapp.test#117054
06-19 23:12:57.075  4168  4848 I AppsUsage: scnOff:false fgAPP:com.example.testeableapp.test
06-19 23:12:57.086  4168  5065 I AppFastHibernation: wakeup com.example.testeableapp.test for app start
06-19 23:12:57.086  3575  3698 I BufferQueueConsumer: [](id:df7000016de,api:0,p:-1,c:3575) connect: controlledByApp=false
06-19 23:12:57.086  4168  5065 I AppFastHibernation: rev F_Z exception for visible pkg: com.example.testeableapp.test
06-19 23:12:57.086  4168  5065 I AppFastHibernation: wakeup com.example.testeableapp.test for visible
06-19 23:12:57.086  4168  5065 D MediaNetCtrl: handleAppFgchanged, pkg is: com.example.testeableapp.test policy is: 0
06-19 23:12:57.086  4168  5065 I PG_ash  : front pkg : com.example.testeableapp.test
06-19 23:12:57.086  4168  5055 I AppFastHibernation: wakeup hibernate app:
06-19 23:12:57.086  4168  5055 I AppFastHibernation:     AppInfo {Uid:10271 Pkg:com.example.testeableapp.test Pids:[14195]}
06-19 23:12:57.086  4168  5055 I AppFastHibernation: fast unF_Z process uid: 10271 pkg: com.example.testeableapp.test
06-19 23:12:57.087  4168  5140 I PGServer: report state:10000 event type:2 pid:0 uid:0 pkg:com.example.testeableapp to pid: 2361
06-19 23:12:57.087  4168  5140 I PGServer: report state:10000 event type:2 pid:0 uid:0 pkg:com.example.testeableapp to pid: 4183
06-19 23:12:57.087  4168  5140 I PGServer: report state:10000 event type:2 pid:0 uid:0 pkg:com.example.testeableapp to pid: 4168
06-19 23:12:57.087  4168  5140 I PGServer: report state:10000 event type:1 pid:0 uid:0 pkg:com.example.testeableapp.test to pid: 2361
06-19 23:12:57.087  3575  3575 D OverviewProxyService: keyguardShowing: false keyguardOccluded: false keyguardGoingAway: false bouncerShowing: false isDozing: false
06-19 23:12:57.087  4168  5140 I PGServer: report state:10000 event type:1 pid:0 uid:0 pkg:com.example.testeableapp.test to pid: 4183
06-19 23:12:57.087  3575  3575 D SysUiState: SysUiState changed: old=268566528 new=268566528
06-19 23:12:57.087  4168  5140 I PGServer: report state:10000 event type:1 pid:0 uid:0 pkg:com.example.testeableapp.test to pid: 4168
06-19 23:12:57.087  4168  4176 I PGServer: checkPkgType. calling pkg: android
06-19 23:12:57.088  1680 14929 I QC2Comp : Output Format at frame 2: VENUS_NV12 576x1280
06-19 23:12:57.088  1680 14929 E StandardCaps: max size must equal to/greater than output size
06-19 23:12:57.088  4168 20762 I PGServer: checkPkgType. calling pkg: android
06-19 23:12:57.088  4168  5147 I PGServer: getTopFrontApp. calling pkg: android
06-19 23:12:57.088  3575  3712 I BufferQueueProducer: [VRI[test]#5842(BLAST Consumer)5842](id:df7000016de,api:0,p:-1,c:3575) connect: api=1 producerControlledByApp=true
06-19 23:12:57.089  3575  3712 E OpenGLRenderer: Unable to match the desired swap behavior.
06-19 23:12:57.089 19656 19689 I aptouch_daemon: begin, cmd[0], flag[16]
06-19 23:12:57.089 19656 19689 I aptouch_daemon: Excute:59: cmd=power_time, param=
06-19 23:12:57.090 19656 19689 I aptouch_daemon: get_cmd, power_time
06-19 23:12:57.090 19656 19689 I aptouch_daemon: excute_cmd_end, cmd: power_time.
06-19 23:12:57.090 19656 19689 I aptouch_daemon: Excute:63: m_result=Active=30279978 Idle=0
06-19 23:12:57.090  2169  2215 I Pged-IPgedBinderService: ****action is 2, pid num is 2***
06-19 23:12:57.090  2169  2215 I Pged-Freezer: thawPids
06-19 23:12:57.090  1657  1657 I aptouch_daemon, [aptouch_interface_client]: ret = Active=30279978 Idle=0
06-19 23:12:57.091  2126 13579 D ITouchService: GetHTpActiveIdleTime success ret 0 outStr Active=30279978 Idle=0
06-19 23:12:57.091  2169  2215 I Pged-CGroup: detach pid ok, pid: 14195, path: Group_1299897951
06-19 23:12:57.091  4168  5055 D PgedBinderAdapter: unF_Z ok, pid: [14195]
06-19 23:12:57.091  2130  3230 I dubaid  : [DisplayHandler.cpp] OnAppFocusChangedMessage# App focus switch from com.example.testeableapp to com.example.testeableapp.test
06-19 23:12:57.091  4168  5055 I AppFastHibernation: wakeup hibernate app:
06-19 23:12:57.091  4168  5055 I AppFastHibernation:     AppInfo {Uid:10271 Pkg:com.example.testeableapp.test Pids:[14195]}
06-19 23:12:57.091  4168  5055 I AppFastHibernation: fast unF_Z process uid: 10271 pkg: com.example.testeableapp.test
06-19 23:12:57.093  2224 14925 I CCodecConfig: c2 config diff is   c2::u32 raw.color.matrix = 3
06-19 23:12:57.093  2224 14925 I CCodecConfig:   c2::u32 raw.color.primaries = 3
06-19 23:12:57.093  2224 14925 I CCodecConfig:   c2::u32 raw.color.range = 2
06-19 23:12:57.093  2224 14925 I CCodecConfig:   c2::u32 raw.color.transfer = 3
06-19 23:12:57.093  2224 14925 I CCodecConfig:   c2::u32 raw.crop.height = 1280
06-19 23:12:57.093  2224 14925 I CCodecConfig:   c2::u32 raw.crop.left = 0
06-19 23:12:57.093  2224 14925 I CCodecConfig:   c2::u32 raw.crop.top = 0
06-19 23:12:57.093  2224 14925 I CCodecConfig:   c2::u32 raw.crop.width = 572
06-19 23:12:57.093  2224 14925 I CCodecConfig:   c2::u32 raw.size.width = 576
06-19 23:12:57.094  4183  4943 E SmartNetworkManager: handleForegroundAppChanged pkgName is null
06-19 23:12:57.094  2224 14925 D CCodecBuffers: [c2.qti.avc.decoder#517:2D-Output] popFromStashAndRegister: at 0us, output format changed to AMessage(what = 0x00000000) = {
06-19 23:12:57.094  2224 14925 D CCodecBuffers:   int32_t android._color-format = 0
06-19 23:12:57.094  2224 14925 D CCodecBuffers:   int32_t android._video-scaling = 1
06-19 23:12:57.094  2224 14925 D CCodecBuffers:   int32_t android._dataspace = 258
06-19 23:12:57.094  2224 14925 D CCodecBuffers:   int32_t color-standard = 2
06-19 23:12:57.094  2224 14925 D CCodecBuffers:   int32_t color-range = 2
06-19 23:12:57.094  2224 14925 D CCodecBuffers:   int32_t color-transfer = 3
06-19 23:12:57.094  2224 14925 D CCodecBuffers:   int32_t sar-height = 1
06-19 23:12:57.094  2224 14925 D CCodecBuffers:   int32_t rotation-degrees = 0
06-19 23:12:57.094  2224 14925 D CCodecBuffers:   Buffer hdr-static-info = {
06-19 23:12:57.094  2224 14925 D CCodecBuffers:     00000000:  00 00 00 00 00 00 00 00  00 00 00 00 00 00 00 00  ................
06-19 23:12:57.094  2224 14925 D CCodecBuffers:     00000010:  00 00 00 00 00 00 00 00  00                       .........
06-19 23:12:57.094  2224 14925 D CCodecBuffers:   }
06-19 23:12:57.094  2224 14925 D CCodecBuffers:   int32_t sar-width = 1
06-19 23:12:57.094  2224 14925 D CCodecBuffers:   Rect crop(0, 0, 571, 1279)
06-19 23:12:57.094  2224 14925 D CCodecBuffers:   int32_t width = 576
06-19 23:12:57.094  2224 14925 D CCodecBuffers:   int32_t feature-secure-playback = 0
06-19 23:12:57.094  2224 14925 D CCodecBuffers:   int32_t frame-rate = 25
06-19 23:12:57.094  2224 14925 D CCodecBuffers:   int32_t height = 1280
06-19 23:12:57.094  2224 14925 D CCodecBuffers:   int32_t max-height = 1079
06-19 23:12:57.094  2224 14925 D CCodecBuffers:   int32_t max-width = 1920
06-19 23:12:57.094  2224 14925 D CCodecBuffers:   string mime = "video/raw"
06-19 23:12:57.094  2224 14925 D CCodecBuffers:   int32_t priority = 0
06-19 23:12:57.094  2224 14925 D CCodecBuffers:   int32_t color-format = 2130708361
06-19 23:12:57.094  2224 14925 D CCodecBuffers: }
06-19 23:12:57.100  2169  2203 I AwareLog: SetThreadToVipGroup:: iawared vipgroup set pid[3575] Success!
06-19 23:12:57.101  2169  2203 I AwareLog: SetThreadToVipGroup:: iawared vipgroup set pid[3712] Success!
06-19 23:12:57.101  2169  2203 I AwareLog: SetThreadToVipGroup:: iawared vipgroup set pid[3747] Success!
06-19 23:12:57.101  2169  2203 I AwareLog: SetThreadToVipGroup:: iawared vipgroup set pid[3748] Success!
06-19 23:12:57.101  2169  2203 I AwareLog: SetThreadToVipGroup:: iawared vipgroup set pid[5250] Success!
06-19 23:12:57.102 19656 19656 E afehal_info: tp_check_scan_rate_scan_freq:[1781932377101][T:1781932377.102067]tp_check_scan_rate_scan_freq 495:invalued_scan_rate_or_freq = true scan_rate = 240
06-19 23:12:57.102 19656 19656 E afehal_info: tp_check_scan_rate_scan_freq:[1781932377101][T:1781932377.102153]tp_check_scan_rate_scan_freq 505:invalued_scan_rate_or_freq = true scan_freq = 103
06-19 23:12:57.102 19656 19656 E afehal_info: vendor_parse_ioctrl_frame:[1781932377101][T:1781932377.102194]vendor_parse_ioctrl_frame 1026:get scan_rate = 240
06-19 23:12:57.102 19656 19656 E afehal_info: tp_check_scan_rate_scan_freq:[1781932377101][T:1781932377.102220]tp_check_scan_rate_scan_freq 495:invalued_scan_rate_or_freq = true scan_rate = 240
06-19 23:12:57.102 19656 19656 E afehal_info: tp_check_scan_rate_scan_freq:[1781932377101][T:1781932377.102240]tp_check_scan_rate_scan_freq 505:invalued_scan_rate_or_freq = true scan_freq = 103
06-19 23:12:57.103  1696 10594 D AudioPolicyService: getUidState(10070) cacheIter->second.first, return cacheIter->second.second(0)
06-19 23:12:57.103  4183  4496 D Booster_TelephonyState: updateLteSignalStrengthFromProp[0], lteRsrp:-109 lteRsrq:-10 lteSinr:7
06-19 23:12:57.104  4168  4848 I ScenarioService: app focus change from: com.example.testeableapp to:com.example.testeableapp.test
06-19 23:12:57.104  4168  4848 I ScenarioService: add focus on app:com.example.testeableapp.test to visiblePkgs
06-19 23:12:57.104  2169  2203 I AwareLog: SetThreadToVipGroup:: iawared vipgroup set pid[3698] Success!
06-19 23:12:57.105  1660  1660 E DMABUFHEAPS: DmabufAlloc size=10592256 openTime=0 allocTime=16
06-19 23:12:57.105  2224 11029 I FrameCaptureLayer: capture: reqPixelFormat 1, crop {0, 0, 572, 1280}
06-19 23:12:57.113 13974 13974 E RtgSchedIpcFile: RtgSchedIpcFile xxx failed to open /proc/13974/rtg
06-19 23:12:57.113 13974 13974 E RtgSchedIpcFile: RtgSchedIpcFile xxx failed to open /proc/rtg_gki/ioctl.
06-19 23:12:57.113 13974 13974 I RmeSchedManager: init Rme, version is: v1.0
06-19 23:12:57.113 13974 13974 E RtgSchedIpcFile: setCommandByIoctl not opened
06-19 23:12:57.114  1700  2158 I SurfaceFlinger: createLayer layername: Transition Root: Task=905 type: Layer address = 0xb400007043aee500
06-19 23:12:57.117  2361  2850 I SurfaceControl: SurfaceControl 0xb4000074e4615ff0 Transition Root: Task=905#117055
06-19 23:12:57.120  1700  1700 I CompositionEngine: [applyDeviceCompositionTypeChange] layer [NavigationBar0#83] apply to client compose
06-19 23:12:57.120  1700  1700 I CompositionEngine: [applyDeviceCompositionTypeChange] layer [ScreenshotAnimation#117031] apply to client compose
06-19 23:12:57.126  6177  6673 D WM-GreedyScheduler: Cancelling work ID 1ac2e776-662f-40ff-82a3-5d03ae4e7ccc
06-19 23:12:57.126  1680 14929 W QC2Comp : [avcD_5459] Skipping empty output buffer
06-19 23:12:57.128  6177  6673 D WM-GreedyScheduler: Ignoring {WorkSpec: 0c9d4265-ce6c-4b96-bdb6-157590914441}. Requires device idle.
06-19 23:12:57.128  6177  6673 D WM-GreedyScheduler: Ignoring {WorkSpec: 9cfc4350-1e43-449e-bf62-ced2585bd67d}. Requires device idle.
06-19 23:12:57.128  6177  6673 D WM-GreedyScheduler: Ignoring {WorkSpec: 76a85443-493c-480d-8867-b4335fd09067}. Requires device idle.
06-19 23:12:57.128  6177  6673 D WM-BrdcstRcvrCnstrntTrc: BatteryNotLowTracker: unregistering receiver
06-19 23:12:57.130  1700  1700 I Layer   : ~Layer layername: Screenshot Parent#117056 address = 0xb400007043bd3820
06-19 23:12:57.130  1700  1700 I SurfaceFlinger: [onLayerDestroyed] [Screenshot Parent#117056] address:0xb400007043bd3820 has destroyed
06-19 23:12:57.131  1700  1889 I CompositionEngine: setCompositionEnabled id: displayIdOpt is invalid enable: 1
06-19 23:12:57.131  1700  1889 I CompositionEngine: setLayerFilter id: displayIdOpt is invalid, layerStackId: 0, 0
06-19 23:12:57.131  1700  1889 I SurfaceFlinger: output usage:4
06-19 23:12:57.136  1700  1889 I SurfaceFlinger: capture layers, status code 0
06-19 23:12:57.142  1660  1799 E DMABUFHEAPS: DmabufAlloc size=10592256 openTime=0 allocTime=12
06-19 23:12:57.146  2361  2850 I SurfaceControl: setWindowCrop sc Surface(name=Task=904)/@0x53f9294 width 0 height 0 callers com.android.server.wm.Transition.buildFinishTransaction:1096 com.android.server.wm.Transition.onTransactionReady:2167 com.android.server.wm.BLASTSyncEngine$SyncGroup.finishNow:388 com.android.server.wm.BLASTSyncEngine$SyncGroup.tryFinish:258
06-19 23:12:57.146  2361  2850 I SurfaceControl: setWindowCrop sc Surface(name=Task=904)/@0x53f9294 width -1 height -1 callers com.android.server.wm.Transition.buildFinishTransaction:1109 com.android.server.wm.Transition.onTransactionReady:2167 com.android.server.wm.BLASTSyncEngine$SyncGroup.finishNow:388 com.android.server.wm.BLASTSyncEngine$SyncGroup.tryFinish:258
06-19 23:12:57.147  2361  2850 I SurfaceControl: setWindowCrop sc Surface(name=Task=905)/@0xdbbde75 width 0 height 0 callers com.android.server.wm.Transition.buildFinishTransaction:1096 com.android.server.wm.Transition.onTransactionReady:2167 com.android.server.wm.BLASTSyncEngine$SyncGroup.finishNow:388 com.android.server.wm.BLASTSyncEngine$SyncGroup.tryFinish:258
06-19 23:12:57.147  2361  2850 I SurfaceControl: setWindowCrop sc Surface(name=Task=905)/@0xdbbde75 width -1 height -1 callers com.android.server.wm.Transition.buildFinishTransaction:1109 com.android.server.wm.Transition.onTransactionReady:2167 com.android.server.wm.BLASTSyncEngine$SyncGroup.finishNow:388 com.android.server.wm.BLASTSyncEngine$SyncGroup.tryFinish:258
06-19 23:12:57.149  2361  2850 I SurfaceControl: nativeRelease 0xb4000074e4615ff0 count: 5 name: Transition Root: Task=905#117055
06-19 23:12:57.149  3575  5285 I SurfaceControl: SurfaceControl 0xb4000074e45bd910 Task=905#117049
06-19 23:12:57.149  3575  5285 I SurfaceControl: SurfaceControl 0xb4000074e45ad990 Task=904#117034
06-19 23:12:57.150  3575  5285 I SurfaceControl: SurfaceControl 0xb4000074e4646ff0 Transition Root: Task=905#117055
06-19 23:12:57.150  3575  5285 I SurfaceControl: SurfaceControl 0xb4000074e45d7c30 Transition Root: Task=905#117055
06-19 23:12:57.150  3575  5285 I SurfaceControl: SurfaceControl 0xb4000074e462ca30 ActivityRecord{1dd72aa u0 com.example.testeableapp.test/androidx.test.core.app.InstrumentationActivityInvoker$EmptyActivity t905 mVisible=false mOccludesParent=true mode=fullscreen boundsRect(0, 0 - 1080, 2412)}#117050
06-19 23:12:57.150  3575  5285 I SurfaceControl: SurfaceControl 0xb4000074e45a36d0 a4f01f7 Splash Screen com.example.testeableapp#117036
06-19 23:12:57.150  3575  5285 I SurfaceControl: SurfaceControl 0xb4000074e46439b0 Task=905#117049
06-19 23:12:57.150  3575  5285 I SurfaceControl: SurfaceControl 0xb4000074e45efef0 Splash Screen com.example.testeableapp.test#117054
06-19 23:12:57.150  3575  5285 I SurfaceControl: SurfaceControl 0xb4000074e45afc90 ab36a05 Splash Screen com.example.testeableapp.test#117053
06-19 23:12:57.150  3575  5285 I SurfaceControl: SurfaceControl 0xb4000074e4613270 ab36a05 Splash Screen com.example.testeableapp.test#117053
06-19 23:12:57.150  3575  5285 I SurfaceControl: SurfaceControl 0xb4000074e45d0df0 Task=905#117049
06-19 23:12:57.150  3575  5285 I SurfaceControl: SurfaceControl 0xb4000074e45fd2b0 Transition Root: Task=905#117055
06-19 23:12:57.150  3575  5285 I SurfaceControl: SurfaceControl 0xb4000074e45b1270 a4f01f7 Splash Screen com.example.testeableapp#117036
06-19 23:12:57.150  3575  5285 I SurfaceControl: SurfaceControl 0xb4000074e4607f10 Task=904#117034
06-19 23:12:57.150  3575  5285 I SurfaceControl: SurfaceControl 0xb4000074e45a1e50 DefaultTaskDisplayArea#9
06-19 23:12:57.150  3575  5285 I SurfaceControl: SurfaceControl 0xb4000074e4600810 DefaultTaskDisplayArea#9
06-19 23:12:57.152  2361  2850 I SurfaceControl: nativeRelease 0xb4000074e462e710 count: 2 name: Surface(name=69fffd0 NavigationBar0)/@0xc4b2e34 - animation-leash of insets_animation#117051
06-19 23:12:57.153  1700  2158 I SurfaceFlinger: createLayer layername: Surface(name=69fffd0 NavigationBar0)/@0xc4b2e34 - animation-leash of insets_animation type: Layer address = 0xb400007043b95000
06-19 23:12:57.154  2361  2850 I SurfaceControl: SurfaceControl 0xb4000074e46279b0 Surface(name=69fffd0 NavigationBar0)/@0xc4b2e34 - animation-leash of insets_animation#117057
06-19 23:12:57.155  2361  2850 I SurfaceControl: nativeRelease 0xb4000074e45c90d0 count: 2 name: Surface(name=17e14ef StatusBar)/@0x4a2b91e - animation-leash of insets_animation#117052
06-19 23:12:57.155  1700  2483 I SurfaceFlinger: createLayer layername: Surface(name=17e14ef StatusBar)/@0x4a2b91e - animation-leash of insets_animation type: Layer address = 0xb400007043bd3820
06-19 23:12:57.155  3575  3654 I HnMwAnimTransition: play the default animation if there is no MagicWindow
06-19 23:12:57.155  3575  3654 I PipTransition: call startAnimation type:1, mInFixedRotation:false, mEndFixedRotation:-1, currentPipTaskChange:null
06-19 23:12:57.155  3575  3654 I PipTransition: isEnteringPip false
06-19 23:12:57.156  2361  2850 I SurfaceControl: SurfaceControl 0xb4000074e45e80f0 Surface(name=17e14ef StatusBar)/@0x4a2b91e - animation-leash of insets_animation#117058
06-19 23:12:57.159  1700  1889 I SurfaceFlinger: createLayer layername: db5ce9b ActivityRecordInputSink com.example.testeableapp.test/androidx.test.core.app.InstrumentationActivityInvoker$EmptyActivity type: Layer address = 0xb400007043c34be0
06-19 23:12:57.160  3575  3575 W StatusBar: Statusbar onSystemBarAttributesChanged appearance = 24 mTransientShown false displayId 0 mDisplayId 0 behavior 1
06-19 23:12:57.160  3575  3575 I StatusBar: updateBarMode mStatusBarMode = 4 barMode 4
06-19 23:12:57.161  2361  2850 I SurfaceControl: SurfaceControl 0xb4000074e4622e70 db5ce9b ActivityRecordInputSink com.example.testeableapp.test/androidx.test.core.app.InstrumentationActivityInvoker$EmptyActivity#117059
06-19 23:12:57.162  3575  3575 D SbStateController: setSystemBarAttributes isFullscreen: false
06-19 23:12:57.162  3575  3575 I HwDependencyFactory: stn is not supported!
06-19 23:12:57.162  3575  3575 I BaseCapsuleStatusBarHelper: mIsShowStatusBar: true, isShowStatusBar: true
06-19 23:12:57.162  3575  3575 I LivelyCapsuleStatusBarHelper: handleBrandColor  capsuleList  size is zero.
06-19 23:12:57.163  2224 11029 I MediaCodec: MediaCodec::release(0xe998bd20) c2.qti.avc.decoder enter
06-19 23:12:57.164  2224 14924 D CCodecBufferChannel: [c2.qti.avc.decoder#517] MediaCodec discarded an unknown buffer
06-19 23:12:57.164  1700  2483 I SurfaceControl: SurfaceControl 0xb400006f63b0f290 Surface(name=69fffd0 NavigationBar0)/@0xc4b2e34 - animation-leash of insets_animation#117057
06-19 23:12:57.164  2224 14924 D CCodecBufferChannel: [c2.qti.avc.decoder#517] MediaCodec discarded an unknown buffer
06-19 23:12:57.164  1700  2483 I SurfaceControl: SurfaceControl 0xb400006f63b2d910 Surface(name=17e14ef StatusBar)/@0x4a2b91e - animation-leash of insets_animation#117058
06-19 23:12:57.165  2224 14924 D CCodecBufferChannel: [c2.qti.avc.decoder#517] MediaCodec discarded an unknown buffer
06-19 23:12:57.165  3575  3654 D HnTransitionAnimation: load animation resource id 20a0044
06-19 23:12:57.165  2224 14924 D CCodecBufferChannel: [c2.qti.avc.decoder#517] MediaCodec discarded an unknown buffer
06-19 23:12:57.165  2361  2850 I SurfaceControl: ~SurfaceControl 0xb4000074e462e710 Surface(name=69fffd0 NavigationBar0)/@0xc4b2e34 - animation-leash of insets_animation#117051
06-19 23:12:57.165  2361  2850 I SurfaceControl: ~SurfaceControl 0xb4000074e45c90d0 Surface(name=17e14ef StatusBar)/@0x4a2b91e - animation-leash of insets_animation#117052
06-19 23:12:57.165  1700  1700 I Layer   : [reparent] [Surface(name=69fffd0 NavigationBar0)/@0xc4b2e34 - animation-leash of insets_animation#117051] newParent is null [0xb400007043cca110]
06-19 23:12:57.165  1700  1700 I Layer   : [reparent] [Surface(name=17e14ef StatusBar)/@0x4a2b91e - animation-leash of insets_animation#117052] newParent is null [0xb400007043c95fa0]
06-19 23:12:57.166  1700  1700 I SurfaceControl: ~SurfaceControl 0xb400006f63b2d910 Surface(name=17e14ef StatusBar)/@0x4a2b91e - animation-leash of insets_animation#117058
06-19 23:12:57.166  1700  1700 I SurfaceControl: ~SurfaceControl 0xb400006f63b0f290 Surface(name=69fffd0 NavigationBar0)/@0xc4b2e34 - animation-leash of insets_animation#117057
06-19 23:12:57.166  3575  5285 I SurfaceControl: SurfaceControl 0xb4000074e45ee590 Task=905#117049
06-19 23:12:57.167  3575  3584 I SurfaceControl: SurfaceControl 0xb4000074e45f0dd0 Surface(name=69fffd0 NavigationBar0)/@0xc4b2e34 - animation-leash of insets_animation#117057
06-19 23:12:57.167  3575  3584 I SurfaceControl: SurfaceControl 0xb4000074e462ba70 Surface(name=17e14ef StatusBar)/@0x4a2b91e - animation-leash of insets_animation#117058
06-19 23:12:57.168  3575  5286 D TaskStackListener: destory snapshot binder pid 0 myPid 3575 snapshot TaskSnapshot{ mId=1781932377121 mCaptureTime=739200372647138 mTopActivityComponent=com.example.testeableapp/.MainActivity mSnapshot=android.hardware.HardwareBuffer@135efc5 (1080x2412) mColorSpace=sRGB IEC61966-2.1 (id=0, model=RGB) mOrientation=1 mRotation=0 mTaskSize=Point(1080, 2412) mContentInsets=[0,108][0,114] mLetterboxInsets=[0,0][0,0] mIsLowResolution=false mIsRealSnapshot=true mWindowingMode=1 mAppearance=0 mIsTranslucent=true mHasImeSurface=false mIsForceRotate=false
06-19 23:12:57.184 14195 14243 D HnContentRecognizerManager: isContentRecognizerEnable: the package is not enabled
06-19 23:12:57.185 14195 14195 I DecorView[]: set decor visibility 4
06-19 23:12:57.189  9977 10179 E msys    : E[N mns:DGWClient]_OnResolverSuccess(335)=>Cache refresh succeeded with system DNS resolver. IP count: 1
06-19 23:12:57.191  3575  3698 I SurfaceControl: nativeRelease 0xb4000074e4609bf0 count: 1 name: Surface(name=69fffd0 NavigationBar0)/@0xc4b2e34 - animation-leash of insets_animation#117051
06-19 23:12:57.192  3575  3698 I SurfaceControl: ~SurfaceControl 0xb4000074e4609bf0 Surface(name=69fffd0 NavigationBar0)/@0xc4b2e34 - animation-leash of insets_animation#117051
06-19 23:12:57.192  3575  3698 I SurfaceControl: nativeRelease 0xb4000074e4632d10 count: 1 name: Surface(name=17e14ef StatusBar)/@0x4a2b91e - animation-leash of insets_animation#117052
06-19 23:12:57.192  3575  3698 I SurfaceControl: ~SurfaceControl 0xb4000074e4632d10 Surface(name=17e14ef StatusBar)/@0x4a2b91e - animation-leash of insets_animation#117052
06-19 23:12:57.194  1700  2483 I SurfaceFlinger: createLayer layername: c24ee5 com.example.testeableapp.test/androidx.test.core.app.InstrumentationActivityInvoker$EmptyActivity type: Layer address = 0xb400007043c2a530
06-19 23:12:57.196  2361  3167 I SurfaceControl: SurfaceControl 0xb4000074e4628430 c24ee5 com.example.testeableapp.test/androidx.test.core.app.InstrumentationActivityInvoker$EmptyActivity#117060
06-19 23:12:57.196  1666  1838 E ANDR-PERF-OPTSHANDLER: ANDR-PERF-OPTSHANDLER: modify_sysfsnode() 1149: Perflock resource /dev/stune/top-app/schedtune.boost not supported
06-19 23:12:57.196  1666  1838 E ANDR-PERF-RESOURCEQS: ANDR-PERF-RESOURCEQS: AddAndApply() 167: Failed to apply optimization [3, 28]
06-19 23:12:57.196 14195 14243 I ContentDelivererImpl: isFeatureOpen: false
