06-19 23:12:50.307  4183  4943 E SmartNetworkManager: handleForegroundAppChanged pkgName is null
06-19 23:12:50.307  2361  5278 I system_server: SWAP_CPU: get cpu number = 8
06-19 23:12:50.307  9860 22814 I AWARENESS_TimeAbility: TimeAbility onUnsubscribe
06-19 23:12:50.308  9860 22814 I AWARENESS_TimeManager: cancel triggerTime: 1781932374496 for AppRecoAssembler_PredictSolutionTrigger_TimedAppFence_APP_STARTUP_NONE
06-19 23:12:50.308  2361  3167 D ZrHung.AppEyeFocusWindow: FocusWindowErrorScene CheckFreezeScreen
06-19 23:12:50.308  2361  3167 D ZrHung.AppEyeTransparentWindow: TransparentWindow cancelCheckFreezeScreen
06-19 23:12:50.312  4168 14141 I PGServer: checkPkgType. calling pkg: android
06-19 23:12:50.313  2361  5278 I system_server: SWAP_CPU: set affinity to 4-7 success
06-19 23:12:50.316  2361  5278 I system_server: SWAP_CPU: get cpu number = 8
06-19 23:12:50.316  2361  5278 I system_server: SWAP_CPU: set affinity to 0-7 success
06-19 23:12:50.317  9860 22814 I AWARENESS_TimeManager: time list is cleared
06-19 23:12:50.317  9860 22814 W AWARENESS_TimeManager:  list : []
06-19 23:12:50.317  9860 22814 W AWARENESS_TimeManager:  firstTriggerTime : -9223372036854775808
06-19 23:12:50.317  9860 22814 W AWARENESS_TimeManager: is empty, ignore
06-19 23:12:50.317  9860 22814 I AWARENESS_TaskScheduler: reference count is not zero : 89, ignore release ability,id=time_ability
06-19 23:12:50.317  9860 22814 I AWARENESS_TimedAppFence: enter : com.example.testeableapp.test to replace : com.example.testeableapp
06-19 23:12:50.318  9860 22814 I AWARENESS_TaskScheduler: subscribe {dataId=8005, mode=0,params=[time]} from TimedAppFence,key=AppRecoAssembler_PredictSolutionTrigger_TimedAppFence_APP_STARTUP_NONE
06-19 23:12:50.318  9860 22814 I AWARENESS_TimeAbility: TimeAbility onSubscribe
06-19 23:12:50.318  9860 22814 I AWARENESS_TimeManager: setNext triggerTime: 1781932375317 for AppRecoAssembler_PredictSolutionTrigger_TimedAppFence_APP_STARTUP_NONE
06-19 23:12:50.319  4168  5065 I PG_ash  : front pkg : com.example.testeableapp.test
06-19 23:12:50.322  2361  5278 I HiView.HiEvent: Flatten done:990028995
06-19 23:12:50.322  2361  5278 I hievent_jni: Write to dev len:78
06-19 23:12:50.322  2361  5278 I hievent_jni: hievent_writer_write finish
06-19 23:12:50.325  9860 22814 I AWARENESS_TimeManager: reset trigger time to: 1781932375317 current time is : 1781932370325
06-19 23:12:50.326  1700  4460 I SurfaceControl: SurfaceControl 0xb400006f63afec10 Surface(name=69fffd0 NavigationBar0)/@0xc4b2e34 - animation-leash of insets_animation#116902
06-19 23:12:50.326  1700  4460 I SurfaceControl: SurfaceControl 0xb400006f63b25410 Surface(name=17e14ef StatusBar)/@0x4a2b91e - animation-leash of insets_animation#116903
06-19 23:12:50.326  2361  3167 I SurfaceControl: ~SurfaceControl 0xb4000074e45b87b0 Surface(name=69fffd0 NavigationBar0)/@0xc4b2e34 - animation-leash of insets_animation#116896
06-19 23:12:50.326  2361  3167 I SurfaceControl: ~SurfaceControl 0xb4000074e45ca4f0 Surface(name=17e14ef StatusBar)/@0x4a2b91e - animation-leash of insets_animation#116897
06-19 23:12:50.329 13974 14013 I SurfaceControl: SurfaceControl 0xb4000074e459bd30 Surface(name=559ceab InputMethod)/@0x9d6dd52 - animation-leash of insets_animation#116899
06-19 23:12:50.329  3575  2253 I SurfaceControl: SurfaceControl 0xb4000074e4600810 Surface(name=69fffd0 NavigationBar0)/@0xc4b2e34 - animation-leash of insets_animation#116902
06-19 23:12:50.329  3575  2253 I SurfaceControl: SurfaceControl 0xb4000074e45a1e50 Surface(name=17e14ef StatusBar)/@0x4a2b91e - animation-leash of insets_animation#116903
06-19 23:12:50.330 13974 13974 I SurfaceControl: nativeRelease 0xb4000074e459ac90 count: 1 name: Surface(name=559ceab InputMethod)/@0x9d6dd52 - animation-leash of insets_animation#116899
06-19 23:12:50.330 13974 13974 I SurfaceControl: ~SurfaceControl 0xb4000074e459ac90 Surface(name=559ceab InputMethod)/@0x9d6dd52 - animation-leash of insets_animation#116899
06-19 23:12:50.330 13974 13974 I SurfaceControl: nativeRelease 0xb4000074e4599cd0 count: 1 name: Surface(name=69fffd0 NavigationBar0)/@0xc4b2e34 - animation-leash of insets_animation#116896
06-19 23:12:50.330 13974 13974 I SurfaceControl: ~SurfaceControl 0xb4000074e4599cd0 Surface(name=69fffd0 NavigationBar0)/@0xc4b2e34 - animation-leash of insets_animation#116896
06-19 23:12:50.331 13974 13974 I SurfaceControl: nativeRelease 0xb4000074e4599b10 count: 1 name: Surface(name=17e14ef StatusBar)/@0x4a2b91e - animation-leash of insets_animation#116897
06-19 23:12:50.331 13974 13974 I SurfaceControl: ~SurfaceControl 0xb4000074e4599b10 Surface(name=17e14ef StatusBar)/@0x4a2b91e - animation-leash of insets_animation#116897
06-19 23:12:50.331  9860 22814 W AWARENESS_TimeManager:  list : [1781932375317]
06-19 23:12:50.331  9860 22814 W AWARENESS_TimeManager:  firstTriggerTime : 1781932375317
06-19 23:12:50.331  9860 22814 W AWARENESS_TimeManager: should not trigger because first trigger time is : 1781932375317
06-19 23:12:50.334  2361  2889 I HwPhoneWindowManager: currentFullScreenTaskPackageNamecom.example.testeableapp.test
06-19 23:12:50.335  2126 13579 D ITouchService: GetTpService itouch has already get tp service.
06-19 23:12:50.337  4168  4848 I ScenarioService: app focus change from: com.example.testeableapp to:com.example.testeableapp.test
06-19 23:12:50.337  4168  4848 I ScenarioService: add focus on app:com.example.testeableapp.test to visiblePkgs
06-19 23:12:50.337  1700  1700 I Layer   : [setLayer] [1e7e10 Splash Screen com.example.testeableapp#116887] setlayer z = 2147483647
06-19 23:12:50.338  1700  4460 I SurfaceFlinger: createLayer layername: a6cece1 Splash Screen com.example.testeableapp.test type: Layer address = 0xb400007043c18f60
06-19 23:12:50.338  1700  1700 I Layer   : [reparent] [Surface(name=69fffd0 NavigationBar0)/@0xc4b2e34 - animation-leash of insets_animation#116896] newParent is null [0xb400007043c6fc70]
06-19 23:12:50.338  1700  1700 I Layer   : [reparent] [Surface(name=17e14ef StatusBar)/@0x4a2b91e - animation-leash of insets_animation#116897] newParent is null [0xb400007043c34be0]
06-19 23:12:50.339  1700  1700 I BpBinder: onLastStrongRef automatically unlinking death recipients:
06-19 23:12:50.339  1700  1700 I SurfaceControl: ~SurfaceControl 0xb400006f63b25410 Surface(name=17e14ef StatusBar)/@0x4a2b91e - animation-leash of insets_animation#116903
06-19 23:12:50.339  1700  1700 I SurfaceControl: ~SurfaceControl 0xb400006f63afec10 Surface(name=69fffd0 NavigationBar0)/@0xc4b2e34 - animation-leash of insets_animation#116902
06-19 23:12:50.339  2361  3669 I SurfaceControl: SurfaceControl 0xb4000074e463e690 a6cece1 Splash Screen com.example.testeableapp.test#116904
06-19 23:12:50.342  3575  3698 D InputEventReceiver: dispatchInputInterval 1000000
06-19 23:12:50.343  3575  3575 E NotificationShadeWindowController: applyWindowBlur: 0.0
06-19 23:12:50.343  3575  3575 E NotificationShadeWindowController: SurfaceControl Not Released.
06-19 23:12:50.343  3575  3575 E NotificationShadeWindowController: applyVisibility: false, false, mNotificationShadeView.alpha=1.0, forceHideForBiometricsUnlock=false
06-19 23:12:50.343  3575  3575 D NotificationShadeWindowView: setVisibility =  4
06-19 23:12:50.343  3575  3575 D OverviewProxyService: keyguardShowing: false keyguardOccluded: false keyguardGoingAway: false bouncerShowing: false isDozing: false
06-19 23:12:50.343  3575  3575 D SysUiState: SysUiState changed: old=268566528 new=268566528
06-19 23:12:50.346  1657  1657 I TS_Service: hwTsRunCommand
06-19 23:12:50.347  1657  1657 E TS_HAL  : honor_tp_run_command: call
06-19 23:12:50.348  1700  1889 I SurfaceFlinger: createLayer layername: Splash Screen com.example.testeableapp.test type: Layer address = 0xb400007043c5e6a0
06-19 23:12:50.349  2361  2462 I SurfaceControl: SurfaceControl 0xb4000074e46454d0 Splash Screen com.example.testeableapp.test#116905
06-19 23:12:50.350 19656 19689 I aptouch_daemon: begin, cmd[0], flag[16]
06-19 23:12:50.350 19656 19689 I aptouch_daemon: Excute:59: cmd=power_time, param=
06-19 23:12:50.350 19656 19689 I aptouch_daemon: get_cmd, power_time
06-19 23:12:50.350 19656 19689 I aptouch_daemon: excute_cmd_end, cmd: power_time.
06-19 23:12:50.351 19656 19689 I aptouch_daemon: Excute:63: m_result=Active=30278970 Idle=0
06-19 23:12:50.351  1657  1657 I aptouch_daemon, [aptouch_interface_client]: ret = Active=30278970 Idle=0
06-19 23:12:50.354  1700  1700 I Layer   : [setLayer] [1e7e10 Splash Screen com.example.testeableapp#116887] setlayer z = 2147483647
06-19 23:12:50.354  2361  2462 I SurfaceControl: nativeRelease 0xb4000074e462c250 count: 1 name: Splash Screen com.example.testeableapp.test#116905
06-19 23:12:50.354  2361  2462 I SurfaceControl: ~SurfaceControl 0xb4000074e462c250 Splash Screen com.example.testeableapp.test#116905
06-19 23:12:50.354  1700  1700 I Layer   : [setLayer] [a6cece1 Splash Screen com.example.testeableapp.test#116904] setlayer z = 2147483647
06-19 23:12:50.355  2126 13579 D ITouchService: GetHTpActiveIdleTime success ret 0 outStr Active=30278970 Idle=0
06-19 23:12:50.355  1700  1700 I Layer   : ~Layer layername: Surface(name=17e14ef StatusBar)/@0x4a2b91e - animation-leash of insets_animation#116897 address = 0xb400007043c34be0
06-19 23:12:50.355  1700  1700 I SurfaceFlinger: [onLayerDestroyed] [Surface(name=17e14ef StatusBar)/@0x4a2b91e - animation-leash of insets_animation#116897] address:0xb400007043c34be0 has destroyed
06-19 23:12:50.355  1700  1700 I Layer   : ~Layer layername: Surface(name=69fffd0 NavigationBar0)/@0xc4b2e34 - animation-leash of insets_animation#116896 address = 0xb400007043c6fc70
06-19 23:12:50.355  1700  1700 I SurfaceFlinger: [onLayerDestroyed] [Surface(name=69fffd0 NavigationBar0)/@0xc4b2e34 - animation-leash of insets_animation#116896] address:0xb400007043c6fc70 has destroyed
06-19 23:12:50.355  3575  3698 I SurfaceControl: SurfaceControl 0xb4000074e4640990 Splash Screen com.example.testeableapp.test#116905
06-19 23:12:50.356  1696  3169 D AudioPolicyService: getUidState(10271) cacheIter->second.first, return cacheIter->second.second(18)
06-19 23:12:50.356  3575  3698 I BufferQueueConsumer: [](id:df7000016d8,api:0,p:-1,c:3575) connect: controlledByApp=false
06-19 23:12:50.356  1696  3169 D AudioPolicyService: getUidState(10046) cacheIter->second.first, return cacheIter->second.second(4)
06-19 23:12:50.356  1696  3169 D AudioPolicyService: getUidState(10046) cacheIter->second.first, return cacheIter->second.second(4)
06-19 23:12:50.358  3575  3712 I BufferQueueProducer: [VRI[test]#5836(BLAST Consumer)5836](id:df7000016d8,api:0,p:-1,c:3575) connect: api=1 producerControlledByApp=true
06-19 23:12:50.358  3575  3712 E OpenGLRenderer: Unable to match the desired swap behavior.
06-19 23:12:50.359  2361  5312 W RMS.ExitCatch: ExitCatch file notexist /proc/14195/unexpected_die_catch
06-19 23:12:50.359  2361  5312 W RMS.ExitCatch: now ExitCatch is enable in pid =14195 ret = false
06-19 23:12:50.360  1533  2376 E netd    : send_msg_to_kernel:send_msg_to_kernel failure. socket=-1
06-19 23:12:50.360  2130  3230 I dubaid  : [DisplayHandler.cpp] OnAppFocusChangedMessage# App focus switch from com.example.testeableapp to com.example.testeableapp.test
06-19 23:12:50.365  2361  3681 I InputDispatcher: Focus left window: 519fa79 com.example.testeableapp/com.example.testeableapp.MainActivity (server) in display 0
06-19 23:12:50.366  2361  3681 I InputDispatcher: onFocusChangedLocked receiveTime step 1 :350783448ms receiveTime step 2 :350783448ms receiveTime step 3 :0ms
06-19 23:12:50.366  2361  3681 I InputDispatcher: setFocusedWindow receiveTime step 1 :350783448ms receiveTime step 2 :350783448ms receiveTime step 3 :350783448ms
06-19 23:12:50.366  1629  1831 D vendor.honor.hardware.aoservice@1.0-service: [AO_SVC] (reopen_timer_handler:50):enter reopen handler
06-19 23:12:50.371  4442  4902 E HSC_BG_MaliciousDBHelper: list is empty
06-19 23:12:50.371  4442  4902 E HSC_BG_SecurityThreatsService: notifyRiskAppWhenStartUp optional is present.
06-19 23:12:50.371  2126 13579 D ITouchService: itouch currentPackageName = com.example.testeableapp.test
06-19 23:12:50.371  2126 13579 D ITouchService: itouch appType=-1 appState=1 gameMode=1
06-19 23:12:50.371  2126 13579 D ITouchService: itouchReaderMonitor empty
06-19 23:12:50.371  2126 13579 D ITouchService: g_itouch_reader_monitor Monitor::IsReaderMonitorEnable()=0
06-19 23:12:50.371  2126 13579 D ITouchService: itouch getCurrentParmID tempPkg=com.example.testeableapp.xxx
06-19 23:12:50.371  2126 13579 D ITouchService: itouch:app com.example.testeableapp.test is  not game app
06-19 23:12:50.371  2126 13579 D ITouchService: itouch:app com.example.testeableapp.test is  not in StylusPenList
06-19 23:12:50.371  2126 13579 D ITouchService: itouch:styluspen_switch is disable
06-19 23:12:50.371  2126 13579 D ITouchService: itouch:currentAppTypeName =|UNKNOWN|
06-19 23:12:50.372  2126 13579 W ITouchService: itouch DirectDeliverManager:checkDirectDeliverState game list is empty & not support TouchEnhance.
06-19 23:12:50.372  2126 13579 I IPCThreadState: oneway function results for code 11 on binder at 0xb40000722b9548c0 will be dropped but finished with status UNKNOWN_TRANSACTION
06-19 23:12:50.375  1700  1700 I CompositionEngine: [applyDeviceCompositionTypeChange] layer [com.example.testeableapp/com.example.testeableapp.MainActivity#116895] apply to client compose
06-19 23:12:50.375  1700  1700 I CompositionEngine: [applyDeviceCompositionTypeChange] layer [Splash Screen com.example.testeableapp#116888] apply to client compose
06-19 23:12:50.375  1700  1700 I CompositionEngine: [applyDeviceCompositionTypeChange] layer [StatusBar#87] apply to client compose
06-19 23:12:50.375  1700  1700 I CompositionEngine: [applyDeviceCompositionTypeChange] layer [NavigationBar0#83] apply to client compose
06-19 23:12:50.375  1700  1700 I CompositionEngine: [applyDeviceCompositionTypeChange] layer [ScreenRecorderTimer#116816] apply to client compose
06-19 23:12:50.378  3575  3575 W ForegroundObserver:  onForegroundProgress change packageName:[com.example.testeableapp.test]isForeground:true
06-19 23:12:50.381  4168  5147 I PGServer: getTopFrontApp. calling pkg: android
06-19 23:12:50.389  2169  2203 I AwareLog: SetThreadToVipGroup:: iawared vipgroup set pid[14195] Success!
06-19 23:12:50.389  2169  2203 I AwareLog: SetThreadToVipGroup:: iawared vipgroup set pid[14232] Success!
06-19 23:12:50.392  1660  1799 E DMABUFHEAPS: DmabufAlloc size=10592256 openTime=0 allocTime=12
06-19 23:12:50.401  1700  2483 I SurfaceFlinger: createLayer layername: Transition Root: Task=899 type: Layer address = 0xb400007043c6fc70
06-19 23:12:50.402  2361  2850 I SurfaceControl: SurfaceControl 0xb4000074e45c83b0 Transition Root: Task=899#116906
06-19 23:12:50.407  1617 13041 I sensors-hal: handle_sns_std_sensor_event:275, ambient_light_event: ts=739193601290900, lux = 1, raw_adc=208, raw_2=336
06-19 23:12:50.411  1660  1799 E DMABUFHEAPS: DmabufAlloc size=10592256 openTime=0 allocTime=16
06-19 23:12:50.415  2361  3223 E RtgSchedIpcFile: setCommandByIoctl not opened
06-19 23:12:50.415 28791 14155 I SearchServiceProxy: close connection
06-19 23:12:50.422  2361 13798 I SecurityProfileDB: Write database file end
06-19 23:12:50.428 13974 13974 E RtgSchedIpcFile: RtgSchedIpcFile xxx failed to open /proc/13974/rtg
06-19 23:12:50.428 13974 13974 E RtgSchedIpcFile: RtgSchedIpcFile xxx failed to open /proc/rtg_gki/ioctl.
06-19 23:12:50.428 13974 13974 I RmeSchedManager: init Rme, version is: v1.0
06-19 23:12:50.428 13974 13974 E RtgSchedIpcFile: setCommandByIoctl not opened
06-19 23:12:50.430  1660  1800 E DMABUFHEAPS: DmabufAlloc size=10592256 openTime=0 allocTime=18
06-19 23:12:50.441 19656 19656 E afehal_info: tp_check_scan_rate_scan_freq:[1781932370441][T:1781932370.441262]tp_check_scan_rate_scan_freq 495:invalued_scan_rate_or_freq = true scan_rate = 240
06-19 23:12:50.441 19656 19656 E afehal_info: tp_check_scan_rate_scan_freq:[1781932370441][T:1781932370.441384]tp_check_scan_rate_scan_freq 505:invalued_scan_rate_or_freq = true scan_freq = 103
06-19 23:12:50.441 19656 19656 E afehal_info: vendor_parse_ioctrl_frame:[1781932370441][T:1781932370.441444]vendor_parse_ioctrl_frame 1026:get scan_rate = 240
06-19 23:12:50.441 19656 19656 E afehal_info: tp_check_scan_rate_scan_freq:[1781932370441][T:1781932370.441467]tp_check_scan_rate_scan_freq 495:invalued_scan_rate_or_freq = true scan_rate = 240
06-19 23:12:50.441 19656 19656 E afehal_info: tp_check_scan_rate_scan_freq:[1781932370441][T:1781932370.441487]tp_check_scan_rate_scan_freq 505:invalued_scan_rate_or_freq = true scan_freq = 103
06-19 23:12:50.442  1700  1700 I Layer   : ~Layer layername: Screenshot Parent#116907 address = 0xb400007043c655c0
06-19 23:12:50.442  1700  1700 I SurfaceFlinger: [onLayerDestroyed] [Screenshot Parent#116907] address:0xb400007043c655c0 has destroyed
06-19 23:12:50.443  1700  1891 I CompositionEngine: setCompositionEnabled id: displayIdOpt is invalid enable: 1
06-19 23:12:50.443  1700  1891 I CompositionEngine: setLayerFilter id: displayIdOpt is invalid, layerStackId: 0, 0
06-19 23:12:50.443  1700  1891 I SurfaceFlinger: output usage:4
06-19 23:12:50.446  1700  1891 I SurfaceFlinger: capture layers, status code 0
06-19 23:12:50.454  2361  2850 I SurfaceControl: setWindowCrop sc Surface(name=Task=898)/@0x77edb3b width 0 height 0 callers com.android.server.wm.Transition.buildFinishTransaction:1096 com.android.server.wm.Transition.onTransactionReady:2167 com.android.server.wm.BLASTSyncEngine$SyncGroup.finishNow:388 com.android.server.wm.BLASTSyncEngine$SyncGroup.tryFinish:258
06-19 23:12:50.455  2361  2850 I SurfaceControl: setWindowCrop sc Surface(name=Task=898)/@0x77edb3b width -1 height -1 callers com.android.server.wm.Transition.buildFinishTransaction:1109 com.android.server.wm.Transition.onTransactionReady:2167 com.android.server.wm.BLASTSyncEngine$SyncGroup.finishNow:388 com.android.server.wm.BLASTSyncEngine$SyncGroup.tryFinish:258
06-19 23:12:50.455  2361  2850 I SurfaceControl: setWindowCrop sc Surface(name=Task=899)/@0xbbbd9bf width 0 height 0 callers com.android.server.wm.Transition.buildFinishTransaction:1096 com.android.server.wm.Transition.onTransactionReady:2167 com.android.server.wm.BLASTSyncEngine$SyncGroup.finishNow:388 com.android.server.wm.BLASTSyncEngine$SyncGroup.tryFinish:258
06-19 23:12:50.455  2361  2850 I SurfaceControl: setWindowCrop sc Surface(name=Task=899)/@0xbbbd9bf width -1 height -1 callers com.android.server.wm.Transition.buildFinishTransaction:1109 com.android.server.wm.Transition.onTransactionReady:2167 com.android.server.wm.BLASTSyncEngine$SyncGroup.finishNow:388 com.android.server.wm.BLASTSyncEngine$SyncGroup.tryFinish:258
06-19 23:12:50.456  3575  4588 D TaskStackListener: destory snapshot binder pid 0 myPid 3575 snapshot TaskSnapshot{ mId=1781932370405 mCaptureTime=739193660440474 mTopActivityComponent=com.example.testeableapp/.MainActivity mSnapshot=android.hardware.HardwareBuffer@e2f7de1 (1080x2412) mColorSpace=sRGB IEC61966-2.1 (id=0, model=RGB) mOrientation=1 mRotation=0 mTaskSize=Point(1080, 2412) mContentInsets=[0,108][0,114] mLetterboxInsets=[0,0][0,0] mIsLowResolution=false mIsRealSnapshot=true mWindowingMode=1 mAppearance=0 mIsTranslucent=true mHasImeSurface=false mIsForceRotate=false
06-19 23:12:50.458  2361  2850 I SurfaceControl: nativeRelease 0xb4000074e45c83b0 count: 5 name: Transition Root: Task=899#116906
06-19 23:12:50.458  3575  2253 I SurfaceControl: SurfaceControl 0xb4000074e45b3570 Task=899#116900
06-19 23:12:50.459  3575  2253 I SurfaceControl: SurfaceControl 0xb4000074e45bd3d0 Task=898#116885
06-19 23:12:50.459  3575  2253 I SurfaceControl: SurfaceControl 0xb4000074e45ffcb0 Transition Root: Task=899#116906
06-19 23:12:50.459  3575  2253 I SurfaceControl: SurfaceControl 0xb4000074e45fb870 1e7e10 Splash Screen com.example.testeableapp#116887
06-19 23:12:50.459  3575  2253 I SurfaceControl: SurfaceControl 0xb4000074e461d530 a6cece1 Splash Screen com.example.testeableapp.test#116904
06-19 23:12:50.459  3575  2253 I SurfaceControl: SurfaceControl 0xb4000074e45a90f0 Transition Root: Task=899#116906
06-19 23:12:50.459  3575  2253 I SurfaceControl: SurfaceControl 0xb4000074e45b3ff0 ActivityRecord{eb0c571 u0 com.example.testeableapp.test/androidx.test.core.app.InstrumentationActivityInvoker$EmptyActivity t899 mVisible=false mOccludesParent=true mode=fullscreen boundsRect(0, 0 - 1080, 2412)}#116901
06-19 23:12:50.459  3575  2253 I SurfaceControl: SurfaceControl 0xb4000074e45bcbf0 Task=899#116900
06-19 23:12:50.459  3575  2253 I SurfaceControl: SurfaceControl 0xb4000074e460d5b0 Splash Screen com.example.testeableapp.test#116905
06-19 23:12:50.460  3575  2253 I SurfaceControl: SurfaceControl 0xb4000074e45a58f0 a6cece1 Splash Screen com.example.testeableapp.test#116904
06-19 23:12:50.460  3575  2253 I SurfaceControl: SurfaceControl 0xb4000074e45f5f30 1e7e10 Splash Screen com.example.testeableapp#116887
06-19 23:12:50.460  3575  2253 I SurfaceControl: SurfaceControl 0xb4000074e4607810 Transition Root: Task=899#116906
06-19 23:12:50.460  3575  2253 I SurfaceControl: SurfaceControl 0xb4000074e45e0050 Task=899#116900
06-19 23:12:50.460  3575  2253 I SurfaceControl: SurfaceControl 0xb4000074e463b210 Task=898#116885
06-19 23:12:50.460  3575  2253 I SurfaceControl: SurfaceControl 0xb4000074e4618910 DefaultTaskDisplayArea#9
06-19 23:12:50.460  3575  2253 I SurfaceControl: SurfaceControl 0xb4000074e46343d0 DefaultTaskDisplayArea#9
06-19 23:12:50.461  2361  2850 I SurfaceControl: nativeRelease 0xb4000074e45d53f0 count: 2 name: Surface(name=69fffd0 NavigationBar0)/@0xc4b2e34 - animation-leash of insets_animation#116902
06-19 23:12:50.461  3575  3654 I HnMwAnimTransition: play the default animation if there is no MagicWindow
06-19 23:12:50.461  1700  1891 I SurfaceFlinger: createLayer layername: Surface(name=69fffd0 NavigationBar0)/@0xc4b2e34 - animation-leash of insets_animation type: Layer address = 0xb400007043c34be0
06-19 23:12:50.462  3575  3654 I PipTransition: call startAnimation type:1, mInFixedRotation:false, mEndFixedRotation:-1, currentPipTaskChange:null
06-19 23:12:50.462  3575  3654 I PipTransition: isEnteringPip false
06-19 23:12:50.464  2361  2850 I SurfaceControl: SurfaceControl 0xb4000074e45e80f0 Surface(name=69fffd0 NavigationBar0)/@0xc4b2e34 - animation-leash of insets_animation#116908
06-19 23:12:50.464  2361  2850 I SurfaceControl: nativeRelease 0xb4000074e45c6eb0 count: 2 name: Surface(name=17e14ef StatusBar)/@0x4a2b91e - animation-leash of insets_animation#116903
06-19 23:12:50.464  1700  2158 I SurfaceFlinger: createLayer layername: Surface(name=17e14ef StatusBar)/@0x4a2b91e - animation-leash of insets_animation type: Layer address = 0xb400007043c12040
06-19 23:12:50.465  2361  2850 I SurfaceControl: SurfaceControl 0xb4000074e4628430 Surface(name=17e14ef StatusBar)/@0x4a2b91e - animation-leash of insets_animation#116909
06-19 23:12:50.467  3575  3575 W StatusBar: Statusbar onSystemBarAttributesChanged appearance = 24 mTransientShown false displayId 0 mDisplayId 0 behavior 1
06-19 23:12:50.468  3575  3575 I StatusBar: updateBarMode mStatusBarMode = 4 barMode 4
06-19 23:12:50.468  1700  2483 I SurfaceFlinger: createLayer layername: 3d2af56 ActivityRecordInputSink com.example.testeableapp.test/androidx.test.core.app.InstrumentationActivityInvoker$EmptyActivity type: Layer address = 0xb400007043cae490
06-19 23:12:50.469  2361  2850 I SurfaceControl: SurfaceControl 0xb4000074e4631730 3d2af56 ActivityRecordInputSink com.example.testeableapp.test/androidx.test.core.app.InstrumentationActivityInvoker$EmptyActivity#116910
06-19 23:12:50.470 13594 13602 W ssioncontroller: userfaultfd: MOVE ioctl seems unsupported: Connection timed out
06-19 23:12:50.470  1700  1891 I SurfaceControl: SurfaceControl 0xb400006f63b1b930 Surface(name=69fffd0 NavigationBar0)/@0xc4b2e34 - animation-leash of insets_animation#116908
06-19 23:12:50.471  1700  1891 I SurfaceControl: SurfaceControl 0xb400006f63b1acf0 Surface(name=17e14ef StatusBar)/@0x4a2b91e - animation-leash of insets_animation#116909
06-19 23:12:50.471  2361  2850 I SurfaceControl: ~SurfaceControl 0xb4000074e45c6eb0 Surface(name=17e14ef StatusBar)/@0x4a2b91e - animation-leash of insets_animation#116903
06-19 23:12:50.471  2361  2850 I SurfaceControl: ~SurfaceControl 0xb4000074e45d53f0 Surface(name=69fffd0 NavigationBar0)/@0xc4b2e34 - animation-leash of insets_animation#116902
06-19 23:12:50.471  3575  3575 D SbStateController: setSystemBarAttributes isFullscreen: false
06-19 23:12:50.471  3575  3575 I HwDependencyFactory: stn is not supported!
06-19 23:12:50.471  3575  3575 I BaseCapsuleStatusBarHelper: mIsShowStatusBar: true, isShowStatusBar: true
06-19 23:12:50.472  3575  3575 I LivelyCapsuleStatusBarHelper: handleBrandColor  capsuleList  size is zero.
06-19 23:12:50.473  3575  2253 I SurfaceControl: SurfaceControl 0xb4000074e45e5990 Task=899#116900
06-19 23:12:50.473  3575  4588 I SurfaceControl: SurfaceControl 0xb4000074e45f60f0 Surface(name=69fffd0 NavigationBar0)/@0xc4b2e34 - animation-leash of insets_animation#116908
06-19 23:12:50.473  3575  4588 I SurfaceControl: SurfaceControl 0xb4000074e462d9f0 Surface(name=17e14ef StatusBar)/@0x4a2b91e - animation-leash of insets_animation#116909
06-19 23:12:50.478  4168  4848 I ScenarioService: refresh visibleApp:[com.example.testeableapp.test]
06-19 23:12:50.480  4168  4848 I PGServer: report state:14 event type:1 pid:-1 uid:-1 pkg:com.example.testeableapp.test to pid: 2361
06-19 23:12:50.481  4168  4848 I PGServer: report state:14 event type:1 pid:-1 uid:-1 pkg:com.example.testeableapp.test to pid: 4183
06-19 23:12:50.481  4168  4848 I PGServer: report state:14 event type:1 pid:-1 uid:-1 pkg:com.example.testeableapp.test to pid: 4168
06-19 23:12:50.482  1696 13468 I asd_out_fwk: L = [0], R = [0], continus 25 times, Device = 0x80000100, mode = normal recording
06-19 23:12:50.482  4168  4848 I ApsDynamicVideoFps: APS: APK: handleFrontAppFromPgPlug. pkgName:com.example.testeableapp.test, mLastPkgName:com.google.android.youtube, isReduceFps:false, isCountingDown:true
06-19 23:12:50.482  4168  4848 I ApsDynamicVideoFps: APS: APK: <REDUCEFPS>Front Changed Stop reduce fps
06-19 23:12:50.482  4168  4848 I ApsAccKitAdapter: APS: APK: ApsAccKitAdapter: not setNotifyInfo
06-19 23:12:50.482  3575  3654 D HnTransitionAnimation: load animation resource id 20a0044
06-19 23:12:50.482  4168 18065 I PGServer: checkPkgType. calling pkg: android
06-19 23:12:50.483  4183 23188 D Hicom_Monitor: enter visible event, add app: com.example.testeableapp.test into mVisiblePkgNameSet
06-19 23:12:50.483  3575  3698 I SurfaceControl: nativeRelease 0xb4000074e4600810 count: 1 name: Surface(name=69fffd0 NavigationBar0)/@0xc4b2e34 - animation-leash of insets_animation#116902
06-19 23:12:50.483  3575  3698 I SurfaceControl: ~SurfaceControl 0xb4000074e4600810 Surface(name=69fffd0 NavigationBar0)/@0xc4b2e34 - animation-leash of insets_animation#116902
06-19 23:12:50.483  2126 13579 I AGPService: aps-info: focus pkgName - com.example.testeableapp.test, with 0 more apps
06-19 23:12:50.483  4168  5065 I AppsUsage: BgAPP:com.example.testeableapp
06-19 23:12:50.483  2126 13579 D AGPService: : [updateForeGround]: GameUltraEngineService
06-19 23:12:50.483  2126 13579 I AGPService: agp-info: focus pkgName - com.example.testeableapp.test, with 0 more apps
06-19 23:12:50.484  4168  5065 I PG_ash  : com.example.testeableapp become invisible
06-19 23:12:50.484  3575  3698 I SurfaceControl: nativeRelease 0xb4000074e45a1e50 count: 1 name: Surface(name=17e14ef StatusBar)/@0x4a2b91e - animation-leash of insets_animation#116903
06-19 23:12:50.484  3575  3698 I SurfaceControl: ~SurfaceControl 0xb4000074e45a1e50 Surface(name=17e14ef StatusBar)/@0x4a2b91e - animation-leash of insets_animation#116903
06-19 23:12:50.484  4168  4176 I PGServer: checkPkgType. calling pkg: android
06-19 23:12:50.486  3575  3654 D HnTransitionAnimationOptimize: local_anim_config true NATIVE_ANIM_CONFIG true
06-19 23:12:50.486  3575  3654 D HnTransitionAnimationOptimize: custom transition options
06-19 23:12:50.486  1700  2483 E Parcel  : Reading a NULL string not supported here.
06-19 23:12:50.486  1700  2483 D FluencyDetector: Begin fluency detect: APP_TRANSITION_ANIMATION
06-19 23:12:50.489  1700  1700 I Layer   : [reparent] [Surface(name=69fffd0 NavigationBar0)/@0xc4b2e34 - animation-leash of insets_animation#116902] newParent is null [0xb400007043cca110]
06-19 23:12:50.489  1700  1700 I Layer   : [reparent] [Surface(name=17e14ef StatusBar)/@0x4a2b91e - animation-leash of insets_animation#116903] newParent is null [0xb400007043c7dab0]
06-19 23:12:50.489  1700  1700 I SurfaceControl: ~SurfaceControl 0xb400006f63b1acf0 Surface(name=17e14ef StatusBar)/@0x4a2b91e - animation-leash of insets_animation#116909
06-19 23:12:50.489  1700  1700 I SurfaceControl: ~SurfaceControl 0xb400006f63b1b930 Surface(name=69fffd0 NavigationBar0)/@0xc4b2e34 - animation-leash of insets_animation#116908
06-19 23:12:50.492  3575  3654 D HnTransitionAnimation: load animation resource id 20a0043
06-19 23:12:50.494  2126 13579 E AGPService: GameSDKPlugin : iaware strange app type: -1
06-19 23:12:50.494  2126 13579 I AGPService: BasePlugin::updateSysState  com.example.testeableapp.test, code is 0
06-19 23:12:50.494  2126 13579 D AGPService: State:: Set State is 0, com.example.testeableapp.test
06-19 23:12:50.494  2126 13579 D AGPService: GUEStateManager::getLooper
06-19 23:12:50.494  2126 13579 I AGPService: MessageQueueLoop::PostMessage , message: 0
06-19 23:12:50.494  2126 13579 I AGPService: BasePlugin::updateSysState  , code is 1
06-19 23:12:50.494  2126 13579 D AGPService: State:: Set State is 1,
06-19 23:12:50.494  2126 13579 I AGPService: BasePlugin::updateSysState Same State
06-19 23:12:50.494  2126 13579 I AGPService: GUE: updateForeground to subMode
06-19 23:12:50.494  2126 13579 I AGPService: GUE: TRANSACT_UPDATE_FOREGROUND: () com.example.testeableapp.test
06-19 23:12:50.494  2126  2167 I AGPService: StateHandler::handleMessage:: 0
06-19 23:12:50.494  2126 13579 I AGPService: RefreshRateActionHandle 2950, 1
06-19 23:12:50.494  2126  2167 I AGPService: reportSysState: listeners size 1
06-19 23:12:50.494  2126  2167 D AGPService: GFrsStatusControl:: report : code is  0, state is com.example.testeableapp.test
06-19 23:12:50.494  3575  3654 D HnTransitionAnimationOptimize: local_anim_config true NATIVE_ANIM_CONFIG true
06-19 23:12:50.494  3575  3654 D HnTransitionAnimationOptimize: custom transition options
06-19 23:12:50.494  2126  2167 D AGPService: GFrsStatusControl:: report : code is  0, state is com.example.testeableapp.test, not match Event
06-19 23:12:50.495  2126  2167 I AGPService: reportSysState: stateValue 0, com.example.testeableapp.test
06-19 23:12:50.495  2126 13579 E AGPService: FrameRateManager: iaware strange app type: -1
06-19 23:12:50.495  2126 13579 I AGPService: UpdateCurrentPackage com.example.testeableapp.test type -1
06-19 23:12:50.495  1700  2158 E Parcel  : Reading a NULL string not supported here.
06-19 23:12:50.495  1700  2158 D FluencyDetector: Begin fluency detect: APP_TRANSITION_ANIMATION
06-19 23:12:50.496  1700  2483 I SurfaceFlinger: createLayer layername: animation-background type: Layer address = 0xb400007043c3bb00
06-19 23:12:50.496  2126 13579 I AGPService: GetAppStrategy 2 stylus: 0
06-19 23:12:50.496  2126 13579 I AGPService: FrameRateManager: aps-info: new pkgName - com.example.testeableapp.test, type - -1
06-19 23:12:50.497  2126 13579 I ITouchService: GameXsyncManager:OnGameInfoRecevied p com.example.testeableapp.test
06-19 23:12:50.497  3575  3654 I SurfaceControl: SurfaceControl 0xb4000074e45f5d70 animation-background#116911
06-19 23:12:50.497  2126 13579 W ITouchService: itouch GameXsyncManager:checkGameXsyncState game list is empty.
06-19 23:12:50.497  2126 13579 D AGPService: : [OnGamePkgInfoReceived]: GameUltraEngineService
06-19 23:12:50.497  3575  3654 I SurfaceControl: nativeRelease 0xb4000074e45f5d70 count: 3 name: animation-background#116911
06-19 23:12:50.498  2126 13579 I AGPService: GUEStateManager:OnGamePkgInfoReceived  pkgName is : com.example.testeableapp.test , status is 0
06-19 23:12:50.498  2126 13579 I AGPService: BasePlugin::updateSysState  com.example.testeableapp.test&0, code is 6
06-19 23:12:50.498  2126 13579 D AGPService: State:: Set State is 6, com.example.testeableapp.test&0
06-19 23:12:50.498  2126 13579 D AGPService: GUEStateManager::getLooper
06-19 23:12:50.498  2126 13579 I AGPService: MessageQueueLoop::PostMessage , message: 6
06-19 23:12:50.498  2126 13579 I AGPService: RefreshRateActionHandle 1000, 1
06-19 23:12:50.498  2126 13579 I AGPService: FrameRateManager: scene delay time - 500
06-19 23:12:50.498  2126 13579 I AGPService: RefreshRateActionHandle currAppStrategy name 2, lightLimit 0, minFps 60, maxFps 60 refreshMinFps 60
06-19 23:12:50.498  2126 13579 I AGPService: AddAciton sceneCode 1000
06-19 23:12:50.498  2126 13579 I AGPService: DisableActionLoop
06-19 23:12:50.498  2126 13579 I AGPService: FilterAction mVotePool.size: 2 priority 2600 sceneCode 2600
06-19 23:12:50.498  2126 13579 I AGPService: PostActionDelay delayTime: 0
06-19 23:12:50.498  2126  2150 I AGPService: FilterAction mVotePool.size: 2 priority 2600 sceneCode 2600
06-19 23:12:50.498  2126  2150 I AGPService: NotifyExtraPolicyInfoToSF fps: 60, skipCount: 0
06-19 23:12:50.498  2126  2150 I AGPService: SendPolicyByAction isGame 0 sceneCode 2600 priority 2600 lightEnabled 0 fpsHold 0 minFps 60 maxFps 60
06-19 23:12:50.498  1700  2158 I SurfaceControl: SurfaceControl 0xb400006f63af92d0 Transition Root: Task=899#116906
06-19 23:12:50.498  1700  2158 I SurfaceControl: SurfaceControl 0xb400006f63b1edb0 Transition Root: Task=899#116906
06-19 23:12:50.498  2126  2167 I AGPService: StateHandler::handleMessage:: 6
06-19 23:12:50.498  2126  2167 I AGPService: reportSysState: listeners size 1
06-19 23:12:50.498  2126  2167 D AGPService: GFrsStatusControl:: report : code is  6, state is com.example.testeableapp.test&0
06-19 23:12:50.498  2126  2167 I AGPService: OnGamePkgInfoReceived: pkgname com.example.testeableapp.test gameScene- 0
06-19 23:12:50.498  2126  2167 D AGPService: GFrsStatusControl: OnGamePkgInfoReceived FRS switch off
06-19 23:12:50.498  2126  2167 I AGPService: reportSysState: stateValue 6, com.example.testeableapp.test&0
06-19 23:12:50.498  1700  1891 I SurfaceFlinger: setDesiredDisplayModeSpecs pid: 2126 AGP-pid: 2126
06-19 23:12:50.499  2126 13579 D ITouchService: OneFrame: currPkgName1:com.example.testeableapp.test currPkgNampAps:com.example.testeableapp.test
06-19 23:12:50.499  2126 13579 I AGPService: GpuPolicyManager: m_currentPkgName - com.example.testeableapp.test
06-19 23:12:50.499  1666  1838 E ANDR-PERF-OPTSHANDLER: ANDR-PERF-OPTSHANDLER: modify_sysfsnode() 1149: Perflock resource /dev/stune/top-app/schedtune.boost not supported
06-19 23:12:50.500  1666  1838 E ANDR-PERF-RESOURCEQS: ANDR-PERF-RESOURCEQS: AddAndApply() 167: Failed to apply optimization [3, 28]
06-19 23:12:50.500 14195 14243 D HnContentRecognizerManager: isContentRecognizerEnable: the package is not enabled
06-19 23:12:50.500  1666  1838 E ANDR-PERF-OPTSHANDLER: ANDR-PERF-OPTSHANDLER: modify_sysfsnode() 1149: Perflock resource /sys/devices/system/cpu/bus_dcvs/L3/soc:qcom,memlat:l3:prime/min_freq not supported
06-19 23:12:50.500  1666  1838 E ANDR-PERF-RESOURCEQS: ANDR-PERF-RESOURCEQS: AddAndApply() 167: Failed to apply optimization [13, 22]
06-19 23:12:50.500  2126 13579 I AGPService: NotifyAnimationState animationTag: APP_TRANSITION_ANIMATION animationType: 2 state: 1, previous count: 0 type count: 0
06-19 23:12:50.500  2126 13579 I AGPService: CheckSceneRestrict type: ffffff, mSceneRestrictFlag 100
06-19 23:12:50.500  2126 13579 I AGPService: RefreshRateActionHandle 1210, 1
06-19 23:12:50.500  2126 13579 I AGPService: RefreshRateActionHandle currAppStrategy name 3, lightLimit 0, minFps 90, maxFps 90 refreshMinFps 60
06-19 23:12:50.500  2126 13579 I AGPService: AddAciton sceneCode 1210
06-19 23:12:50.500  2126 13579 I AGPService: DisableActionLoop
06-19 23:12:50.500  2126 13579 I AGPService: PostAction
06-19 23:12:50.500  2126 13579 I AGPService: FilterAction mVotePool.size: 3 priority 2600 sceneCode 2600
06-19 23:12:50.500  3575  3654 I SurfaceControl: ~SurfaceControl 0xb4000074e45fb870 1e7e10 Splash Screen com.example.testeableapp#116887
06-19 23:12:50.500  2126 13579 I AGPService: FilterAction mVotePool.size: 3 priority 2600 sceneCode 2600
06-19 23:12:50.500  3575  3654 I SurfaceControl: ~SurfaceControl 0xb4000074e45b3ff0 ActivityRecord{eb0c571 u0 com.example.testeableapp.test/androidx.test.core.app.InstrumentationActivityInvoker$EmptyActivity t899 mVisible=false mOccludesParent=true mode=fullscreen boundsRect(0, 0 - 1080, 2412)}#116901
06-19 23:12:50.501  3575  3654 I SurfaceControl: ~SurfaceControl 0xb4000074e461d530 a6cece1 Splash Screen com.example.testeableapp.test#116904
06-19 23:12:50.501  2126 13579 I AGPService: NotifyAnimationState animationTag: APP_TRANSITION_ANIMATION animationType: 2 state: 1, previous count: 1 type count: 1
06-19 23:12:50.501  2126 13579 I AGPService: CheckSceneRestrict type: ffffff, mSceneRestrictFlag 100
06-19 23:12:50.501  3575  3654 I SurfaceControl: ~SurfaceControl 0xb4000074e45a90f0 Transition Root: Task=899#116906
06-19 23:12:50.501  2126 13579 I AGPService: RefreshRateActionHandle 1210, 1
06-19 23:12:50.501  2126 13579 I AGPService: RefreshRateActionHandle currAppStrategy name 3, lightLimit 0, minFps 90, maxFps 90 refreshMinFps 60
06-19 23:12:50.501  2126 13579 I AGPService: AddAciton sceneCode 1210
06-19 23:12:50.501  3575  3654 I SurfaceControl: ~SurfaceControl 0xb4000074e45bcbf0 Task=899#116900
06-19 23:12:50.501  2126 13579 I AGPService: DisableActionLoop
06-19 23:12:50.501  2126 13579 I AGPService: PostAction
06-19 23:12:50.501  2126 13579 I AGPService: FilterAction mVotePool.size: 3 priority 2600 sceneCode 2600
06-19 23:12:50.501  3575  3654 I SurfaceControl: ~SurfaceControl 0xb4000074e460d5b0 Splash Screen com.example.testeableapp.test#116905
06-19 23:12:50.501  2126 13579 I AGPService: FilterAction mVotePool.size: 3 priority 2600 sceneCode 2600
06-19 23:12:50.502 14195 14195 I DecorView[]: set decor visibility 4
06-19 23:12:50.502  3575  3654 D FloatBallController: operateFloatBall state:removetaskInfo:TaskInfo{userId=0 taskId=899 displayId=0 isRunning=true baseIntent=Intent { act=android.intent.action.MAIN cat=[android.intent.category.LAUNCHER] flg=0x10000000 cmp=com.example.testeableapp.test/androidx.test.core.app.InstrumentationActivityInvoker$EmptyActivity } baseActivity=ComponentInfo{com.example.testeableapp.test/androidx.test.core.app.InstrumentationActivityInvoker$EmptyActivity} topActivity=ComponentInfo{com.example.testeableapp.test/androidx.test.core.app.InstrumentationActivityInvoker$EmptyActivity} origActivity=null realActivity=ComponentInfo{com.example.testeableapp.test/androidx.test.core.app.InstrumentationActivityInvoker$EmptyActivity} numActivities=1 lastActiveTime=739193495 isSupportsHwFreeForm=true appOrientationPolicy=1 affinity=10271:com.example.testeableapp.test freeformPaddingType=0 shouldFreeformSetSurfaceCorner=false supportsHnSplitScreenMultiWindow=true supportsHnTopBotSplitScreenfalse supportsMultiWindow=true resizeMode=1 isResizeable=true minWidth=-1 minHeight=-1 defaultMinSize=220 token=WCT{android.window.IWindowContainerToken$Stub$Proxy@fda21bc} topActivityType=1 pictureInPictureParams=null isAutoRemoveRecents=false shouldDockBigOverlays=false launchIntoPipHostTaskId=-1 lastParentTaskIdBeforePip=-1 displayCutoutSafeInsets=Rect(0, 108 - 0, 0) topActivityInfo=ActivityInfo{98fd545 androidx.test.core.app.InstrumentationActivityInvoker$EmptyActivity} windowMode=1 launchCookies=[] positionInParent=Point(0, 0) parentTaskId=-1 isFocused=true isVisible=true isFreeformEnterPip=false isVisibleRequested=true isSleeping=false topActivityInSizeCompat=false topActivityEligibleForLetterboxEducation= false topActivityLetterboxed= false isFromDoubleTap= false topActivityLetterboxVerticalPosition= -1 topActivityLetterboxHorizontalPosition= -1 topActivityLetterboxWidth=-1 topActivityLetterboxHeight=-1 locusId=null displayAreaFeatureId=1 cameraCompatControlState=hidden targetScaleForVerticalInwardFold=1.0}
06-19 23:12:50.503 13594 13602 I ssioncontroller: Background concurrent mark compact GC freed 14MB AllocSpace bytes, 20(3280KB) LOS objects, 49% free, 3897KB/7795KB, paused 728us,10.757ms total 112.581ms
06-19 23:12:50.505 14195 14243 I ContentDelivererImpl: isFeatureOpen: false
06-19 23:12:50.505 14195 14243 D HnContentRecognizerManager: isFeatureEnable: get cache value
06-19 23:12:50.506 14195 14243 I ContentDelivererImpl: isNeedConfig: isReportBlack false isWhitePackage false isGameApp false isFeatureOpen false
06-19 23:12:50.507  3575  3661 E DisplayEventDispatcher: dispatcher 0xb4000074ba5bf670 ~ last event processed while scheduling was for 350783592
06-19 23:12:50.508  3575  3840 W HwFloatDockBar: FloatBallViewModel callBackRefreshFloatBallIcon recentAppBeans is null or empty!
06-19 23:12:50.509  1700  1700 I Layer   : [setLayer] [1e7e10 Splash Screen com.example.testeableapp#116887] setlayer z = 2147483647
06-19 23:12:50.509  1700  1700 I Layer   : [setLayer] [Transition Root: Task=899#116906] setlayer z = 4
06-19 23:12:50.509  1700  1700 I Layer   : [setLayer] [Task=898#116885] setlayer z = 2
06-19 23:12:50.509  1700  1700 I Layer   : [setLayer] [a6cece1 Splash Screen com.example.testeableapp.test#116904] setlayer z = 2147483647
06-19 23:12:50.509  1700  1700 I SurfaceFlinger: [Splash Screen com.example.testeableapp.test#116905] apply visible 1
06-19 23:12:50.509  1700  1700 I Layer   : [setLayer] [Task=899#116900] setlayer z = 5
06-19 23:12:50.510  1700  1700 I Layer   : ~Layer layername: Surface(name=17e14ef StatusBar)/@0x4a2b91e - animation-leash of insets_animation#116903 address = 0xb400007043c7dab0
06-19 23:12:50.510  1700  1700 I SurfaceFlinger: [onLayerDestroyed] [Surface(name=17e14ef StatusBar)/@0x4a2b91e - animation-leash of insets_animation#116903] address:0xb400007043c7dab0 has destroyed
06-19 23:12:50.510  1700  1700 I Layer   : ~Layer layername: Surface(name=69fffd0 NavigationBar0)/@0xc4b2e34 - animation-leash of insets_animation#116902 address = 0xb400007043cca110
06-19 23:12:50.510  1700  1700 I SurfaceFlinger: [onLayerDestroyed] [Surface(name=69fffd0 NavigationBar0)/@0xc4b2e34 - animation-leash of insets_animation#116902] address:0xb400007043cca110 has destroyed
06-19 23:12:50.510  1700  1700 I SurfaceControl: ~SurfaceControl 0xb400006f63b1edb0 Transition Root: Task=899#116906
06-19 23:12:50.510  1700  1700 I SurfaceControl: ~SurfaceControl 0xb400006f63af92d0 Transition Root: Task=899#116906
06-19 23:12:50.512  1700  1700 I CompositionEngine: [isClientCompositionForced] Rounded Corners layer [com.example.testeableapp/com.example.testeableapp.MainActivity#116895] client compose
06-19 23:12:50.512  1700  1700 I CompositionEngine: [isClientCompositionForced] Rounded Corners layer [Splash Screen com.example.testeableapp#116888] client compose
06-19 23:12:50.513  1700  1700 I CompositionEngine: [applyDeviceCompositionTypeChange] layer [animation-background#116911] apply to client compose
06-19 23:12:50.513  1700  1700 I CompositionEngine: [applyDeviceCompositionTypeChange] layer [StatusBar#87] apply to client compose
06-19 23:12:50.515 13594 13604 W ssioncontroller: ApkAssets: Deleting an ApkAssets object '<empty> and /data/app/~~p9seBq2x-o6rwannb_IPeg==/com.google.android.googlequicksearchbox-kSHmsaQEGVC0pEIm3RqD6A==/base.apk' with 1 weak references
06-19 23:12:50.516  2126  2150 I AGPService: FilterAction mVotePool.size: 3 priority 2600 sceneCode 2600
06-19 23:12:50.516  2126  2150 I AGPService: NotifyExtraPolicyInfoToSF fps: 60, skipCount: 0
06-19 23:12:50.516  2126  2150 I AGPService: SendPolicyByAction isGame 0 sceneCode 2600 priority 2600 lightEnabled 0 fpsHold 0 minFps 60 maxFps 60
06-19 23:12:50.516 13594 13604 W ssioncontroller: ApkAssets: Deleting an ApkAssets object '<empty> and /data/app/~~p9seBq2x-o6rwannb_IPeg==/com.google.android.googlequicksearchbox-kSHmsaQEGVC0pEIm3RqD6A==/split_config.xxhdpi.apk' with 1 weak references
06-19 23:12:50.516  1700  2158 I SurfaceFlinger: setDesiredDisplayModeSpecs pid: 2126 AGP-pid: 2126
06-19 23:12:50.519  1700  1889 I SurfaceFlinger: createLayer layername: a824253 com.example.testeableapp.test/androidx.test.core.app.InstrumentationActivityInvoker$EmptyActivity type: Layer address = 0xb400007043c655c0
06-19 23:12:50.521  2361  3680 I SurfaceControl: SurfaceControl 0xb4000074e45f2f10 a824253 com.example.testeableapp.test/androidx.test.core.app.InstrumentationActivityInvoker$EmptyActivity#116912
06-19 23:12:50.527 14195 14195 D InputEventReceiver: dispatchInputInterval 1000000
06-19 23:12:50.528 14195 14195 I HwForceDarkManager: isSystemInDarkMode isResUiModeYes: true, isDarkMode: true
06-19 23:12:50.528  2126  2150 I AGPService: FilterAction mVotePool.size: 3 priority 2600 sceneCode 2600
06-19 23:12:50.528  2126  2150 I AGPService: NotifyExtraPolicyInfoToSF fps: 60, skipCount: 0
06-19 23:12:50.528  2126  2150 I AGPService: SendPolicyByAction isGame 0 sceneCode 2600 priority 2600 lightEnabled 0 fpsHold 0 minFps 60 maxFps 60
06-19 23:12:50.528  1700  4460 I SurfaceFlinger: setDesiredDisplayModeSpecs pid: 2126 AGP-pid: 2126
06-19 23:12:50.528 14195 14195 I DecorView[]: set decor visibility 0
06-19 23:12:50.530 14195 14195 E RtgSchedIpcFile: RtgSchedIpcFile xxx failed to open /proc/14195/rtg
06-19 23:12:50.530 14195 14195 E RtgSchedIpcFile: RtgSchedIpcFile xxx failed to open /proc/rtg_gki/ioctl.
06-19 23:12:50.530 14195 14195 I RmeSchedManager: init Rme, version is: v1.0
06-19 23:12:50.530 14195 14195 E RtgSchedIpcFile: setCommandByIoctl not opened
06-19 23:12:50.532 14195 14195 D PhoneWindow: onViewRootImplSet activityToken android.os.BinderProxy@5b8b030,activityClientRecord ActivityRecord{a71d4a9 token=android.os.BinderProxy@5b8b030 {com.example.testeableapp.test/androidx.test.core.app.InstrumentationActivityInvoker$EmptyActivity}},isHnNavigationHide false isHidePrivateFlag = false
06-19 23:12:50.532 14195 14195 D HwPhoneWindow: onViewRootImplSet activityToken android.os.BinderProxy@5b8b030,activityClientRecord ActivityRecord{a71d4a9 token=android.os.BinderProxy@5b8b030 {com.example.testeableapp.test/androidx.test.core.app.InstrumentationActivityInvoker$EmptyActivity}},isHwNavigationHide false
06-19 23:12:50.532 14195 14195 D HiTouch_PressGestureDetector: onAttached:1
06-19 23:12:50.532  2361  2889 I WifiEnhanceMonitor: notifyForegroundActivityChanged
06-19 23:12:50.534  4183 21754 I Booster_AwareMonitor: [activityLifeNotifier]state:onResume pid:14195 uid:10271 ComponentInfo{com.example.testeableapp.test/androidx.test.core.app.InstrumentationActivityInvoker$EmptyActivity}
06-19 23:12:50.534  4183  4498 I Booster_OllieObserver: notify registrants event: EVENT_ACTIVITY_STATE_CHANGED, new ActivityInfo: uid = 10271, packageName = com.example.testeableapp.test, procState = 2
06-19 23:12:50.535  4183  4498 I SpeedTestNotifier: Speed test app is back Activity
06-19 23:12:50.535  4183  4498 I NsaPowerConsumptionMonitor: onActivityStateChanged: mIsSpeedTesting:false isTopActivity:true isSpeedTestApk:false
06-19 23:12:50.535  4168  4268 I ApsSceneByActivity: APS: APK: IHwActivityNotifierEx packageName = com.example.testeableapp.test className = androidx.test.core.app.InstrumentationActivityInvoker$EmptyActivity; state = onResume
06-19 23:12:50.535  4168  4268 I ApsSceneByActivity: APS: APK: processActivityChanged: activityName = androidx.test.core.app.InstrumentationActivityInvoker$EmptyActivity
06-19 23:12:50.535  4168  4268 D ApsDynamicCameraFps: APS: APK: handleSpecialCameraState:0
06-19 23:12:50.535  4168  4268 I ApsAGPAdapter: APS: APK: ApsAGPAdapter: ActivityFpsByMode changed and mode = 0
06-19 23:12:50.535  1696  3169 D AudioPolicyService: getUidState(99642) cacheIter->second.first, return cacheIter->second.second(3)
06-19 23:12:50.536  1696  3169 D AudioPolicyService: getUidState(10046) cacheIter->second.first, return cacheIter->second.second(4)
06-19 23:12:50.536  1696  3169 D AudioPolicyService: getUidState(10046) cacheIter->second.first, return cacheIter->second.second(4)
06-19 23:12:50.536  1696  3169 D AudioPolicyService: getUidState(10270) cacheIter->second.first, return cacheIter->second.second(2)
06-19 23:12:50.536  1696  3169 D AudioPolicyService: getUidState(10046) cacheIter->second.first, return cacheIter->second.second(4)
06-19 23:12:50.536  1696  3169 D AudioPolicyService: getUidState(10046) cacheIter->second.first, return cacheIter->second.second(4)
06-19 23:12:50.536  4183  4497 I NetworkQoeChr: checkForegroundApp timer end com.example.testeableapp.test
06-19 23:12:50.536  1696  3169 D AudioPolicyService: getUidState(10153) cacheIter->second.first, return cacheIter->second.second(3)
06-19 23:12:50.536  1696  3169 D AudioPolicyService: getUidState(10046) cacheIter->second.first, return cacheIter->second.second(4)
06-19 23:12:50.536  1696  3169 D AudioPolicyService: getUidState(10046) cacheIter->second.first, return cacheIter->second.second(4)
06-19 23:12:50.536  4183  4497 I UidCloseNrStateMachine: enter uidStateChanged, ForeGrountApp=com.example.testeableapp.test, mIsCallOn=false, mIsUsbPlugged=true, openLowPowerSwitch=true, QoeSlowState=false, powerMode=1, isSpeedSensitivityApp=false
06-19 23:12:50.536  1696  3169 D AudioPolicyService: getUidState(10038) cacheIter->second.first, return cacheIter->second.second(3)
06-19 23:12:50.536  4183  4497 D KitQoeManager: com.example.testeableapp.test, mForeActivityName androidx.test.core.app.InstrumentationActivityInvoker$EmptyActivity
06-19 23:12:50.536  1696  3169 D AudioPolicyService: getUidState(10046) cacheIter->second.first, return cacheIter->second.second(4)
