06-19 23:12:46.831  2361  3669 I SurfaceControl: nativeRelease 0xb4000074e45fc2f0 count: 2 name: com.hihonor.android.launcher/com.hihonor.android.launcher.unihome.UniHomeLauncher#116794
06-19 23:12:46.831  2361  3669 I SurfaceControl: ~SurfaceControl 0xb4000074e45fc2f0 com.hihonor.android.launcher/com.hihonor.android.launcher.unihome.UniHomeLauncher#116794
06-19 23:12:46.832 10112 10112 I bzak    : onStop
06-19 23:12:46.833  3575  3712 I SurfaceControl: ~SurfaceControl 0xb4000074e45ff930 Splash Screen com.example.testeableapp#116843
06-19 23:12:46.839  2361 13224 W AwareLog: AwareMem_SysTrim: no app proc need to trim/kill
06-19 23:12:46.844  1700  1700 I Layer   : [setLayer] [61ef880 Splash Screen com.example.testeableapp#116842] setlayer z = 2147483647
06-19 23:12:46.844  1700  1700 I Layer   : [setRelativeLayer] [ImeContainer#12] setRelativeLayer z = 1, relativeZ = 1
06-19 23:12:46.844  1700  1700 I Layer   : [reparent] [Surface(name=559ceab InputMethod)/@0x9d6dd52 - animation-leash of insets_animation#116777] newParent is null [0xb400007043c88160]
06-19 23:12:46.844 13974 14030 I OpenGLRenderer: Davey! duration=1014ms; Flags=1, FrameTimelineVsyncId=99493829, IntendedVsync=350778864883993, Vsync=350778864883993, InputEventId=0, HandleInputStart=350778879094310, AnimationStart=350778879099883, PerformTraversalsStart=350778879102643, DrawStart=350779792604257, FrameDeadline=350778881550659, FrameInterval=350778879002539, FrameStartTime=16706982, SyncQueued=350779815251080, SyncStart=350779815423528, IssueDrawCommandsStart=350779816077591, SwapBuffers=350779874093684, FrameCompleted=350779879661913, DequeueBufferDuration=30885, QueueBufferDuration=525834, GpuCompleted=350779879661913, SwapBuffersCompleted=350779875857382, DisplayPresentTime=0, CommandSubmissionCompleted=350779874093684,
06-19 23:12:46.844  1700  1700 I Layer   : [reparent] [GoogleDiscoverWindow#116797] newParent is null [0xb400007043c92810]
06-19 23:12:46.844  1700  1700 I Layer   : [reparent] [com.hihonor.android.launcher/com.hihonor.android.launcher.unihome.UniHomeLauncher#116794] newParent is null [0xb400007043b95000]
06-19 23:12:46.844  1700  1700 I Layer   : [setLayer] [61ef880 Splash Screen com.example.testeableapp#116842] setlayer z = 2147483647
06-19 23:12:46.845  1700  1700 I SurfaceControl: ~SurfaceControl 0xb400006f63b2a110 Surface(name=559ceab InputMethod)/@0x9d6dd52 - animation-leash of insets_animation#116853
06-19 23:12:46.845  1700  1700 I SurfaceControl: ~SurfaceControl 0xb400006f63b0ca50 ActivityRecord{3fd9905 u0 com.example.testeableapp/.MainActivity t896 mVisible=false mOccludesParent=true mode=fullscreen boundsRect(0, 0 - 1080, 2412)}#116841
06-19 23:12:46.845  1700  1700 I SurfaceControl: ~SurfaceControl 0xb400006f63b15ff0 ActivityRecord{3fd9905 u0 com.example.testeableapp/.MainActivity t896 mVisible=false mOccludesParent=true mode=fullscreen boundsRect(0, 0 - 1080, 2412)}#116841
06-19 23:12:46.845  1700  1700 I SurfaceControl: ~SurfaceControl 0xb400006f63b14e70 Surface(name=26cfd12 com.example.testeableapp/com.example.testeableapp.MainActivity)/@0x39b150e - animation-leash of starting_reveal#116852
06-19 23:12:46.848  1700  1700 I CompositionEngine: [applyDeviceCompositionTypeChange] layer [StatusBar#87] apply to client compose
06-19 23:12:46.855  1629  1831 D vendor.honor.hardware.aoservice@1.0-service: [AO_SVC] (reopen_timer_handler:50):enter reopen handler
06-19 23:12:46.858  4183 23886 I Booster_AwareMonitor: [handleUidBoundTop] uid:10095 packageName:com.hihonor.android.launcher className:com.hihonor.android.launcher.unihome.UniHomeLauncher uidState:5
06-19 23:12:46.859 10958 16319 I FontLog : (REDACTED) Received query %s, URI %s
06-19 23:12:46.860 10958 16319 I FontLog : (REDACTED) Query [%s] resolved to %s
06-19 23:12:46.860  4183  4498 I Booster_OllieObserver: notify registrants event: EVENT_ACTIVITY_STATE_CHANGED, new ActivityInfo: uid = 10095, packageName = com.hihonor.android.launcher, procState = 3
06-19 23:12:46.860  1696  3169 D AudioPolicyService: getUidState(99642) cacheIter->second.first, return cacheIter->second.second(3)
06-19 23:12:46.860  4183  4498 I NsaPowerConsumptionMonitor: onActivityStateChanged: mIsSpeedTesting:false isTopActivity:true isSpeedTestApk:false
06-19 23:12:46.861  1696  3169 D AudioPolicyService: getUidState(10046) cacheIter->second.first, return cacheIter->second.second(4)
06-19 23:12:46.861  1696  3169 D AudioPolicyService: getUidState(10046) cacheIter->second.first, return cacheIter->second.second(4)
06-19 23:12:46.862  1696 10605 D AudioPolicyService: getUidState(10153) cacheIter->second.first, return cacheIter->second.second(3)
06-19 23:12:46.862 10958 16319 I FontLog : (REDACTED) Fetch %s end status %s
06-19 23:12:46.862  1696 10605 D AudioPolicyService: getUidState(10046) cacheIter->second.first, return cacheIter->second.second(4)
06-19 23:12:46.862  1696 10605 D AudioPolicyService: getUidState(10046) cacheIter->second.first, return cacheIter->second.second(4)
06-19 23:12:46.862  1696 10605 D AudioPolicyService: getUidState(10126) cacheIter->second.first, return cacheIter->second.second(3)
06-19 23:12:46.862  4183  4497 I UidCloseNrStateMachine: enter uidStateChanged, ForeGrountApp=com.hihonor.android.launcher, mIsCallOn=false, mIsUsbPlugged=true, openLowPowerSwitch=true, QoeSlowState=false, powerMode=1, isSpeedSensitivityApp=false
06-19 23:12:46.862  1696 10605 D AudioPolicyService: getUidState(10046) cacheIter->second.first, return cacheIter->second.second(4)
06-19 23:12:46.862  4183  4497 D Booster_SelfCureManager: handleMessage: msg.what: 38
06-19 23:12:46.863  1700  1700 I Layer   : ~Layer layername: com.hihonor.android.launcher/com.hihonor.android.launcher.unihome.UniHomeLauncher#116794 address = 0xb400007043b95000
06-19 23:12:46.863  1700  1700 I SurfaceFlinger: [onLayerDestroyed] [com.hihonor.android.launcher/com.hihonor.android.launcher.unihome.UniHomeLauncher#116794] address:0xb400007043b95000 has destroyed
06-19 23:12:46.863  1696 10605 D AudioPolicyService: getUidState(10046) cacheIter->second.first, return cacheIter->second.second(4)
06-19 23:12:46.863  1700  1700 I Layer   : ~Layer layername: Surface(name=559ceab InputMethod)/@0x9d6dd52 - animation-leash of insets_animation#116777 address = 0xb400007043c88160
06-19 23:12:46.863  1700  1700 I SurfaceFlinger: [onLayerDestroyed] [Surface(name=559ceab InputMethod)/@0x9d6dd52 - animation-leash of insets_animation#116777] address:0xb400007043c88160 has destroyed
06-19 23:12:46.863  1696 10605 D AudioPolicyService: getUidState(10095) cacheIter->second.first, return cacheIter->second.second(2)
06-19 23:12:46.863  1700  1700 I Layer   : ~Layer layername: GoogleDiscoverWindow#116797 address = 0xb400007043c92810
06-19 23:12:46.863  1700  1700 I SurfaceFlinger: [onLayerDestroyed] [GoogleDiscoverWindow#116797] address:0xb400007043c92810 has destroyed
06-19 23:12:46.864  1696 10605 D AudioPolicyService: getUidState(10046) cacheIter->second.first, return cacheIter->second.second(4)
06-19 23:12:46.864  1696 10605 D AudioPolicyService: getUidState(10046) cacheIter->second.first, return cacheIter->second.second(4)
06-19 23:12:46.864  1696 10605 D AudioPolicyService: getUidState(10051) cacheIter->second.first, return cacheIter->second.second(3)
06-19 23:12:46.864  1696 10605 D AudioPolicyService: getUidState(10046) cacheIter->second.first, return cacheIter->second.second(4)
06-19 23:12:46.864  1696 10605 D AudioPolicyService: getUidState(10046) cacheIter->second.first, return cacheIter->second.second(4)
06-19 23:12:46.864  1696 10605 D AudioPolicyService: getUidState(10038) cacheIter->second.first, return cacheIter->second.second(3)
06-19 23:12:46.864  1696 10605 D AudioPolicyService: getUidState(10046) cacheIter->second.first, return cacheIter->second.second(4)
06-19 23:12:46.864  4183  4497 D SmartDualCardConfig: getAppType,pkgName=com.hihonor.android.launcher,appType=28
06-19 23:12:46.864  1696 10605 D AudioPolicyService: getUidState(10046) cacheIter->second.first, return cacheIter->second.second(4)
06-19 23:12:46.864  4183  4497 E SmartDualCardConfig: isAppInBlackList false,items==null
06-19 23:12:46.864  4183  4497 I SmartDualCardConfig: isAppInWhiteList false,uid=10095
06-19 23:12:46.864  4183  4497 I LowLatencyMode: handleApkInBackground packageName: com.hihonor.android.launcher, foregroundWhiteListApkSet: []
06-19 23:12:46.865  4183  4497 D SmartDualCardConfig: getAppType,pkgName=com.hihonor.android.launcher,appType=28
06-19 23:12:46.865  4183  4497 I SmartDualCardSM: onUidStateUpdate isSkip,uid=10095,pkgName=com.hihonor.android.launcher,pkgNameByComponentName=com.hihonor.android.launcher
06-19 23:12:46.868  3575  3575 W StatusBar: Statusbar onSystemBarAttributesChanged appearance = 0 mTransientShown false displayId 0 mDisplayId 0 behavior 1
06-19 23:12:46.868  3575  3575 I StatusBar: updateBarMode mStatusBarMode = 4 barMode 4
06-19 23:12:46.870 10958 10975 I FontLog : (REDACTED) Pulling font file for id = %d, cache size = %d
06-19 23:12:46.870  3575  3575 D SbStateController: setSystemBarAttributes isFullscreen: false
06-19 23:12:46.870  3575  3575 I HwDependencyFactory: stn is not supported!
06-19 23:12:46.870  3575  3575 I BaseCapsuleStatusBarHelper: mIsShowStatusBar: true, isShowStatusBar: true
06-19 23:12:46.871  1696  3169 D AudioPolicyService: getUidState(99642) cacheIter->second.first, return cacheIter->second.second(5)
06-19 23:12:46.871  1696  3169 D AudioPolicyService: getUidState(10046) cacheIter->second.first, return cacheIter->second.second(4)
06-19 23:12:46.871  1696  3169 D AudioPolicyService: getUidState(10046) cacheIter->second.first, return cacheIter->second.second(4)
06-19 23:12:46.872  1696  3169 D AudioPolicyService: getUidState(10153) cacheIter->second.first, return cacheIter->second.second(5)
06-19 23:12:46.872  1696  3169 D AudioPolicyService: getUidState(10046) cacheIter->second.first, return cacheIter->second.second(4)
06-19 23:12:46.872  1696  3169 D AudioPolicyService: getUidState(10046) cacheIter->second.first, return cacheIter->second.second(4)
06-19 23:12:46.872  1696  3169 D AudioPolicyService: getUidState(10038) cacheIter->second.first, return cacheIter->second.second(5)
06-19 23:12:46.873  1696  3169 D AudioPolicyService: getUidState(10046) cacheIter->second.first, return cacheIter->second.second(4)
06-19 23:12:46.873  1696  3169 D AudioPolicyService: getUidState(10046) cacheIter->second.first, return cacheIter->second.second(4)
06-19 23:12:46.877  2361  5312 W RMS.ExitCatch: ExitCatch file notexist /proc/28791/unexpected_die_catch
06-19 23:12:46.877  2361  5312 W RMS.ExitCatch: now ExitCatch is disable in pid =28791 ret = false
06-19 23:12:46.882  1700  1700 I CompositionEngine: [applyDeviceCompositionTypeChange] layer [StatusBar#87] apply to client compose
06-19 23:12:46.890  2361  3223 E AwareLog: CpuProcessInherit: files null
06-19 23:12:46.891  2338  2596 W ScreemCommon: ProcessEntry, not beta version or commercial log off
06-19 23:12:46.897 13974 13974 I le.testeableapp: hiddenapi: Accessing hidden method Landroid/view/ViewTreeObserver;->dispatchOnScrollChanged()V (runtime_flags=0, domain=platform, api=unsupported) from Landroidx/compose/ui/platform/AndroidComposeView$Companion; (domain=app, TargetSdkVersion=36) using reflection: allowed
06-19 23:12:46.899  3575  3575 W ForegroundObserver:  onForegroundProgress change packageName:[com.hihonor.android.launcher]isForeground:false
06-19 23:12:46.915  1617 13041 I sensors-hal: handle_sns_std_sensor_event:275, ambient_light_event: ts=739190115298556, lux = 1, raw_adc=192, raw_2=336
06-19 23:12:46.925 10958 10975 I FontLog : (REDACTED) Pulling font file for id = %d, cache size = %d
06-19 23:12:46.926  2338  2596 I ScreemCommon: <LOGMGR> <IsForbidenPackage> [source package:com.example.testeableapp, forbiden packages:, com.hihonor.superapp.pre, com.hihonor.voicedemo, com.qihoo.camera, com.ss.android.lark.honorelink]
06-19 23:12:46.926  2338  2596 E ScreemCommon: <LOGMGR> <SetLogFilterReason> [not the beta version, no need to capture log]
06-19 23:12:46.927  2338  2596 E ScreemCommon: ERROR: func: GetPsiInfo, open file node: /dev/cpuctl/vip/cpu.pressure failed errno=2
06-19 23:12:46.927  2338  2596 E ScreemCommon: ERROR: func: GetPsiInfo, open file node: /dev/cpuctl/vip/memory.pressure failed errno=2
06-19 23:12:46.927  2338  2596 E ScreemCommon: ERROR: func: GetPsiInfo, open file node: /dev/cpuctl/vip/io.pressure failed errno=2
06-19 23:12:46.927  2338  2596 E ScreemCommon: ERROR: func: GetPsiInfo, open file node: /dev/cpuctl/top-app/cpu.pressure failed errno=2
06-19 23:12:46.927  2338  2596 E ScreemCommon: ERROR: func: GetPsiInfo, open file node: /dev/cpuctl/top-app/memory.pressure failed errno=2
06-19 23:12:46.927  2338  2596 E ScreemCommon: ERROR: func: GetPsiInfo, open file node: /dev/cpuctl/top-app/io.pressure failed errno=2
06-19 23:12:46.927  2338  2596 I ScreemCommon: <LOGMGR> <CompletePm> [case:NEW_START_ACTIVITY id:68 type:1 Level:2 filter:0]
06-19 23:12:46.927  2338  2596 I ScreemCommon: <LOGMGR> <ReportSysTraceCheck> [ReportSysTraceCheck: check if can report with trace done, canReportSysTrace is 1]
06-19 23:12:46.930  2338  2596 E ScreemCommon: ParseCpuResInfo start_time:0 end_time:0
06-19 23:12:46.932  7142  7283 E fb4a.msys: E[N WCCConnectionMEM]_WCCConnectionMEMEmitStateChange(3200)=>[INFO] connection/new_state/connecting [connection_id=129001527, wcc_source=1, wcc_reason=2]
06-19 23:12:46.932  7142  7283 E fb4a.msys: E[C MEMConnectionManager]_MEMConnectionManagerStateChangeHandler(585)=>[Critical] MEMConnectionState updated to ID: 1 with connectionId: 129001527
06-19 23:12:46.968  2338  2596 I HiView  : Begin report 902000005
06-19 23:12:46.969  2338  2596 I HiEvent : Flatten done: 902000005
06-19 23:12:46.973  7142  7283 E fb4a.msys: E[N WCCConnectionMEM]_WCCConnectionMEMDoConnectWithAuthKeys(1546)=>[INFO] connection/connect/start/[host=chat-e2ee-mini.facebook.com port=80]/[57.144.252.8:80]/socketAddressCount=1
06-19 23:12:46.974  7142  7283 E fb4a.msys: E[N WCCConnectionMEM]_WCCConnectionMEMLifecycleEventHandler(2176)=>[INFO] connection/xmpp/lifecycle_event/will-connect
06-19 23:12:46.974  7142  7283 E fb4a.msys: E[A WA]WCCHandshakeCreate(191)=>handshake/create, pq mode:0
06-19 23:12:47.028  7142  7282 E fb4a.msys: E[N mns:DGWClient]_OnResolverSuccess(335)=>Cache refresh succeeded with system DNS resolver. IP count: 1
06-19 23:12:47.030  2361  3480 D HwConnectivityManagerImpl: getNetworkPolicyFlag flagStr null
06-19 23:12:47.039  2361  3480 I HwConnectivityManagerImpl: onDnsEventAction,uid:10182,returnCode:0, latencyMs:12, netId:438, DnsCount:77, FailCount:0, mWifiNetId:437, StatEnum:0
06-19 23:12:47.071  7142  7283 E fb4a.msys: E[N 1283]errorHandlerDispatched(198)=>262/1283/3347/-1
06-19 23:12:47.072 13974 13974 I HwViewRootImpl: removeInvalidNode jank list is null
06-19 23:12:47.074  7142  7258 E fb4a.msys: E[N dgw]operator()(129)=>TunnelRetriableNetworkLayer_removeRequest pendingRequest not found
06-19 23:12:47.084  1617 13041 I sensors-hal: handle_sns_std_sensor_event:275, ambient_light_event: ts=739190281306525, lux = 1, raw_adc=192, raw_2=336
06-19 23:12:47.085  4183  4496 D Booster_TelephonyState: updateLteSignalStrengthFromProp[0], lteRsrp:-109 lteRsrq:-10 lteSinr:7
06-19 23:12:47.085  2169  2203 I AwareLog: IsSplashThread threadName[13974][le.testeableapp]
06-19 23:12:47.086  2169  2203 E AwareLog: SetThreadToVipGroup:: iawared vipgroup set pid[13974] FAILED-NOT-TOP-APP!
06-19 23:12:47.086  2169  2203 I AwareLog: IsSplashThread threadName[14105][RenderThread]
06-19 23:12:47.086  2169  2203 E AwareLog: SetThreadToVipGroup:: iawared vipgroup set pid[14105] FAILED-NOT-TOP-APP!
06-19 23:12:47.086  2169  2203 I AwareLog: SetThreadToVipGroup:: iawared vipgroup set pid[14157] Success!
06-19 23:12:47.090  7142  7283 E fb4a.msys: E[N WCCConnectionMEM]_WCCConnectionMEMLifecycleEventHandler(2184)=>[INFO] connection/xmpp/lifecycle_event/did-connect, [0.1154s]
06-19 23:12:47.099 19656 19656 E afehal_info: ioctrl_get_frame:[1781932366815][T:1781932367.099737]ioctrl_get_frame 144:ioctrl_get_frame err ret = -1
06-19 23:12:47.099 19656 19656 E afehal_info: get_ioctr_frame:[1781932366815][T:1781932367.099952]get_ioctr_frame 626:ioctrl_get_frame error return NULL
06-19 23:12:47.100 19656 19656 E aptouch_daemon: update_frame, thp_afe_get_frame return nullptr
06-19 23:12:47.104  9977 10179 E msys    : E[N mns:DGWClient]_OnResolverSuccess(335)=>Cache refresh succeeded with system DNS resolver. IP count: 1
06-19 23:12:47.115  7142  7283 E fb4a.msys: E[N WCCConnectionMEM]_WCCConnectionMEMLifecycleEventHandler(2184)=>[INFO] connection/xmpp/lifecycle_event/did-send-initial-payload, [0.0251s]
06-19 23:12:47.116  2126  4270 D AGPService: itouch in 'GetGameXsyncEnabled' pkg:com.example.testeableapp, enabled:0
06-19 23:12:47.117  2361  3480 D HwConnectivityManagerImpl: getNetworkPolicyFlag flagStr null
06-19 23:12:47.130  2361  3480 I HwConnectivityManagerImpl: onDnsEventAction,uid:10207,returnCode:0, latencyMs:12, netId:438, DnsCount:78, FailCount:0, mWifiNetId:437, StatEnum:0
06-19 23:12:47.134  7142 26279 E fb4a.msys: E[N 1278]onEOF(751)=>261/1278/3325/-1
06-19 23:12:47.137 13346 13424 W TraceLog: onMessageReceived(c2.qti.avc.encoder:0xb40000759a5a39c0) Queued: 0.0/s Done: 19.9/s Rendered: 0.0/s Discarded: 16.9/s
06-19 23:12:47.140  7142  7283 E fb4a.msys: E[N WA]_WCIHTTPChunkedStreamDisconnectWithError(341)=>stream/http/process/error, invalid chunk header
06-19 23:12:47.142  7142  7283 E fb4a.msys: E[N WA]_WCCXMPPStreamDisconnectHandler(344)=>xmpp/disconnect - WCIStreamStateErrorCode: 1, domain: WCIStreamState, subdomain: WCITransportRace: Error Domain=WCIStreamState Code=1 UserInfo=0x2951677a40 {MCFErrorDirectUnderlyingErrorKey=0xb400007482721690 "Error Domain=WCITransportRace Code=1"}
06-19 23:12:47.142  7142  7283 E fb4a.msys: E[N WCCConnectionMEM]_WCCConnectionMEMLifecycleEventHandler(2184)=>[INFO] connection/xmpp/lifecycle_event/not-connected, [0.0264s]
06-19 23:12:47.142  7142  7283 E fb4a.msys: E[N WA]_WCCXMPPStreamDoDisconnect(1319)=>xmpp/disconnect - flags: 34
06-19 23:12:47.142  7142  7283 E fb4a.msys: E[N WCCConnectionMEM]_WCCConnectionMEMDisconnectHandler(2282)=>connection/disconnected, handshake failure
06-19 23:12:47.142  7142  7283 E fb4a.msys: E[N WCCConnectionMEM]_WCCConnectionMEMEmitStateChange(3200)=>[INFO] connection/new_state/not-connected [connection_id=129000359, wcc_source=1, wcc_reason=2]
06-19 23:12:47.143  7142  7283 E fb4a.msys: E[C MEMConnectionManager]_MEMConnectionManagerStateChangeHandler(585)=>[Critical] MEMConnectionState updated to ID: 0 with connectionId: 129000359
06-19 23:12:47.144  7142  7283 E fb4a.msys: E[C 1]_MCCLogErrorInternal(331)=>8/374/3970/16386
06-19 23:12:47.146  7142  7283 E fb4a.msys: E[C 1]_MCCLogErrorInternal(331)=>8/374/3972/2
06-19 23:12:47.147  7142  7283 E fb4a.msys: E[C mem.context]_LogConnectFailure(4788)=>Establishing connection failure reason and flags: disconnect/Doze/-1/reason/2/flags/16386/[-, -, handshake_failure, -, no_bytes_read, -, -, -, -, -, -, -, -, -]
06-19 23:12:47.159  7142  7283 E fb4a.msys: E[C mem.context]_LogConnectFailure(4820)=>[Happy Eyeball] Connect failed with source=1, winner stream ip=57.144.252.8, port=80, dnsResolutionMethod=1, combined_ip_addresses=57.144.252.8
06-19 23:12:47.173  2338  2596 W ScreemCommon: ProcessEntry, not beta version or commercial log off
06-19 23:12:47.173  3575  3575 E NotificationShadeWindowController: applyWindowBlur: 0.0
06-19 23:12:47.173  3575  3575 E NotificationShadeWindowController: SurfaceControl Not Released.
06-19 23:12:47.173  3575  3575 E NotificationShadeWindowController: applyVisibility: false, false, mNotificationShadeView.alpha=1.0, forceHideForBiometricsUnlock=false
06-19 23:12:47.173  3575  3575 D NotificationShadeWindowView: setVisibility =  4
06-19 23:12:47.174  3575  3575 D OverviewProxyService: keyguardShowing: false keyguardOccluded: false keyguardGoingAway: false bouncerShowing: false isDozing: false
06-19 23:12:47.174  3575  3575 D SysUiState: SysUiState changed: old=268566528 new=268566528
06-19 23:12:47.195  1696 10605 D AudioPolicyService: getUidState(10070) cacheIter->second.first, return cacheIter->second.second(1)
06-19 23:12:47.196  1696 10605 D AudioPolicyService: getUidState(10046) cacheIter->second.first, return cacheIter->second.second(4)
06-19 23:12:47.196  1696 10605 D AudioPolicyService: getUidState(10046) cacheIter->second.first, return cacheIter->second.second(4)
06-19 23:12:47.196  3575  3712 I BufferQueueProducer: [VRI[testeableapp]#5833(BLAST Consumer)5833](id:df7000016d5,api:1,p:3575,c:3575) disconnect: api 1
06-19 23:12:47.201  1700  1700 I CompositionEngine: [applyDeviceCompositionTypeChange] layer [StatusBar#87] apply to client compose
06-19 23:12:47.203  1700  2158 I SurfaceFlinger: createLayer layername: Surface(name=61ef880 Splash Screen com.example.testeableapp)/@0x32517ca - animation-leash of window_animation type: Layer address = 0xb400007043c92810
06-19 23:12:47.209  2361  3680 I SurfaceControl: SurfaceControl 0xb4000074e463cc50 Surface(name=61ef880 Splash Screen com.example.testeableapp)/@0x32517ca - animation-leash of window_animation#116854
06-19 23:12:47.214  2361  2852 D Choreographer: still have 1 traversal callbacks
06-19 23:12:47.216  1700  1976 I Scheduler: touchTimerCallback timer change to TimerState: Reset
06-19 23:12:47.222  1700  2158 I SurfaceControl: SurfaceControl 0xb400006f63b14e70 Surface(name=61ef880 Splash Screen com.example.testeableapp)/@0x32517ca - animation-leash of window_animation#116854
06-19 23:12:47.226  3575  3698 I SurfaceControl: nativeRelease 0xb4000074e45b1dd0 count: 5 name: Splash Screen com.example.testeableapp#116843
06-19 23:12:47.228  3575 11233 I BufferQueueConsumer: [VRI[testeableapp]#5833(BLAST Consumer)5833](id:df7000016d5,api:0,p:-1,c:3575) disconnect
06-19 23:12:47.228  3575  3698 W WindowOnBackDispatcher: sendCancelIfRunning: isInProgress=falsecallback=android.view.ViewRootImpl$$ExternalSyntheticLambda20@380909e
06-19 23:12:47.228  3575 11233 I SurfaceControl: ~SurfaceControl 0xb4000074e45b1dd0 Splash Screen com.example.testeableapp#116843
06-19 23:12:47.230  1700  1700 I CompositionEngine: [applyDeviceCompositionTypeChange] layer [com.example.testeableapp/com.example.testeableapp.MainActivity#116849] apply to client compose
06-19 23:12:47.230  1700  1700 I CompositionEngine: [applyDeviceCompositionTypeChange] layer [Splash Screen com.example.testeableapp#116843] apply to client compose
06-19 23:12:47.230  2361  3669 I SurfaceControl: nativeRelease 0xb4000074e46239d0 count: 2 name: Surface(name=26cfd12 com.example.testeableapp/com.example.testeableapp.MainActivity)/@0x39b150e - animation-leash of starting_reveal#116852
06-19 23:12:47.231  2361  3669 W InputManager-JNI: Input channel object '61ef880 Splash Screen com.example.testeableapp (client)' was disposed without first being removed with the input manager!
06-19 23:12:47.238  1700  4460 I SurfaceControl: SurfaceControl 0xb400006f63b07ab0 ActivityRecord{3fd9905 u0 com.example.testeableapp/.MainActivity t896 mVisible=false mOccludesParent=true mode=fullscreen boundsRect(0, 0 - 1080, 2412)}#116841
06-19 23:12:47.240  2361  3669 I SurfaceControl: ~SurfaceControl 0xb4000074e46239d0 Surface(name=26cfd12 com.example.testeableapp/com.example.testeableapp.MainActivity)/@0x39b150e - animation-leash of starting_reveal#116852
06-19 23:12:47.243  3575  3698 I SurfaceControl: nativeRelease 0xb4000074e4636b30 count: 3 name: Surface(name=26cfd12 com.example.testeableapp/com.example.testeableapp.MainActivity)/@0x39b150e - animation-leash of starting_reveal#116852
06-19 23:12:47.246  1617 13041 I sensors-hal: handle_sns_std_sensor_event:275, ambient_light_event: ts=739190447296629, lux = 1, raw_adc=176, raw_2=336
06-19 23:12:47.247  1700  1700 I Layer   : [setLayer] [Surface(name=61ef880 Splash Screen com.example.testeableapp)/@0x32517ca - animation-leash of window_animation#116854] setlayer z = 2147483647
06-19 23:12:47.247  1700  1700 I Layer   : [setLayer] [61ef880 Splash Screen com.example.testeableapp#116842] setlayer z = 2147483647
06-19 23:12:47.247  1700  1700 I Layer   : [setLayer] [61ef880 Splash Screen com.example.testeableapp#116842] setlayer z = 2147483647
06-19 23:12:47.247  1700  1700 I Layer   : [reparent] [Surface(name=26cfd12 com.example.testeableapp/com.example.testeableapp.MainActivity)/@0x39b150e - animation-leash of starting_reveal#116852] newParent is null [0xb400007043cd47c0]
06-19 23:12:47.248  1700  1700 I SurfaceControl: ~SurfaceControl 0xb400006f63b07ab0 ActivityRecord{3fd9905 u0 com.example.testeableapp/.MainActivity t896 mVisible=false mOccludesParent=true mode=fullscreen boundsRect(0, 0 - 1080, 2412)}#116841
06-19 23:12:47.248  1700  1700 I SurfaceControl: ~SurfaceControl 0xb400006f63b14e70 Surface(name=61ef880 Splash Screen com.example.testeableapp)/@0x32517ca - animation-leash of window_animation#116854
06-19 23:12:47.269  9977 10179 E msys    : E[N mns:DGWClient]_OnResolverSuccess(335)=>Cache refresh succeeded with system DNS resolver. IP count: 1
06-19 23:12:47.270  2361  3480 D HwConnectivityManagerImpl: getNetworkPolicyFlag flagStr null
06-19 23:12:47.271  2361  3480 I HwConnectivityManagerImpl: onDnsEventAction,uid:10207,returnCode:0, latencyMs:10, netId:438, DnsCount:79, FailCount:0, mWifiNetId:437, StatEnum:0
06-19 23:12:47.282  1696 13468 I asd_out_fwk: L = [0], R = [0], continus 25 times, Device = 0x80000100, mode = normal recording
06-19 23:12:47.287  1663  6063 E ANDR-PERF-CLIENT: ANDR-PERF-CLIENT: perf_hint_private() 255: Process is Flooding request to PerfService
06-19 23:12:47.294  1663  6059 E ANDR-PERF-CLIENT: ANDR-PERF-CLIENT: perf_hint_private() 255: Process is Flooding request to PerfService
06-19 23:12:47.306 28791 28823 I Hos_8.0.8.100: u0 log_hos_sdk->unbindService
06-19 23:12:47.308 28791 28823 I Hos_8.0.8.100: u0 log_hos_sdk->HosGlobal->unbindService
06-19 23:12:47.308  1663  3286 E libnav  : CablComputeBacklightLevel(): UpdateType = DifferentSceneUpdate
06-19 23:12:47.308 28791 28823 I Hos_8.0.8.100: u0 log_hos_sdk->unbindService
06-19 23:12:47.313  1663  6061 E ANDR-PERF-CLIENT: ANDR-PERF-CLIENT: perf_hint_private() 255: Process is Flooding request to PerfService
06-19 23:12:47.314  2361  2850 I SurfaceControl: nativeRelease 0xb4000074e463cc50 count: 3 name: Surface(name=61ef880 Splash Screen com.example.testeableapp)/@0x32517ca - animation-leash of window_animation#116854
06-19 23:12:47.319  2361  2850 I SurfaceControl: nativeRelease 0xb4000074e46248b0 count: 3 name: Splash Screen com.example.testeableapp#116843
06-19 23:12:47.321  2361  2850 I SurfaceControl: nativeRelease 0xb4000074e45b6830 count: 2 name: 61ef880 Splash Screen com.example.testeableapp#116842
06-19 23:12:47.322  2361  2850 I SurfaceControl: setRelativeLayer sc:Surface(name=ImeContainer)/@0xd02ae8a,  relativeTo:Surface(name=26cfd12 com.example.testeableapp/com.example.testeableapp.MainActivity)/@0x39b150e,  z:1
06-19 23:12:47.326  1700  4460 I SurfaceControl: SurfaceControl 0xb400006f63b14e70 26cfd12 com.example.testeableapp/com.example.testeableapp.MainActivity#116848
06-19 23:12:47.326  2361  2850 I SurfaceControl: ~SurfaceControl 0xb4000074e45b6830 61ef880 Splash Screen com.example.testeableapp#116842
06-19 23:12:47.327  2361  2850 I SurfaceControl: ~SurfaceControl 0xb4000074e463cc50 Surface(name=61ef880 Splash Screen com.example.testeableapp)/@0x32517ca - animation-leash of window_animation#116854
06-19 23:12:47.327  2361  2850 I SurfaceControl: ~SurfaceControl 0xb4000074e46248b0 Splash Screen com.example.testeableapp#116843
06-19 23:12:47.331  2169  2203 D AwareLog: iawared: WorkingsetProcessCommand subCmd = 351, userId=10270, pid=13974, com.example.testeableapp
06-19 23:12:47.332  2169  2203 D AwareLog: iawared: WorkingsetCheckCrashed maybe crashed!
06-19 23:12:47.332  2169  2203 E AwareLog: iawared: WorkingsetRemoveCgroupAll realpath failed! err = 2
06-19 23:12:47.332  2169  2203 E AwareLog: iawared: WorkingsetChangePropertyContent realpath failed! err = 2
06-19 23:12:47.332  2169  2203 E AwareLog: iawared: WorkingsetChangeState ABORT failed!
06-19 23:12:47.332  2169  2203 E AwareLog: iawared: WorkingsetRemoveCgroupAll realpath failed! err = 2
06-19 23:12:47.332  2169  2203 E AwareLog: iawared: WorkingsetChangePropertyContent realpath failed! err = 2
06-19 23:12:47.332  2169  2203 E AwareLog: iawared: WorkingsetChangeState ABORT failed!
06-19 23:12:47.333 19656 19656 E afehal_info: tp_check_scan_rate_scan_freq:[1781932367333][T:1781932367.333336]tp_check_scan_rate_scan_freq 495:invalued_scan_rate_or_freq = true scan_rate = 240
06-19 23:12:47.333 19656 19656 E afehal_info: tp_check_scan_rate_scan_freq:[1781932367333][T:1781932367.333447]tp_check_scan_rate_scan_freq 505:invalued_scan_rate_or_freq = true scan_freq = 103
06-19 23:12:47.333 19656 19656 E afehal_info: vendor_parse_ioctrl_frame:[1781932367333][T:1781932367.333493]vendor_parse_ioctrl_frame 1026:get scan_rate = 240
06-19 23:12:47.333 19656 19656 E afehal_info: tp_check_scan_rate_scan_freq:[1781932367333][T:1781932367.333518]tp_check_scan_rate_scan_freq 495:invalued_scan_rate_or_freq = true scan_rate = 240
06-19 23:12:47.333 19656 19656 E afehal_info: tp_check_scan_rate_scan_freq:[1781932367333][T:1781932367.333540]tp_check_scan_rate_scan_freq 505:invalued_scan_rate_or_freq = true scan_freq = 103
06-19 23:12:47.337  1700  1700 I Layer   : [reparent] [Splash Screen com.example.testeableapp#116843] newParent is null [0xb400007043c73400]
06-19 23:12:47.337  1700  1700 I Layer   : [setLayer] [61ef880 Splash Screen com.example.testeableapp#116842] setlayer z = 2147483647
06-19 23:12:47.337  1700  1700 I Layer   : [reparent] [61ef880 Splash Screen com.example.testeableapp#116842] newParent is null [0xb400007043bbb330]
06-19 23:12:47.337  1700  1700 I Layer   : [reparent] [Surface(name=61ef880 Splash Screen com.example.testeableapp)/@0x32517ca - animation-leash of window_animation#116854] newParent is null [0xb400007043c92810]
06-19 23:12:47.337  1700  1700 I SurfaceFlinger: [Splash Screen com.example.testeableapp#116843] apply visible 0
06-19 23:12:47.337  1700  1700 I Layer   : [setRelativeLayer] [ImeContainer#12] setRelativeLayer z = 1, relativeZ = 1
06-19 23:12:47.338  1700  1700 I SurfaceControl: ~SurfaceControl 0xb400006f63b14e70 26cfd12 com.example.testeableapp/com.example.testeableapp.MainActivity#116848
06-19 23:12:47.349  1700  1700 I Layer   : ~Layer layername: 61ef880 Splash Screen com.example.testeableapp#116842 address = 0xb400007043bbb330
06-19 23:12:47.349  1700  1700 I SurfaceFlinger: [onLayerDestroyed] [61ef880 Splash Screen com.example.testeableapp#116842] address:0xb400007043bbb330 has destroyed
06-19 23:12:47.350  1700  1700 I Layer   : ~Layer layername: Splash Screen com.example.testeableapp#116843 address = 0xb400007043c73400
06-19 23:12:47.350  1700  1700 I SurfaceFlinger: [onLayerDestroyed] [Splash Screen com.example.testeableapp#116843] address:0xb400007043c73400 has destroyed
06-19 23:12:47.350  1700  1700 I Layer   : ~Layer layername: Surface(name=61ef880 Splash Screen com.example.testeableapp)/@0x32517ca - animation-leash of window_animation#116854 address = 0xb400007043c92810
06-19 23:12:47.350  1700  1700 I SurfaceFlinger: [onLayerDestroyed] [Surface(name=61ef880 Splash Screen com.example.testeableapp)/@0x32517ca - animation-leash of window_animation#116854] address:0xb400007043c92810 has destroyed
06-19 23:12:47.355  1629  1831 D vendor.honor.hardware.aoservice@1.0-service: [AO_SVC] (reopen_timer_handler:50):enter reopen handler
06-19 23:12:47.412  1617 13041 I sensors-hal: handle_sns_std_sensor_event:275, ambient_light_event: ts=739190613290119, lux = 0, raw_adc=160, raw_2=336
06-19 23:12:47.419  1700  1976 I Scheduler: touchTimerCallback timer change to TimerState: Expired
06-19 23:12:47.432  1700  1700 I Scheduler: applyPolicy: scored layer size: 0
06-19 23:12:47.441  1663  3286 E libnav  : CablComputeBacklightLevel(): UpdateType = DifferentSceneUpdate
06-19 23:12:47.459  1680 27078 I QC2Comp : [avcD_5447] Stats: Pending(5) i/p-done(1) Works: Q: 3907/Done 3903|Work-Rate: Q(0.0/s Avg=1.5/s) Done(0.000/s Avg=1.475/s)| Stream: 19.61fps 3.8Mbps
06-19 23:12:47.462  1680 27078 I QC2Comp : [avcD_5447] Mem-usage:  [In-1D: 5 bufs 14.941 MB] [1D-10413: 14 bufs 0.219 MB] [2D-10414: 19 bufs 26.719 MB] | Total: 41.879 MB
06-19 23:12:47.493  2338  2596 W ScreemCommon: ProcessEntry, not beta version or commercial log off
06-19 23:12:47.578  1617 13041 I sensors-hal: handle_sns_std_sensor_event:275, ambient_light_event: ts=739190779305223, lux = 1, raw_adc=192, raw_2=320
06-19 23:12:47.611 19656 19656 E afehal_info: ioctrl_get_frame:[1781932367333][T:1781932367.611768]ioctrl_get_frame 144:ioctrl_get_frame err ret = -1
06-19 23:12:47.611 19656 19656 E afehal_info: get_ioctr_frame:[1781932367333][T:1781932367.611902]get_ioctr_frame 626:ioctrl_get_frame error return NULL
06-19 23:12:47.611 19656 19656 E aptouch_daemon: update_frame, thp_afe_get_frame return nullptr
06-19 23:12:47.615  2338  2596 W ScreemCommon: ProcessEntry, not beta version or commercial log off
06-19 23:12:47.706  2361  4112 W ActivityManager: Sending non-protected broadcast com.hihonor.android.APPSTARTUP_CHANGED from system 2361:system/1000 pkg android
06-19 23:12:47.710  4168  4848 D ApplistMgr: handle apps optimize changed
06-19 23:12:47.713  4168  4848 I ApplistMgr: mNeverOptimizeApps : [com.hihonor.koBackup, com.telcel.contenedor]
06-19 23:12:47.714  4168  4848 I ApplistMgr: mNeverOptimizeHideApps: [com.hihonor.hncloud, com.google.android.devicelockcontroller]
06-19 23:12:47.715  4168  4848 I ApplistMgr: mAlwaysOptimizeApps : []
06-19 23:12:47.717 27679 27679 I HiPush10.0.23.328: [APPStartupChangeReceiver ] onReceive com.hihonor.android.APPSTARTUP_CHANGED
06-19 23:12:47.717 27679 27679 I HiPush10.0.23.328: [ForbidAssociateStartManager ] set forbid associate start app: []
06-19 23:12:47.718 27679 27679 I HiPush10.0.23.328: [pkl-APPStartupChangeReceiver ] pkl://System/forbidAssociateStart/st?forbidList=
06-19 23:12:47.719  4168  4848 I ApplistMgr: mSmartOptimizeApps : [com.google.android.youtube, com.hihonor.ridemode, com.example.testeableapp.test, com.hihonor.hnoffice, com.microblink.photomath, com.whatsapp, com.google.android.apps.authenticator2, com.example.parcial1, com.openai.chatgpt, com.lemon.lvoverseas, com.android.simappdialog, com.hihonor.hnvideoplayer, com.hihonor.hnmusicplayer, com.hihonor.android.totemweather, com.instagram.android, com.waze, com.miui.player, com.google.android.gm, com.moodle.moodlemobile, com.microsoft.office.outlook, com.example.laboratorio2, com.snaptube.premium, com.example.pantalla1, com.google.android.dialer, com.twofasapp, com.lenovo.anyshare.gps, com.google.android.apps.classroom, com.twitter.android, com.google.android.apps.docs, com.google.android.apps.maps, com.microsoft.office.word, com.google.android.contactkeys, com.google.android.contacts, com.android.localtransport, com.google.android.videos, com.juvomobileinc.tigoshop.sv, com.zhiliaoapp.musically, com.google.android.apps.photos, com.android.vending.billing.InAppBillingService.BINN, com.facebook.katana, com.miui.calculator, com.example.testeableapp, com.funcamerastudio.videomaker, com.facebook.orca, com.hihonor.mirror, com.bubbleshooter.popbubbles.shootbubblesgame, com.miui.weather2, com.blackbox.blackboxapp, com.anthropic.claude, com.google.android.safetycore, com.hihonor.soundrecorder, com.android.mgstv, com.example.myapplication, com.example.ejercicio4, com.intsig.camscanner, com.hihonor.appmarket, cn.wps.moffice_eng, com.microsoft.teams, com.example.weatherapp, com.google.android.inputmethod.latin]
06-19 23:12:47.719  4168  4848 I AppFasManager: delay set fas when optimize changed , delay : 10000
06-19 23:12:47.720  4168  5065 I ash_r   : request wkp pkgs: [com.hihonor.koBackup, com.telcel.contenedor, com.hihonor.hncloud, com.google.android.devicelockcontroller] reason: nerver_opt_apps
06-19 23:12:47.737 13346 13457 W TraceLog: onQueueInputBuffer(c2.android.aac.encoder:0xb40000759a5aa900) Queued: 49.8/s Done: 45.8/s Rendered: 0.0/s Discarded: 46.8/s
06-19 23:12:47.747  1617 13041 I sensors-hal: handle_sns_std_sensor_event:275, ambient_light_event: ts=739190945298296, lux = 0, raw_adc=176, raw_2=320
06-19 23:12:47.774  2130  2151 I dubaid  : [DubaiStorage.cpp] DoFlushEntriesBuffer# Flush all entries into database: /data/system_ce/0/dubai/dubai.db
06-19 23:12:47.774  2338  2596 W ScreemCommon: ProcessEntry, not beta version or commercial log off
06-19 23:12:47.778  2130  2151 I dubaid  : [DubaiStorage.cpp] DoFlushEntriesBuffer# Flush all entries into database: /data/system_ce/0/dubai/dubai.db
06-19 23:12:47.784  2130  2151 I dubaid  : [DubaiStorage.cpp] DoFlushEntriesBuffer# Flush all entries into database: /data/system_ce/0/dubai/dubai.db
06-19 23:12:47.801  2130  2151 I dubaid  : [DubaiStorage.cpp] DoFlushEntriesBuffer# Flush all entries into database: /data/system_ce/0/dubai/dubai.db
06-19 23:12:47.815  1696 13468 I asd_out_fwk: L = [0], R = [0], continus 25 times, Device = 0x80000100, mode = normal recording
06-19 23:12:47.815  4183  4497 I ConnCureController: handleMessage: msg[4]
06-19 23:12:47.816  4183  4497 I ConnCureController: canPerformConnCure: isWifiConnected[false] isDataConnected[true]
06-19 23:12:47.816  4183  4497 D ConnCureConfigManager: isCaredApp: input = com.example.testeableapp
06-19 23:12:47.816  4183  4497 I ConnCureController: checkDataWhenCallPending isCaredApp:false,isAllowed:true,isDataEnabled:true
06-19 23:12:47.816  4183  4497 E ConnCureController: checkDataWhileSlaveCall oversea version, return.
06-19 23:12:47.841  2361  3167 I HwStartWindowRecord: windowModeChange is ing pkg: com.example.testeableappintentIntent { act=android.intent.action.MAIN cat=[android.intent.category.LAUNCHER] flg=0x10000000 cmp=com.example.testeableapp.test/androidx.test.core.app.InstrumentationActivityInvoker$EmptyActivity }
06-19 23:12:47.841  2361  3167 E ResMng NATIVE_MSG_FILTER: Fail to get hwrme service
06-19 23:12:47.842  2361  3167 E AwareLog: CloudPushManager: mHasCloudPush is false
06-19 23:12:47.842  2361  3167 I PackageManager: generatePackageInfo error, user not exists:128
06-19 23:12:47.843  1666  1838 E ANDR-PERF-RESOURCEQS: ANDR-PERF-RESOURCEQS: AddAndApply() 125: Resource with major=11, minor=0 not supported
06-19 23:12:47.843  1666  1838 E ANDR-PERF-OPTSHANDLER: ANDR-PERF-OPTSHANDLER: modify_sysfsnode() 1149: Perflock resource /dev/stune/top-app/schedtune.boost not supported
06-19 23:12:47.843  1666  1838 E ANDR-PERF-RESOURCEQS: ANDR-PERF-RESOURCEQS: AddAndApply() 167: Failed to apply optimization [3, 28]
06-19 23:12:47.844  1666  1838 E ANDR-PERF-OPTSHANDLER: ANDR-PERF-OPTSHANDLER: modify_sysfsnode() 1149: Perflock resource /sys/devices/system/cpu/bus_dcvs/L3/soc:qcom,memlat:l3:prime/min_freq not supported
06-19 23:12:47.844  1666  1838 E ANDR-PERF-RESOURCEQS: ANDR-PERF-RESOURCEQS: AddAndApply() 167: Failed to apply optimization [13, 22]
06-19 23:12:47.845  2169  2203 D AwareLog: iawared: WorkingsetProcessCommand subCmd = 352, userId=10270, pid=13974, com.example.testeableapp
06-19 23:12:47.845  2169  2203 D AwareLog: iawared: WorkingsetCheckCrashed maybe crashed!
06-19 23:12:47.845  2169  2203 E AwareLog: iawared: WorkingsetRemoveCgroupAll realpath failed! err = 2
06-19 23:12:47.845  2169  2203 E AwareLog: iawared: WorkingsetChangePropertyContent realpath failed! err = 2
06-19 23:12:47.845  2169  2203 E AwareLog: iawared: WorkingsetChangeState ABORT failed!
06-19 23:12:47.845  2169  2203 E AwareLog: iawared: WorkingsetRemoveCgroupAll realpath failed! err = 2
06-19 23:12:47.845  2169  2203 E AwareLog: iawared: WorkingsetChangePropertyContent realpath failed! err = 2
06-19 23:12:47.845  2169  2203 E AwareLog: iawared: WorkingsetChangeState ABORT failed!
06-19 23:12:47.847  2169  2203 D AwareLog: iawared: WorkingsetProcessCommand subCmd = 354, userId=10271, pid=0, com.example.testeableapp.test
06-19 23:12:47.847  2169  2203 E AwareLog: iawared: WorkingsetGetStateFd realpath failed! err = 2
06-19 23:12:47.847  2169  2203 D AwareLog: iawared: WorkingsetStart com.example.testeableapp.test in monitor-1
06-19 23:12:47.848  2361  3167 E HwResourcesImpl: processName is null
06-19 23:12:47.851 19656 19656 E afehal_info: tp_check_scan_rate_scan_freq:[1781932367850][T:1781932367.850999]tp_check_scan_rate_scan_freq 495:invalued_scan_rate_or_freq = true scan_rate = 240
06-19 23:12:47.851 19656 19656 E afehal_info: tp_check_scan_rate_scan_freq:[1781932367850][T:1781932367.851072]tp_check_scan_rate_scan_freq 505:invalued_scan_rate_or_freq = true scan_freq = 103
06-19 23:12:47.851 19656 19656 E afehal_info: vendor_parse_ioctrl_frame:[1781932367850][T:1781932367.851110]vendor_parse_ioctrl_frame 1026:get scan_rate = 240
06-19 23:12:47.851 19656 19656 E afehal_info: tp_check_scan_rate_scan_freq:[1781932367850][T:1781932367.851132]tp_check_scan_rate_scan_freq 495:invalued_scan_rate_or_freq = true scan_rate = 240
06-19 23:12:47.851 19656 19656 E afehal_info: tp_check_scan_rate_scan_freq:[1781932367850][T:1781932367.851152]tp_check_scan_rate_scan_freq 505:invalued_scan_rate_or_freq = true scan_freq = 103
06-19 23:12:47.856  1629  1831 D vendor.honor.hardware.aoservice@1.0-service: [AO_SVC] (reopen_timer_handler:50):enter reopen handler
06-19 23:12:47.857  1700  4460 I SurfaceFlinger: createLayer layername: Task=897 type: Layer address = 0xb400007043c92810
06-19 23:12:47.858  2361  3167 I SurfaceControl: SurfaceControl 0xb4000074e4622850 Task=897#116855
06-19 23:12:47.861  1700  4460 I SurfaceFlinger: createLayer layername: ActivityRecord{620edfe u0 com.example.testeableapp.test/androidx.test.core.app.InstrumentationActivityInvoker$EmptyActivity t897 mVisible=false mOccludesParent=true mode=fullscreen boundsRect(0, 0 - 1080, 2412)} type: Layer address = 0xb400007043c88160
06-19 23:12:47.862  2361  3167 I SurfaceControl: SurfaceControl 0xb4000074e4628430 ActivityRecord{620edfe u0 com.example.testeableapp.test/androidx.test.core.app.InstrumentationActivityInvoker$EmptyActivity t897 mVisible=false mOccludesParent=true mode=fullscreen boundsRect(0, 0 - 1080, 2412)}#116856
06-19 23:12:47.867  4183 23886 W AppStartupMonitor: activity state:onPause, comp:ComponentInfo{com.example.testeableapp/com.example.testeableapp.MainActivity}
06-19 23:12:47.868  4183 23886 I Booster_AwareMonitor: [activityLifeNotifier]state:onPause pid:13974 uid:10270 ComponentInfo{com.example.testeableapp/com.example.testeableapp.MainActivity}
06-19 23:12:47.868  9860  9876 W AWARENESS_AmsRegister: state : onPause comp : ComponentInfo{com.example.testeableapp/com.example.testeableapp.MainActivity} taskId : 896callingPackage:launchMode:-1processUid_act:0
06-19 23:12:47.868  9860  9876 I AWARENESS_AppLifeCycleAbility: activity exit : ComponentInfo{com.example.testeableapp/com.example.testeableapp.MainActivity}
06-19 23:12:47.868  9860  9876 W AWARENESS_AppLifeCycleAbility: whiteMap is empty
06-19 23:12:47.868  9860  9876 W AWARENESS_AppLifeCycleAbility: BlackMap is empty
06-19 23:12:47.869  2361  2361 W HwCameraSceneDetection: uid:10270, componentName:com.example.testeableapp.MainActivity, flag:onPause
06-19 23:12:47.874 13974 13974 D LifecycleMonitor: Lifecycle status change: com.example.testeableapp.MainActivity@408978c in: PAUSED
06-19 23:12:47.875 13974 13974 V ActivityScenario: Update currentActivityStage to PAUSED, currentActivity=com.example.testeableapp.MainActivity@408978c
06-19 23:12:47.882  1700  1700 I BpBinder: onLastStrongRef automatically unlinking death recipients:
06-19 23:12:47.884  3575  3699 W HwResourcesImpl: IconCache  not contains 17301651#android return : android.graphics.drawable.AdaptiveIconDrawable@797e7f3
06-19 23:12:47.886  1700  4460 I SurfaceFlinger: createLayer layername: fa39247 Splash Screen com.example.testeableapp.test type: Layer address = 0xb400007043bbb330
06-19 23:12:47.887  2361  3167 I SurfaceControl: SurfaceControl 0xb4000074e45b87b0 fa39247 Splash Screen com.example.testeableapp.test#116857
06-19 23:12:47.887  2361  3167 I SurfaceControl: setRelativeLayer sc:Surface(name=ImeContainer)/@0xd02ae8a,  relativeTo:Surface(name=ActivityRecord{3fd9905 u0 com.example.testeableapp/.MainActivity t896 mVisible=false mOccludesParent=true mode=fullscreen boundsRect(0, 0 - 1080, 2412)})/@0xc09157d,  z:1
06-19 23:12:47.891  1700  4460 I SurfaceControl: SurfaceControl 0xb400006f63b0ca50 ActivityRecord{3fd9905 u0 com.example.testeableapp/.MainActivity t896 mVisible=false mOccludesParent=true mode=fullscreen boundsRect(0, 0 - 1080, 2412)}#116841
06-19 23:12:47.893  3575  3698 D InputEventReceiver: dispatchInputInterval 1000000
06-19 23:12:47.897  3575  3575 E NotificationShadeWindowController: applyWindowBlur: 0.0
06-19 23:12:47.897  3575  3575 E NotificationShadeWindowController: SurfaceControl Not Released.
06-19 23:12:47.897  3575  3575 E NotificationShadeWindowController: applyVisibility: false, false, mNotificationShadeView.alpha=1.0, forceHideForBiometricsUnlock=false
06-19 23:12:47.897  3575  3575 D NotificationShadeWindowView: setVisibility =  4
06-19 23:12:47.902  1700  1700 I Layer   : [setLayer] [fa39247 Splash Screen com.example.testeableapp.test#116857] setlayer z = 2147483647
06-19 23:12:47.902  1700  1700 I Layer   : [setRelativeLayer] [ImeContainer#12] setRelativeLayer z = 1, relativeZ = 1
06-19 23:12:47.904  1700  1700 I SurfaceControl: ~SurfaceControl 0xb400006f63b0ca50 ActivityRecord{3fd9905 u0 com.example.testeableapp/.MainActivity t896 mVisible=false mOccludesParent=true mode=fullscreen boundsRect(0, 0 - 1080, 2412)}#116841
06-19 23:12:47.904  1700  1889 I SurfaceFlinger: createLayer layername: Splash Screen com.example.testeableapp.test type: Layer address = 0xb400007043b95000
06-19 23:12:47.906  2361  3680 I InputDispatcher: Focus left window: 26cfd12 com.example.testeableapp/com.example.testeableapp.MainActivity (server) in display 0
06-19 23:12:47.906  2361  3680 I InputDispatcher: onFocusChangedLocked receiveTime step 1 :350780994ms receiveTime step 2 :350780994ms receiveTime step 3 :0ms
06-19 23:12:47.906  2361  6404 I SurfaceControl: SurfaceControl 0xb4000074e4628dd0 Splash Screen com.example.testeableapp.test#116858
06-19 23:12:47.907 13974 13974 I PointerIcon: Pointer cache recompute key = com.example.testeableapp
06-19 23:12:47.911  1534  1534 D Zygote  : Forked child process 14195
06-19 23:12:47.919  3575  3575 D OverviewProxyService: keyguardShowing: false keyguardOccluded: false keyguardGoingAway: false bouncerShowing: false isDozing: false
06-19 23:12:47.919  3575  3575 D SysUiState: SysUiState changed: old=268566528 new=268566528
06-19 23:12:47.919  2361  6404 D ZrHung.AppEyeFocusWindow: FocusWindowErrorScene CheckFreezeScreen
06-19 23:12:47.919  2361  6404 D ZrHung.AppEyeTransparentWindow: TransparentWindow cancelCheckFreezeScreen
06-19 23:12:47.921  2361  6404 I SurfaceControl: nativeRelease 0xb4000074e462c250 count: 1 name: Splash Screen com.example.testeableapp.test#116858
06-19 23:12:47.921  2361  6404 I SurfaceControl: ~SurfaceControl 0xb4000074e462c250 Splash Screen com.example.testeableapp.test#116858
06-19 23:12:47.922  3575  3698 I SurfaceControl: SurfaceControl 0xb4000074e45aa890 Splash Screen com.example.testeableapp.test#116858
06-19 23:12:47.922  3575  3698 I BufferQueueConsumer: [](id:df7000016d6,api:0,p:-1,c:3575) connect: controlledByApp=false
06-19 23:12:47.925  3575  3712 I BufferQueueProducer: [VRI[test]#5834(BLAST Consumer)5834](id:df7000016d6,api:0,p:-1,c:3575) connect: api=1 producerControlledByApp=true
06-19 23:12:47.926  3575  3712 E OpenGLRenderer: Unable to match the desired swap behavior.
06-19 23:12:47.926  2169  2203 D AwareLog: iawared: WorkingsetProcessCommand subCmd = 350, userId=10271, pid=14195, com.example.testeableapp.test
06-19 23:12:47.926  2169  2203 D AwareLog: iawared: WorkingsetCheckCrashed maybe crashed!
06-19 23:12:47.926  2169  2203 E AwareLog: iawared: WorkingsetRemoveCgroupAll realpath failed! err = 2
06-19 23:12:47.926  2169  2203 E AwareLog: iawared: WorkingsetChangePropertyContent realpath failed! err = 2
06-19 23:12:47.926  2169  2203 E AwareLog: iawared: WorkingsetChangeState ABORT failed!
06-19 23:12:47.926  2169  2203 E AwareLog: iawared: WorkingsetRemoveCgroupAll realpath failed! err = 2
06-19 23:12:47.926  2169  2203 E AwareLog: iawared: WorkingsetChangePropertyContent realpath failed! err = 2
06-19 23:12:47.926  2169  2203 E AwareLog: iawared: WorkingsetChangeState ABORT failed!
06-19 23:12:47.929  1617 13041 I sensors-hal: handle_sns_std_sensor_event:275, ambient_light_event: ts=739191111294806, lux = 1, raw_adc=192, raw_2=320
06-19 23:12:47.933  1700  1700 I Layer   : [setLayer] [fa39247 Splash Screen com.example.testeableapp.test#116857] setlayer z = 2147483647
06-19 23:12:47.940  1660  5028 E DMABUFHEAPS: DmabufAlloc size=10592256 openTime=0 allocTime=11
06-19 23:12:47.944  2169  2203 I AwareLog: SetThreadToVipGroup:: iawared vipgroup set pid[3575] Success!
06-19 23:12:47.946  2169  2203 I AwareLog: SetThreadToVipGroup:: iawared vipgroup set pid[3712] Success!
06-19 23:12:47.946  2169  2203 I AwareLog: SetThreadToVipGroup:: iawared vipgroup set pid[3747] Success!
06-19 23:12:47.946  2169  2203 I AwareLog: SetThreadToVipGroup:: iawared vipgroup set pid[3748] Success!
06-19 23:12:47.946  2169  2203 I AwareLog: SetThreadToVipGroup:: iawared vipgroup set pid[5250] Success!
06-19 23:12:47.947  2169  2203 I AwareLog: SetThreadToVipGroup:: iawared vipgroup set pid[3698] Success!
06-19 23:12:47.955 14195 14195 I steableapp.test: Late-enabling -Xcheck:jni
06-19 23:12:47.961  1660  5028 E DMABUFHEAPS: DmabufAlloc size=10592256 openTime=0 allocTime=11
06-19 23:12:47.961  1700  2158 I SurfaceFlinger: createLayer layername: Transition Root: Task=897 type: Layer address = 0xb400007043b75bf0
06-19 23:12:47.963  2361  2850 I SurfaceControl: SurfaceControl 0xb4000074e45d4f90 Transition Root: Task=897#116859
